../Core/Src/IMU.c:26:26:bno055_write	32	static
../Core/Src/IMU.c:39:26:bno055_read	32	static
../Core/Src/IMU.c:52:6:bno055_CONFIG	8	static
../Core/Src/IMU.c:57:6:bno055_NDOF	8	static
../Core/Src/IMU.c:65:6:BNO055_ReadEuler	40	static
../Core/Src/IMU.c:85:6:BNO055_ReadLinAccel_D	40	static
../Core/Src/IMU.c:103:6:BNO055_ReadRawAccelMS2	64	static
../Core/Src/IMU.c:122:6:ComputeLinearAccel	128	static
../Core/Src/IMU.c:149:6:PrintCalBits	32	static
../Core/Src/IMU.c:174:6:BNO055_PrintAllOffsets	72	static
../Core/Src/IMU.c:219:6:BNO055_ApplyAllCalibration	24	static
../Core/Src/IMU.c:236:6:BNO055_CalibrateAccelOnce	48	static
