../Core/Src/main.c:98:5:main	16	static
../Core/Src/main.c:242:6:SystemClock_Config	120	static
../Core/Src/main.c:301:6:PeriphCommonClock_Config	200	static
../Core/Src/main.c:320:13:MX_ADC3_Init	40	static
../Core/Src/main.c:380:13:MX_I2C2_Init	8	static
../Core/Src/main.c:428:13:MX_TIM1_Init	96	static
../Core/Src/main.c:510:13:MX_USART2_UART_Init	8	static
../Core/Src/main.c:558:13:MX_GPIO_Init	56	static
../Core/Src/main.c:659:5:_write	24	static
../Core/Src/main.c:665:6:BSP_PB_Callback	24	static
../Core/Src/main.c:690:6:pwm_task	32	static
../Core/Src/main.c:712:6:HAL_GPIO_EXTI_Callback	16	static
../Core/Src/main.c:727:6:StartDefaultTask	16	static
../Core/Src/main.c:763:6:Error_Handler	4	static,ignoring_inline_asm
