../Core/Src/main.c:98:5:main	8
../Core/Src/main.c:242:6:SystemClock_Config	4
../Core/Src/main.c:301:6:PeriphCommonClock_Config	2
../Core/Src/main.c:320:13:MX_ADC3_Init	3
../Core/Src/main.c:380:13:MX_I2C2_Init	4
../Core/Src/main.c:428:13:MX_TIM1_Init	8
../Core/Src/main.c:510:13:MX_USART2_UART_Init	5
../Core/Src/main.c:558:13:MX_GPIO_Init	1
../Core/Src/main.c:659:5:_write	1
../Core/Src/main.c:665:6:BSP_PB_Callback	4
../Core/Src/main.c:690:6:pwm_task	2
../Core/Src/main.c:712:6:HAL_GPIO_EXTI_Callback	2
../Core/Src/main.c:727:6:StartDefaultTask	1
../Core/Src/main.c:763:6:Error_Handler	1
