../Core/Src/control_update_MPC/qpoases/SRC/Indexlist.cpp:46:1:Indexlist::Indexlist()	24	static
../Core/Src/control_update_MPC/qpoases/SRC/Indexlist.cpp:66:1:Indexlist::Indexlist(const Indexlist&)	24	static
../Core/Src/control_update_MPC/qpoases/SRC/Indexlist.cpp:86:1:Indexlist::~Indexlist()	16	static
../Core/Src/control_update_MPC/qpoases/SRC/Indexlist.cpp:94:12:Indexlist& Indexlist::operator=(const Indexlist&)	24	static
../Core/Src/control_update_MPC/qpoases/SRC/Indexlist.cpp:121:13:returnValue Indexlist::init()	24	static
../Core/Src/control_update_MPC/qpoases/SRC/Indexlist.cpp:145:13:returnValue Indexlist::getNumberArray(int*) const	40	static
../Core/Src/control_update_MPC/qpoases/SRC/Indexlist.cpp:168:5:int Indexlist::getIndex(int) const	32	static
../Core/Src/control_update_MPC/qpoases/SRC/Indexlist.cpp:193:5:int Indexlist::getPhysicalIndex(int) const	32	static
../Core/Src/control_update_MPC/qpoases/SRC/Indexlist.cpp:218:13:returnValue Indexlist::addNumber(int)	144	static
../Core/Src/control_update_MPC/qpoases/SRC/Indexlist.cpp:290:13:returnValue Indexlist::removeNumber(int)	32	static
../Core/Src/control_update_MPC/qpoases/SRC/Indexlist.cpp:323:13:returnValue Indexlist::swapNumbers(int, int)	56	static
