C:/Users/nicks/STM32CubeIDE/workspace_1.19.0/AFR/AFR/CM7/Core/Src/control_update_MPC/qpoases/SRC/Utils.ipp:40:15:real_t getAbs(real_t)	16	static
C:/Users/nicks/STM32CubeIDE/workspace_1.19.0/AFR/AFR/CM7/Core/Src/control_update_MPC/qpoases/SRC/Indexlist.ipp:56:12:int Indexlist::getLength()	16	static
C:/Users/nicks/STM32CubeIDE/workspace_1.19.0/AFR/AFR/CM7/Core/Src/control_update_MPC/qpoases/SRC/Indexlist.ipp:65:12:int Indexlist::getLastNumber() const	16	static
C:/Users/nicks/STM32CubeIDE/workspace_1.19.0/AFR/AFR/CM7/Core/Src/control_update_MPC/qpoases/SRC/SubjectTo.ipp:43:22:SubjectToType SubjectTo::getType(int) const	16	static
C:/Users/nicks/STM32CubeIDE/workspace_1.19.0/AFR/AFR/CM7/Core/Src/control_update_MPC/qpoases/SRC/SubjectTo.ipp:55:24:SubjectToStatus SubjectTo::getStatus(int) const	16	static
C:/Users/nicks/STM32CubeIDE/workspace_1.19.0/AFR/AFR/CM7/Core/Src/control_update_MPC/qpoases/SRC/SubjectTo.ipp:67:20:returnValue SubjectTo::setType(int, SubjectToType)	40	static
C:/Users/nicks/STM32CubeIDE/workspace_1.19.0/AFR/AFR/CM7/Core/Src/control_update_MPC/qpoases/SRC/SubjectTo.ipp:97:13:void SubjectTo::setNoLower(BooleanType)	16	static
C:/Users/nicks/STM32CubeIDE/workspace_1.19.0/AFR/AFR/CM7/Core/Src/control_update_MPC/qpoases/SRC/SubjectTo.ipp:106:13:void SubjectTo::setNoUpper(BooleanType)	16	static
C:/Users/nicks/STM32CubeIDE/workspace_1.19.0/AFR/AFR/CM7/Core/Src/control_update_MPC/qpoases/SRC/SubjectTo.ipp:115:20:BooleanType SubjectTo::isNoLower() const	16	static
C:/Users/nicks/STM32CubeIDE/workspace_1.19.0/AFR/AFR/CM7/Core/Src/control_update_MPC/qpoases/SRC/SubjectTo.ipp:124:20:BooleanType SubjectTo::isNoUpper() const	16	static
C:/Users/nicks/STM32CubeIDE/workspace_1.19.0/AFR/AFR/CM7/Core/Src/control_update_MPC/qpoases/SRC/Bounds.ipp:42:12:int Bounds::getNV() const	16	static
C:/Users/nicks/STM32CubeIDE/workspace_1.19.0/AFR/AFR/CM7/Core/Src/control_update_MPC/qpoases/SRC/Bounds.ipp:69:12:int Bounds::getNUV() const	16	static
C:/Users/nicks/STM32CubeIDE/workspace_1.19.0/AFR/AFR/CM7/Core/Src/control_update_MPC/qpoases/SRC/Bounds.ipp:109:12:int Bounds::getNFR()	16	static
C:/Users/nicks/STM32CubeIDE/workspace_1.19.0/AFR/AFR/CM7/Core/Src/control_update_MPC/qpoases/SRC/Bounds.ipp:118:12:int Bounds::getNFX()	16	static
C:/Users/nicks/STM32CubeIDE/workspace_1.19.0/AFR/AFR/CM7/Core/Src/control_update_MPC/qpoases/SRC/Bounds.ipp:127:19:Indexlist* Bounds::getFree()	16	static
C:/Users/nicks/STM32CubeIDE/workspace_1.19.0/AFR/AFR/CM7/Core/Src/control_update_MPC/qpoases/SRC/Bounds.ipp:136:19:Indexlist* Bounds::getFixed()	16	static
C:/Users/nicks/STM32CubeIDE/workspace_1.19.0/AFR/AFR/CM7/Core/Src/control_update_MPC/qpoases/SRC/QProblemB.ipp:149:12:int QProblemB::getNV() const	16	static
C:/Users/nicks/STM32CubeIDE/workspace_1.19.0/AFR/AFR/CM7/Core/Src/control_update_MPC/qpoases/SRC/QProblemB.ipp:158:12:int QProblemB::getNFR()	16	static
C:/Users/nicks/STM32CubeIDE/workspace_1.19.0/AFR/AFR/CM7/Core/Src/control_update_MPC/qpoases/SRC/QProblemB.ipp:167:12:int QProblemB::getNFX()	16	static
C:/Users/nicks/STM32CubeIDE/workspace_1.19.0/AFR/AFR/CM7/Core/Src/control_update_MPC/qpoases/SRC/QProblemB.ipp:185:23:QProblemStatus QProblemB::getStatus() const	16	static
C:/Users/nicks/STM32CubeIDE/workspace_1.19.0/AFR/AFR/CM7/Core/Src/control_update_MPC/qpoases/SRC/QProblemB.ipp:218:20:BooleanType QProblemB::isInfeasible() const	16	static
C:/Users/nicks/STM32CubeIDE/workspace_1.19.0/AFR/AFR/CM7/Core/Src/control_update_MPC/qpoases/SRC/QProblemB.ipp:227:20:BooleanType QProblemB::isUnbounded() const	16	static
C:/Users/nicks/STM32CubeIDE/workspace_1.19.0/AFR/AFR/CM7/Core/Src/control_update_MPC/qpoases/SRC/QProblemB.ipp:369:13:void QProblemB::computeGivens(real_t, real_t, real_t&, real_t&, real_t&, real_t&) const	56	static
C:/Users/nicks/STM32CubeIDE/workspace_1.19.0/AFR/AFR/CM7/Core/Src/control_update_MPC/qpoases/SRC/QProblemB.ipp:407:13:void QProblemB::applyGivens(real_t, real_t, real_t, real_t, real_t&, real_t&) const	56	static
C:/Users/nicks/STM32CubeIDE/workspace_1.19.0/AFR/AFR/CM7/Core/Src/control_update_MPC/qpoases/SRC/Constraints.ipp:43:12:int Constraints::getNC() const	16	static
C:/Users/nicks/STM32CubeIDE/workspace_1.19.0/AFR/AFR/CM7/Core/Src/control_update_MPC/qpoases/SRC/Constraints.ipp:70:12:int Constraints::getNUC() const	16	static
C:/Users/nicks/STM32CubeIDE/workspace_1.19.0/AFR/AFR/CM7/Core/Src/control_update_MPC/qpoases/SRC/Constraints.ipp:79:20:returnValue Constraints::setNEC(int)	16	static
C:/Users/nicks/STM32CubeIDE/workspace_1.19.0/AFR/AFR/CM7/Core/Src/control_update_MPC/qpoases/SRC/Constraints.ipp:89:20:returnValue Constraints::setNIC(int)	16	static
C:/Users/nicks/STM32CubeIDE/workspace_1.19.0/AFR/AFR/CM7/Core/Src/control_update_MPC/qpoases/SRC/Constraints.ipp:99:20:returnValue Constraints::setNUC(int)	16	static
C:/Users/nicks/STM32CubeIDE/workspace_1.19.0/AFR/AFR/CM7/Core/Src/control_update_MPC/qpoases/SRC/Constraints.ipp:109:12:int Constraints::getNAC()	16	static
C:/Users/nicks/STM32CubeIDE/workspace_1.19.0/AFR/AFR/CM7/Core/Src/control_update_MPC/qpoases/SRC/Constraints.ipp:118:12:int Constraints::getNIAC()	16	static
C:/Users/nicks/STM32CubeIDE/workspace_1.19.0/AFR/AFR/CM7/Core/Src/control_update_MPC/qpoases/SRC/Constraints.ipp:127:19:Indexlist* Constraints::getActive()	16	static
C:/Users/nicks/STM32CubeIDE/workspace_1.19.0/AFR/AFR/CM7/Core/Src/control_update_MPC/qpoases/SRC/Constraints.ipp:136:19:Indexlist* Constraints::getInactive()	16	static
C:/Users/nicks/STM32CubeIDE/workspace_1.19.0/AFR/AFR/CM7/Core/Src/control_update_MPC/qpoases/SRC/QProblem.ipp:147:12:int QProblem::getNC() const	16	static
C:/Users/nicks/STM32CubeIDE/workspace_1.19.0/AFR/AFR/CM7/Core/Src/control_update_MPC/qpoases/SRC/QProblem.ipp:165:12:int QProblem::getNAC()	16	static
C:/Users/nicks/STM32CubeIDE/workspace_1.19.0/AFR/AFR/CM7/Core/Src/control_update_MPC/qpoases/SRC/QProblem.ipp:174:12:int QProblem::getNIAC()	16	static
../Core/Src/control_update_MPC/qpoases/SRC/QProblem.cpp:39:6:void printmatrix2(char*, double*, int, int)	32	static
../Core/Src/control_update_MPC/qpoases/SRC/QProblem.cpp:62:1:QProblem::QProblem()	16	static
../Core/Src/control_update_MPC/qpoases/SRC/QProblem.cpp:75:1:QProblem::QProblem(int, int)	40	static
../Core/Src/control_update_MPC/qpoases/SRC/QProblem.cpp:101:1:QProblem::QProblem(const QProblem&)	32	static
../Core/Src/control_update_MPC/qpoases/SRC/QProblem.cpp:144:1:QProblem::~QProblem()	16	static
../Core/Src/control_update_MPC/qpoases/SRC/QProblem.cpp:152:11:QProblem& QProblem::operator=(const QProblem&)	32	static
../Core/Src/control_update_MPC/qpoases/SRC/QProblem.cpp:203:13:returnValue QProblem::reset()	48	static
../Core/Src/control_update_MPC/qpoases/SRC/QProblem.cpp:237:13:returnValue QProblem::init(const real_t*, const real_t*, const real_t*, const real_t*, const real_t*, const real_t*, const real_t*, int&, const real_t*, real_t*)	48	static
../Core/Src/control_update_MPC/qpoases/SRC/QProblem.cpp:251:13:returnValue QProblem::init(const real_t*, const real_t*, const real_t*, const real_t*, const real_t*, const real_t*, const real_t*, const real_t*, int&, const real_t*, real_t*)	48	static
../Core/Src/control_update_MPC/qpoases/SRC/QProblem.cpp:269:13:returnValue QProblem::hotstart(const real_t*, const real_t*, const real_t*, const real_t*, const real_t*, int&, real_t*)	1160	static
../Core/Src/control_update_MPC/qpoases/SRC/QProblem.cpp:481:5:int QProblem::getNZ()	24	static
../Core/Src/control_update_MPC/qpoases/SRC/QProblem.cpp:491:13:returnValue QProblem::getDualSolution(real_t*) const	32	static
../Core/Src/control_update_MPC/qpoases/SRC/QProblem.cpp:521:13:returnValue QProblem::setupSubjectToType()	48	static
../Core/Src/control_update_MPC/qpoases/SRC/QProblem.cpp:592:13:returnValue QProblem::setupCholeskyDecompositionProjected()	352	static
../Core/Src/control_update_MPC/qpoases/SRC/QProblem.cpp:763:13:returnValue QProblem::setupTQfactorisation()	104	static
../Core/Src/control_update_MPC/qpoases/SRC/QProblem.cpp:845:16:void __tcf_0()	8	static
../Core/Src/control_update_MPC/qpoases/SRC/QProblem.cpp:849:21:void __tcf_1()	8	static
../Core/Src/control_update_MPC/qpoases/SRC/QProblem.cpp:796:13:returnValue QProblem::solveInitialQP(const real_t*, const real_t*, const Bounds*, const Constraints*, int&, real_t*)	512	static
../Core/Src/control_update_MPC/qpoases/SRC/QProblem.cpp:944:13:returnValue QProblem::obtainAuxiliaryWorkingSet(const real_t*, const real_t*, const Bounds*, const Constraints*, Bounds*, Constraints*) const	56	static
../Core/Src/control_update_MPC/qpoases/SRC/QProblem.cpp:1087:13:returnValue QProblem::setupAuxiliaryWorkingSet(const Bounds*, const Constraints*, BooleanType)	56	static
../Core/Src/control_update_MPC/qpoases/SRC/QProblem.cpp:1203:13:returnValue QProblem::setupAuxiliaryQPsolution(const real_t*, const real_t*)	40	static
../Core/Src/control_update_MPC/qpoases/SRC/QProblem.cpp:1256:13:returnValue QProblem::setupAuxiliaryQPgradient()	32	static
../Core/Src/control_update_MPC/qpoases/SRC/QProblem.cpp:1285:13:returnValue QProblem::setupAuxiliaryQPbounds(const Bounds*, const Constraints*, BooleanType)	56	static
../Core/Src/control_update_MPC/qpoases/SRC/QProblem.cpp:1426:13:returnValue QProblem::addConstraint(int, SubjectToStatus, BooleanType)	336	static
../Core/Src/control_update_MPC/qpoases/SRC/QProblem.cpp:1580:13:returnValue QProblem::addConstraint_checkLI(int)	112	static
../Core/Src/control_update_MPC/qpoases/SRC/QProblem.cpp:1614:13:returnValue QProblem::addConstraint_ensureLI(int, SubjectToStatus)	472	static
../Core/Src/control_update_MPC/qpoases/SRC/QProblem.cpp:1874:13:returnValue QProblem::addBound(int, SubjectToStatus, BooleanType)	320	static
../Core/Src/control_update_MPC/qpoases/SRC/QProblem.cpp:2040:13:returnValue QProblem::addBound_checkLI(int)	24	static
../Core/Src/control_update_MPC/qpoases/SRC/QProblem.cpp:2062:13:returnValue QProblem::addBound_ensureLI(int, SubjectToStatus)	464	static
../Core/Src/control_update_MPC/qpoases/SRC/QProblem.cpp:2288:13:returnValue QProblem::removeConstraint(int, BooleanType)	448	static
../Core/Src/control_update_MPC/qpoases/SRC/QProblem.cpp:2438:13:returnValue QProblem::removeBound(int, BooleanType)	456	static
../Core/Src/control_update_MPC/qpoases/SRC/QProblem.cpp:2601:13:returnValue QProblem::backsolveR(const real_t*, BooleanType, real_t*)	32	static
../Core/Src/control_update_MPC/qpoases/SRC/QProblem.cpp:2613:13:returnValue QProblem::backsolveR(const real_t*, BooleanType, BooleanType, real_t*)	64	static
../Core/Src/control_update_MPC/qpoases/SRC/QProblem.cpp:2673:13:returnValue QProblem::backsolveT(const real_t*, BooleanType, real_t*)	64	static
../Core/Src/control_update_MPC/qpoases/SRC/QProblem.cpp:2726:13:returnValue QProblem::hotstart_determineDataShift(const int*, const int*, const real_t*, const real_t*, const real_t*, const real_t*, const real_t*, real_t*, real_t*, real_t*, real_t*, real_t*, BooleanType&, BooleanType&)	64	static
../Core/Src/control_update_MPC/qpoases/SRC/QProblem.cpp:2784:13:returnValue QProblem::hotstart_determineStepDirection(const int*, const int*, const int*, const real_t*, const real_t*, const real_t*, const real_t*, const real_t*, BooleanType, BooleanType, real_t*, real_t*, real_t*, real_t*)	824	static
../Core/Src/control_update_MPC/qpoases/SRC/QProblem.cpp:3139:13:returnValue QProblem::hotstart_determineStepLength(const int*, const int*, const int*, const int*, const real_t*, const real_t*, const real_t*, const real_t*, const real_t*, const real_t*, const real_t*, const real_t*, real_t*, int&, SubjectToStatus&, BooleanType&)	512	static
../Core/Src/control_update_MPC/qpoases/SRC/QProblem.cpp:3405:13:returnValue QProblem::hotstart_performStep(const int*, const int*, const int*, const int*, const real_t*, const real_t*, const real_t*, const real_t*, const real_t*, const real_t*, const real_t*, const real_t*, const real_t*, const real_t*, int, SubjectToStatus, BooleanType)	80	static
../Core/Src/control_update_MPC/qpoases/SRC/QProblem.cpp:3583:13:BooleanType QProblem::areBoundsConsistent(const real_t*, const real_t*, const real_t*, const real_t*) const	32	static
../Core/Src/control_update_MPC/qpoases/SRC/QProblem.cpp:3607:13:returnValue QProblem::setupQPdata(const real_t*, const real_t*, const real_t*, const real_t*, const real_t*, const real_t*, const real_t*, const real_t*)	56	static
../Core/Src/control_update_MPC/qpoases/SRC/QProblem.cpp:3743:13:returnValue QProblem::checkKKTconditions()	16	static
