../Core/Src/trilateration.c:42:7:vdiff	136	static
../Core/Src/trilateration.c:52:7:vsum	136	static
../Core/Src/trilateration.c:62:7:vmul	120	static
../Core/Src/trilateration.c:72:7:vdiv	120	static
../Core/Src/trilateration.c:82:8:vdist	88	static
../Core/Src/trilateration.c:91:8:vnorm	40	static
../Core/Src/trilateration.c:97:8:dot	64	static
../Core/Src/trilateration.c:103:7:cross	136	static
../Core/Src/trilateration.c:115:8:gdoprate	192	static
../Core/Src/trilateration.c:147:5:sphereline	144	static
../Core/Src/trilateration.c:194:5:trilateration	712	static
../Core/Src/trilateration.c:527:5:deca_3dlocate	608	static
../Core/Src/trilateration.c:679:5:GetLocation	384	static
../Core/Src/trilateration.c:766:5:GetLocation2	184	static
../Core/Src/trilateration.c:838:5:double_equals	40	static
../Core/Src/trilateration.c:844:8:distance_sqr	32	static
../Core/Src/trilateration.c:849:8:distance	16	static
../Core/Src/trilateration.c:857:5:insect	168	static
../Core/Src/trilateration.c:935:6:Cross_Point	80	static
../Core/Src/trilateration.c:969:6:Th_Location	224	static
../Core/Src/trilateration.c:1064:7:norm	24	static
../Core/Src/trilateration.c:1069:6:trilateration_1	168	static
../Core/Src/trilateration.c:1094:6:Th_Location2	64	static
