../Core/Src/main.c:93:5:main	16	static
../Core/Src/main.c:236:6:SystemClock_Config	120	static
../Core/Src/main.c:295:6:PeriphCommonClock_Config	200	static
../Core/Src/main.c:314:13:MX_ADC3_Init	40	static
../Core/Src/main.c:371:13:MX_I2C2_Init	8	static
../Core/Src/main.c:416:13:MX_TIM1_Init	96	static
../Core/Src/main.c:495:13:MX_USART2_UART_Init	8	static
../Core/Src/main.c:540:13:MX_GPIO_Init	56	static
../Core/Src/main.c:633:5:_write	24	static
../Core/Src/main.c:641:6:BSP_PB_Callback	24	static
../Core/Src/main.c:659:6:HAL_GPIO_EXTI_Callback	16	static
../Core/Src/main.c:674:6:enc_go	80	static,ignoring_inline_asm
../Core/Src/main.c:712:6:StartDefaultTask	16	static
../Core/Src/main.c:735:6:Error_Handler	4	static,ignoring_inline_asm
