../Core/Src/main.c:93:5:main	8
../Core/Src/main.c:232:6:SystemClock_Config	4
../Core/Src/main.c:291:6:PeriphCommonClock_Config	2
../Core/Src/main.c:310:13:MX_ADC3_Init	3
../Core/Src/main.c:367:13:MX_I2C2_Init	4
../Core/Src/main.c:412:13:MX_TIM1_Init	8
../Core/Src/main.c:491:13:MX_USART2_UART_Init	5
../Core/Src/main.c:536:13:MX_GPIO_Init	1
../Core/Src/main.c:629:5:_write	1
../Core/Src/main.c:637:6:BSP_PB_Callback	3
../Core/Src/main.c:655:6:HAL_GPIO_EXTI_Callback	5
../Core/Src/main.c:670:6:enc_go	2
../Core/Src/main.c:708:6:StartDefaultTask	1
../Core/Src/main.c:731:6:Error_Handler	1
