../Core/Src/main.c:93:5:main	16	static
../Core/Src/main.c:232:6:SystemClock_Config	120	static
../Core/Src/main.c:291:6:PeriphCommonClock_Config	200	static
../Core/Src/main.c:310:13:MX_ADC3_Init	40	static
../Core/Src/main.c:367:13:MX_I2C2_Init	8	static
../Core/Src/main.c:412:13:MX_TIM1_Init	96	static
../Core/Src/main.c:491:13:MX_USART2_UART_Init	8	static
../Core/Src/main.c:536:13:MX_GPIO_Init	56	static
../Core/Src/main.c:629:5:_write	24	static
../Core/Src/main.c:637:6:BSP_PB_Callback	24	static
../Core/Src/main.c:655:6:HAL_GPIO_EXTI_Callback	16	static
../Core/Src/main.c:670:6:enc_go	40	static,ignoring_inline_asm
../Core/Src/main.c:705:6:StartDefaultTask	16	static
../Core/Src/main.c:728:6:Error_Handler	4	static,ignoring_inline_asm
