../Core/Src/main.c:91:6:acs_zero_now	4
../Core/Src/main.c:105:5:main	8
../Core/Src/main.c:255:6:SystemClock_Config	4
../Core/Src/main.c:314:6:PeriphCommonClock_Config	2
../Core/Src/main.c:333:13:MX_ADC3_Init	6
../Core/Src/main.c:423:13:MX_I2C2_Init	4
../Core/Src/main.c:468:13:MX_TIM1_Init	8
../Core/Src/main.c:547:13:MX_TIM6_Init	3
../Core/Src/main.c:585:13:MX_USART2_UART_Init	5
../Core/Src/main.c:628:13:MX_DMA_Init	1
../Core/Src/main.c:646:13:MX_GPIO_Init	1
../Core/Src/main.c:739:5:_write	1
../Core/Src/main.c:747:6:BSP_PB_Callback	3
../Core/Src/main.c:765:6:HAL_GPIO_EXTI_Callback	5
../Core/Src/main.c:784:6:enc_go	2
../Core/Src/main.c:824:6:StartDefaultTask	1
../Core/Src/main.c:847:6:Error_Handler	1
