../Core/Src/main.c:94:6:acs_zero_now	4
../Core/Src/main.c:108:5:main	2
../Core/Src/main.c:213:6:PeriphCommonClock_Config	2
../Core/Src/main.c:232:13:MX_ADC1_Init	4
../Core/Src/main.c:301:6:MX_ADC3_Init	6
../Core/Src/main.c:391:13:MX_TIM1_Init	8
../Core/Src/main.c:473:13:MX_TIM6_Init	3
../Core/Src/main.c:511:13:MX_UART4_Init	5
../Core/Src/main.c:559:13:MX_UART5_Init	5
../Core/Src/main.c:605:13:MX_DMA_Init	1
../Core/Src/main.c:623:13:MX_GPIO_Init	1
../Core/Src/main.c:687:6:StartDefaultTask	1
../Core/Src/main.c:702:6:Error_Handler	1
