../Core/Src/main.c:92:6:acs_zero_now	48	static
../Core/Src/main.c:106:5:main	16	static
../Core/Src/main.c:213:6:PeriphCommonClock_Config	200	static
../Core/Src/main.c:232:13:MX_ADC1_Init	48	static
../Core/Src/main.c:301:6:MX_ADC3_Init	40	static
../Core/Src/main.c:391:13:MX_TIM1_Init	96	static
../Core/Src/main.c:473:13:MX_TIM6_Init	24	static
../Core/Src/main.c:511:13:MX_UART4_Init	8	static
../Core/Src/main.c:557:13:MX_DMA_Init	16	static
../Core/Src/main.c:575:13:MX_GPIO_Init	56	static
../Core/Src/main.c:638:6:StartDefaultTask	16	static
../Core/Src/main.c:653:6:Error_Handler	4	static,ignoring_inline_asm
