../Core/Src/main.c:101:5:main	16	static
../Core/Src/main.c:200:6:PeriphCommonClock_Config	200	static
../Core/Src/main.c:219:13:MX_ADC1_Init	48	static
../Core/Src/main.c:288:6:MX_ADC3_Init	40	static
../Core/Src/main.c:348:13:MX_TIM1_Init	96	static
../Core/Src/main.c:429:13:MX_UART4_Init	8	static
../Core/Src/main.c:477:13:MX_UART5_Init	8	static
../Core/Src/main.c:525:13:MX_GPIO_Init	56	static
../Core/Src/main.c:575:6:waysend	24	static,ignoring_inline_asm
../Core/Src/main.c:603:6:StartDefaultTask	16	static
../Core/Src/main.c:618:6:Error_Handler	4	static,ignoring_inline_asm
