../Core/Src/main.c:94:6:acs_zero_now	4
../Core/Src/main.c:108:5:main	2
../Core/Src/main.c:212:6:PeriphCommonClock_Config	2
../Core/Src/main.c:231:13:MX_ADC1_Init	4
../Core/Src/main.c:300:6:MX_ADC3_Init	6
../Core/Src/main.c:390:13:MX_TIM1_Init	8
../Core/Src/main.c:472:13:MX_TIM6_Init	3
../Core/Src/main.c:510:13:MX_UART4_Init	5
../Core/Src/main.c:558:13:MX_UART5_Init	5
../Core/Src/main.c:604:13:MX_DMA_Init	1
../Core/Src/main.c:622:13:MX_GPIO_Init	1
../Core/Src/main.c:686:6:StartDefaultTask	1
../Core/Src/main.c:701:6:Error_Handler	1
