../Core/Src/trilateration.c:41:7:vdiff	136	static
../Core/Src/trilateration.c:51:7:vsum	136	static
../Core/Src/trilateration.c:61:7:vmul	120	static
../Core/Src/trilateration.c:71:7:vdiv	120	static
../Core/Src/trilateration.c:81:8:vdist	88	static
../Core/Src/trilateration.c:90:8:vnorm	40	static
../Core/Src/trilateration.c:96:8:dot	64	static
../Core/Src/trilateration.c:102:7:cross	136	static
../Core/Src/trilateration.c:114:8:gdoprate	192	static
../Core/Src/trilateration.c:146:5:sphereline	144	static
../Core/Src/trilateration.c:193:5:trilateration	712	static
../Core/Src/trilateration.c:526:5:deca_3dlocate	608	static
../Core/Src/trilateration.c:678:5:GetLocation	384	static
../Core/Src/trilateration.c:765:5:GetLocation2	184	static
../Core/Src/trilateration.c:837:5:double_equals	40	static
../Core/Src/trilateration.c:843:8:distance_sqr	32	static
../Core/Src/trilateration.c:848:8:distance	16	static
../Core/Src/trilateration.c:856:5:insect	168	static
../Core/Src/trilateration.c:934:6:Cross_Point	80	static
../Core/Src/trilateration.c:968:6:Th_Location	224	static
../Core/Src/trilateration.c:1063:7:norm	24	static
../Core/Src/trilateration.c:1068:6:trilateration_1	168	static
../Core/Src/trilateration.c:1093:6:Th_Location2	64	static
