C:/Users/nicks/STM32CubeIDE/workspace_1.19.0/AFR/AFR/CM7/Core/Src/control_update_MPC/qpoases/SRC/Indexlist.ipp:56:12:int Indexlist::getLength()	16	static
C:/Users/nicks/STM32CubeIDE/workspace_1.19.0/AFR/AFR/CM7/Core/Src/control_update_MPC/qpoases/SRC/Bounds.ipp:109:12:int Bounds::getNFR()	16	static
C:/Users/nicks/STM32CubeIDE/workspace_1.19.0/AFR/AFR/CM7/Core/Src/control_update_MPC/qpoases/SRC/Bounds.ipp:118:12:int Bounds::getNFX()	16	static
C:/Users/nicks/STM32CubeIDE/workspace_1.19.0/AFR/AFR/CM7/Core/Src/control_update_MPC/qpoases/SRC/Bounds.ipp:127:19:Indexlist* Bounds::getFree()	16	static
C:/Users/nicks/STM32CubeIDE/workspace_1.19.0/AFR/AFR/CM7/Core/Src/control_update_MPC/qpoases/SRC/Bounds.ipp:136:19:Indexlist* Bounds::getFixed()	16	static
C:/Users/nicks/STM32CubeIDE/workspace_1.19.0/AFR/AFR/CM7/Core/Src/control_update_MPC/qpoases/SRC/QProblemB.ipp:158:12:int QProblemB::getNFR()	16	static
C:/Users/nicks/STM32CubeIDE/workspace_1.19.0/AFR/AFR/CM7/Core/Src/control_update_MPC/qpoases/SRC/QProblemB.ipp:167:12:int QProblemB::getNFX()	16	static
C:/Users/nicks/STM32CubeIDE/workspace_1.19.0/AFR/AFR/CM7/Core/Src/control_update_MPC/qpoases/SRC/Constraints.ipp:127:19:Indexlist* Constraints::getActive()	16	static
../Core/Src/control_update_MPC/qpoases/SRC/EXTRAS/SolutionAnalysis.cpp:38:1:SolutionAnalysis::SolutionAnalysis()	16	static
../Core/Src/control_update_MPC/qpoases/SRC/EXTRAS/SolutionAnalysis.cpp:46:1:SolutionAnalysis::SolutionAnalysis(const SolutionAnalysis&)	16	static
../Core/Src/control_update_MPC/qpoases/SRC/EXTRAS/SolutionAnalysis.cpp:54:1:SolutionAnalysis::~SolutionAnalysis()	16	static
../Core/Src/control_update_MPC/qpoases/SRC/EXTRAS/SolutionAnalysis.cpp:62:19:SolutionAnalysis& SolutionAnalysis::operator=(const SolutionAnalysis&)	16	static
../Core/Src/control_update_MPC/qpoases/SRC/EXTRAS/SolutionAnalysis.cpp:75:13:returnValue SolutionAnalysis::getHessianInverse(QProblem*, real_t*)	112	static
../Core/Src/control_update_MPC/qpoases/SRC/EXTRAS/SolutionAnalysis.cpp:176:13:returnValue SolutionAnalysis::getHessianInverse(QProblemB*, real_t*)	80	static
