Archive member included to satisfy reference by file (symbol)

C:/ST/STM32CubeIDE_1.19.0/STM32CubeIDE/plugins/com.st.stm32cube.ide.mcu.externaltools.gnu-tools-for-stm32.13.3.rel1.win32_1.0.0.202411081344/tools/bin/../lib/gcc/arm-none-eabi/13.3.1/../../../../arm-none-eabi/lib/thumb/v7e-m+dp/hard\libc_nano.a(libc_a-exit.o)
                              C:/ST/STM32CubeIDE_1.19.0/STM32CubeIDE/plugins/com.st.stm32cube.ide.mcu.externaltools.gnu-tools-for-stm32.13.3.rel1.win32_1.0.0.202411081344/tools/bin/../lib/gcc/arm-none-eabi/13.3.1/../../../../arm-none-eabi/lib/thumb/v7e-m+dp/hard/crt0.o (exit)
C:/ST/STM32CubeIDE_1.19.0/STM32CubeIDE/plugins/com.st.stm32cube.ide.mcu.externaltools.gnu-tools-for-stm32.13.3.rel1.win32_1.0.0.202411081344/tools/bin/../lib/gcc/arm-none-eabi/13.3.1/../../../../arm-none-eabi/lib/thumb/v7e-m+dp/hard\libc_nano.a(libc_a-findfp.o)
                              C:/ST/STM32CubeIDE_1.19.0/STM32CubeIDE/plugins/com.st.stm32cube.ide.mcu.externaltools.gnu-tools-for-stm32.13.3.rel1.win32_1.0.0.202411081344/tools/bin/../lib/gcc/arm-none-eabi/13.3.1/../../../../arm-none-eabi/lib/thumb/v7e-m+dp/hard\libc_nano.a(libc_a-exit.o) (__stdio_exit_handler)
C:/ST/STM32CubeIDE_1.19.0/STM32CubeIDE/plugins/com.st.stm32cube.ide.mcu.externaltools.gnu-tools-for-stm32.13.3.rel1.win32_1.0.0.202411081344/tools/bin/../lib/gcc/arm-none-eabi/13.3.1/../../../../arm-none-eabi/lib/thumb/v7e-m+dp/hard\libc_nano.a(libc_a-fwalk.o)
                              C:/ST/STM32CubeIDE_1.19.0/STM32CubeIDE/plugins/com.st.stm32cube.ide.mcu.externaltools.gnu-tools-for-stm32.13.3.rel1.win32_1.0.0.202411081344/tools/bin/../lib/gcc/arm-none-eabi/13.3.1/../../../../arm-none-eabi/lib/thumb/v7e-m+dp/hard\libc_nano.a(libc_a-findfp.o) (_fwalk_sglue)
C:/ST/STM32CubeIDE_1.19.0/STM32CubeIDE/plugins/com.st.stm32cube.ide.mcu.externaltools.gnu-tools-for-stm32.13.3.rel1.win32_1.0.0.202411081344/tools/bin/../lib/gcc/arm-none-eabi/13.3.1/../../../../arm-none-eabi/lib/thumb/v7e-m+dp/hard\libc_nano.a(libc_a-stdio.o)
                              C:/ST/STM32CubeIDE_1.19.0/STM32CubeIDE/plugins/com.st.stm32cube.ide.mcu.externaltools.gnu-tools-for-stm32.13.3.rel1.win32_1.0.0.202411081344/tools/bin/../lib/gcc/arm-none-eabi/13.3.1/../../../../arm-none-eabi/lib/thumb/v7e-m+dp/hard\libc_nano.a(libc_a-findfp.o) (__sread)
C:/ST/STM32CubeIDE_1.19.0/STM32CubeIDE/plugins/com.st.stm32cube.ide.mcu.externaltools.gnu-tools-for-stm32.13.3.rel1.win32_1.0.0.202411081344/tools/bin/../lib/gcc/arm-none-eabi/13.3.1/../../../../arm-none-eabi/lib/thumb/v7e-m+dp/hard\libc_nano.a(libc_a-memset.o)
                              C:/ST/STM32CubeIDE_1.19.0/STM32CubeIDE/plugins/com.st.stm32cube.ide.mcu.externaltools.gnu-tools-for-stm32.13.3.rel1.win32_1.0.0.202411081344/tools/bin/../lib/gcc/arm-none-eabi/13.3.1/../../../../arm-none-eabi/lib/thumb/v7e-m+dp/hard/crt0.o (memset)
C:/ST/STM32CubeIDE_1.19.0/STM32CubeIDE/plugins/com.st.stm32cube.ide.mcu.externaltools.gnu-tools-for-stm32.13.3.rel1.win32_1.0.0.202411081344/tools/bin/../lib/gcc/arm-none-eabi/13.3.1/../../../../arm-none-eabi/lib/thumb/v7e-m+dp/hard\libc_nano.a(libc_a-closer.o)
                              C:/ST/STM32CubeIDE_1.19.0/STM32CubeIDE/plugins/com.st.stm32cube.ide.mcu.externaltools.gnu-tools-for-stm32.13.3.rel1.win32_1.0.0.202411081344/tools/bin/../lib/gcc/arm-none-eabi/13.3.1/../../../../arm-none-eabi/lib/thumb/v7e-m+dp/hard\libc_nano.a(libc_a-stdio.o) (_close_r)
C:/ST/STM32CubeIDE_1.19.0/STM32CubeIDE/plugins/com.st.stm32cube.ide.mcu.externaltools.gnu-tools-for-stm32.13.3.rel1.win32_1.0.0.202411081344/tools/bin/../lib/gcc/arm-none-eabi/13.3.1/../../../../arm-none-eabi/lib/thumb/v7e-m+dp/hard\libc_nano.a(libc_a-reent.o)
                              C:/ST/STM32CubeIDE_1.19.0/STM32CubeIDE/plugins/com.st.stm32cube.ide.mcu.externaltools.gnu-tools-for-stm32.13.3.rel1.win32_1.0.0.202411081344/tools/bin/../lib/gcc/arm-none-eabi/13.3.1/../../../../arm-none-eabi/lib/thumb/v7e-m+dp/hard\libc_nano.a(libc_a-closer.o) (errno)
C:/ST/STM32CubeIDE_1.19.0/STM32CubeIDE/plugins/com.st.stm32cube.ide.mcu.externaltools.gnu-tools-for-stm32.13.3.rel1.win32_1.0.0.202411081344/tools/bin/../lib/gcc/arm-none-eabi/13.3.1/../../../../arm-none-eabi/lib/thumb/v7e-m+dp/hard\libc_nano.a(libc_a-impure.o)
                              C:/ST/STM32CubeIDE_1.19.0/STM32CubeIDE/plugins/com.st.stm32cube.ide.mcu.externaltools.gnu-tools-for-stm32.13.3.rel1.win32_1.0.0.202411081344/tools/bin/../lib/gcc/arm-none-eabi/13.3.1/../../../../arm-none-eabi/lib/thumb/v7e-m+dp/hard\libc_nano.a(libc_a-reent.o) (_impure_ptr)
C:/ST/STM32CubeIDE_1.19.0/STM32CubeIDE/plugins/com.st.stm32cube.ide.mcu.externaltools.gnu-tools-for-stm32.13.3.rel1.win32_1.0.0.202411081344/tools/bin/../lib/gcc/arm-none-eabi/13.3.1/../../../../arm-none-eabi/lib/thumb/v7e-m+dp/hard\libc_nano.a(libc_a-lseekr.o)
[...]
Memory Configuration

Name             Origin             Length             Attributes
RAM_D1           0x24000000         0x00080000         xrw
FLASH            0x08000000         0x00100000         xr
DTCMRAM          0x20000000         0x00020000         xrw
RAM_D2           0x30000000         0x00048000         xrw
RAM_D3           0x38000000         0x00010000         xrw
ITCMRAM          0x00000000         0x00010000         xrw
*default*        0x00000000         0xffffffff

Linker script and memory map

LOAD C:/ST/STM32CubeIDE_1.19.0/STM32CubeIDE/plugins/com.st.stm32cube.ide.mcu.externaltools.gnu-tools-for-stm32.13.3.rel1.win32_1.0.0.202411081344/tools/bin/../lib/gcc/arm-none-eabi/13.3.1/thumb/v7e-m+dp/hard/crti.o
LOAD C:/ST/STM32CubeIDE_1.19.0/STM32CubeIDE/plugins/com.st.stm32cube.ide.mcu.externaltools.gnu-tools-for-stm32.13.3.rel1.win32_1.0.0.202411081344/tools/bin/../lib/gcc/arm-none-eabi/13.3.1/thumb/v7e-m+dp/hard/crtbegin.o
LOAD C:/ST/STM32CubeIDE_1.19.0/STM32CubeIDE/plugins/com.st.stm32cube.ide.mcu.externaltools.gnu-tools-for-stm32.13.3.rel1.win32_1.0.0.202411081344/tools/bin/../lib/gcc/arm-none-eabi/13.3.1/../../../../arm-none-eabi/lib/thumb/v7e-m+dp/hard/crt0.o
LOAD ./Common/Src/system_stm32h7xx_dualcore_boot_cm4_cm7.o
LOAD ./Core/Src/freertos.o
LOAD ./Core/Src/main.o
LOAD ./Core/Src/stm32h7xx_hal_msp.o
LOAD ./Core/Src/stm32h7xx_it.o
LOAD ./Core/Src/syscalls.o
LOAD ./Core/Src/sysmem.o
LOAD ./Core/Startup/startup_stm32h755zitx.o
LOAD ./Drivers/BSP/STM32H7xx_Nucleo/stm32h7xx_nucleo.o
LOAD ./Drivers/STM32H7xx_HAL_Driver/stm32h7xx_hal.o
LOAD ./Drivers/STM32H7xx_HAL_Driver/stm32h7xx_hal_cortex.o
LOAD ./Drivers/STM32H7xx_HAL_Driver/stm32h7xx_hal_dma.o
LOAD ./Drivers/STM32H7xx_HAL_Driver/stm32h7xx_hal_dma_ex.o
LOAD ./Drivers/STM32H7xx_HAL_Driver/stm32h7xx_hal_exti.o
LOAD ./Drivers/STM32H7xx_HAL_Driver/stm32h7xx_hal_flash.o
LOAD ./Drivers/STM32H7xx_HAL_Driver/stm32h7xx_hal_flash_ex.o
LOAD ./Drivers/STM32H7xx_HAL_Driver/stm32h7xx_hal_gpio.o
LOAD ./Drivers/STM32H7xx_HAL_Driver/stm32h7xx_hal_hsem.o
LOAD ./Drivers/STM32H7xx_HAL_Driver/stm32h7xx_hal_i2c.o
LOAD ./Drivers/STM32H7xx_HAL_Driver/stm32h7xx_hal_i2c_ex.o
LOAD ./Drivers/STM32H7xx_HAL_Driver/stm32h7xx_hal_mdma.o
LOAD ./Drivers/STM32H7xx_HAL_Driver/stm32h7xx_hal_pwr.o
LOAD ./Drivers/STM32H7xx_HAL_Driver/stm32h7xx_hal_pwr_ex.o
LOAD ./Drivers/STM32H7xx_HAL_Driver/stm32h7xx_hal_rcc.o
LOAD ./Drivers/STM32H7xx_HAL_Driver/stm32h7xx_hal_rcc_ex.o
LOAD ./Drivers/STM32H7xx_HAL_Driver/stm32h7xx_hal_tim.o
LOAD ./Drivers/STM32H7xx_HAL_Driver/stm32h7xx_hal_tim_ex.o
LOAD ./Drivers/STM32H7xx_HAL_Driver/stm32h7xx_hal_uart.o
LOAD ./Drivers/STM32H7xx_HAL_Driver/stm32h7xx_hal_uart_ex.o
LOAD ./Drivers/STM32H7xx_HAL_Driver/stm32h7xx_hal_usart.o
LOAD ./Drivers/STM32H7xx_HAL_Driver/stm32h7xx_hal_usart_ex.o
LOAD ./Middlewares/Third_Party/FreeRTOS/cmsis_os2.o
LOAD ./Middlewares/Third_Party/FreeRTOS/croutine.o
LOAD ./Middlewares/Third_Party/FreeRTOS/event_groups.o
LOAD ./Middlewares/Third_Party/FreeRTOS/heap_4.o
LOAD ./Middlewares/Third_Party/FreeRTOS/list.o
LOAD ./Middlewares/Third_Party/FreeRTOS/port.o
LOAD ./Middlewares/Third_Party/FreeRTOS/queue.o
LOAD ./Middlewares/Third_Party/FreeRTOS/stream_buffer.o
LOAD ./Middlewares/Third_Party/FreeRTOS/tasks.o
LOAD ./Middlewares/Third_Party/FreeRTOS/timers.o
START GROUP
LOAD C:/ST/STM32CubeIDE_1.19.0/STM32CubeIDE/plugins/com.st.stm32cube.ide.mcu.externaltools.gnu-tools-for-stm32.13.3.rel1.win32_1.0.0.202411081344/tools/bin/../lib/gcc/arm-none-eabi/13.3.1/../../../../arm-none-eabi/lib/thumb/v7e-m+dp/hard\libc_nano.a
LOAD C:/ST/STM32CubeIDE_1.19.0/STM32CubeIDE/plugins/com.st.stm32cube.ide.mcu.externaltools.gnu-tools-for-stm32.13.3.rel1.win32_1.0.0.202411081344/tools/bin/../lib/gcc/arm-none-eabi/13.3.1/../../../../arm-none-eabi/lib/thumb/v7e-m+dp/hard\libm.a
END GROUP
START GROUP
LOAD C:/ST/STM32CubeIDE_1.19.0/STM32CubeIDE/plugins/com.st.stm32cube.ide.mcu.externaltools.gnu-tools-for-stm32.13.3.rel1.win32_1.0.0.202411081344/tools/bin/../lib/gcc/arm-none-eabi/13.3.1/thumb/v7e-m+dp/hard\libgcc.a
LOAD C:/ST/STM32CubeIDE_1.19.0/STM32CubeIDE/plugins/com.st.stm32cube.ide.mcu.externaltools.gnu-tools-for-stm32.13.3.rel1.win32_1.0.0.202411081344/tools/bin/../lib/gcc/arm-none-eabi/13.3.1/../../../../arm-none-eabi/lib/thumb/v7e-m+dp/hard\libc_nano.a
END GROUP
START GROUP
LOAD C:/ST/STM32CubeIDE_1.19.0/STM32CubeIDE/plugins/com.st.stm32cube.ide.mcu.externaltools.gnu-tools-for-stm32.13.3.rel1.win32_1.0.0.202411081344/tools/bin/../lib/gcc/arm-none-eabi/13.3.1/thumb/v7e-m+dp/hard\libgcc.a
LOAD C:/ST/STM32CubeIDE_1.19.0/STM32CubeIDE/plugins/com.st.stm32cube.ide.mcu.externaltools.gnu-tools-for-stm32.13.3.rel1.win32_1.0.0.202411081344/tools/bin/../lib/gcc/arm-none-eabi/13.3.1/../../../../arm-none-eabi/lib/thumb/v7e-m+dp/hard\libc_nano.a
LOAD C:/ST/STM32CubeIDE_1.19.0/STM32CubeIDE/plugins/com.st.stm32cube.ide.mcu.externaltools.gnu-tools-for-stm32.13.3.rel1.win32_1.0.0.202411081344/tools/bin/../lib/gcc/arm-none-eabi/13.3.1/../../../../arm-none-eabi/lib/thumb/v7e-m+dp/hard\libnosys.a
END GROUP
START GROUP
LOAD C:/ST/STM32CubeIDE_1.19.0/STM32CubeIDE/plugins/com.st.stm32cube.ide.mcu.externaltools.gnu-tools-for-stm32.13.3.rel1.win32_1.0.0.202411081344/tools/bin/../lib/gcc/arm-none-eabi/13.3.1/thumb/v7e-m+dp/hard\libgcc.a
LOAD C:/ST/STM32CubeIDE_1.19.0/STM32CubeIDE/plugins/com.st.stm32cube.ide.mcu.externaltools.gnu-tools-for-stm32.13.3.rel1.win32_1.0.0.202411081344/tools/bin/../lib/gcc/arm-none-eabi/13.3.1/../../../../arm-none-eabi/lib/thumb/v7e-m+dp/hard\libc_nano.a
LOAD C:/ST/STM32CubeIDE_1.19.0/STM32CubeIDE/plugins/com.st.stm32cube.ide.mcu.externaltools.gnu-tools-for-stm32.13.3.rel1.win32_1.0.0.202411081344/tools/bin/../lib/gcc/arm-none-eabi/13.3.1/../../../../arm-none-eabi/lib/thumb/v7e-m+dp/hard\libnosys.a
END GROUP
LOAD C:/ST/STM32CubeIDE_1.19.0/STM32CubeIDE/plugins/com.st.stm32cube.ide.mcu.externaltools.gnu-tools-for-stm32.13.3.rel1.win32_1.0.0.202411081344/tools/bin/../lib/gcc/arm-none-eabi/13.3.1/thumb/v7e-m+dp/hard/crtend.o
LOAD C:/ST/STM32CubeIDE_1.19.0/STM32CubeIDE/plugins/com.st.stm32cube.ide.mcu.externaltools.gnu-tools-for-stm32.13.3.rel1.win32_1.0.0.202411081344/tools/bin/../lib/gcc/arm-none-eabi/13.3.1/thumb/v7e-m+dp/hard/crtn.o
                0x24080000                        _estack = (ORIGIN (RAM_D1) + LENGTH (RAM_D1))
                0x00000200                        _Min_Heap_Size = 0x200
                0x00000400                        _Min_Stack_Size = 0x400

.isr_vector     0x08000000      0x298
                0x08000000                        . = ALIGN (0x4)
 *(.isr_vector)
 .isr_vector    0x08000000      0x298 ./Core/Startup/startup_stm32h755zitx.o
                0x08000000                g_pfnVectors
                0x08000298                        . = ALIGN (0x4)

.text           0x080002a0     0x6788
                0x080002a0                        . = ALIGN (0x4)
 *(.text)
 .text          0x080002a0       0x40 C:/ST/STM32CubeIDE_1.19.0/STM32CubeIDE/plugins/com.st.stm32cube.ide.mcu.externaltools.gnu-tools-for-stm32.13.3.rel1.win32_1.0.0.202411081344/tools/bin/../lib/gcc/arm-none-eabi/13.3.1/thumb/v7e-m+dp/hard/crtbegin.o
 .text          0x080002e0       0x30 C:/ST/STM32CubeIDE_1.19.0/STM32CubeIDE/plugins/com.st.stm32cube.ide.mcu.externaltools.gnu-tools-for-stm32.13.3.rel1.win32_1.0.0.202411081344/tools/bin/../lib/gcc/arm-none-eabi/13.3.1/thumb/v7e-m+dp/hard\libgcc.a(_aeabi_uldivmod.o)
                0x080002e0                __aeabi_uldivmod
 .text          0x08000310      0x2f8 C:/ST/STM32CubeIDE_1.19.0/STM32CubeIDE/plugins/com.st.stm32cube.ide.mcu.externaltools.gnu-tools-for-stm32.13.3.rel1.win32_1.0.0.202411081344/tools/bin/../lib/gcc/arm-none-eabi/13.3.1/thumb/v7e-m+dp/hard\libgcc.a(_udivmoddi4.o)
                0x08000310                __udivmoddi4
 .text          0x08000608        0x4 C:/ST/STM32CubeIDE_1.19.0/STM32CubeIDE/plugins/com.st.stm32cube.ide.mcu.externaltools.gnu-tools-for-stm32.13.3.rel1.win32_1.0.0.202411081344/tools/bin/../lib/gcc/arm-none-eabi/13.3.1/thumb/v7e-m+dp/hard\libgcc.a(_dvmd_tls.o)
                0x08000608                __aeabi_idiv0
                0x08000608                __aeabi_ldiv0
 *(.text*)
 .text.SystemInit
                0x0800060c      0x15c ./Common/Src/system_stm32h7xx_dualcore_boot_cm4_cm7.o
                0x0800060c                SystemInit
 .text.ExitRun0Mode
                0x08000768       0x30 ./Common/Src/system_stm32h7xx_dualcore_boot_cm4_cm7.o
                0x08000768                ExitRun0Mode
 .text.main     0x08000798      0x10c ./Core/Src/main.o
                0x08000798                main
 .text.SystemClock_Config
                0x080008a4       0xf8 ./Core/Src/main.o
                0x080008a4                SystemClock_Config
 .text.MX_GPIO_Init
                0x0800099c      0x150 ./Core/Src/main.o
 .text.StartDefaultTask
                0x08000aec       0x1a ./Core/Src/main.o
                0x08000aec                StartDefaultTask
 .text.Error_Handler
                0x08000b06        0xc ./Core/Src/main.o
                0x08000b06                Error_Handler
 *fill*         0x08000b12        0x2 
 .text.HAL_MspInit
                0x08000b14       0x3c ./Core/Src/stm32h7xx_hal_msp.o
                0x08000b14                HAL_MspInit
 .text.NMI_Handler
                0x08000b50        0x8 ./Core/Src/stm32h7xx_it.o
                0x08000b50                NMI_Handler
 .text.HardFault_Handler
                0x08000b58        0x8 ./Core/Src/stm32h7xx_it.o
                0x08000b58                HardFault_Handler
 .text.MemManage_Handler
                0x08000b60        0x8 ./Core/Src/stm32h7xx_it.o
                0x08000b60                MemManage_Handler
 .text.BusFault_Handler
                0x08000b68        0x8 ./Core/Src/stm32h7xx_it.o
                0x08000b68                BusFault_Handler
 .text.UsageFault_Handler
                0x08000b70        0x8 ./Core/Src/stm32h7xx_it.o
                0x08000b70                UsageFault_Handler
 .text.DebugMon_Handler
                0x08000b78        0xe ./Core/Src/stm32h7xx_it.o
                0x08000b78                DebugMon_Handler
 .text.SysTick_Handler
                0x08000b86       0x1a ./Core/Src/stm32h7xx_it.o
                0x08000b86                SysTick_Handler
 .text.EXTI15_10_IRQHandler
                0x08000ba0        0xe ./Core/Src/stm32h7xx_it.o
                0x08000ba0                EXTI15_10_IRQHandler
 *fill*         0x08000bae        0x2 
 .text.Reset_Handler
                0x08000bb0       0x54 ./Core/Startup/startup_stm32h755zitx.o
                0x08000bb0                Reset_Handler
 .text.Default_Handler
                0x08000c04        0x2 ./Core/Startup/startup_stm32h755zitx.o
                0x08000c04                RTC_Alarm_IRQHandler
                0x08000c04                HASH_RNG_IRQHandler
                0x08000c04                EXTI2_IRQHandler
                0x08000c04                TIM8_CC_IRQHandler
                0x08000c04                HRTIM1_Master_IRQHandler
                0x08000c04                UART8_IRQHandler
                0x08000c04                SPI4_IRQHandler
                0x08000c04                TIM1_CC_IRQHandler
                0x08000c04                BDMA_Channel6_IRQHandler
                0x08000c04                DMA2_Stream5_IRQHandler
                0x08000c04                HRTIM1_FLT_IRQHandler
                0x08000c04                JPEG_IRQHandler
                0x08000c04                DMA1_Stream5_IRQHandler
                0x08000c04                BDMA_Channel1_IRQHandler
                0x08000c04                HRTIM1_TIMD_IRQHandler
                0x08000c04                TAMP_STAMP_IRQHandler
                0x08000c04                EXTI3_IRQHandler
                0x08000c04                LPTIM4_IRQHandler
                0x08000c04                TIM8_TRG_COM_TIM14_IRQHandler
                0x08000c04                LPTIM2_IRQHandler
                0x08000c04                DFSDM1_FLT1_IRQHandler
                0x08000c04                DMAMUX2_OVR_IRQHandler
                0x08000c04                TIM8_UP_TIM13_IRQHandler
                0x08000c04                I2C3_ER_IRQHandler
                0x08000c04                DFSDM1_FLT2_IRQHandler
                0x08000c04                MDMA_IRQHandler
                0x08000c04                LPTIM3_IRQHandler
                0x08000c04                HSEM1_IRQHandler
                0x08000c04                EXTI0_IRQHandler
                0x08000c04                I2C2_EV_IRQHandler
                0x08000c04                DMA1_Stream2_IRQHandler
                0x08000c04                FPU_IRQHandler
                0x08000c04                OTG_HS_WKUP_IRQHandler
                0x08000c04                FDCAN1_IT1_IRQHandler
                0x08000c04                LTDC_ER_IRQHandler
                0x08000c04                DMA2_Stream2_IRQHandler
                0x08000c04                HRTIM1_TIME_IRQHandler
                0x08000c04                SPI1_IRQHandler
                0x08000c04                TIM6_DAC_IRQHandler
                0x08000c04                DCMI_IRQHandler
                0x08000c04                HRTIM1_TIMC_IRQHandler
                0x08000c04                DMA2_Stream3_IRQHandler
                0x08000c04                SAI2_IRQHandler
                0x08000c04                DFSDM1_FLT3_IRQHandler
                0x08000c04                USART6_IRQHandler
                0x08000c04                TIM17_IRQHandler
                0x08000c04                USART3_IRQHandler
                0x08000c04                BDMA_Channel7_IRQHandler
                0x08000c04                CRYP_IRQHandler
                0x08000c04                LPTIM5_IRQHandler
                0x08000c04                UART5_IRQHandler
                0x08000c04                ADC3_IRQHandler
                0x08000c04                DMA2_Stream0_IRQHandler
                0x08000c04                TIM4_IRQHandler
                0x08000c04                BDMA_Channel2_IRQHandler
                0x08000c04                QUADSPI_IRQHandler
                0x08000c04                I2C1_EV_IRQHandler
                0x08000c04                DMA1_Stream6_IRQHandler
                0x08000c04                DMAMUX1_OVR_IRQHandler
                0x08000c04                DMA1_Stream1_IRQHandler
                0x08000c04                TIM16_IRQHandler
                0x08000c04                UART4_IRQHandler
                0x08000c04                BDMA_Channel5_IRQHandler
                0x08000c04                TIM3_IRQHandler
                0x08000c04                RCC_IRQHandler
                0x08000c04                TIM8_BRK_TIM12_IRQHandler
                0x08000c04                TIM1_TRG_COM_IRQHandler
                0x08000c04                Default_Handler
                0x08000c04                ECC_IRQHandler
                0x08000c04                CEC_IRQHandler
                0x08000c04                BDMA_Channel0_IRQHandler
                0x08000c04                ADC_IRQHandler
                0x08000c04                DMA1_Stream7_IRQHandler
                0x08000c04                HRTIM1_TIMA_IRQHandler
                0x08000c04                SPI5_IRQHandler
                0x08000c04                TIM7_IRQHandler
                0x08000c04                SDMMC1_IRQHandler
                0x08000c04                TIM5_IRQHandler
                0x08000c04                DMA2_Stream7_IRQHandler
                0x08000c04                TIM15_IRQHandler
                0x08000c04                PVD_AVD_IRQHandler
                0x08000c04                I2C3_EV_IRQHandler
                0x08000c04                EXTI9_5_IRQHandler
                0x08000c04                RTC_WKUP_IRQHandler
                0x08000c04                LTDC_IRQHandler
                0x08000c04                SAI3_IRQHandler
                0x08000c04                ETH_WKUP_IRQHandler
                0x08000c04                SPDIF_RX_IRQHandler
                0x08000c04                SPI2_IRQHandler
                0x08000c04                OTG_HS_EP1_IN_IRQHandler
                0x08000c04                DMA1_Stream0_IRQHandler
                0x08000c04                CRS_IRQHandler
                0x08000c04                CM7_SEV_IRQHandler
                0x08000c04                EXTI4_IRQHandler
                0x08000c04                CM4_SEV_IRQHandler
                0x08000c04                HRTIM1_TIMB_IRQHandler
                0x08000c04                FDCAN2_IT1_IRQHandler
                0x08000c04                ETH_IRQHandler
                0x08000c04                TIM1_UP_IRQHandler
                0x08000c04                WWDG_RST_IRQHandler
                0x08000c04                BDMA_Channel4_IRQHandler
                0x08000c04                OTG_HS_EP1_OUT_IRQHandler
                0x08000c04                WWDG_IRQHandler
                0x08000c04                SPI6_IRQHandler
                0x08000c04                MDIOS_IRQHandler
                0x08000c04                I2C4_EV_IRQHandler
                0x08000c04                FDCAN2_IT0_IRQHandler
                0x08000c04                LPUART1_IRQHandler
                0x08000c04                FDCAN1_IT0_IRQHandler
                0x08000c04                TIM2_IRQHandler
                0x08000c04                OTG_FS_WKUP_IRQHandler
                0x08000c04                OTG_HS_IRQHandler
                0x08000c04                HSEM2_IRQHandler
                0x08000c04                DMA2D_IRQHandler
                0x08000c04                TIM1_BRK_IRQHandler
                0x08000c04                EXTI1_IRQHandler
                0x08000c04                SDMMC2_IRQHandler
                0x08000c04                OTG_FS_EP1_OUT_IRQHandler
                0x08000c04                BDMA_Channel3_IRQHandler
                0x08000c04                HOLD_CORE_IRQHandler
                0x08000c04                UART7_IRQHandler
                0x08000c04                MDIOS_WKUP_IRQHandler
                0x08000c04                USART2_IRQHandler
                0x08000c04                DFSDM1_FLT0_IRQHandler
                0x08000c04                SAI4_IRQHandler
                0x08000c04                I2C2_ER_IRQHandler
                0x08000c04                DMA2_Stream1_IRQHandler
                0x08000c04                FLASH_IRQHandler
                0x08000c04                DMA2_Stream4_IRQHandler
                0x08000c04                USART1_IRQHandler
                0x08000c04                OTG_FS_IRQHandler
                0x08000c04                SPI3_IRQHandler
                0x08000c04                WAKEUP_PIN_IRQHandler
                0x08000c04                DMA1_Stream4_IRQHandler
                0x08000c04                OTG_FS_EP1_IN_IRQHandler
                0x08000c04                I2C1_ER_IRQHandler
                0x08000c04                FMC_IRQHandler
                0x08000c04                FDCAN_CAL_IRQHandler
                0x08000c04                SWPMI1_IRQHandler
                0x08000c04                COMP1_IRQHandler
                0x08000c04                LPTIM1_IRQHandler
                0x08000c04                I2C4_ER_IRQHandler
                0x08000c04                DMA2_Stream6_IRQHandler
                0x08000c04                SAI1_IRQHandler
                0x08000c04                DMA1_Stream3_IRQHandler
 *fill*         0x08000c06        0x2 
 .text.BSP_LED_Init
                0x08000c08       0xec ./Drivers/BSP/STM32H7xx_Nucleo/stm32h7xx_nucleo.o
                0x08000c08                BSP_LED_Init
 .text.BSP_LED_Toggle
                0x08000cf4       0x54 ./Drivers/BSP/STM32H7xx_Nucleo/stm32h7xx_nucleo.o
                0x08000cf4                BSP_LED_Toggle
 .text.BSP_PB_Init
                0x08000d48       0xe4 ./Drivers/BSP/STM32H7xx_Nucleo/stm32h7xx_nucleo.o
                0x08000d48                BSP_PB_Init
 .text.BSP_PB_IRQHandler
                0x08000e2c       0x24 ./Drivers/BSP/STM32H7xx_Nucleo/stm32h7xx_nucleo.o
                0x08000e2c                BSP_PB_IRQHandler
 .text.BSP_PB_Callback
                0x08000e50       0x16 ./Drivers/BSP/STM32H7xx_Nucleo/stm32h7xx_nucleo.o
                0x08000e50                BSP_PB_Callback
 *fill*         0x08000e66        0x2 
 .text.BSP_COM_Init
                0x08000e68       0x60 ./Drivers/BSP/STM32H7xx_Nucleo/stm32h7xx_nucleo.o
                0x08000e68                BSP_COM_Init
 .text.MX_USART3_Init
                0x08000ec8       0x64 ./Drivers/BSP/STM32H7xx_Nucleo/stm32h7xx_nucleo.o
                0x08000ec8                MX_USART3_Init
 .text.BUTTON_USER_EXTI_Callback
                0x08000f2c        0xe ./Drivers/BSP/STM32H7xx_Nucleo/stm32h7xx_nucleo.o
 *fill*         0x08000f3a        0x2 
 .text.COM1_MspInit
                0x08000f3c       0xb0 ./Drivers/BSP/STM32H7xx_Nucleo/stm32h7xx_nucleo.o
 .text.HAL_Init
                0x08000fec       0x78 ./Drivers/STM32H7xx_HAL_Driver/stm32h7xx_hal.o
                0x08000fec                HAL_Init
 .text.HAL_InitTick
                0x08001064       0x6c ./Drivers/STM32H7xx_HAL_Driver/stm32h7xx_hal.o
                0x08001064                HAL_InitTick
 .text.HAL_IncTick
                0x080010d0       0x28 ./Drivers/STM32H7xx_HAL_Driver/stm32h7xx_hal.o
                0x080010d0                HAL_IncTick
 .text.HAL_GetTick
                0x080010f8       0x18 ./Drivers/STM32H7xx_HAL_Driver/stm32h7xx_hal.o
                0x080010f8                HAL_GetTick
 .text.HAL_GetREVID
                0x08001110       0x18 ./Drivers/STM32H7xx_HAL_Driver/stm32h7xx_hal.o
                0x08001110                HAL_GetREVID
 .text.__NVIC_SetPriorityGrouping
                0x08001128       0x48 ./Drivers/STM32H7xx_HAL_Driver/stm32h7xx_hal_cortex.o
 .text.__NVIC_GetPriorityGrouping
                0x08001170       0x1c ./Drivers/STM32H7xx_HAL_Driver/stm32h7xx_hal_cortex.o
 .text.__NVIC_EnableIRQ
                0x0800118c       0x3c ./Drivers/STM32H7xx_HAL_Driver/stm32h7xx_hal_cortex.o
 .text.__NVIC_SetPriority
                0x080011c8       0x54 ./Drivers/STM32H7xx_HAL_Driver/stm32h7xx_hal_cortex.o
 .text.NVIC_EncodePriority
                0x0800121c       0x66 ./Drivers/STM32H7xx_HAL_Driver/stm32h7xx_hal_cortex.o
 *fill*         0x08001282        0x2 
 .text.SysTick_Config
                0x08001284       0x44 ./Drivers/STM32H7xx_HAL_Driver/stm32h7xx_hal_cortex.o
 .text.HAL_NVIC_SetPriorityGrouping
                0x080012c8       0x16 ./Drivers/STM32H7xx_HAL_Driver/stm32h7xx_hal_cortex.o
                0x080012c8                HAL_NVIC_SetPriorityGrouping
 .text.HAL_NVIC_SetPriority
                0x080012de       0x34 ./Drivers/STM32H7xx_HAL_Driver/stm32h7xx_hal_cortex.o
                0x080012de                HAL_NVIC_SetPriority
 .text.HAL_NVIC_EnableIRQ
                0x08001312       0x1c ./Drivers/STM32H7xx_HAL_Driver/stm32h7xx_hal_cortex.o
                0x08001312                HAL_NVIC_EnableIRQ
 .text.HAL_SYSTICK_Config
                0x0800132e       0x18 ./Drivers/STM32H7xx_HAL_Driver/stm32h7xx_hal_cortex.o
                0x0800132e                HAL_SYSTICK_Config
 *fill*         0x08001346        0x2 
 .text.HAL_GetCurrentCPUID
                0x08001348       0x24 ./Drivers/STM32H7xx_HAL_Driver/stm32h7xx_hal_cortex.o
                0x08001348                HAL_GetCurrentCPUID
 .text.HAL_EXTI_RegisterCallback
                0x0800136c       0x3e ./Drivers/STM32H7xx_HAL_Driver/stm32h7xx_hal_exti.o
                0x0800136c                HAL_EXTI_RegisterCallback
 .text.HAL_EXTI_GetHandle
                0x080013aa       0x28 ./Drivers/STM32H7xx_HAL_Driver/stm32h7xx_hal_exti.o
                0x080013aa                HAL_EXTI_GetHandle
 *fill*         0x080013d2        0x2 
 .text.HAL_EXTI_IRQHandler
                0x080013d4       0x78 ./Drivers/STM32H7xx_HAL_Driver/stm32h7xx_hal_exti.o
                0x080013d4                HAL_EXTI_IRQHandler
 .text.HAL_GPIO_Init
                0x0800144c      0x360 ./Drivers/STM32H7xx_HAL_Driver/stm32h7xx_hal_gpio.o
                0x0800144c                HAL_GPIO_Init
 .text.HAL_GPIO_WritePin
                0x080017ac       0x32 ./Drivers/STM32H7xx_HAL_Driver/stm32h7xx_hal_gpio.o
                0x080017ac                HAL_GPIO_WritePin
 .text.HAL_GPIO_TogglePin
                0x080017de       0x34 ./Drivers/STM32H7xx_HAL_Driver/stm32h7xx_hal_gpio.o
                0x080017de                HAL_GPIO_TogglePin
 *fill*         0x08001812        0x2 
 .text.HAL_HSEM_FastTake
                0x08001814       0x34 ./Drivers/STM32H7xx_HAL_Driver/stm32h7xx_hal_hsem.o
                0x08001814                HAL_HSEM_FastTake
 .text.HAL_HSEM_Release
                0x08001848       0x28 ./Drivers/STM32H7xx_HAL_Driver/stm32h7xx_hal_hsem.o
                0x08001848                HAL_HSEM_Release
 .text.HAL_PWREx_ConfigSupply
                0x08001870       0xb4 ./Drivers/STM32H7xx_HAL_Driver/stm32h7xx_hal_pwr_ex.o
                0x08001870                HAL_PWREx_ConfigSupply
 .text.HAL_RCC_OscConfig
                0x08001924      0x8b4 ./Drivers/STM32H7xx_HAL_Driver/stm32h7xx_hal_rcc.o
                0x08001924                HAL_RCC_OscConfig
 .text.HAL_RCC_ClockConfig
                0x080021d8      0x36c ./Drivers/STM32H7xx_HAL_Driver/stm32h7xx_hal_rcc.o
                0x080021d8                HAL_RCC_ClockConfig
 .text.HAL_RCC_GetSysClockFreq
                0x08002544      0x2f4 ./Drivers/STM32H7xx_HAL_Driver/stm32h7xx_hal_rcc.o
                0x08002544                HAL_RCC_GetSysClockFreq
 .text.HAL_RCC_GetHCLKFreq
                0x08002838       0x60 ./Drivers/STM32H7xx_HAL_Driver/stm32h7xx_hal_rcc.o
                0x08002838                HAL_RCC_GetHCLKFreq
 .text.HAL_RCC_GetPCLK1Freq
                0x08002898       0x2c ./Drivers/STM32H7xx_HAL_Driver/stm32h7xx_hal_rcc.o
                0x08002898                HAL_RCC_GetPCLK1Freq
 .text.HAL_RCC_GetPCLK2Freq
                0x080028c4       0x2c ./Drivers/STM32H7xx_HAL_Driver/stm32h7xx_hal_rcc.o
                0x080028c4                HAL_RCC_GetPCLK2Freq
 .text.HAL_RCCEx_GetD3PCLK1Freq
                0x080028f0       0x2c ./Drivers/STM32H7xx_HAL_Driver/stm32h7xx_hal_rcc_ex.o
                0x080028f0                HAL_RCCEx_GetD3PCLK1Freq
 .text.HAL_RCCEx_GetPLL2ClockFreq
                0x0800291c      0x2a8 ./Drivers/STM32H7xx_HAL_Driver/stm32h7xx_hal_rcc_ex.o
                0x0800291c                HAL_RCCEx_GetPLL2ClockFreq
 .text.HAL_RCCEx_GetPLL3ClockFreq
                0x08002bc4      0x2a8 ./Drivers/STM32H7xx_HAL_Driver/stm32h7xx_hal_rcc_ex.o
                0x08002bc4                HAL_RCCEx_GetPLL3ClockFreq
 .text.HAL_UART_Init
                0x08002e6c       0xa0 ./Drivers/STM32H7xx_HAL_Driver/stm32h7xx_hal_uart.o
                0x08002e6c                HAL_UART_Init
 .text.HAL_UART_MspInit
                0x08002f0c       0x14 ./Drivers/STM32H7xx_HAL_Driver/stm32h7xx_hal_uart.o
                0x08002f0c                HAL_UART_MspInit
 .text.UART_SetConfig
                0x08002f20      0xad0 ./Drivers/STM32H7xx_HAL_Driver/stm32h7xx_hal_uart.o
                0x08002f20                UART_SetConfig
 .text.UART_AdvFeatureConfig
                0x080039f0      0x144 ./Drivers/STM32H7xx_HAL_Driver/stm32h7xx_hal_uart.o
                0x080039f0                UART_AdvFeatureConfig
 .text.UART_CheckIdleState
                0x08003b34      0x154 ./Drivers/STM32H7xx_HAL_Driver/stm32h7xx_hal_uart.o
                0x08003b34                UART_CheckIdleState
 .text.UART_WaitOnFlagUntilTimeout
                0x08003c88       0xda ./Drivers/STM32H7xx_HAL_Driver/stm32h7xx_hal_uart.o
                0x08003c88                UART_WaitOnFlagUntilTimeout
 *fill*         0x08003d62        0x2 
 .text.UART_EndRxTransfer
                0x08003d64       0xcc ./Drivers/STM32H7xx_HAL_Driver/stm32h7xx_hal_uart.o
 .text.__NVIC_SetPriority
                0x08003e30       0x54 ./Middlewares/Third_Party/FreeRTOS/cmsis_os2.o
 .text.SVC_Setup
                0x08003e84       0x12 ./Middlewares/Third_Party/FreeRTOS/cmsis_os2.o
 *fill*         0x08003e96        0x2 
 .text.osKernelInitialize
                0x08003e98       0x48 ./Middlewares/Third_Party/FreeRTOS/cmsis_os2.o
                0x08003e98                osKernelInitialize
 .text.osKernelStart
                0x08003ee0       0x4c ./Middlewares/Third_Party/FreeRTOS/cmsis_os2.o
                0x08003ee0                osKernelStart
 .text.osThreadNew
                0x08003f2c      0x124 ./Middlewares/Third_Party/FreeRTOS/cmsis_os2.o
                0x08003f2c                osThreadNew
 .text.osDelay  0x08004050       0x36 ./Middlewares/Third_Party/FreeRTOS/cmsis_os2.o
                0x08004050                osDelay
 *fill*         0x08004086        0x2 
 .text.vApplicationGetIdleTaskMemory
                0x08004088       0x34 ./Middlewares/Third_Party/FreeRTOS/cmsis_os2.o
                0x08004088                vApplicationGetIdleTaskMemory
 .text.vApplicationGetTimerTaskMemory
                0x080040bc       0x34 ./Middlewares/Third_Party/FreeRTOS/cmsis_os2.o
                0x080040bc                vApplicationGetTimerTaskMemory
 .text.pvPortMalloc
                0x080040f0      0x19c ./Middlewares/Third_Party/FreeRTOS/heap_4.o
                0x080040f0                pvPortMalloc
 .text.vPortFree
                0x0800428c       0xc8 ./Middlewares/Third_Party/FreeRTOS/heap_4.o
                0x0800428c                vPortFree
 .text.prvHeapInit
                0x08004354       0xc4 ./Middlewares/Third_Party/FreeRTOS/heap_4.o
 .text.prvInsertBlockIntoFreeList
                0x08004418       0xb4 ./Middlewares/Third_Party/FreeRTOS/heap_4.o
 .text.vListInitialise
                0x080044cc       0x40 ./Middlewares/Third_Party/FreeRTOS/list.o
                0x080044cc                vListInitialise
 .text.vListInitialiseItem
                0x0800450c       0x1a ./Middlewares/Third_Party/FreeRTOS/list.o
                0x0800450c                vListInitialiseItem
 .text.vListInsertEnd
                0x08004526       0x48 ./Middlewares/Third_Party/FreeRTOS/list.o
                0x08004526                vListInsertEnd
 .text.vListInsert
                0x0800456e       0x72 ./Middlewares/Third_Party/FreeRTOS/list.o
                0x0800456e                vListInsert
 .text.uxListRemove
                0x080045e0       0x54 ./Middlewares/Third_Party/FreeRTOS/list.o
                0x080045e0                uxListRemove
 .text.pxPortInitialiseStack
                0x08004634       0x68 ./Middlewares/Third_Party/FreeRTOS/port.o
                0x08004634                pxPortInitialiseStack
 .text.prvTaskExitError
                0x0800469c       0x5c ./Middlewares/Third_Party/FreeRTOS/port.o
 *fill*         0x080046f8        0x8 
 .text.SVC_Handler
                0x08004700       0x28 ./Middlewares/Third_Party/FreeRTOS/port.o
                0x08004700                SVC_Handler
 .text.prvPortStartFirstTask
                0x08004728       0x28 ./Middlewares/Third_Party/FreeRTOS/port.o
 .text.xPortStartScheduler
                0x08004750      0x148 ./Middlewares/Third_Party/FreeRTOS/port.o
                0x08004750                xPortStartScheduler
 .text.vPortEnterCritical
                0x08004898       0x64 ./Middlewares/Third_Party/FreeRTOS/port.o
                0x08004898                vPortEnterCritical
 .text.vPortExitCritical
                0x080048fc       0x54 ./Middlewares/Third_Party/FreeRTOS/port.o
                0x080048fc                vPortExitCritical
 .text.PendSV_Handler
                0x08004950       0x68 ./Middlewares/Third_Party/FreeRTOS/port.o
                0x08004950                PendSV_Handler
 .text.xPortSysTickHandler
                0x080049b8       0x44 ./Middlewares/Third_Party/FreeRTOS/port.o
                0x080049b8                xPortSysTickHandler
 .text.vPortSetupTimerInterrupt
                0x080049fc       0x48 ./Middlewares/Third_Party/FreeRTOS/port.o
                0x080049fc                vPortSetupTimerInterrupt
 .text.vPortEnableVFP
                0x08004a44       0x14 ./Middlewares/Third_Party/FreeRTOS/port.o
 .text.vPortValidateInterruptPriority
                0x08004a58       0x84 ./Middlewares/Third_Party/FreeRTOS/port.o
                0x08004a58                vPortValidateInterruptPriority
 .text.xQueueGenericReset
                0x08004adc       0xd4 ./Middlewares/Third_Party/FreeRTOS/queue.o
                0x08004adc                xQueueGenericReset
 .text.xQueueGenericCreateStatic
                0x08004bb0       0xfa ./Middlewares/Third_Party/FreeRTOS/queue.o
                0x08004bb0                xQueueGenericCreateStatic
 .text.prvInitialiseNewQueue
                0x08004caa       0x46 ./Middlewares/Third_Party/FreeRTOS/queue.o
 .text.xQueueGenericSend
                0x08004cf0      0x204 ./Middlewares/Third_Party/FreeRTOS/queue.o
                0x08004cf0                xQueueGenericSend
 .text.xQueueGenericSendFromISR
                0x08004ef4      0x13c ./Middlewares/Third_Party/FreeRTOS/queue.o
                0x08004ef4                xQueueGenericSendFromISR
 .text.xQueueReceive
                0x08005030      0x1c4 ./Middlewares/Third_Party/FreeRTOS/queue.o
                0x08005030                xQueueReceive
 .text.prvCopyDataToQueue
                0x080051f4       0xd4 ./Middlewares/Third_Party/FreeRTOS/queue.o
 .text.prvCopyDataFromQueue
                0x080052c8       0x4c ./Middlewares/Third_Party/FreeRTOS/queue.o
 .text.prvUnlockQueue
                0x08005314       0xa4 ./Middlewares/Third_Party/FreeRTOS/queue.o
 .text.prvIsQueueEmpty
                0x080053b8       0x2c ./Middlewares/Third_Party/FreeRTOS/queue.o
 .text.prvIsQueueFull
                0x080053e4       0x30 ./Middlewares/Third_Party/FreeRTOS/queue.o
 .text.vQueueAddToRegistry
                0x08005414       0x54 ./Middlewares/Third_Party/FreeRTOS/queue.o
                0x08005414                vQueueAddToRegistry
 .text.vQueueWaitForMessageRestricted
                0x08005468       0x68 ./Middlewares/Third_Party/FreeRTOS/queue.o
                0x08005468                vQueueWaitForMessageRestricted
 .text.xTaskCreateStatic
                0x080054d0       0xc0 ./Middlewares/Third_Party/FreeRTOS/tasks.o
                0x080054d0                xTaskCreateStatic
 .text.xTaskCreate
                0x08005590       0x8a ./Middlewares/Third_Party/FreeRTOS/tasks.o
                0x08005590                xTaskCreate
 .text.prvInitialiseNewTask
                0x0800561a      0x120 ./Middlewares/Third_Party/FreeRTOS/tasks.o
 *fill*         0x0800573a        0x2 
 .text.prvAddNewTaskToReadyList
                0x0800573c       0xe0 ./Middlewares/Third_Party/FreeRTOS/tasks.o
 .text.vTaskDelay
                0x0800581c       0x6c ./Middlewares/Third_Party/FreeRTOS/tasks.o
                0x0800581c                vTaskDelay
 .text.vTaskStartScheduler
                0x08005888       0xd0 ./Middlewares/Third_Party/FreeRTOS/tasks.o
                0x08005888                vTaskStartScheduler
 .text.vTaskSuspendAll
                0x08005958       0x1c ./Middlewares/Third_Party/FreeRTOS/tasks.o
                0x08005958                vTaskSuspendAll
 .text.xTaskResumeAll
                0x08005974      0x13c ./Middlewares/Third_Party/FreeRTOS/tasks.o
                0x08005974                xTaskResumeAll
 .text.xTaskGetTickCount
                0x08005ab0       0x20 ./Middlewares/Third_Party/FreeRTOS/tasks.o
                0x08005ab0                xTaskGetTickCount
 .text.xTaskIncrementTick
                0x08005ad0      0x174 ./Middlewares/Third_Party/FreeRTOS/tasks.o
                0x08005ad0                xTaskIncrementTick
 .text.vTaskSwitchContext
                0x08005c44       0xbc ./Middlewares/Third_Party/FreeRTOS/tasks.o
                0x08005c44                vTaskSwitchContext
 .text.vTaskPlaceOnEventList
                0x08005d00       0x4c ./Middlewares/Third_Party/FreeRTOS/tasks.o
                0x08005d00                vTaskPlaceOnEventList
 .text.vTaskPlaceOnEventListRestricted
                0x08005d4c       0x58 ./Middlewares/Third_Party/FreeRTOS/tasks.o
                0x08005d4c                vTaskPlaceOnEventListRestricted
 .text.xTaskRemoveFromEventList
                0x08005da4       0xc8 ./Middlewares/Third_Party/FreeRTOS/tasks.o
                0x08005da4                xTaskRemoveFromEventList
 .text.vTaskInternalSetTimeOutState
                0x08005e6c       0x2c ./Middlewares/Third_Party/FreeRTOS/tasks.o
                0x08005e6c                vTaskInternalSetTimeOutState
 .text.xTaskCheckForTimeOut
                0x08005e98       0xc8 ./Middlewares/Third_Party/FreeRTOS/tasks.o
                0x08005e98                xTaskCheckForTimeOut
 .text.vTaskMissedYield
                0x08005f60       0x18 ./Middlewares/Third_Party/FreeRTOS/tasks.o
                0x08005f60                vTaskMissedYield
 .text.prvIdleTask
                0x08005f78       0x30 ./Middlewares/Third_Party/FreeRTOS/tasks.o
 .text.prvInitialiseTaskLists
                0x08005fa8       0x80 ./Middlewares/Third_Party/FreeRTOS/tasks.o
 .text.prvCheckTasksWaitingTermination
                0x08006028       0x5c ./Middlewares/Third_Party/FreeRTOS/tasks.o
 .text.prvDeleteTCB
                0x08006084       0x60 ./Middlewares/Third_Party/FreeRTOS/tasks.o
 .text.prvResetNextTaskUnblockTime
                0x080060e4       0x40 ./Middlewares/Third_Party/FreeRTOS/tasks.o
 .text.xTaskGetSchedulerState
                0x08006124       0x3c ./Middlewares/Third_Party/FreeRTOS/tasks.o
                0x08006124                xTaskGetSchedulerState
 .text.xTaskPriorityDisinherit
                0x08006160       0xe0 ./Middlewares/Third_Party/FreeRTOS/tasks.o
                0x08006160                xTaskPriorityDisinherit
 .text.prvAddCurrentTaskToDelayedList
                0x08006240       0xa8 ./Middlewares/Third_Party/FreeRTOS/tasks.o
 .text.xTimerCreateTimerTask
                0x080062e8       0x94 ./Middlewares/Third_Party/FreeRTOS/timers.o
                0x080062e8                xTimerCreateTimerTask
 .text.xTimerGenericCommand
                0x0800637c       0x9c ./Middlewares/Third_Party/FreeRTOS/timers.o
                0x0800637c                xTimerGenericCommand
 .text.prvProcessExpiredTimer
                0x08006418       0x9c ./Middlewares/Third_Party/FreeRTOS/timers.o
 .text.prvTimerTask
                0x080064b4       0x26 ./Middlewares/Third_Party/FreeRTOS/timers.o
 *fill*         0x080064da        0x2 
 .text.prvProcessTimerOrBlockTask
                0x080064dc       0x9c ./Middlewares/Third_Party/FreeRTOS/timers.o
 .text.prvGetNextExpireTime
                0x08006578       0x48 ./Middlewares/Third_Party/FreeRTOS/timers.o
 .text.prvSampleTimeNow
                0x080065c0       0x40 ./Middlewares/Third_Party/FreeRTOS/timers.o
 .text.prvInsertTimerInActiveList
                0x08006600       0x84 ./Middlewares/Third_Party/FreeRTOS/timers.o
 .text.prvProcessReceivedCommands
                0x08006684      0x1cc ./Middlewares/Third_Party/FreeRTOS/timers.o
 .text.prvSwitchTimerLists
                0x08006850       0xcc ./Middlewares/Third_Party/FreeRTOS/timers.o
 .text.prvCheckForValidListAndQueue
                0x0800691c       0x80 ./Middlewares/Third_Party/FreeRTOS/timers.o
 .text.memset   0x0800699c       0x10 C:/ST/STM32CubeIDE_1.19.0/STM32CubeIDE/plugins/com.st.stm32cube.ide.mcu.externaltools.gnu-tools-for-stm32.13.3.rel1.win32_1.0.0.202411081344/tools/bin/../lib/gcc/arm-none-eabi/13.3.1/../../../../arm-none-eabi/lib/thumb/v7e-m+dp/hard\libc_nano.a(libc_a-memset.o)
                0x0800699c                memset
 .text.__libc_init_array
                0x080069ac       0x48 C:/ST/STM32CubeIDE_1.19.0/STM32CubeIDE/plugins/com.st.stm32cube.ide.mcu.externaltools.gnu-tools-for-stm32.13.3.rel1.win32_1.0.0.202411081344/tools/bin/../lib/gcc/arm-none-eabi/13.3.1/../../../../arm-none-eabi/lib/thumb/v7e-m+dp/hard\libc_nano.a(libc_a-init.o)
                0x080069ac                __libc_init_array
 .text.memcpy   0x080069f4       0x1c C:/ST/STM32CubeIDE_1.19.0/STM32CubeIDE/plugins/com.st.stm32cube.ide.mcu.externaltools.gnu-tools-for-stm32.13.3.rel1.win32_1.0.0.202411081344/tools/bin/../lib/gcc/arm-none-eabi/13.3.1/../../../../arm-none-eabi/lib/thumb/v7e-m+dp/hard\libc_nano.a(libc_a-memcpy-stub.o)
                0x080069f4                memcpy
 *(.glue_7)
 .glue_7        0x08006a10        0x0 linker stubs
 *(.glue_7t)
 .glue_7t       0x08006a10        0x0 linker stubs
 *(.eh_frame)
 .eh_frame      0x08006a10        0x0 C:/ST/STM32CubeIDE_1.19.0/STM32CubeIDE/plugins/com.st.stm32cube.ide.mcu.externaltools.gnu-tools-for-stm32.13.3.rel1.win32_1.0.0.202411081344/tools/bin/../lib/gcc/arm-none-eabi/13.3.1/thumb/v7e-m+dp/hard/crtbegin.o
 *(.init)
 .init          0x08006a10        0x4 C:/ST/STM32CubeIDE_1.19.0/STM32CubeIDE/plugins/com.st.stm32cube.ide.mcu.externaltools.gnu-tools-for-stm32.13.3.rel1.win32_1.0.0.202411081344/tools/bin/../lib/gcc/arm-none-eabi/13.3.1/thumb/v7e-m+dp/hard/crti.o
                0x08006a10                _init
 .init          0x08006a14        0x8 C:/ST/STM32CubeIDE_1.19.0/STM32CubeIDE/plugins/com.st.stm32cube.ide.mcu.externaltools.gnu-tools-for-stm32.13.3.rel1.win32_1.0.0.202411081344/tools/bin/../lib/gcc/arm-none-eabi/13.3.1/thumb/v7e-m+dp/hard/crtn.o
 *(.fini)
 .fini          0x08006a1c        0x4 C:/ST/STM32CubeIDE_1.19.0/STM32CubeIDE/plugins/com.st.stm32cube.ide.mcu.externaltools.gnu-tools-for-stm32.13.3.rel1.win32_1.0.0.202411081344/tools/bin/../lib/gcc/arm-none-eabi/13.3.1/thumb/v7e-m+dp/hard/crti.o
                0x08006a1c                _fini
 .fini          0x08006a20        0x8 C:/ST/STM32CubeIDE_1.19.0/STM32CubeIDE/plugins/com.st.stm32cube.ide.mcu.externaltools.gnu-tools-for-stm32.13.3.rel1.win32_1.0.0.202411081344/tools/bin/../lib/gcc/arm-none-eabi/13.3.1/thumb/v7e-m+dp/hard/crtn.o
                0x08006a28                        . = ALIGN (0x4)
                0x08006a28                        _etext = .

.vfp11_veneer   0x08006a28        0x0
 .vfp11_veneer  0x08006a28        0x0 linker stubs

.v4_bx          0x08006a28        0x0
 .v4_bx         0x08006a28        0x0 linker stubs

.iplt           0x08006a28        0x0
 .iplt          0x08006a28        0x0 C:/ST/STM32CubeIDE_1.19.0/STM32CubeIDE/plugins/com.st.stm32cube.ide.mcu.externaltools.gnu-tools-for-stm32.13.3.rel1.win32_1.0.0.202411081344/tools/bin/../lib/gcc/arm-none-eabi/13.3.1/thumb/v7e-m+dp/hard/crtbegin.o

.rodata         0x08006a28       0x7c
                0x08006a28                        . = ALIGN (0x4)
 *(.rodata)
 .rodata        0x08006a28        0xc ./Core/Src/main.o
 .rodata        0x08006a34        0x5 ./Middlewares/Third_Party/FreeRTOS/tasks.o
 *fill*         0x08006a39        0x3 
 .rodata        0x08006a3c        0xd ./Middlewares/Third_Party/FreeRTOS/timers.o
 *(.rodata*)
 *fill*         0x08006a49        0x3 
 .rodata.D1CorePrescTable
                0x08006a4c       0x10 ./Common/Src/system_stm32h7xx_dualcore_boot_cm4_cm7.o
                0x08006a4c                D1CorePrescTable
 .rodata.defaultTask_attributes
                0x08006a5c       0x24 ./Core/Src/main.o
                0x08006a5c                defaultTask_attributes
 .rodata.LED_PIN
                0x08006a80        0x6 ./Drivers/BSP/STM32H7xx_Nucleo/stm32h7xx_nucleo.o
 *fill*         0x08006a86        0x2 
 .rodata.BUTTON_EXTI_LINE.2
                0x08006a88        0x4 ./Drivers/BSP/STM32H7xx_Nucleo/stm32h7xx_nucleo.o
 .rodata.UARTPrescTable
                0x08006a8c       0x18 ./Drivers/STM32H7xx_HAL_Driver/stm32h7xx_hal_uart.o
                0x08006a8c                UARTPrescTable
                0x08006aa4                        . = ALIGN (0x4)

.ARM.extab      0x08006aa4        0x0
                0x08006aa4                        . = ALIGN (0x4)
 *(.ARM.extab* .gnu.linkonce.armextab.*)
                0x08006aa4                        . = ALIGN (0x4)

.ARM            0x08006aa4        0x8
                0x08006aa4                        . = ALIGN (0x4)
                0x08006aa4                        __exidx_start = .
 *(.ARM.exidx*)
 .ARM.exidx     0x08006aa4        0x8 C:/ST/STM32CubeIDE_1.19.0/STM32CubeIDE/plugins/com.st.stm32cube.ide.mcu.externaltools.gnu-tools-for-stm32.13.3.rel1.win32_1.0.0.202411081344/tools/bin/../lib/gcc/arm-none-eabi/13.3.1/thumb/v7e-m+dp/hard\libgcc.a(_udivmoddi4.o)
                0x08006aac                        __exidx_end = .
                0x08006aac                        . = ALIGN (0x4)

.preinit_array  0x08006aac        0x0
                0x08006aac                        . = ALIGN (0x4)
                0x08006aac                        PROVIDE (__preinit_array_start = .)
 *(.preinit_array*)
                0x08006aac                        PROVIDE (__preinit_array_end = .)
                0x08006aac                        . = ALIGN (0x4)

.init_array     0x08006aac        0x4
                0x08006aac                        . = ALIGN (0x4)
                0x08006aac                        PROVIDE (__init_array_start = .)
 *(SORT_BY_NAME(.init_array.*))
 *(.init_array*)
 .init_array    0x08006aac        0x4 C:/ST/STM32CubeIDE_1.19.0/STM32CubeIDE/plugins/com.st.stm32cube.ide.mcu.externaltools.gnu-tools-for-stm32.13.3.rel1.win32_1.0.0.202411081344/tools/bin/../lib/gcc/arm-none-eabi/13.3.1/thumb/v7e-m+dp/hard/crtbegin.o
                0x08006ab0                        PROVIDE (__init_array_end = .)
                0x08006ab0                        . = ALIGN (0x4)

.fini_array     0x08006ab0        0x4
                0x08006ab0                        . = ALIGN (0x4)
                [!provide]                        PROVIDE (__fini_array_start = .)
 *(SORT_BY_NAME(.fini_array.*))
 *(.fini_array*)
 .fini_array    0x08006ab0        0x4 C:/ST/STM32CubeIDE_1.19.0/STM32CubeIDE/plugins/com.st.stm32cube.ide.mcu.externaltools.gnu-tools-for-stm32.13.3.rel1.win32_1.0.0.202411081344/tools/bin/../lib/gcc/arm-none-eabi/13.3.1/thumb/v7e-m+dp/hard/crtbegin.o
                [!provide]                        PROVIDE (__fini_array_end = .)
                0x08006ab4                        . = ALIGN (0x4)
                0x08006ab4                        _sidata = LOADADDR (.data)

.rel.dyn        0x08006ab4        0x0
 .rel.iplt      0x08006ab4        0x0 C:/ST/STM32CubeIDE_1.19.0/STM32CubeIDE/plugins/com.st.stm32cube.ide.mcu.externaltools.gnu-tools-for-stm32.13.3.rel1.win32_1.0.0.202411081344/tools/bin/../lib/gcc/arm-none-eabi/13.3.1/thumb/v7e-m+dp/hard/crtbegin.o

.data           0x24000000       0x30 load address 0x08006ab4
                0x24000000                        . = ALIGN (0x4)
                0x24000000                        _sdata = .
 *(.data)
 *(.data*)
 .data.SystemCoreClock
                0x24000000        0x4 ./Common/Src/system_stm32h7xx_dualcore_boot_cm4_cm7.o
                0x24000000                SystemCoreClock
 .data.SystemD2Clock
                0x24000004        0x4 ./Common/Src/system_stm32h7xx_dualcore_boot_cm4_cm7.o
                0x24000004                SystemD2Clock
 .data.COM_USART
                0x24000008        0x4 ./Drivers/BSP/STM32H7xx_Nucleo/stm32h7xx_nucleo.o
                0x24000008                COM_USART
 .data.LED_PORT
                0x2400000c        0xc ./Drivers/BSP/STM32H7xx_Nucleo/stm32h7xx_nucleo.o
 .data.BUTTON_PORT
                0x24000018        0x4 ./Drivers/BSP/STM32H7xx_Nucleo/stm32h7xx_nucleo.o
 .data.ButtonCallback.1
                0x2400001c        0x4 ./Drivers/BSP/STM32H7xx_Nucleo/stm32h7xx_nucleo.o
 .data.BSP_BUTTON_PRIO.0
                0x24000020        0x4 ./Drivers/BSP/STM32H7xx_Nucleo/stm32h7xx_nucleo.o
 .data.uwTickPrio
                0x24000024        0x4 ./Drivers/STM32H7xx_HAL_Driver/stm32h7xx_hal.o
                0x24000024                uwTickPrio
 .data.uwTickFreq
                0x24000028        0x1 ./Drivers/STM32H7xx_HAL_Driver/stm32h7xx_hal.o
                0x24000028                uwTickFreq
 *fill*         0x24000029        0x3 
 .data.uxCriticalNesting
                0x2400002c        0x4 ./Middlewares/Third_Party/FreeRTOS/port.o
 *(.RamFunc)
 *(.RamFunc*)
                0x24000030                        . = ALIGN (0x4)
                0x24000030                        _edata = .

.igot.plt       0x24000030        0x0 load address 0x08006ae4
 .igot.plt      0x24000030        0x0 C:/ST/STM32CubeIDE_1.19.0/STM32CubeIDE/plugins/com.st.stm32cube.ide.mcu.externaltools.gnu-tools-for-stm32.13.3.rel1.win32_1.0.0.202411081344/tools/bin/../lib/gcc/arm-none-eabi/13.3.1/thumb/v7e-m+dp/hard/crtbegin.o
                0x24000030                        . = ALIGN (0x4)

.bss            0x24000030     0x4a20 load address 0x08006ae4
                0x24000030                        _sbss = .
                0x24000030                        __bss_start__ = _sbss
 *(.bss)
 .bss           0x24000030       0x1c C:/ST/STM32CubeIDE_1.19.0/STM32CubeIDE/plugins/com.st.stm32cube.ide.mcu.externaltools.gnu-tools-for-stm32.13.3.rel1.win32_1.0.0.202411081344/tools/bin/../lib/gcc/arm-none-eabi/13.3.1/thumb/v7e-m+dp/hard/crtbegin.o
 *(.bss*)
 .bss.BspCOMInit
                0x2400004c       0x10 ./Core/Src/main.o
                0x2400004c                BspCOMInit
 .bss.defaultTaskHandle
                0x2400005c        0x4 ./Core/Src/main.o
                0x2400005c                defaultTaskHandle
 .bss.hpb_exti  0x24000060        0x8 ./Drivers/BSP/STM32H7xx_Nucleo/stm32h7xx_nucleo.o
                0x24000060                hpb_exti
 .bss.hcom_uart
                0x24000068       0x94 ./Drivers/BSP/STM32H7xx_Nucleo/stm32h7xx_nucleo.o
                0x24000068                hcom_uart
 .bss.uwTick    0x240000fc        0x4 ./Drivers/STM32H7xx_HAL_Driver/stm32h7xx_hal.o
                0x240000fc                uwTick
 .bss.KernelState
                0x24000100        0x4 ./Middlewares/Third_Party/FreeRTOS/cmsis_os2.o
 .bss.Idle_TCB.3
                0x24000104       0x5c ./Middlewares/Third_Party/FreeRTOS/cmsis_os2.o
 .bss.Idle_Stack.2
                0x24000160      0x200 ./Middlewares/Third_Party/FreeRTOS/cmsis_os2.o
 .bss.Timer_TCB.1
                0x24000360       0x5c ./Middlewares/Third_Party/FreeRTOS/cmsis_os2.o
 .bss.Timer_Stack.0
                0x240003bc      0x400 ./Middlewares/Third_Party/FreeRTOS/cmsis_os2.o
 .bss.ucHeap    0x240007bc     0x3c00 ./Middlewares/Third_Party/FreeRTOS/heap_4.o
 .bss.xStart    0x240043bc        0x8 ./Middlewares/Third_Party/FreeRTOS/heap_4.o
 .bss.pxEnd     0x240043c4        0x4 ./Middlewares/Third_Party/FreeRTOS/heap_4.o
 .bss.xFreeBytesRemaining
                0x240043c8        0x4 ./Middlewares/Third_Party/FreeRTOS/heap_4.o
 .bss.xMinimumEverFreeBytesRemaining
                0x240043cc        0x4 ./Middlewares/Third_Party/FreeRTOS/heap_4.o
 .bss.xNumberOfSuccessfulAllocations
                0x240043d0        0x4 ./Middlewares/Third_Party/FreeRTOS/heap_4.o
 .bss.xNumberOfSuccessfulFrees
                0x240043d4        0x4 ./Middlewares/Third_Party/FreeRTOS/heap_4.o
 .bss.xBlockAllocatedBit
                0x240043d8        0x4 ./Middlewares/Third_Party/FreeRTOS/heap_4.o
 .bss.ucMaxSysCallPriority
                0x240043dc        0x1 ./Middlewares/Third_Party/FreeRTOS/port.o
 *fill*         0x240043dd        0x3 
 .bss.ulMaxPRIGROUPValue
                0x240043e0        0x4 ./Middlewares/Third_Party/FreeRTOS/port.o
 .bss.xQueueRegistry
                0x240043e4       0x40 ./Middlewares/Third_Party/FreeRTOS/queue.o
                0x240043e4                xQueueRegistry
 .bss.pxCurrentTCB
                0x24004424        0x4 ./Middlewares/Third_Party/FreeRTOS/tasks.o
                0x24004424                pxCurrentTCB
 .bss.pxReadyTasksLists
                0x24004428      0x460 ./Middlewares/Third_Party/FreeRTOS/tasks.o
 .bss.xDelayedTaskList1
                0x24004888       0x14 ./Middlewares/Third_Party/FreeRTOS/tasks.o
 .bss.xDelayedTaskList2
                0x2400489c       0x14 ./Middlewares/Third_Party/FreeRTOS/tasks.o
 .bss.pxDelayedTaskList
                0x240048b0        0x4 ./Middlewares/Third_Party/FreeRTOS/tasks.o
 .bss.pxOverflowDelayedTaskList
                0x240048b4        0x4 ./Middlewares/Third_Party/FreeRTOS/tasks.o
 .bss.xPendingReadyList
                0x240048b8       0x14 ./Middlewares/Third_Party/FreeRTOS/tasks.o
 .bss.xTasksWaitingTermination
                0x240048cc       0x14 ./Middlewares/Third_Party/FreeRTOS/tasks.o
 .bss.uxDeletedTasksWaitingCleanUp
                0x240048e0        0x4 ./Middlewares/Third_Party/FreeRTOS/tasks.o
 .bss.xSuspendedTaskList
                0x240048e4       0x14 ./Middlewares/Third_Party/FreeRTOS/tasks.o
 .bss.uxCurrentNumberOfTasks
                0x240048f8        0x4 ./Middlewares/Third_Party/FreeRTOS/tasks.o
 .bss.xTickCount
                0x240048fc        0x4 ./Middlewares/Third_Party/FreeRTOS/tasks.o
 .bss.uxTopReadyPriority
                0x24004900        0x4 ./Middlewares/Third_Party/FreeRTOS/tasks.o
 .bss.xSchedulerRunning
                0x24004904        0x4 ./Middlewares/Third_Party/FreeRTOS/tasks.o
 .bss.xPendedTicks
                0x24004908        0x4 ./Middlewares/Third_Party/FreeRTOS/tasks.o
 .bss.xYieldPending
                0x2400490c        0x4 ./Middlewares/Third_Party/FreeRTOS/tasks.o
 .bss.xNumOfOverflows
                0x24004910        0x4 ./Middlewares/Third_Party/FreeRTOS/tasks.o
 .bss.uxTaskNumber
                0x24004914        0x4 ./Middlewares/Third_Party/FreeRTOS/tasks.o
 .bss.xNextTaskUnblockTime
                0x24004918        0x4 ./Middlewares/Third_Party/FreeRTOS/tasks.o
 .bss.xIdleTaskHandle
                0x2400491c        0x4 ./Middlewares/Third_Party/FreeRTOS/tasks.o
 .bss.uxSchedulerSuspended
                0x24004920        0x4 ./Middlewares/Third_Party/FreeRTOS/tasks.o
 .bss.xActiveTimerList1
                0x24004924       0x14 ./Middlewares/Third_Party/FreeRTOS/timers.o
 .bss.xActiveTimerList2
                0x24004938       0x14 ./Middlewares/Third_Party/FreeRTOS/timers.o
 .bss.pxCurrentTimerList
                0x2400494c        0x4 ./Middlewares/Third_Party/FreeRTOS/timers.o
 .bss.pxOverflowTimerList
                0x24004950        0x4 ./Middlewares/Third_Party/FreeRTOS/timers.o
 .bss.xTimerQueue
                0x24004954        0x4 ./Middlewares/Third_Party/FreeRTOS/timers.o
 .bss.xTimerTaskHandle
                0x24004958        0x4 ./Middlewares/Third_Party/FreeRTOS/timers.o
 .bss.xLastTime.2
                0x2400495c        0x4 ./Middlewares/Third_Party/FreeRTOS/timers.o
 .bss.ucStaticTimerQueueStorage.1
                0x24004960       0xa0 ./Middlewares/Third_Party/FreeRTOS/timers.o
 .bss.xStaticTimerQueue.0
                0x24004a00       0x50 ./Middlewares/Third_Party/FreeRTOS/timers.o
 *(COMMON)
                0x24004a50                        . = ALIGN (0x4)
                0x24004a50                        _ebss = .
                0x24004a50                        __bss_end__ = _ebss

._user_heap_stack
                0x24004a50      0x600 load address 0x08006ae4
                0x24004a50                        . = ALIGN (0x8)
                [!provide]                        PROVIDE (end = .)
                0x24004a50                        PROVIDE (_end = .)
                0x24004c50                        . = (. + _Min_Heap_Size)
 *fill*         0x24004a50      0x200 
                0x24005050                        . = (. + _Min_Stack_Size)
 *fill*         0x24004c50      0x400 
                0x24005050                        . = ALIGN (0x8)

/DISCARD/
 libc.a(*)
 libm.a(*)
 libgcc.a(*)

.ARM.attributes
                0x00000000       0x2e
 *(.ARM.attributes)
 .ARM.attributes
                0x00000000       0x20 C:/ST/STM32CubeIDE_1.19.0/STM32CubeIDE/plugins/com.st.stm32cube.ide.mcu.externaltools.gnu-tools-for-stm32.13.3.rel1.win32_1.0.0.202411081344/tools/bin/../lib/gcc/arm-none-eabi/13.3.1/thumb/v7e-m+dp/hard/crti.o
 .ARM.attributes
                0x00000020       0x32 C:/ST/STM32CubeIDE_1.19.0/STM32CubeIDE/plugins/com.st.stm32cube.ide.mcu.externaltools.gnu-tools-for-stm32.13.3.rel1.win32_1.0.0.202411081344/tools/bin/../lib/gcc/arm-none-eabi/13.3.1/thumb/v7e-m+dp/hard/crtbegin.o
 .ARM.attributes
                0x00000052       0x32 ./Common/Src/system_stm32h7xx_dualcore_boot_cm4_cm7.o
 .ARM.attributes
                0x00000084       0x32 ./Core/Src/main.o
 .ARM.attributes
                0x000000b6       0x32 ./Core/Src/stm32h7xx_hal_msp.o
 .ARM.attributes
                0x000000e8       0x32 ./Core/Src/stm32h7xx_it.o
 .ARM.attributes
                0x0000011a       0x21 ./Core/Startup/startup_stm32h755zitx.o
 .ARM.attributes
                0x0000013b       0x32 ./Drivers/BSP/STM32H7xx_Nucleo/stm32h7xx_nucleo.o
 .ARM.attributes
                0x0000016d       0x32 ./Drivers/STM32H7xx_HAL_Driver/stm32h7xx_hal.o
 .ARM.attributes
                0x0000019f       0x32 ./Drivers/STM32H7xx_HAL_Driver/stm32h7xx_hal_cortex.o
 .ARM.attributes
                0x000001d1       0x32 ./Drivers/STM32H7xx_HAL_Driver/stm32h7xx_hal_exti.o
 .ARM.attributes
                0x00000203       0x32 ./Drivers/STM32H7xx_HAL_Driver/stm32h7xx_hal_gpio.o
 .ARM.attributes
                0x00000235       0x32 ./Drivers/STM32H7xx_HAL_Driver/stm32h7xx_hal_hsem.o
 .ARM.attributes
                0x00000267       0x32 ./Drivers/STM32H7xx_HAL_Driver/stm32h7xx_hal_pwr_ex.o
 .ARM.attributes
                0x00000299       0x32 ./Drivers/STM32H7xx_HAL_Driver/stm32h7xx_hal_rcc.o
 .ARM.attributes
                0x000002cb       0x32 ./Drivers/STM32H7xx_HAL_Driver/stm32h7xx_hal_rcc_ex.o
 .ARM.attributes
                0x000002fd       0x32 ./Drivers/STM32H7xx_HAL_Driver/stm32h7xx_hal_uart.o
 .ARM.attributes
                0x0000032f       0x32 ./Middlewares/Third_Party/FreeRTOS/cmsis_os2.o
 .ARM.attributes
                0x00000361       0x32 ./Middlewares/Third_Party/FreeRTOS/heap_4.o
 .ARM.attributes
                0x00000393       0x32 ./Middlewares/Third_Party/FreeRTOS/list.o
 .ARM.attributes
                0x000003c5       0x32 ./Middlewares/Third_Party/FreeRTOS/port.o
 .ARM.attributes
                0x000003f7       0x32 ./Middlewares/Third_Party/FreeRTOS/queue.o
 .ARM.attributes
                0x00000429       0x32 ./Middlewares/Third_Party/FreeRTOS/tasks.o
 .ARM.attributes
                0x0000045b       0x32 ./Middlewares/Third_Party/FreeRTOS/timers.o
 .ARM.attributes
                0x0000048d       0x32 C:/ST/STM32CubeIDE_1.19.0/STM32CubeIDE/plugins/com.st.stm32cube.ide.mcu.externaltools.gnu-tools-for-stm32.13.3.rel1.win32_1.0.0.202411081344/tools/bin/../lib/gcc/arm-none-eabi/13.3.1/../../../../arm-none-eabi/lib/thumb/v7e-m+dp/hard\libc_nano.a(libc_a-memset.o)
 .ARM.attributes
                0x000004bf       0x32 C:/ST/STM32CubeIDE_1.19.0/STM32CubeIDE/plugins/com.st.stm32cube.ide.mcu.externaltools.gnu-tools-for-stm32.13.3.rel1.win32_1.0.0.202411081344/tools/bin/../lib/gcc/arm-none-eabi/13.3.1/../../../../arm-none-eabi/lib/thumb/v7e-m+dp/hard\libc_nano.a(libc_a-init.o)
 .ARM.attributes
                0x000004f1       0x32 C:/ST/STM32CubeIDE_1.19.0/STM32CubeIDE/plugins/com.st.stm32cube.ide.mcu.externaltools.gnu-tools-for-stm32.13.3.rel1.win32_1.0.0.202411081344/tools/bin/../lib/gcc/arm-none-eabi/13.3.1/../../../../arm-none-eabi/lib/thumb/v7e-m+dp/hard\libc_nano.a(libc_a-memcpy-stub.o)
 .ARM.attributes
                0x00000523       0x20 C:/ST/STM32CubeIDE_1.19.0/STM32CubeIDE/plugins/com.st.stm32cube.ide.mcu.externaltools.gnu-tools-for-stm32.13.3.rel1.win32_1.0.0.202411081344/tools/bin/../lib/gcc/arm-none-eabi/13.3.1/thumb/v7e-m+dp/hard\libgcc.a(_aeabi_uldivmod.o)
 .ARM.attributes
                0x00000543       0x32 C:/ST/STM32CubeIDE_1.19.0/STM32CubeIDE/plugins/com.st.stm32cube.ide.mcu.externaltools.gnu-tools-for-stm32.13.3.rel1.win32_1.0.0.202411081344/tools/bin/../lib/gcc/arm-none-eabi/13.3.1/thumb/v7e-m+dp/hard\libgcc.a(_udivmoddi4.o)
 .ARM.attributes
                0x00000575       0x20 C:/ST/STM32CubeIDE_1.19.0/STM32CubeIDE/plugins/com.st.stm32cube.ide.mcu.externaltools.gnu-tools-for-stm32.13.3.rel1.win32_1.0.0.202411081344/tools/bin/../lib/gcc/arm-none-eabi/13.3.1/thumb/v7e-m+dp/hard\libgcc.a(_dvmd_tls.o)
 .ARM.attributes
                0x00000595       0x20 C:/ST/STM32CubeIDE_1.19.0/STM32CubeIDE/plugins/com.st.stm32cube.ide.mcu.externaltools.gnu-tools-for-stm32.13.3.rel1.win32_1.0.0.202411081344/tools/bin/../lib/gcc/arm-none-eabi/13.3.1/thumb/v7e-m+dp/hard/crtn.o
OUTPUT(WAYPOINTIFICATION_CM7.elf elf32-littlearm)
LOAD linker stubs
LOAD C:/ST/STM32CubeIDE_1.19.0/STM32CubeIDE/plugins/com.st.stm32cube.ide.mcu.externaltools.gnu-tools-for-stm32.13.3.rel1.win32_1.0.0.202411081344/tools/bin/../lib/gcc/arm-none-eabi/13.3.1/../../../../arm-none-eabi/lib/thumb/v7e-m+dp/hard\libc.a
LOAD C:/ST/STM32CubeIDE_1.19.0/STM32CubeIDE/plugins/com.st.stm32cube.ide.mcu.externaltools.gnu-tools-for-stm32.13.3.rel1.win32_1.0.0.202411081344/tools/bin/../lib/gcc/arm-none-eabi/13.3.1/../../../../arm-none-eabi/lib/thumb/v7e-m+dp/hard\libm.a
LOAD C:/ST/STM32CubeIDE_1.19.0/STM32CubeIDE/plugins/com.st.stm32cube.ide.mcu.externaltools.gnu-tools-for-stm32.13.3.rel1.win32_1.0.0.202411081344/tools/bin/../lib/gcc/arm-none-eabi/13.3.1/thumb/v7e-m+dp/hard\libgcc.a

.debug_info     0x00000000    0x1a2f9
 .debug_info    0x00000000      0xe73 ./Common/Src/system_stm32h7xx_dualcore_boot_cm4_cm7.o
 .debug_info    0x00000e73     0x128e ./Core/Src/main.o
 .debug_info    0x00002101      0x838 ./Core/Src/stm32h7xx_hal_msp.o
 .debug_info    0x00002939      0x171 ./Core/Src/stm32h7xx_it.o
 .debug_info    0x00002aaa       0x30 ./Core/Startup/startup_stm32h755zitx.o
 .debug_info    0x00002ada     0x1aa0 ./Drivers/BSP/STM32H7xx_Nucleo/stm32h7xx_nucleo.o
 .debug_info    0x0000457a     0x177a ./Drivers/STM32H7xx_HAL_Driver/stm32h7xx_hal.o
 .debug_info    0x00005cf4     0x10d5 ./Drivers/STM32H7xx_HAL_Driver/stm32h7xx_hal_cortex.o
 .debug_info    0x00006dc9      0x9cc ./Drivers/STM32H7xx_HAL_Driver/stm32h7xx_hal_exti.o
 .debug_info    0x00007795      0xd06 ./Drivers/STM32H7xx_HAL_Driver/stm32h7xx_hal_gpio.o
 .debug_info    0x0000849b      0x3d3 ./Drivers/STM32H7xx_HAL_Driver/stm32h7xx_hal_hsem.o
 .debug_info    0x0000886e     0x1225 ./Drivers/STM32H7xx_HAL_Driver/stm32h7xx_hal_pwr_ex.o
 .debug_info    0x00009a93      0xe67 ./Drivers/STM32H7xx_HAL_Driver/stm32h7xx_hal_rcc.o
 .debug_info    0x0000a8fa     0x1303 ./Drivers/STM32H7xx_HAL_Driver/stm32h7xx_hal_rcc_ex.o
 .debug_info    0x0000bbfd     0x4b1d ./Drivers/STM32H7xx_HAL_Driver/stm32h7xx_hal_uart.o
 .debug_info    0x0001071a     0x3d90 ./Middlewares/Third_Party/FreeRTOS/cmsis_os2.o
 .debug_info    0x000144aa      0x4d5 ./Middlewares/Third_Party/FreeRTOS/heap_4.o
 .debug_info    0x0001497f      0x2af ./Middlewares/Third_Party/FreeRTOS/list.o
 .debug_info    0x00014c2e      0x4de ./Middlewares/Third_Party/FreeRTOS/port.o
 .debug_info    0x0001510c     0x1b79 ./Middlewares/Third_Party/FreeRTOS/queue.o
 .debug_info    0x00016c85     0x21ec ./Middlewares/Third_Party/FreeRTOS/tasks.o
 .debug_info    0x00018e71     0x1488 ./Middlewares/Third_Party/FreeRTOS/timers.o

.debug_abbrev   0x00000000     0x35a2
 .debug_abbrev  0x00000000      0x165 ./Common/Src/system_stm32h7xx_dualcore_boot_cm4_cm7.o
 .debug_abbrev  0x00000165      0x2d6 ./Core/Src/main.o
 .debug_abbrev  0x0000043b      0x11c ./Core/Src/stm32h7xx_hal_msp.o
 .debug_abbrev  0x00000557       0xe4 ./Core/Src/stm32h7xx_it.o
 .debug_abbrev  0x0000063b       0x24 ./Core/Startup/startup_stm32h755zitx.o
 .debug_abbrev  0x0000065f      0x340 ./Drivers/BSP/STM32H7xx_Nucleo/stm32h7xx_nucleo.o
 .debug_abbrev  0x0000099f      0x295 ./Drivers/STM32H7xx_HAL_Driver/stm32h7xx_hal.o
 .debug_abbrev  0x00000c34      0x339 ./Drivers/STM32H7xx_HAL_Driver/stm32h7xx_hal_cortex.o
 .debug_abbrev  0x00000f6d      0x212 ./Drivers/STM32H7xx_HAL_Driver/stm32h7xx_hal_exti.o
 .debug_abbrev  0x0000117f      0x205 ./Drivers/STM32H7xx_HAL_Driver/stm32h7xx_hal_gpio.o
 .debug_abbrev  0x00001384      0x1d3 ./Drivers/STM32H7xx_HAL_Driver/stm32h7xx_hal_hsem.o
 .debug_abbrev  0x00001557      0x2d7 ./Drivers/STM32H7xx_HAL_Driver/stm32h7xx_hal_pwr_ex.o
 .debug_abbrev  0x0000182e      0x2c8 ./Drivers/STM32H7xx_HAL_Driver/stm32h7xx_hal_rcc.o
 .debug_abbrev  0x00001af6      0x269 ./Drivers/STM32H7xx_HAL_Driver/stm32h7xx_hal_rcc_ex.o
 .debug_abbrev  0x00001d5f      0x33d ./Drivers/STM32H7xx_HAL_Driver/stm32h7xx_hal_uart.o
 .debug_abbrev  0x0000209c      0x50a ./Middlewares/Third_Party/FreeRTOS/cmsis_os2.o
 .debug_abbrev  0x000025a6      0x21d ./Middlewares/Third_Party/FreeRTOS/heap_4.o
 .debug_abbrev  0x000027c3       0xf5 ./Middlewares/Third_Party/FreeRTOS/list.o
 .debug_abbrev  0x000028b8      0x25c ./Middlewares/Third_Party/FreeRTOS/port.o
 .debug_abbrev  0x00002b14      0x3b6 ./Middlewares/Third_Party/FreeRTOS/queue.o
 .debug_abbrev  0x00002eca      0x386 ./Middlewares/Third_Party/FreeRTOS/tasks.o
 .debug_abbrev  0x00003250      0x352 ./Middlewares/Third_Party/FreeRTOS/timers.o

.debug_aranges  0x00000000     0x1370
 .debug_aranges
                0x00000000       0x30 ./Common/Src/system_stm32h7xx_dualcore_boot_cm4_cm7.o
 .debug_aranges
                0x00000030       0x40 ./Core/Src/main.o
 .debug_aranges
                0x00000070       0x20 ./Core/Src/stm32h7xx_hal_msp.o
 .debug_aranges
                0x00000090       0x58 ./Core/Src/stm32h7xx_it.o
 .debug_aranges
                0x000000e8       0x28 ./Core/Startup/startup_stm32h755zitx.o
 .debug_aranges
                0x00000110       0xb8 ./Drivers/BSP/STM32H7xx_Nucleo/stm32h7xx_nucleo.o
 .debug_aranges
                0x000001c8      0x200 ./Drivers/STM32H7xx_HAL_Driver/stm32h7xx_hal.o
 .debug_aranges
                0x000003c8      0x130 ./Drivers/STM32H7xx_HAL_Driver/stm32h7xx_hal_cortex.o
 .debug_aranges
                0x000004f8       0x60 ./Drivers/STM32H7xx_HAL_Driver/stm32h7xx_hal_exti.o
 .debug_aranges
                0x00000558       0x58 ./Drivers/STM32H7xx_HAL_Driver/stm32h7xx_hal_gpio.o
 .debug_aranges
                0x000005b0       0x70 ./Drivers/STM32H7xx_HAL_Driver/stm32h7xx_hal_hsem.o
 .debug_aranges
                0x00000620      0x170 ./Drivers/STM32H7xx_HAL_Driver/stm32h7xx_hal_pwr_ex.o
 .debug_aranges
                0x00000790       0x88 ./Drivers/STM32H7xx_HAL_Driver/stm32h7xx_hal_rcc.o
 .debug_aranges
                0x00000818      0x100 ./Drivers/STM32H7xx_HAL_Driver/stm32h7xx_hal_rcc_ex.o
 .debug_aranges
                0x00000918      0x248 ./Drivers/STM32H7xx_HAL_Driver/stm32h7xx_hal_uart.o
 .debug_aranges
                0x00000b60      0x2a8 ./Middlewares/Third_Party/FreeRTOS/cmsis_os2.o
 .debug_aranges
                0x00000e08       0x58 ./Middlewares/Third_Party/FreeRTOS/heap_4.o
 .debug_aranges
                0x00000e60       0x40 ./Middlewares/Third_Party/FreeRTOS/list.o
 .debug_aranges
                0x00000ea0       0x80 ./Middlewares/Third_Party/FreeRTOS/port.o
 .debug_aranges
                0x00000f20      0x158 ./Middlewares/Third_Party/FreeRTOS/queue.o
 .debug_aranges
                0x00001078      0x208 ./Middlewares/Third_Party/FreeRTOS/tasks.o
 .debug_aranges
                0x00001280       0xf0 ./Middlewares/Third_Party/FreeRTOS/timers.o

.debug_rnglists
                0x00000000      0xeea
 .debug_rnglists
                0x00000000       0x21 ./Common/Src/system_stm32h7xx_dualcore_boot_cm4_cm7.o
 .debug_rnglists
                0x00000021       0x2e ./Core/Src/main.o
 .debug_rnglists
                0x0000004f       0x13 ./Core/Src/stm32h7xx_hal_msp.o
 .debug_rnglists
                0x00000062       0x3d ./Core/Src/stm32h7xx_it.o
 .debug_rnglists
                0x0000009f       0x19 ./Core/Startup/startup_stm32h755zitx.o
 .debug_rnglists
                0x000000b8       0x88 ./Drivers/BSP/STM32H7xx_Nucleo/stm32h7xx_nucleo.o
 .debug_rnglists
                0x00000140      0x180 ./Drivers/STM32H7xx_HAL_Driver/stm32h7xx_hal.o
 .debug_rnglists
                0x000002c0       0xe0 ./Drivers/STM32H7xx_HAL_Driver/stm32h7xx_hal_cortex.o
 .debug_rnglists
                0x000003a0       0x46 ./Drivers/STM32H7xx_HAL_Driver/stm32h7xx_hal_exti.o
 .debug_rnglists
                0x000003e6       0x3f ./Drivers/STM32H7xx_HAL_Driver/stm32h7xx_hal_gpio.o
 .debug_rnglists
                0x00000425       0x4f ./Drivers/STM32H7xx_HAL_Driver/stm32h7xx_hal_hsem.o
 .debug_rnglists
                0x00000474      0x117 ./Drivers/STM32H7xx_HAL_Driver/stm32h7xx_hal_pwr_ex.o
 .debug_rnglists
                0x0000058b       0x68 ./Drivers/STM32H7xx_HAL_Driver/stm32h7xx_hal_rcc.o
 .debug_rnglists
                0x000005f3       0xc6 ./Drivers/STM32H7xx_HAL_Driver/stm32h7xx_hal_rcc_ex.o
 .debug_rnglists
                0x000006b9      0x1fa ./Drivers/STM32H7xx_HAL_Driver/stm32h7xx_hal_uart.o
 .debug_rnglists
                0x000008b3      0x20c ./Middlewares/Third_Party/FreeRTOS/cmsis_os2.o
 .debug_rnglists
                0x00000abf       0x42 ./Middlewares/Third_Party/FreeRTOS/heap_4.o
 .debug_rnglists
                0x00000b01       0x2b ./Middlewares/Third_Party/FreeRTOS/list.o
 .debug_rnglists
                0x00000b2c       0x5d ./Middlewares/Third_Party/FreeRTOS/port.o
 .debug_rnglists
                0x00000b89      0x109 ./Middlewares/Third_Party/FreeRTOS/queue.o
 .debug_rnglists
                0x00000c92      0x1a0 ./Middlewares/Third_Party/FreeRTOS/tasks.o
 .debug_rnglists
                0x00000e32       0xb8 ./Middlewares/Third_Party/FreeRTOS/timers.o

.debug_macro    0x00000000    0x3ad91
 .debug_macro   0x00000000      0x294 ./Common/Src/system_stm32h7xx_dualcore_boot_cm4_cm7.o
 .debug_macro   0x00000294      0xb02 ./Common/Src/system_stm32h7xx_dualcore_boot_cm4_cm7.o
 .debug_macro   0x00000d96       0x2e ./Common/Src/system_stm32h7xx_dualcore_boot_cm4_cm7.o
 .debug_macro   0x00000dc4       0x49 ./Common/Src/system_stm32h7xx_dualcore_boot_cm4_cm7.o
 .debug_macro   0x00000e0d       0x22 ./Common/Src/system_stm32h7xx_dualcore_boot_cm4_cm7.o
 .debug_macro   0x00000e2f       0x8e ./Common/Src/system_stm32h7xx_dualcore_boot_cm4_cm7.o
 .debug_macro   0x00000ebd       0x51 ./Common/Src/system_stm32h7xx_dualcore_boot_cm4_cm7.o
 .debug_macro   0x00000f0e      0x103 ./Common/Src/system_stm32h7xx_dualcore_boot_cm4_cm7.o
 .debug_macro   0x00001011       0x6a ./Common/Src/system_stm32h7xx_dualcore_boot_cm4_cm7.o
 .debug_macro   0x0000107b      0x1df ./Common/Src/system_stm32h7xx_dualcore_boot_cm4_cm7.o
 .debug_macro   0x0000125a       0x1c ./Common/Src/system_stm32h7xx_dualcore_boot_cm4_cm7.o
 .debug_macro   0x00001276       0x22 ./Common/Src/system_stm32h7xx_dualcore_boot_cm4_cm7.o
 .debug_macro   0x00001298       0xfb ./Common/Src/system_stm32h7xx_dualcore_boot_cm4_cm7.o
 .debug_macro   0x00001393     0x1305 ./Common/Src/system_stm32h7xx_dualcore_boot_cm4_cm7.o
 .debug_macro   0x00002698      0x11f ./Common/Src/system_stm32h7xx_dualcore_boot_cm4_cm7.o
 .debug_macro   0x000027b7       0x27 ./Common/Src/system_stm32h7xx_dualcore_boot_cm4_cm7.o
 .debug_macro   0x000027de    0x2769e ./Common/Src/system_stm32h7xx_dualcore_boot_cm4_cm7.o
 .debug_macro   0x00029e7c       0x6d ./Common/Src/system_stm32h7xx_dualcore_boot_cm4_cm7.o
 .debug_macro   0x00029ee9      0x232 ./Common/Src/system_stm32h7xx_dualcore_boot_cm4_cm7.o
 .debug_macro   0x0002a11b     0x3d79 ./Common/Src/system_stm32h7xx_dualcore_boot_cm4_cm7.o
 .debug_macro   0x0002de94      0x190 ./Common/Src/system_stm32h7xx_dualcore_boot_cm4_cm7.o
 .debug_macro   0x0002e024       0x61 ./Common/Src/system_stm32h7xx_dualcore_boot_cm4_cm7.o
 .debug_macro   0x0002e085       0x29 ./Common/Src/system_stm32h7xx_dualcore_boot_cm4_cm7.o
 .debug_macro   0x0002e0ae       0x43 ./Common/Src/system_stm32h7xx_dualcore_boot_cm4_cm7.o
 .debug_macro   0x0002e0f1       0x34 ./Common/Src/system_stm32h7xx_dualcore_boot_cm4_cm7.o
 .debug_macro   0x0002e125      0x370 ./Common/Src/system_stm32h7xx_dualcore_boot_cm4_cm7.o
 .debug_macro   0x0002e495       0x16 ./Common/Src/system_stm32h7xx_dualcore_boot_cm4_cm7.o
 .debug_macro   0x0002e4ab       0x4a ./Common/Src/system_stm32h7xx_dualcore_boot_cm4_cm7.o
 .debug_macro   0x0002e4f5       0x34 ./Common/Src/system_stm32h7xx_dualcore_boot_cm4_cm7.o
 .debug_macro   0x0002e529       0x10 ./Common/Src/system_stm32h7xx_dualcore_boot_cm4_cm7.o
 .debug_macro   0x0002e539       0x58 ./Common/Src/system_stm32h7xx_dualcore_boot_cm4_cm7.o
 .debug_macro   0x0002e591       0x8e ./Common/Src/system_stm32h7xx_dualcore_boot_cm4_cm7.o
 .debug_macro   0x0002e61f       0x1c ./Common/Src/system_stm32h7xx_dualcore_boot_cm4_cm7.o
 .debug_macro   0x0002e63b      0x185 ./Common/Src/system_stm32h7xx_dualcore_boot_cm4_cm7.o
 .debug_macro   0x0002e7c0      0x19b ./Common/Src/system_stm32h7xx_dualcore_boot_cm4_cm7.o
 .debug_macro   0x0002e95b       0x5d ./Common/Src/system_stm32h7xx_dualcore_boot_cm4_cm7.o
 .debug_macro   0x0002e9b8     0x3b99 ./Common/Src/system_stm32h7xx_dualcore_boot_cm4_cm7.o
 .debug_macro   0x00032551     0x1072 ./Common/Src/system_stm32h7xx_dualcore_boot_cm4_cm7.o
 .debug_macro   0x000335c3      0x154 ./Common/Src/system_stm32h7xx_dualcore_boot_cm4_cm7.o
 .debug_macro   0x00033717      0x130 ./Common/Src/system_stm32h7xx_dualcore_boot_cm4_cm7.o
 .debug_macro   0x00033847      0x3c2 ./Common/Src/system_stm32h7xx_dualcore_boot_cm4_cm7.o
 .debug_macro   0x00033c09       0xac ./Common/Src/system_stm32h7xx_dualcore_boot_cm4_cm7.o
 .debug_macro   0x00033cb5      0x72d ./Common/Src/system_stm32h7xx_dualcore_boot_cm4_cm7.o
 .debug_macro   0x000343e2      0x228 ./Common/Src/system_stm32h7xx_dualcore_boot_cm4_cm7.o
 .debug_macro   0x0003460a       0x66 ./Common/Src/system_stm32h7xx_dualcore_boot_cm4_cm7.o
 .debug_macro   0x00034670      0x3bb ./Common/Src/system_stm32h7xx_dualcore_boot_cm4_cm7.o
 .debug_macro   0x00034a2b      0x407 ./Common/Src/system_stm32h7xx_dualcore_boot_cm4_cm7.o
 .debug_macro   0x00034e32      0x27c ./Common/Src/system_stm32h7xx_dualcore_boot_cm4_cm7.o
 .debug_macro   0x000350ae      0x3ca ./Common/Src/system_stm32h7xx_dualcore_boot_cm4_cm7.o
 .debug_macro   0x00035478      0x4a2 ./Common/Src/system_stm32h7xx_dualcore_boot_cm4_cm7.o
 .debug_macro   0x0003591a       0x51 ./Common/Src/system_stm32h7xx_dualcore_boot_cm4_cm7.o
 .debug_macro   0x0003596b       0x4a ./Common/Src/system_stm32h7xx_dualcore_boot_cm4_cm7.o
 .debug_macro   0x000359b5      0x22c ./Common/Src/system_stm32h7xx_dualcore_boot_cm4_cm7.o
 .debug_macro   0x00035be1       0x67 ./Common/Src/system_stm32h7xx_dualcore_boot_cm4_cm7.o
 .debug_macro   0x00035c48       0xa5 ./Common/Src/system_stm32h7xx_dualcore_boot_cm4_cm7.o
 .debug_macro   0x00035ced      0x218 ./Common/Src/system_stm32h7xx_dualcore_boot_cm4_cm7.o
 .debug_macro   0x00035f05      0x2ea ./Common/Src/system_stm32h7xx_dualcore_boot_cm4_cm7.o
 .debug_macro   0x000361ef       0x35 ./Common/Src/system_stm32h7xx_dualcore_boot_cm4_cm7.o
 .debug_macro   0x00036224      0x693 ./Common/Src/system_stm32h7xx_dualcore_boot_cm4_cm7.o
 .debug_macro   0x000368b7       0xa6 ./Common/Src/system_stm32h7xx_dualcore_boot_cm4_cm7.o
 .debug_macro   0x0003695d      0x7a4 ./Common/Src/system_stm32h7xx_dualcore_boot_cm4_cm7.o
 .debug_macro   0x00037101      0x3e0 ./Core/Src/main.o
 .debug_macro   0x000374e1      0x169 ./Core/Src/main.o
 .debug_macro   0x0003764a       0x66 ./Core/Src/main.o
 .debug_macro   0x000376b0       0x74 ./Core/Src/main.o
 .debug_macro   0x00037724       0xdd ./Core/Src/main.o
 .debug_macro   0x00037801       0x16 ./Core/Src/main.o
 .debug_macro   0x00037817       0x20 ./Core/Src/main.o
 .debug_macro   0x00037837       0x18 ./Core/Src/main.o
 .debug_macro   0x0003784f       0x6d ./Core/Src/main.o
 .debug_macro   0x000378bc       0x16 ./Core/Src/main.o
 .debug_macro   0x000378d2      0x2f3 ./Core/Src/stm32h7xx_hal_msp.o
 .debug_macro   0x00037bc5      0x365 ./Core/Src/stm32h7xx_it.o
 .debug_macro   0x00037f2a      0x2bb ./Drivers/BSP/STM32H7xx_Nucleo/stm32h7xx_nucleo.o
 .debug_macro   0x000381e5       0x28 ./Drivers/BSP/STM32H7xx_Nucleo/stm32h7xx_nucleo.o
 .debug_macro   0x0003820d      0x2be ./Drivers/STM32H7xx_HAL_Driver/stm32h7xx_hal.o
 .debug_macro   0x000384cb      0x294 ./Drivers/STM32H7xx_HAL_Driver/stm32h7xx_hal_cortex.o
 .debug_macro   0x0003875f      0x2a2 ./Drivers/STM32H7xx_HAL_Driver/stm32h7xx_hal_exti.o
 .debug_macro   0x00038a01      0x2a8 ./Drivers/STM32H7xx_HAL_Driver/stm32h7xx_hal_gpio.o
 .debug_macro   0x00038ca9      0x2a6 ./Drivers/STM32H7xx_HAL_Driver/stm32h7xx_hal_hsem.o
 .debug_macro   0x00038f4f      0x2cd ./Drivers/STM32H7xx_HAL_Driver/stm32h7xx_hal_pwr_ex.o
 .debug_macro   0x0003921c      0x2b8 ./Drivers/STM32H7xx_HAL_Driver/stm32h7xx_hal_rcc.o
 .debug_macro   0x000394d4      0x2b2 ./Drivers/STM32H7xx_HAL_Driver/stm32h7xx_hal_rcc_ex.o
 .debug_macro   0x00039786      0x2bf ./Drivers/STM32H7xx_HAL_Driver/stm32h7xx_hal_uart.o
 .debug_macro   0x00039a45      0x3f3 ./Middlewares/Third_Party/FreeRTOS/cmsis_os2.o
 .debug_macro   0x00039e38       0x10 ./Middlewares/Third_Party/FreeRTOS/cmsis_os2.o
 .debug_macro   0x00039e48       0x10 ./Middlewares/Third_Party/FreeRTOS/cmsis_os2.o
 .debug_macro   0x00039e58       0xf5 ./Middlewares/Third_Party/FreeRTOS/cmsis_os2.o
 .debug_macro   0x00039f4d       0x91 ./Middlewares/Third_Party/FreeRTOS/cmsis_os2.o
 .debug_macro   0x00039fde       0x8d ./Middlewares/Third_Party/FreeRTOS/cmsis_os2.o
 .debug_macro   0x0003a06b       0x9a ./Middlewares/Third_Party/FreeRTOS/cmsis_os2.o
 .debug_macro   0x0003a105       0x22 ./Middlewares/Third_Party/FreeRTOS/cmsis_os2.o
 .debug_macro   0x0003a127      0x1ae ./Middlewares/Third_Party/FreeRTOS/heap_4.o
 .debug_macro   0x0003a2d5      0x187 ./Middlewares/Third_Party/FreeRTOS/list.o
 .debug_macro   0x0003a45c      0x196 ./Middlewares/Third_Party/FreeRTOS/port.o
 .debug_macro   0x0003a5f2      0x216 ./Middlewares/Third_Party/FreeRTOS/queue.o
 .debug_macro   0x0003a808       0x87 ./Middlewares/Third_Party/FreeRTOS/queue.o
 .debug_macro   0x0003a88f      0x27f ./Middlewares/Third_Party/FreeRTOS/tasks.o
 .debug_macro   0x0003ab0e       0x10 ./Middlewares/Third_Party/FreeRTOS/tasks.o
 .debug_macro   0x0003ab1e      0x1dc ./Middlewares/Third_Party/FreeRTOS/timers.o
 .debug_macro   0x0003acfa       0x97 ./Middlewares/Third_Party/FreeRTOS/timers.o

.debug_line     0x00000000    0x17f51
 .debug_line    0x00000000      0xb18 ./Common/Src/system_stm32h7xx_dualcore_boot_cm4_cm7.o
 .debug_line    0x00000b18      0xcc4 ./Core/Src/main.o
 .debug_line    0x000017dc      0x947 ./Core/Src/stm32h7xx_hal_msp.o
 .debug_line    0x00002123      0xafe ./Core/Src/stm32h7xx_it.o
 .debug_line    0x00002c21       0x7b ./Core/Startup/startup_stm32h755zitx.o
 .debug_line    0x00002c9c      0xd01 ./Drivers/BSP/STM32H7xx_Nucleo/stm32h7xx_nucleo.o
 .debug_line    0x0000399d     0x102c ./Drivers/STM32H7xx_HAL_Driver/stm32h7xx_hal.o
 .debug_line    0x000049c9      0xec3 ./Drivers/STM32H7xx_HAL_Driver/stm32h7xx_hal_cortex.o
 .debug_line    0x0000588c      0xe26 ./Drivers/STM32H7xx_HAL_Driver/stm32h7xx_hal_exti.o
 .debug_line    0x000066b2      0xd56 ./Drivers/STM32H7xx_HAL_Driver/stm32h7xx_hal_gpio.o
 .debug_line    0x00007408      0xa6b ./Drivers/STM32H7xx_HAL_Driver/stm32h7xx_hal_hsem.o
 .debug_line    0x00007e73     0x1196 ./Drivers/STM32H7xx_HAL_Driver/stm32h7xx_hal_pwr_ex.o
 .debug_line    0x00009009     0x1574 ./Drivers/STM32H7xx_HAL_Driver/stm32h7xx_hal_rcc.o
 .debug_line    0x0000a57d     0x1e98 ./Drivers/STM32H7xx_HAL_Driver/stm32h7xx_hal_rcc_ex.o
 .debug_line    0x0000c415     0x3954 ./Drivers/STM32H7xx_HAL_Driver/stm32h7xx_hal_uart.o
 .debug_line    0x0000fd69     0x257a ./Middlewares/Third_Party/FreeRTOS/cmsis_os2.o
 .debug_line    0x000122e3      0x9e9 ./Middlewares/Third_Party/FreeRTOS/heap_4.o
 .debug_line    0x00012ccc      0x7d2 ./Middlewares/Third_Party/FreeRTOS/list.o
 .debug_line    0x0001349e      0x898 ./Middlewares/Third_Party/FreeRTOS/port.o
 .debug_line    0x00013d36     0x1743 ./Middlewares/Third_Party/FreeRTOS/queue.o
 .debug_line    0x00015479     0x1cc6 ./Middlewares/Third_Party/FreeRTOS/tasks.o
 .debug_line    0x0001713f      0xe12 ./Middlewares/Third_Party/FreeRTOS/timers.o

.debug_str      0x00000000   0x187510
 .debug_str     0x00000000   0x187510 ./Common/Src/system_stm32h7xx_dualcore_boot_cm4_cm7.o
                             0x176b9e (size before relaxing)
 .debug_str     0x00187510   0x17d715 ./Core/Src/main.o
 .debug_str     0x00187510   0x177eae ./Core/Src/stm32h7xx_hal_msp.o
 .debug_str     0x00187510   0x17b2a3 ./Core/Src/stm32h7xx_it.o
 .debug_str     0x00187510       0x91 ./Core/Startup/startup_stm32h755zitx.o
 .debug_str     0x00187510   0x178458 ./Drivers/BSP/STM32H7xx_Nucleo/stm32h7xx_nucleo.o
 .debug_str     0x00187510   0x177c0b ./Drivers/STM32H7xx_HAL_Driver/stm32h7xx_hal.o
 .debug_str     0x00187510   0x177472 ./Drivers/STM32H7xx_HAL_Driver/stm32h7xx_hal_cortex.o
 .debug_str     0x00187510   0x17694f ./Drivers/STM32H7xx_HAL_Driver/stm32h7xx_hal_exti.o
 .debug_str     0x00187510   0x176afd ./Drivers/STM32H7xx_HAL_Driver/stm32h7xx_hal_gpio.o
 .debug_str     0x00187510   0x176788 ./Drivers/STM32H7xx_HAL_Driver/stm32h7xx_hal_hsem.o
 .debug_str     0x00187510   0x177008 ./Drivers/STM32H7xx_HAL_Driver/stm32h7xx_hal_pwr_ex.o
 .debug_str     0x00187510   0x176e7e ./Drivers/STM32H7xx_HAL_Driver/stm32h7xx_hal_rcc.o
 .debug_str     0x00187510   0x1773b3 ./Drivers/STM32H7xx_HAL_Driver/stm32h7xx_hal_rcc_ex.o
 .debug_str     0x00187510   0x1779ac ./Drivers/STM32H7xx_HAL_Driver/stm32h7xx_hal_uart.o
 .debug_str     0x00187510   0x17e6ac ./Middlewares/Third_Party/FreeRTOS/cmsis_os2.o
 .debug_str     0x00187510     0xb626 ./Middlewares/Third_Party/FreeRTOS/heap_4.o
 .debug_str     0x00187510     0xace4 ./Middlewares/Third_Party/FreeRTOS/list.o
 .debug_str     0x00187510     0x888a ./Middlewares/Third_Party/FreeRTOS/port.o
 .debug_str     0x00187510     0xc824 ./Middlewares/Third_Party/FreeRTOS/queue.o
 .debug_str     0x00187510     0xd2e1 ./Middlewares/Third_Party/FreeRTOS/tasks.o
 .debug_str     0x00187510     0xcd56 ./Middlewares/Third_Party/FreeRTOS/timers.o

.comment        0x00000000       0x43
 .comment       0x00000000       0x43 ./Common/Src/system_stm32h7xx_dualcore_boot_cm4_cm7.o
                                 0x44 (size before relaxing)
 .comment       0x00000043       0x44 ./Core/Src/main.o
 .comment       0x00000043       0x44 ./Core/Src/stm32h7xx_hal_msp.o
 .comment       0x00000043       0x44 ./Core/Src/stm32h7xx_it.o
 .comment       0x00000043       0x44 ./Drivers/BSP/STM32H7xx_Nucleo/stm32h7xx_nucleo.o
 .comment       0x00000043       0x44 ./Drivers/STM32H7xx_HAL_Driver/stm32h7xx_hal.o
 .comment       0x00000043       0x44 ./Drivers/STM32H7xx_HAL_Driver/stm32h7xx_hal_cortex.o
 .comment       0x00000043       0x44 ./Drivers/STM32H7xx_HAL_Driver/stm32h7xx_hal_exti.o
 .comment       0x00000043       0x44 ./Drivers/STM32H7xx_HAL_Driver/stm32h7xx_hal_gpio.o
 .comment       0x00000043       0x44 ./Drivers/STM32H7xx_HAL_Driver/stm32h7xx_hal_hsem.o
 .comment       0x00000043       0x44 ./Drivers/STM32H7xx_HAL_Driver/stm32h7xx_hal_pwr_ex.o
 .comment       0x00000043       0x44 ./Drivers/STM32H7xx_HAL_Driver/stm32h7xx_hal_rcc.o
 .comment       0x00000043       0x44 ./Drivers/STM32H7xx_HAL_Driver/stm32h7xx_hal_rcc_ex.o
 .comment       0x00000043       0x44 ./Drivers/STM32H7xx_HAL_Driver/stm32h7xx_hal_uart.o
 .comment       0x00000043       0x44 ./Middlewares/Third_Party/FreeRTOS/cmsis_os2.o
 .comment       0x00000043       0x44 ./Middlewares/Third_Party/FreeRTOS/heap_4.o
 .comment       0x00000043       0x44 ./Middlewares/Third_Party/FreeRTOS/list.o
 .comment       0x00000043       0x44 ./Middlewares/Third_Party/FreeRTOS/port.o
 .comment       0x00000043       0x44 ./Middlewares/Third_Party/FreeRTOS/queue.o
 .comment       0x00000043       0x44 ./Middlewares/Third_Party/FreeRTOS/tasks.o
 .comment       0x00000043       0x44 ./Middlewares/Third_Party/FreeRTOS/timers.o

.debug_frame    0x00000000     0x50b4
 .debug_frame   0x00000000       0x78 ./Common/Src/system_stm32h7xx_dualcore_boot_cm4_cm7.o
 .debug_frame   0x00000078       0xb0 ./Core/Src/main.o
 .debug_frame   0x00000128       0x34 ./Core/Src/stm32h7xx_hal_msp.o
 .debug_frame   0x0000015c       0xe0 ./Core/Src/stm32h7xx_it.o
 .debug_frame   0x0000023c      0x2dc ./Drivers/BSP/STM32H7xx_Nucleo/stm32h7xx_nucleo.o
 .debug_frame   0x00000518      0x848 ./Drivers/STM32H7xx_HAL_Driver/stm32h7xx_hal.o
 .debug_frame   0x00000d60      0x508 ./Drivers/STM32H7xx_HAL_Driver/stm32h7xx_hal_cortex.o
 .debug_frame   0x00001268      0x16c ./Drivers/STM32H7xx_HAL_Driver/stm32h7xx_hal_exti.o
 .debug_frame   0x000013d4      0x14c ./Drivers/STM32H7xx_HAL_Driver/stm32h7xx_hal_gpio.o
 .debug_frame   0x00001520      0x1bc ./Drivers/STM32H7xx_HAL_Driver/stm32h7xx_hal_hsem.o
 .debug_frame   0x000016dc      0x5ec ./Drivers/STM32H7xx_HAL_Driver/stm32h7xx_hal_pwr_ex.o
 .debug_frame   0x00001cc8      0x1f8 ./Drivers/STM32H7xx_HAL_Driver/stm32h7xx_hal_rcc.o
 .debug_frame   0x00001ec0      0x43c ./Drivers/STM32H7xx_HAL_Driver/stm32h7xx_hal_rcc_ex.o
 .debug_frame   0x000022fc      0xa94 ./Drivers/STM32H7xx_HAL_Driver/stm32h7xx_hal_uart.o
 .debug_frame   0x00002d90      0xbc8 ./Middlewares/Third_Party/FreeRTOS/cmsis_os2.o
 .debug_frame   0x00003958      0x12c ./Middlewares/Third_Party/FreeRTOS/heap_4.o
 .debug_frame   0x00003a84       0xd8 ./Middlewares/Third_Party/FreeRTOS/list.o
 .debug_frame   0x00003b5c      0x1a8 ./Middlewares/Third_Party/FreeRTOS/port.o
 .debug_frame   0x00003d04      0x5ec ./Middlewares/Third_Party/FreeRTOS/queue.o
 .debug_frame   0x000042f0      0x8f0 ./Middlewares/Third_Party/FreeRTOS/tasks.o
 .debug_frame   0x00004be0      0x400 ./Middlewares/Third_Party/FreeRTOS/timers.o
 .debug_frame   0x00004fe0       0x20 C:/ST/STM32CubeIDE_1.19.0/STM32CubeIDE/plugins/com.st.stm32cube.ide.mcu.externaltools.gnu-tools-for-stm32.13.3.rel1.win32_1.0.0.202411081344/tools/bin/../lib/gcc/arm-none-eabi/13.3.1/../../../../arm-none-eabi/lib/thumb/v7e-m+dp/hard\libc_nano.a(libc_a-memset.o)
 .debug_frame   0x00005000       0x2c C:/ST/STM32CubeIDE_1.19.0/STM32CubeIDE/plugins/com.st.stm32cube.ide.mcu.externaltools.gnu-tools-for-stm32.13.3.rel1.win32_1.0.0.202411081344/tools/bin/../lib/gcc/arm-none-eabi/13.3.1/../../../../arm-none-eabi/lib/thumb/v7e-m+dp/hard\libc_nano.a(libc_a-init.o)
 .debug_frame   0x0000502c       0x28 C:/ST/STM32CubeIDE_1.19.0/STM32CubeIDE/plugins/com.st.stm32cube.ide.mcu.externaltools.gnu-tools-for-stm32.13.3.rel1.win32_1.0.0.202411081344/tools/bin/../lib/gcc/arm-none-eabi/13.3.1/../../../../arm-none-eabi/lib/thumb/v7e-m+dp/hard\libc_nano.a(libc_a-memcpy-stub.o)
 .debug_frame   0x00005054       0x2c C:/ST/STM32CubeIDE_1.19.0/STM32CubeIDE/plugins/com.st.stm32cube.ide.mcu.externaltools.gnu-tools-for-stm32.13.3.rel1.win32_1.0.0.202411081344/tools/bin/../lib/gcc/arm-none-eabi/13.3.1/thumb/v7e-m+dp/hard\libgcc.a(_aeabi_uldivmod.o)
 .debug_frame   0x00005080       0x34 C:/ST/STM32CubeIDE_1.19.0/STM32CubeIDE/plugins/com.st.stm32cube.ide.mcu.externaltools.gnu-tools-for-stm32.13.3.rel1.win32_1.0.0.202411081344/tools/bin/../lib/gcc/arm-none-eabi/13.3.1/thumb/v7e-m+dp/hard\libgcc.a(_udivmoddi4.o)

.debug_line_str
                0x00000000       0x75
 .debug_line_str
                0x00000000       0x75 ./Core/Startup/startup_stm32h755zitx.o
