../Core/Src/control_update_MPC/acado_solver.c:32:5:acado_modelSimulation	16	static
../Core/Src/control_update_MPC/acado_solver.c:107:6:acado_evaluateLSQ	40	static
../Core/Src/control_update_MPC/acado_solver.c:280:6:acado_evaluateLSQEndTerm	24	static
../Core/Src/control_update_MPC/acado_solver.c:291:6:acado_setObjQ1Q2	24	static
../Core/Src/control_update_MPC/acado_solver.c:359:6:acado_setObjR1R2	24	static
../Core/Src/control_update_MPC/acado_solver.c:427:6:acado_setObjQN1QN2	24	static
../Core/Src/control_update_MPC/acado_solver.c:463:6:acado_evaluateObjective	16	static
../Core/Src/control_update_MPC/acado_solver.c:537:6:acado_multGxd	24	static
../Core/Src/control_update_MPC/acado_solver.c:545:6:acado_moveGxT	16	static
../Core/Src/control_update_MPC/acado_solver.c:565:6:acado_multGxGx	24	static
../Core/Src/control_update_MPC/acado_solver.c:585:6:acado_multGxGu	24	static
../Core/Src/control_update_MPC/acado_solver.c:605:6:acado_moveGuE	16	static
../Core/Src/control_update_MPC/acado_solver.c:625:6:acado_setBlockH11	24	static
../Core/Src/control_update_MPC/acado_solver.c:645:6:acado_setBlockH11_R1	24	static
../Core/Src/control_update_MPC/acado_solver.c:665:6:acado_zeroBlockH11	16	static
../Core/Src/control_update_MPC/acado_solver.c:685:6:acado_copyHTH	16	static
../Core/Src/control_update_MPC/acado_solver.c:705:6:acado_multQ1d	24	static
../Core/Src/control_update_MPC/acado_solver.c:713:6:acado_multQN1d	24	static
../Core/Src/control_update_MPC/acado_solver.c:721:6:acado_multRDy	24	static
../Core/Src/control_update_MPC/acado_solver.c:729:6:acado_multQDy	24	static
../Core/Src/control_update_MPC/acado_solver.c:737:6:acado_multEQDy	24	static
../Core/Src/control_update_MPC/acado_solver.c:745:6:acado_multQETGx	24	static
../Core/Src/control_update_MPC/acado_solver.c:765:6:acado_zeroBlockH10	24	static
../Core/Src/control_update_MPC/acado_solver.c:770:6:acado_multEDu	24	static
../Core/Src/control_update_MPC/acado_solver.c:778:6:acado_multHxC	24	static
../Core/Src/control_update_MPC/acado_solver.c:802:6:acado_multHxE	24	static
../Core/Src/control_update_MPC/acado_solver.c:826:6:acado_macHxd	24	static
../Core/Src/control_update_MPC/acado_solver.c:845:6:acado_evaluatePathConstraints	32	static
../Core/Src/control_update_MPC/acado_solver.c:1034:6:acado_macETSlu	16	static
../Core/Src/control_update_MPC/acado_solver.c:1046:6:acado_condensePrep	16	static
../Core/Src/control_update_MPC/acado_solver.c:1343:6:acado_condenseFdb	8	static
../Core/Src/control_update_MPC/acado_solver.c:1486:6:acado_expand	8	static
../Core/Src/control_update_MPC/acado_solver.c:1527:5:acado_preparationStep	16	static
../Core/Src/control_update_MPC/acado_solver.c:1537:5:acado_feedbackStep	16	static
../Core/Src/control_update_MPC/acado_solver.c:1549:5:acado_initializeSolver	16	static
../Core/Src/control_update_MPC/acado_solver.c:1562:6:acado_initializeNodesByForwardSimulation	16	static
../Core/Src/control_update_MPC/acado_solver.c:1598:6:acado_shiftStates	32	static
../Core/Src/control_update_MPC/acado_solver.c:1659:6:acado_shiftControls	24	static
../Core/Src/control_update_MPC/acado_solver.c:1679:8:acado_getKKT	32	static
../Core/Src/control_update_MPC/acado_solver.c:1707:8:acado_getObjective	152	static
