../Core/Src/main.c:120:5:cmp_angle	3
../Core/Src/main.c:126:6:parse_chunk	15
../Core/Src/main.c:172:6:print_last_scan	2
../Core/Src/main.c:191:5:main	40
../Core/Src/main.c:332:6:SystemClock_Config	4
../Core/Src/main.c:392:13:MX_USART2_UART_Init	5
../Core/Src/main.c:438:13:MX_DMA_Init	1
../Core/Src/main.c:456:13:MX_GPIO_Init	1
../Core/Src/main.c:516:5:_write	1
../Core/Src/main.c:532:6:BSP_PB_Callback	4
../Core/Src/main.c:557:6:HAL_UART_RxHalfCpltCallback	3
../Core/Src/main.c:567:6:HAL_UART_RxCpltCallback	3
../Core/Src/main.c:582:6:StartDefaultTask	4
../Core/Src/main.c:623:6:Error_Handler	1
