../Core/Src/IMU.c:29:26:bno055_write	32	static
../Core/Src/IMU.c:42:26:bno055_read	32	static
../Core/Src/IMU.c:55:6:bno055_CONFIG	8	static
../Core/Src/IMU.c:60:6:bno055_NDOF	8	static
../Core/Src/IMU.c:67:6:BNO055_ReadYawRate	56	static
../Core/Src/IMU.c:87:6:BNO055_ReadEuler	40	static
../Core/Src/IMU.c:107:6:BNO055_ReadLinAccel_D	40	static
../Core/Src/IMU.c:125:6:BNO055_ReadRawAccelMS2	64	static
../Core/Src/IMU.c:144:6:ComputeLinearAccel	128	static
../Core/Src/IMU.c:171:6:PrintCalBits	32	static
../Core/Src/IMU.c:196:6:BNO055_PrintAllOffsets	72	static
../Core/Src/IMU.c:241:6:BNO055_ApplyAllCalibration	24	static
../Core/Src/IMU.c:258:6:BNO055_CalibrateAccelOnce	48	static
