../Core/Src/main.c:112:5:main	16	static
../Core/Src/main.c:254:6:SystemClock_Config	120	static
../Core/Src/main.c:313:6:PeriphCommonClock_Config	200	static
../Core/Src/main.c:332:13:MX_ADC3_Init	40	static
../Core/Src/main.c:392:13:MX_I2C2_Init	8	static
../Core/Src/main.c:440:13:MX_USART2_UART_Init	8	static
../Core/Src/main.c:488:13:MX_GPIO_Init	56	static
../Core/Src/main.c:549:5:_write	24	static
../Core/Src/main.c:563:13:waypoints_within_radius	56	static
../Core/Src/main.c:569:6:wayreceive	120	static,ignoring_inline_asm
../Core/Src/main.c:646:6:BSP_PB_Callback	48	static,ignoring_inline_asm
../Core/Src/main.c:673:6:StartDefaultTask	16	static
../Core/Src/main.c:688:6:Error_Handler	4	static,ignoring_inline_asm
