../Core/Src/main.c:130:20:online_data	40	static
../Core/Src/main.c:152:20:compute_slips	80	static
../Core/Src/main.c:185:5:main	16	static
../Core/Src/main.c:329:6:SystemClock_Config	120	static
../Core/Src/main.c:388:6:PeriphCommonClock_Config	200	static
../Core/Src/main.c:407:13:MX_I2C2_Init	8	static
../Core/Src/main.c:455:13:MX_USART2_UART_Init	8	static
../Core/Src/main.c:501:13:MX_DMA_Init	16	static
../Core/Src/main.c:514:13:MX_GPIO_Init	48	static
../Core/Src/main.c:576:6:CONTROL	192	static,ignoring_inline_asm
../Core/Src/main.c:626:5:_write	24	static
../Core/Src/main.c:630:13:controller_loop	16	static
../Core/Src/main.c:648:6:init_controller_weights	96	static
../Core/Src/main.c:674:13:filter_init	4	static
../Core/Src/main.c:681:5:_gettimeofday	16	static
../Core/Src/main.c:698:13:waypoints_within_radius	56	static
../Core/Src/main.c:704:6:wayreceive	120	static,ignoring_inline_asm
../Core/Src/main.c:811:6:StartDefaultTask	16	static
../Core/Src/main.c:826:6:Error_Handler	4	static,ignoring_inline_asm
