../Core/Src/main.c:131:20:online_data	40	static
../Core/Src/main.c:153:20:compute_slips	80	static
../Core/Src/main.c:186:5:main	16	static
../Core/Src/main.c:331:6:SystemClock_Config	120	static
../Core/Src/main.c:390:6:PeriphCommonClock_Config	200	static
../Core/Src/main.c:409:13:MX_I2C2_Init	8	static
../Core/Src/main.c:457:13:MX_USART2_UART_Init	8	static
../Core/Src/main.c:503:13:MX_DMA_Init	16	static
../Core/Src/main.c:516:13:MX_GPIO_Init	48	static
../Core/Src/main.c:580:6:CONTROL	232	static,ignoring_inline_asm
../Core/Src/main.c:651:5:_write	24	static
../Core/Src/main.c:655:13:controller_loop	16	static
../Core/Src/main.c:673:6:init_controller_weights	96	static
../Core/Src/main.c:699:13:filter_init	4	static
../Core/Src/main.c:706:5:_gettimeofday	16	static
../Core/Src/main.c:723:13:waypoints_within_radius	56	static
../Core/Src/main.c:729:6:wayreceive	112	static,ignoring_inline_asm
../Core/Src/main.c:807:6:BSP_PB_Callback	48	static,ignoring_inline_asm
../Core/Src/main.c:836:6:StartDefaultTask	16	static
../Core/Src/main.c:851:6:Error_Handler	4	static,ignoring_inline_asm
