../Core/Src/main.c:133:20:rot	56	static
../Core/Src/main.c:143:20:robot_to_world	72	static
../Core/Src/main.c:154:7:averageVIN	24	static
../Core/Src/main.c:161:20:online_data	40	static
../Core/Src/main.c:183:20:compute_slips	80	static
../Core/Src/main.c:216:5:main	16	static
../Core/Src/main.c:364:6:SystemClock_Config	120	static
../Core/Src/main.c:423:6:PeriphCommonClock_Config	200	static
../Core/Src/main.c:442:13:MX_I2C2_Init	8	static
../Core/Src/main.c:490:13:MX_USART2_UART_Init	8	static
../Core/Src/main.c:536:13:MX_DMA_Init	16	static
../Core/Src/main.c:549:13:MX_GPIO_Init	48	static
../Core/Src/main.c:616:6:CONTROL	264	static,ignoring_inline_asm
../Core/Src/main.c:710:5:_write	24	static
../Core/Src/main.c:714:13:controller_loop	16	static
../Core/Src/main.c:731:6:init_controller_weights	96	static
../Core/Src/main.c:757:13:filter_init	4	static
../Core/Src/main.c:764:5:_gettimeofday	16	static
../Core/Src/main.c:781:13:waypoints_within_radius	56	static
../Core/Src/main.c:787:6:wayreceive	104	static,ignoring_inline_asm
../Core/Src/main.c:867:6:BSP_PB_Callback	48	static,ignoring_inline_asm
../Core/Src/main.c:891:6:StartDefaultTask	16	static
../Core/Src/main.c:906:6:Error_Handler	4	static,ignoring_inline_asm
