../Core/Src/main.c:111:5:main	16	static
../Core/Src/main.c:253:6:SystemClock_Config	120	static
../Core/Src/main.c:312:6:PeriphCommonClock_Config	200	static
../Core/Src/main.c:331:13:MX_ADC3_Init	40	static
../Core/Src/main.c:391:13:MX_I2C2_Init	8	static
../Core/Src/main.c:439:13:MX_USART2_UART_Init	8	static
../Core/Src/main.c:487:13:MX_GPIO_Init	56	static
../Core/Src/main.c:547:5:_write	24	static
../Core/Src/main.c:561:13:waypoints_within_radius	56	static
../Core/Src/main.c:567:6:wayreceive	112	static,ignoring_inline_asm
../Core/Src/main.c:641:6:StartDefaultTask	16	static
../Core/Src/main.c:656:6:Error_Handler	4	static,ignoring_inline_asm
