../Core/Src/main.c:140:13:filter_init	4	static
../Core/Src/main.c:146:8:wrap_to_pi	16	static
../Core/Src/main.c:156:22:BN0055heading_to_yaw	24	static
../Core/Src/main.c:163:13:control_reset_all	8	static
../Core/Src/main.c:186:20:rot	56	static
../Core/Src/main.c:194:20:robot_to_world	72	static
../Core/Src/main.c:205:7:averageVIN	24	static
../Core/Src/main.c:212:20:online_data	40	static
../Core/Src/main.c:234:20:compute_slips	88	static
../Core/Src/main.c:276:6:get_lidar	16	static
../Core/Src/main.c:313:5:main	16	static
../Core/Src/main.c:469:6:SystemClock_Config	120	static
../Core/Src/main.c:528:6:PeriphCommonClock_Config	200	static
../Core/Src/main.c:547:13:MX_I2C2_Init	8	static
../Core/Src/main.c:595:13:MX_UART5_Init	8	static
../Core/Src/main.c:643:13:MX_USART2_UART_Init	8	static
../Core/Src/main.c:689:13:MX_DMA_Init	16	static
../Core/Src/main.c:707:13:MX_GPIO_Init	48	static
../Core/Src/main.c:777:6:CONTROL	544	static,ignoring_inline_asm
../Core/Src/main.c:1297:5:_write	24	static
../Core/Src/main.c:1301:12:controller_loop	16	static
../Core/Src/main.c:1323:6:init_controller_weights	160	static
../Core/Src/main.c:1350:5:_gettimeofday	16	static
../Core/Src/main.c:1367:13:waypoints_within_radius	64	static
../Core/Src/main.c:1373:6:wayreceive	120	static,ignoring_inline_asm
../Core/Src/main.c:1529:6:BSP_PB_Callback	16	static
../Core/Src/main.c:1542:6:StartDefaultTask	16	static
../Core/Src/main.c:1557:6:Error_Handler	4	static,ignoring_inline_asm
