../Core/Src/main.c:139:13:filter_init	1
../Core/Src/main.c:145:8:wrap_to_pi	3
../Core/Src/main.c:155:22:BN0055heading_to_yaw	1
../Core/Src/main.c:162:13:control_reset_all	1
../Core/Src/main.c:184:20:rot	1
../Core/Src/main.c:192:20:robot_to_world	1
../Core/Src/main.c:203:7:averageVIN	2
../Core/Src/main.c:210:20:online_data	4
../Core/Src/main.c:232:20:compute_slips	5
../Core/Src/main.c:274:6:get_lidar	5
../Core/Src/main.c:311:5:main	8
../Core/Src/main.c:464:6:SystemClock_Config	4
../Core/Src/main.c:523:6:PeriphCommonClock_Config	2
../Core/Src/main.c:542:13:MX_I2C2_Init	4
../Core/Src/main.c:590:13:MX_UART5_Init	5
../Core/Src/main.c:638:13:MX_USART2_UART_Init	5
../Core/Src/main.c:684:13:MX_DMA_Init	1
../Core/Src/main.c:702:13:MX_GPIO_Init	1
../Core/Src/main.c:768:6:CONTROL	53
../Core/Src/main.c:1179:5:_write	1
../Core/Src/main.c:1183:12:controller_loop	4
../Core/Src/main.c:1205:6:init_controller_weights	5
../Core/Src/main.c:1232:5:_gettimeofday	2
../Core/Src/main.c:1249:13:waypoints_within_radius	1
../Core/Src/main.c:1255:6:wayreceive	28
../Core/Src/main.c:1411:6:BSP_PB_Callback	1
../Core/Src/main.c:1424:6:StartDefaultTask	1
../Core/Src/main.c:1439:6:Error_Handler	1
