../Core/Src/main.c:139:13:filter_init	4	static
../Core/Src/main.c:145:8:wrap_to_pi	16	static
../Core/Src/main.c:155:22:BN0055heading_to_yaw	24	static
../Core/Src/main.c:162:13:control_reset_all	8	static
../Core/Src/main.c:184:20:rot	56	static
../Core/Src/main.c:192:20:robot_to_world	72	static
../Core/Src/main.c:203:7:averageVIN	24	static
../Core/Src/main.c:210:20:online_data	40	static
../Core/Src/main.c:232:20:compute_slips	88	static
../Core/Src/main.c:274:6:get_lidar	16	static
../Core/Src/main.c:311:5:main	16	static
../Core/Src/main.c:464:6:SystemClock_Config	120	static
../Core/Src/main.c:523:6:PeriphCommonClock_Config	200	static
../Core/Src/main.c:542:13:MX_I2C2_Init	8	static
../Core/Src/main.c:590:13:MX_UART5_Init	8	static
../Core/Src/main.c:638:13:MX_USART2_UART_Init	8	static
../Core/Src/main.c:684:13:MX_DMA_Init	16	static
../Core/Src/main.c:702:13:MX_GPIO_Init	48	static
../Core/Src/main.c:768:6:CONTROL	456	static,ignoring_inline_asm
../Core/Src/main.c:1171:5:_write	24	static
../Core/Src/main.c:1175:12:controller_loop	16	static
../Core/Src/main.c:1197:6:init_controller_weights	160	static
../Core/Src/main.c:1224:5:_gettimeofday	16	static
../Core/Src/main.c:1241:13:waypoints_within_radius	64	static
../Core/Src/main.c:1247:6:wayreceive	120	static,ignoring_inline_asm
../Core/Src/main.c:1403:6:BSP_PB_Callback	16	static
../Core/Src/main.c:1416:6:StartDefaultTask	16	static
../Core/Src/main.c:1431:6:Error_Handler	4	static,ignoring_inline_asm
