../Core/Src/main.c:137:8:wrap_to_pi	16	static
../Core/Src/main.c:147:22:BN0055heading_to_yaw	24	static
../Core/Src/main.c:154:13:control_reset_all	8	static
../Core/Src/main.c:173:20:rot	56	static
../Core/Src/main.c:183:20:robot_to_world	72	static
../Core/Src/main.c:194:7:averageVIN	24	static
../Core/Src/main.c:201:20:online_data	40	static
../Core/Src/main.c:256:5:main	16	static
../Core/Src/main.c:409:6:SystemClock_Config	120	static
../Core/Src/main.c:468:6:PeriphCommonClock_Config	200	static
../Core/Src/main.c:487:13:MX_I2C2_Init	8	static
../Core/Src/main.c:535:13:MX_UART5_Init	8	static
../Core/Src/main.c:583:13:MX_USART2_UART_Init	8	static
../Core/Src/main.c:629:13:MX_DMA_Init	16	static
../Core/Src/main.c:642:13:MX_GPIO_Init	48	static
../Core/Src/main.c:707:6:CONTROL	320	static,ignoring_inline_asm
../Core/Src/main.c:879:5:_write	24	static
../Core/Src/main.c:883:12:controller_loop	16	static
../Core/Src/main.c:905:6:init_controller_weights	96	static
../Core/Src/main.c:931:13:filter_init	4	static
../Core/Src/main.c:938:5:_gettimeofday	16	static
../Core/Src/main.c:958:13:waypoints_within_radius	64	static
../Core/Src/main.c:964:6:wayreceive	128	static,ignoring_inline_asm
../Core/Src/main.c:1120:6:BSP_PB_Callback	48	static,ignoring_inline_asm
../Core/Src/main.c:1144:6:StartDefaultTask	16	static
../Core/Src/main.c:1159:6:Error_Handler	4	static,ignoring_inline_asm
