../Core/Src/main.c:103:5:main	16	static
../Core/Src/main.c:245:6:SystemClock_Config	120	static
../Core/Src/main.c:304:6:PeriphCommonClock_Config	200	static
../Core/Src/main.c:323:13:MX_ADC3_Init	40	static
../Core/Src/main.c:383:13:MX_I2C2_Init	8	static
../Core/Src/main.c:431:13:MX_USART2_UART_Init	8	static
../Core/Src/main.c:479:13:MX_GPIO_Init	56	static
../Core/Src/main.c:541:5:_write	24	static
../Core/Src/main.c:546:6:wayreceive	112	static,ignoring_inline_asm
../Core/Src/main.c:587:6:StartDefaultTask	16	static
../Core/Src/main.c:602:6:Error_Handler	4	static,ignoring_inline_asm
