../Core/Src/main.c:133:7:averageVIN	24	static
../Core/Src/main.c:195:5:main	16	static
../Core/Src/main.c:343:6:SystemClock_Config	120	static
../Core/Src/main.c:402:6:PeriphCommonClock_Config	200	static
../Core/Src/main.c:421:13:MX_I2C2_Init	8	static
../Core/Src/main.c:469:13:MX_USART2_UART_Init	8	static
../Core/Src/main.c:515:13:MX_DMA_Init	16	static
../Core/Src/main.c:528:13:MX_GPIO_Init	48	static
../Core/Src/main.c:595:6:CONTROL	144	static,ignoring_inline_asm
../Core/Src/main.c:689:5:_write	24	static
../Core/Src/main.c:693:13:controller_loop	16	static
../Core/Src/main.c:710:6:init_controller_weights	96	static
../Core/Src/main.c:736:13:filter_init	4	static
../Core/Src/main.c:743:5:_gettimeofday	16	static
../Core/Src/main.c:760:13:waypoints_within_radius	56	static
../Core/Src/main.c:766:6:wayreceive	104	static,ignoring_inline_asm
../Core/Src/main.c:844:6:BSP_PB_Callback	48	static,ignoring_inline_asm
../Core/Src/main.c:873:6:StartDefaultTask	16	static
../Core/Src/main.c:888:6:Error_Handler	4	static,ignoring_inline_asm
