../Core/Src/main.c:138:8:wrap_to_pi	16	static
../Core/Src/main.c:148:22:BN0055heading_to_yaw	24	static
../Core/Src/main.c:155:13:control_reset_all	8	static
../Core/Src/main.c:174:20:rot	56	static
../Core/Src/main.c:184:20:robot_to_world	72	static
../Core/Src/main.c:195:7:averageVIN	24	static
../Core/Src/main.c:202:20:online_data	40	static
../Core/Src/main.c:266:6:get_lidar	16	static
../Core/Src/main.c:301:5:main	16	static
../Core/Src/main.c:454:6:SystemClock_Config	120	static
../Core/Src/main.c:513:6:PeriphCommonClock_Config	200	static
../Core/Src/main.c:532:13:MX_I2C2_Init	8	static
../Core/Src/main.c:580:13:MX_UART5_Init	8	static
../Core/Src/main.c:628:13:MX_USART2_UART_Init	8	static
../Core/Src/main.c:674:13:MX_DMA_Init	16	static
../Core/Src/main.c:692:13:MX_GPIO_Init	48	static
../Core/Src/main.c:757:6:CONTROL	352	static,ignoring_inline_asm
../Core/Src/main.c:1003:5:_write	24	static
../Core/Src/main.c:1007:12:controller_loop	16	static
../Core/Src/main.c:1029:6:init_controller_weights	160	static
../Core/Src/main.c:1055:13:filter_init	4	static
../Core/Src/main.c:1062:5:_gettimeofday	16	static
../Core/Src/main.c:1082:13:waypoints_within_radius	64	static
../Core/Src/main.c:1088:6:wayreceive	128	static,ignoring_inline_asm
../Core/Src/main.c:1244:6:BSP_PB_Callback	48	static,ignoring_inline_asm
../Core/Src/main.c:1268:6:StartDefaultTask	16	static
../Core/Src/main.c:1283:6:Error_Handler	4	static,ignoring_inline_asm
