../Core/Src/main.c:136:20:rot	56	static
../Core/Src/main.c:146:20:robot_to_world	72	static
../Core/Src/main.c:157:7:averageVIN	24	static
../Core/Src/main.c:164:20:online_data	40	static
../Core/Src/main.c:186:20:compute_slips	80	static
../Core/Src/main.c:219:5:main	16	static
../Core/Src/main.c:368:6:SystemClock_Config	120	static
../Core/Src/main.c:427:6:PeriphCommonClock_Config	200	static
../Core/Src/main.c:446:13:MX_I2C2_Init	8	static
../Core/Src/main.c:494:13:MX_UART5_Init	8	static
../Core/Src/main.c:542:13:MX_USART2_UART_Init	8	static
../Core/Src/main.c:588:13:MX_DMA_Init	16	static
../Core/Src/main.c:601:13:MX_GPIO_Init	48	static
../Core/Src/main.c:667:6:CONTROL	264	static,ignoring_inline_asm
../Core/Src/main.c:785:5:_write	24	static
../Core/Src/main.c:789:13:controller_loop	16	static
../Core/Src/main.c:806:6:init_controller_weights	96	static
../Core/Src/main.c:832:13:filter_init	4	static
../Core/Src/main.c:839:5:_gettimeofday	16	static
../Core/Src/main.c:856:13:waypoints_within_radius	56	static
../Core/Src/main.c:862:6:wayreceive	104	static,ignoring_inline_asm
../Core/Src/main.c:942:6:BSP_PB_Callback	48	static,ignoring_inline_asm
../Core/Src/main.c:966:6:StartDefaultTask	16	static
../Core/Src/main.c:981:6:Error_Handler	4	static,ignoring_inline_asm
