../Core/Src/main.c:141:13:filter_init	1
../Core/Src/main.c:148:8:wrap_to_pi	3
../Core/Src/main.c:158:22:BN0055heading_to_yaw	1
../Core/Src/main.c:165:13:control_reset_all	1
../Core/Src/main.c:188:20:rot	1
../Core/Src/main.c:196:20:robot_to_world	1
../Core/Src/main.c:207:7:averageVIN	2
../Core/Src/main.c:214:20:online_data	4
../Core/Src/main.c:236:20:compute_slips	5
../Core/Src/main.c:278:6:get_lidar	5
../Core/Src/main.c:315:5:main	8
../Core/Src/main.c:472:6:SystemClock_Config	4
../Core/Src/main.c:531:6:PeriphCommonClock_Config	2
../Core/Src/main.c:550:13:MX_I2C2_Init	4
../Core/Src/main.c:598:13:MX_UART5_Init	5
../Core/Src/main.c:646:13:MX_USART2_UART_Init	5
../Core/Src/main.c:692:13:MX_DMA_Init	1
../Core/Src/main.c:710:13:MX_GPIO_Init	1
../Core/Src/main.c:777:6:CONTROL	66
../Core/Src/main.c:1239:5:_write	1
../Core/Src/main.c:1243:12:controller_loop	4
../Core/Src/main.c:1265:6:init_controller_weights	5
../Core/Src/main.c:1292:5:_gettimeofday	2
../Core/Src/main.c:1309:13:waypoints_within_radius	1
../Core/Src/main.c:1315:6:wayreceive	28
../Core/Src/main.c:1471:6:BSP_PB_Callback	1
../Core/Src/main.c:1484:6:StartDefaultTask	1
../Core/Src/main.c:1499:6:Error_Handler	1
