../Core/Src/main.c:136:13:control_reset_all	8	static
../Core/Src/main.c:153:20:rot	56	static
../Core/Src/main.c:163:20:robot_to_world	72	static
../Core/Src/main.c:174:7:averageVIN	24	static
../Core/Src/main.c:181:20:online_data	40	static
../Core/Src/main.c:203:20:compute_slips	80	static
../Core/Src/main.c:236:5:main	16	static
../Core/Src/main.c:387:6:SystemClock_Config	120	static
../Core/Src/main.c:446:6:PeriphCommonClock_Config	200	static
../Core/Src/main.c:465:13:MX_I2C2_Init	8	static
../Core/Src/main.c:513:13:MX_UART5_Init	8	static
../Core/Src/main.c:561:13:MX_USART2_UART_Init	8	static
../Core/Src/main.c:607:13:MX_DMA_Init	16	static
../Core/Src/main.c:620:13:MX_GPIO_Init	48	static
../Core/Src/main.c:685:6:CONTROL	344	static,ignoring_inline_asm
../Core/Src/main.c:819:5:_write	24	static
../Core/Src/main.c:823:13:controller_loop	16	static
../Core/Src/main.c:840:6:init_controller_weights	96	static
../Core/Src/main.c:866:13:filter_init	4	static
../Core/Src/main.c:873:5:_gettimeofday	16	static
../Core/Src/main.c:893:13:waypoints_within_radius	64	static
../Core/Src/main.c:899:6:wayreceive	128	static,ignoring_inline_asm
../Core/Src/main.c:1036:6:BSP_PB_Callback	48	static,ignoring_inline_asm
../Core/Src/main.c:1060:6:StartDefaultTask	16	static
../Core/Src/main.c:1075:6:Error_Handler	4	static,ignoring_inline_asm
