../Core/Src/main.c:138:8:wrap_to_pi	16	static
../Core/Src/main.c:148:22:BN0055heading_to_yaw	24	static
../Core/Src/main.c:155:13:control_reset_all	8	static
../Core/Src/main.c:174:20:rot	56	static
../Core/Src/main.c:184:20:robot_to_world	72	static
../Core/Src/main.c:195:7:averageVIN	24	static
../Core/Src/main.c:202:20:online_data	40	static
../Core/Src/main.c:266:6:get_lidar	16	static
../Core/Src/main.c:303:5:main	16	static
../Core/Src/main.c:456:6:SystemClock_Config	120	static
../Core/Src/main.c:515:6:PeriphCommonClock_Config	200	static
../Core/Src/main.c:534:13:MX_I2C2_Init	8	static
../Core/Src/main.c:582:13:MX_UART5_Init	8	static
../Core/Src/main.c:630:13:MX_USART2_UART_Init	8	static
../Core/Src/main.c:676:13:MX_DMA_Init	16	static
../Core/Src/main.c:694:13:MX_GPIO_Init	48	static
../Core/Src/main.c:759:6:CONTROL	440	static,ignoring_inline_asm
../Core/Src/main.c:1115:5:_write	24	static
../Core/Src/main.c:1119:12:controller_loop	16	static
../Core/Src/main.c:1141:6:init_controller_weights	160	static
../Core/Src/main.c:1167:13:filter_init	4	static
../Core/Src/main.c:1174:5:_gettimeofday	16	static
../Core/Src/main.c:1191:13:waypoints_within_radius	64	static
../Core/Src/main.c:1197:6:wayreceive	120	static,ignoring_inline_asm
../Core/Src/main.c:1353:6:BSP_PB_Callback	16	static
../Core/Src/main.c:1366:6:StartDefaultTask	16	static
../Core/Src/main.c:1381:6:Error_Handler	4	static,ignoring_inline_asm
