../Core/Src/main.c:138:8:wrap_to_pi	16	static
../Core/Src/main.c:148:22:BN0055heading_to_yaw	24	static
../Core/Src/main.c:155:13:control_reset_all	8	static
../Core/Src/main.c:177:20:rot	56	static
../Core/Src/main.c:187:20:robot_to_world	72	static
../Core/Src/main.c:198:7:averageVIN	24	static
../Core/Src/main.c:205:20:online_data	40	static
../Core/Src/main.c:269:6:get_lidar	16	static
../Core/Src/main.c:306:5:main	16	static
../Core/Src/main.c:458:6:SystemClock_Config	120	static
../Core/Src/main.c:517:6:PeriphCommonClock_Config	200	static
../Core/Src/main.c:536:13:MX_I2C2_Init	8	static
../Core/Src/main.c:584:13:MX_UART5_Init	8	static
../Core/Src/main.c:632:13:MX_USART2_UART_Init	8	static
../Core/Src/main.c:678:13:MX_DMA_Init	16	static
../Core/Src/main.c:696:13:MX_GPIO_Init	48	static
../Core/Src/main.c:762:6:CONTROL	352	static,ignoring_inline_asm
../Core/Src/main.c:1136:5:_write	24	static
../Core/Src/main.c:1140:12:controller_loop	16	static
../Core/Src/main.c:1162:6:init_controller_weights	160	static
../Core/Src/main.c:1188:13:filter_init	4	static
../Core/Src/main.c:1195:5:_gettimeofday	16	static
../Core/Src/main.c:1212:13:waypoints_within_radius	64	static
../Core/Src/main.c:1218:6:wayreceive	120	static,ignoring_inline_asm
../Core/Src/main.c:1374:6:BSP_PB_Callback	16	static
../Core/Src/main.c:1387:6:StartDefaultTask	16	static
../Core/Src/main.c:1402:6:Error_Handler	4	static,ignoring_inline_asm
