../Core/Src/main.c:137:8:wrap_to_pi	16	static
../Core/Src/main.c:147:22:BN0055heading_to_yaw	24	static
../Core/Src/main.c:154:13:control_reset_all	8	static
../Core/Src/main.c:173:20:rot	56	static
../Core/Src/main.c:183:20:robot_to_world	72	static
../Core/Src/main.c:194:7:averageVIN	24	static
../Core/Src/main.c:201:20:online_data	40	static
../Core/Src/main.c:223:20:compute_slips	80	static
../Core/Src/main.c:256:5:main	16	static
../Core/Src/main.c:409:6:SystemClock_Config	120	static
../Core/Src/main.c:468:6:PeriphCommonClock_Config	200	static
../Core/Src/main.c:487:13:MX_I2C2_Init	8	static
../Core/Src/main.c:535:13:MX_UART5_Init	8	static
../Core/Src/main.c:583:13:MX_USART2_UART_Init	8	static
../Core/Src/main.c:629:13:MX_DMA_Init	16	static
../Core/Src/main.c:642:13:MX_GPIO_Init	48	static
../Core/Src/main.c:707:6:CONTROL	312	static,ignoring_inline_asm
../Core/Src/main.c:866:5:_write	24	static
../Core/Src/main.c:870:13:controller_loop	16	static
../Core/Src/main.c:896:6:init_controller_weights	96	static
../Core/Src/main.c:922:13:filter_init	4	static
../Core/Src/main.c:929:5:_gettimeofday	16	static
../Core/Src/main.c:949:13:waypoints_within_radius	64	static
../Core/Src/main.c:955:6:wayreceive	120	static,ignoring_inline_asm
../Core/Src/main.c:1108:6:BSP_PB_Callback	48	static,ignoring_inline_asm
../Core/Src/main.c:1132:6:StartDefaultTask	16	static
../Core/Src/main.c:1147:6:Error_Handler	4	static,ignoring_inline_asm
