../Core/Src/main.c:187:5:main	16	static
../Core/Src/main.c:335:6:SystemClock_Config	120	static
../Core/Src/main.c:394:6:PeriphCommonClock_Config	200	static
../Core/Src/main.c:413:13:MX_I2C2_Init	8	static
../Core/Src/main.c:461:13:MX_USART2_UART_Init	8	static
../Core/Src/main.c:507:13:MX_DMA_Init	16	static
../Core/Src/main.c:520:13:MX_GPIO_Init	48	static
../Core/Src/main.c:585:6:CONTROL	104	static,ignoring_inline_asm
../Core/Src/main.c:665:5:_write	24	static
../Core/Src/main.c:669:13:controller_loop	16	static
../Core/Src/main.c:686:6:init_controller_weights	96	static
../Core/Src/main.c:712:13:filter_init	4	static
../Core/Src/main.c:719:5:_gettimeofday	16	static
../Core/Src/main.c:736:13:waypoints_within_radius	56	static
../Core/Src/main.c:742:6:wayreceive	112	static,ignoring_inline_asm
../Core/Src/main.c:820:6:BSP_PB_Callback	48	static,ignoring_inline_asm
../Core/Src/main.c:849:6:StartDefaultTask	16	static
../Core/Src/main.c:864:6:Error_Handler	4	static,ignoring_inline_asm
