../Core/Src/main.c:111:5:main	16	static
../Core/Src/main.c:253:6:SystemClock_Config	120	static
../Core/Src/main.c:312:6:PeriphCommonClock_Config	200	static
../Core/Src/main.c:331:13:MX_I2C2_Init	8	static
../Core/Src/main.c:379:13:MX_USART2_UART_Init	8	static
../Core/Src/main.c:425:13:MX_DMA_Init	16	static
../Core/Src/main.c:438:13:MX_GPIO_Init	48	static
../Core/Src/main.c:498:5:_write	24	static
../Core/Src/main.c:512:13:waypoints_within_radius	56	static
../Core/Src/main.c:518:6:wayreceive	120	static,ignoring_inline_asm
../Core/Src/main.c:595:6:BSP_PB_Callback	48	static,ignoring_inline_asm
../Core/Src/main.c:624:6:StartDefaultTask	16	static
../Core/Src/main.c:639:6:Error_Handler	4	static,ignoring_inline_asm
