../Core/Src/main.c:102:5:main	16	static
../Core/Src/main.c:244:6:SystemClock_Config	120	static
../Core/Src/main.c:303:6:PeriphCommonClock_Config	200	static
../Core/Src/main.c:322:13:MX_ADC3_Init	40	static
../Core/Src/main.c:382:13:MX_I2C2_Init	8	static
../Core/Src/main.c:430:13:MX_USART2_UART_Init	8	static
../Core/Src/main.c:478:13:MX_GPIO_Init	56	static
../Core/Src/main.c:540:5:_write	24	static
../Core/Src/main.c:544:6:wayreceive	88	static,ignoring_inline_asm
../Core/Src/main.c:577:6:StartDefaultTask	16	static
../Core/Src/main.c:592:6:Error_Handler	4	static,ignoring_inline_asm
