../Core/Src/main.c:141:13:filter_init	4	static
../Core/Src/main.c:148:8:wrap_to_pi	16	static
../Core/Src/main.c:158:22:BN0055heading_to_yaw	24	static
../Core/Src/main.c:165:13:control_reset_all	8	static
../Core/Src/main.c:188:20:rot	56	static
../Core/Src/main.c:196:20:robot_to_world	72	static
../Core/Src/main.c:207:7:averageVIN	24	static
../Core/Src/main.c:214:20:online_data	40	static
../Core/Src/main.c:236:20:compute_slips	88	static
../Core/Src/main.c:278:6:get_lidar	16	static
../Core/Src/main.c:315:5:main	16	static
../Core/Src/main.c:472:6:SystemClock_Config	120	static
../Core/Src/main.c:531:6:PeriphCommonClock_Config	200	static
../Core/Src/main.c:550:13:MX_I2C2_Init	8	static
../Core/Src/main.c:598:13:MX_UART5_Init	8	static
../Core/Src/main.c:646:13:MX_USART2_UART_Init	8	static
../Core/Src/main.c:692:13:MX_DMA_Init	16	static
../Core/Src/main.c:710:13:MX_GPIO_Init	48	static
../Core/Src/main.c:777:6:CONTROL	536	static,ignoring_inline_asm
../Core/Src/main.c:1239:5:_write	24	static
../Core/Src/main.c:1243:12:controller_loop	16	static
../Core/Src/main.c:1265:6:init_controller_weights	160	static
../Core/Src/main.c:1292:5:_gettimeofday	16	static
../Core/Src/main.c:1309:13:waypoints_within_radius	64	static
../Core/Src/main.c:1315:6:wayreceive	120	static,ignoring_inline_asm
../Core/Src/main.c:1471:6:BSP_PB_Callback	16	static
../Core/Src/main.c:1484:6:StartDefaultTask	16	static
../Core/Src/main.c:1499:6:Error_Handler	4	static,ignoring_inline_asm
