../Core/Src/main.c:99:5:main	16	static
../Core/Src/main.c:235:6:SystemClock_Config	120	static
../Core/Src/main.c:295:13:MX_USART2_UART_Init	8	static
../Core/Src/main.c:341:13:MX_DMA_Init	16	static
../Core/Src/main.c:359:13:MX_GPIO_Init	48	static
../Core/Src/main.c:419:5:_write	24	static
../Core/Src/main.c:437:6:BSP_PB_Callback	32	static,ignoring_inline_asm
../Core/Src/main.c:469:6:HAL_UART_RxCpltCallback	40	static,ignoring_inline_asm
../Core/Src/main.c:502:6:StartDefaultTask	48	static
../Core/Src/main.c:550:6:Error_Handler	4	static,ignoring_inline_asm
