2025-07-21 00:04:52,396 [INFO] NvicIntPanel:101 - NVIC parent = com.st.microxplorer.plugins.ip.nvic.MultiNvicIntPanel[,0,0,0x0,invalid,layout=javax.swing.BoxLayout,alignmentX=0.0,alignmentY=0.0,border=,flags=9,maximumSize=,minimumSize=,preferredSize=]
2025-07-21 00:04:53,282 [INFO] UtilMem:75 - End SaveConfig() Used Memory: 872401792 Bytes (1073741824)
2025-07-21 00:04:53,381 [INFO] UtilMem:75 - End SaveConfig() Used Memory: 892324736 Bytes (1073741824)
2025-07-21 00:04:53,974 [INFO] UtilMem:75 - End SaveConfig() Used Memory: 931122048 Bytes (1073741824)
2025-07-21 00:04:55,220 [ERROR] IocParser:95 - Exception caught: Cannot invoke "java.lang.CharSequence.length()" because "this.text" is null
2025-07-21 00:05:02,881 [INFO] BlockDiagram:2775 - set Specific Code input for plugin: FREERTOS
2025-07-21 00:05:02,881 [INFO] BlockDiagram:2775 - set Specific Code input for plugin: FREERTOS
2025-07-21 00:05:02,881 [INFO] BlockDiagram:2775 - set Specific Code input for plugin: RCC
2025-07-21 00:05:02,881 [INFO] BlockDiagram:2775 - set Specific Code input for plugin: USART
2025-07-21 00:05:02,881 [INFO] BlockDiagram:2775 - set Specific Code input for plugin: MEMORYMAP
2025-07-21 00:05:02,881 [INFO] BlockDiagram:2775 - set Specific Code input for plugin: SYS
2025-07-21 00:05:02,882 [INFO] BlockDiagram:2775 - set Specific Code input for plugin: DMA
2025-07-21 00:05:02,882 [INFO] BlockDiagram:2775 - set Specific Code input for plugin: NVIC2
2025-07-21 00:05:02,882 [INFO] BlockDiagram:2775 - set Specific Code input for plugin: GPIO
2025-07-21 00:05:02,882 [INFO] BlockDiagram:2775 - set Specific Code input for plugin: SYS_M4
2025-07-21 00:05:02,882 [INFO] BlockDiagram:2775 - set Specific Code input for plugin: NUCLEO-H755ZI-Q
2025-07-21 00:05:02,882 [INFO] BlockDiagram:2775 - set Specific Code input for plugin: NVIC1
2025-07-21 00:05:02,883 [INFO] CodeGenerator:892 - code generatio: config db path: C:\ST\STM32CubeIDE_1.19.0\STM32CubeIDE\plugins\com.st.stm32cube.common.mx_6.15.0.202507011659\\db\
2025-07-21 00:05:02,928 [ERROR] CodeGenerator:10662 - The current RTOS owner has not been found in the list of IPs
2025-07-21 00:05:02,928 [ERROR] CodeGenerator:10662 - The current RTOS owner has not been found in the list of IPs
2025-07-21 00:05:02,929 [INFO] CodeGenerator:1619 - *******************Project context M7 selected
2025-07-21 00:05:02,978 [INFO] CodeEngine:265 - oldGeneratedFile, C:\Users\nicks\STM32CubeIDE\workspace_1.19.0\AFR\WAYPOINTIFICATION\MXTmpFiles\license.tmp_save
2025-07-21 00:05:03,186 [INFO] CodeEngine:289 - Generated code: C:\Users\nicks\STM32CubeIDE\workspace_1.19.0\AFR\WAYPOINTIFICATION\MXTmpFiles\license.tmp
2025-07-21 00:05:03,301 [INFO] CodeEngine:265 - oldGeneratedFile, C:\Users\nicks\STM32CubeIDE\workspace_1.19.0\AFR\WAYPOINTIFICATION\CM7\MXTmpFiles\gpio.tmp_save
2025-07-21 00:05:03,400 [INFO] CodeEngine:289 - Generated code: C:\Users\nicks\STM32CubeIDE\workspace_1.19.0\AFR\WAYPOINTIFICATION\CM7\MXTmpFiles\gpio.tmp
2025-07-21 00:05:03,557 [WARN] IPConfigManager:103 - WARNING: Missing Config File for MEMORYMAP ip!!
2025-07-21 00:05:03,641 [WARN] IPConfigManager:103 - WARNING: Missing Config File for NVIC1 ip!!
2025-07-21 00:05:03,753 [ERROR] CodeGenerator:10662 - The current RTOS owner has not been found in the list of IPs
2025-07-21 00:05:03,760 [INFO] CodeEngine:265 - oldGeneratedFile, C:\Users\nicks\STM32CubeIDE\workspace_1.19.0\AFR\WAYPOINTIFICATION\CM7\MXTmpFiles\cortex.tmp_save
2025-07-21 00:05:03,816 [INFO] CodeEngine:289 - Generated code: C:\Users\nicks\STM32CubeIDE\workspace_1.19.0\AFR\WAYPOINTIFICATION\CM7\MXTmpFiles\cortex.tmp
2025-07-21 00:05:03,838 [INFO] CodeEngine:265 - oldGeneratedFile, C:\Users\nicks\STM32CubeIDE\workspace_1.19.0\AFR\WAYPOINTIFICATION\CM7\MXTmpFiles\dma.tmp_save
2025-07-21 00:05:03,887 [INFO] CodeEngine:289 - Generated code: C:\Users\nicks\STM32CubeIDE\workspace_1.19.0\AFR\WAYPOINTIFICATION\CM7\MXTmpFiles\dma.tmp
2025-07-21 00:05:03,891 [INFO] CodeEngine:265 - oldGeneratedFile, C:\Users\nicks\STM32CubeIDE\workspace_1.19.0\AFR\WAYPOINTIFICATION\CM7\MXTmpFiles\dma_GV.tmp_save
2025-07-21 00:05:03,932 [INFO] CodeEngine:289 - Generated code: C:\Users\nicks\STM32CubeIDE\workspace_1.19.0\AFR\WAYPOINTIFICATION\CM7\MXTmpFiles\dma_GV.tmp
2025-07-21 00:05:03,949 [INFO] Middleware:1452 - No code input for Bsp Dependency
2025-07-21 00:05:03,957 [INFO] CodeEngine:265 - oldGeneratedFile, C:\Users\nicks\STM32CubeIDE\workspace_1.19.0\AFR\WAYPOINTIFICATION\CM7\MXTmpFiles\rtos_inc.tmp_save
2025-07-21 00:05:04,002 [INFO] CodeEngine:289 - Generated code: C:\Users\nicks\STM32CubeIDE\workspace_1.19.0\AFR\WAYPOINTIFICATION\CM7\MXTmpFiles\rtos_inc.tmp
2025-07-21 00:05:04,006 [INFO] CodeEngine:265 - oldGeneratedFile, C:\Users\nicks\STM32CubeIDE\workspace_1.19.0\AFR\WAYPOINTIFICATION\CM7\MXTmpFiles\rtos_kernelInit.tmp_save
2025-07-21 00:05:04,054 [INFO] CodeEngine:289 - Generated code: C:\Users\nicks\STM32CubeIDE\workspace_1.19.0\AFR\WAYPOINTIFICATION\CM7\MXTmpFiles\rtos_kernelInit.tmp
2025-07-21 00:05:04,060 [INFO] CodeEngine:265 - oldGeneratedFile, C:\Users\nicks\STM32CubeIDE\workspace_1.19.0\AFR\WAYPOINTIFICATION\CM7\MXTmpFiles\rtos_kernelStart.tmp_save
2025-07-21 00:05:04,101 [INFO] CodeEngine:289 - Generated code: C:\Users\nicks\STM32CubeIDE\workspace_1.19.0\AFR\WAYPOINTIFICATION\CM7\MXTmpFiles\rtos_kernelStart.tmp
2025-07-21 00:05:04,106 [INFO] CodeEngine:265 - oldGeneratedFile, C:\Users\nicks\STM32CubeIDE\workspace_1.19.0\AFR\WAYPOINTIFICATION\CM7\MXTmpFiles\rtos_typedefs.tmp_save
2025-07-21 00:05:04,158 [INFO] CodeEngine:289 - Generated code: C:\Users\nicks\STM32CubeIDE\workspace_1.19.0\AFR\WAYPOINTIFICATION\CM7\MXTmpFiles\rtos_typedefs.tmp
2025-07-21 00:05:04,163 [INFO] CodeEngine:265 - oldGeneratedFile, C:\Users\nicks\STM32CubeIDE\workspace_1.19.0\AFR\WAYPOINTIFICATION\CM7\MXTmpFiles\rtos_vars.tmp_save
2025-07-21 00:05:04,206 [INFO] CodeEngine:289 - Generated code: C:\Users\nicks\STM32CubeIDE\workspace_1.19.0\AFR\WAYPOINTIFICATION\CM7\MXTmpFiles\rtos_vars.tmp
2025-07-21 00:05:04,211 [INFO] CodeEngine:265 - oldGeneratedFile, C:\Users\nicks\STM32CubeIDE\workspace_1.19.0\AFR\WAYPOINTIFICATION\CM7\MXTmpFiles\rtos_pfp.tmp_save
2025-07-21 00:05:04,256 [INFO] CodeEngine:289 - Generated code: C:\Users\nicks\STM32CubeIDE\workspace_1.19.0\AFR\WAYPOINTIFICATION\CM7\MXTmpFiles\rtos_pfp.tmp
2025-07-21 00:05:04,261 [INFO] CodeEngine:265 - oldGeneratedFile, C:\Users\nicks\STM32CubeIDE\workspace_1.19.0\AFR\WAYPOINTIFICATION\CM7\MXTmpFiles\rtos_obj_creat.tmp_save
2025-07-21 00:05:04,304 [INFO] CodeEngine:289 - Generated code: C:\Users\nicks\STM32CubeIDE\workspace_1.19.0\AFR\WAYPOINTIFICATION\CM7\MXTmpFiles\rtos_obj_creat.tmp
2025-07-21 00:05:04,309 [INFO] CodeEngine:265 - oldGeneratedFile, C:\Users\nicks\STM32CubeIDE\workspace_1.19.0\AFR\WAYPOINTIFICATION\CM7\MXTmpFiles\rtos_default_thread.tmp_save
2025-07-21 00:05:04,351 [INFO] CodeEngine:289 - Generated code: C:\Users\nicks\STM32CubeIDE\workspace_1.19.0\AFR\WAYPOINTIFICATION\CM7\MXTmpFiles\rtos_default_thread.tmp
2025-07-21 00:05:04,356 [INFO] CodeEngine:265 - oldGeneratedFile, C:\Users\nicks\STM32CubeIDE\workspace_1.19.0\AFR\WAYPOINTIFICATION\CM7\MXTmpFiles\rtos_threads.tmp_save
2025-07-21 00:05:04,396 [INFO] CodeEngine:289 - Generated code: C:\Users\nicks\STM32CubeIDE\workspace_1.19.0\AFR\WAYPOINTIFICATION\CM7\MXTmpFiles\rtos_threads.tmp
2025-07-21 00:05:04,402 [INFO] CodeEngine:265 - oldGeneratedFile, C:\Users\nicks\STM32CubeIDE\workspace_1.19.0\AFR\WAYPOINTIFICATION\CM7\Core\Inc\FreeRTOSConfig.h_save
2025-07-21 00:05:04,461 [INFO] CodeEngine:289 - Generated code: C:\Users\nicks\STM32CubeIDE\workspace_1.19.0\AFR\WAYPOINTIFICATION\CM7\Core\Inc\FreeRTOSConfig.h
2025-07-21 00:05:04,467 [INFO] CodeEngine:265 - oldGeneratedFile, C:\Users\nicks\STM32CubeIDE\workspace_1.19.0\AFR\WAYPOINTIFICATION\CM7\Core\Src\freertos.c_save
2025-07-21 00:05:04,517 [INFO] CodeEngine:289 - Generated code: C:\Users\nicks\STM32CubeIDE\workspace_1.19.0\AFR\WAYPOINTIFICATION\CM7\Core\Src\freertos.c
2025-07-21 00:05:04,540 [INFO] CodeEngine:265 - oldGeneratedFile, C:\Users\nicks\STM32CubeIDE\workspace_1.19.0\AFR\WAYPOINTIFICATION\CM7\Core\Inc\stm32h7xx_nucleo_conf.h_save
2025-07-21 00:05:04,584 [INFO] CodeEngine:289 - Generated code: C:\Users\nicks\STM32CubeIDE\workspace_1.19.0\AFR\WAYPOINTIFICATION\CM7\Core\Inc\stm32h7xx_nucleo_conf.h
2025-07-21 00:05:04,589 [INFO] CodeEngine:265 - oldGeneratedFile, C:\Users\nicks\STM32CubeIDE\workspace_1.19.0\AFR\WAYPOINTIFICATION\CM7\MXTmpFiles\bsp_inc.tmp_save
2025-07-21 00:05:04,628 [INFO] CodeEngine:289 - Generated code: C:\Users\nicks\STM32CubeIDE\workspace_1.19.0\AFR\WAYPOINTIFICATION\CM7\MXTmpFiles\bsp_inc.tmp
2025-07-21 00:05:04,633 [INFO] CodeEngine:265 - oldGeneratedFile, C:\Users\nicks\STM32CubeIDE\workspace_1.19.0\AFR\WAYPOINTIFICATION\CM7\MXTmpFiles\bsp_common_vars.tmp_save
2025-07-21 00:05:04,673 [INFO] CodeEngine:289 - Generated code: C:\Users\nicks\STM32CubeIDE\workspace_1.19.0\AFR\WAYPOINTIFICATION\CM7\MXTmpFiles\bsp_common_vars.tmp
2025-07-21 00:05:04,678 [INFO] CodeEngine:265 - oldGeneratedFile, C:\Users\nicks\STM32CubeIDE\workspace_1.19.0\AFR\WAYPOINTIFICATION\CM7\MXTmpFiles\bsp_common_init.tmp_save
2025-07-21 00:05:04,717 [INFO] CodeEngine:289 - Generated code: C:\Users\nicks\STM32CubeIDE\workspace_1.19.0\AFR\WAYPOINTIFICATION\CM7\MXTmpFiles\bsp_common_init.tmp
2025-07-21 00:05:04,722 [INFO] CodeEngine:265 - oldGeneratedFile, C:\Users\nicks\STM32CubeIDE\workspace_1.19.0\AFR\WAYPOINTIFICATION\CM7\MXTmpFiles\bsp_common_demo_before_while.tmp_save
2025-07-21 00:05:04,761 [INFO] CodeEngine:289 - Generated code: C:\Users\nicks\STM32CubeIDE\workspace_1.19.0\AFR\WAYPOINTIFICATION\CM7\MXTmpFiles\bsp_common_demo_before_while.tmp
2025-07-21 00:05:04,766 [INFO] CodeEngine:265 - oldGeneratedFile, C:\Users\nicks\STM32CubeIDE\workspace_1.19.0\AFR\WAYPOINTIFICATION\CM7\MXTmpFiles\bsp_common_demo_inside_while.tmp_save
2025-07-21 00:05:04,806 [INFO] CodeEngine:289 - Generated code: C:\Users\nicks\STM32CubeIDE\workspace_1.19.0\AFR\WAYPOINTIFICATION\CM7\MXTmpFiles\bsp_common_demo_inside_while.tmp
2025-07-21 00:05:04,811 [INFO] CodeEngine:265 - oldGeneratedFile, C:\Users\nicks\STM32CubeIDE\workspace_1.19.0\AFR\WAYPOINTIFICATION\CM7\MXTmpFiles\bsp_common_demo_fct.tmp_save
2025-07-21 00:05:04,850 [INFO] CodeEngine:289 - Generated code: C:\Users\nicks\STM32CubeIDE\workspace_1.19.0\AFR\WAYPOINTIFICATION\CM7\MXTmpFiles\bsp_common_demo_fct.tmp
2025-07-21 00:05:04,869 [INFO] CodeEngine:265 - oldGeneratedFile, C:\Users\nicks\STM32CubeIDE\workspace_1.19.0\AFR\WAYPOINTIFICATION\CM7\Core\Src\stm32h7xx_it.c_save
2025-07-21 00:05:04,942 [INFO] CodeEngine:289 - Generated code: C:\Users\nicks\STM32CubeIDE\workspace_1.19.0\AFR\WAYPOINTIFICATION\CM7\Core\Src\stm32h7xx_it.c
2025-07-21 00:05:04,948 [INFO] CodeEngine:265 - oldGeneratedFile, C:\Users\nicks\STM32CubeIDE\workspace_1.19.0\AFR\WAYPOINTIFICATION\CM7\Core\Inc\stm32h7xx_it.h_save
2025-07-21 00:05:04,994 [INFO] CodeEngine:289 - Generated code: C:\Users\nicks\STM32CubeIDE\workspace_1.19.0\AFR\WAYPOINTIFICATION\CM7\Core\Inc\stm32h7xx_it.h
2025-07-21 00:05:05,075 [INFO] CodeEngine:265 - oldGeneratedFile, C:\Users\nicks\STM32CubeIDE\workspace_1.19.0\AFR\WAYPOINTIFICATION\CM7\Core\Src\stm32h7xx_hal_msp.c_save
2025-07-21 00:05:05,153 [INFO] CodeEngine:289 - Generated code: C:\Users\nicks\STM32CubeIDE\workspace_1.19.0\AFR\WAYPOINTIFICATION\CM7\Core\Src\stm32h7xx_hal_msp.c
2025-07-21 00:05:05,158 [INFO] CodeEngine:265 - oldGeneratedFile, C:\Users\nicks\STM32CubeIDE\workspace_1.19.0\AFR\WAYPOINTIFICATION\CM7\MXTmpFiles\system.tmp_save
2025-07-21 00:05:05,198 [INFO] CodeEngine:289 - Generated code: C:\Users\nicks\STM32CubeIDE\workspace_1.19.0\AFR\WAYPOINTIFICATION\CM7\MXTmpFiles\system.tmp
2025-07-21 00:05:05,210 [INFO] CodeEngine:321 - oldGeneratedFile, C:\Users\nicks\STM32CubeIDE\workspace_1.19.0\AFR\WAYPOINTIFICATION\CM7\Core\Inc\stm32h7xx_hal_conf.h_save
2025-07-21 00:05:05,258 [INFO] CodeEngine:345 - Generated code: C:\Users\nicks\STM32CubeIDE\workspace_1.19.0\AFR\WAYPOINTIFICATION\CM7\Core\Inc\stm32h7xx_hal_conf.h
2025-07-21 00:05:05,296 [INFO] ApiDbMcu:532 - Load IP Config File for USART2
2025-07-21 00:05:05,298 [INFO] ApiDbMcu:532 - Load IP Config File for RCC
2025-07-21 00:05:05,300 [WARN] IPConfigManager:3811 - IP not found : NVIC
2025-07-21 00:05:05,302 [WARN] CodeGenerator:4259 - IP not found : null
2025-07-21 00:05:05,309 [INFO] CodeEngine:265 - oldGeneratedFile, C:\Users\nicks\STM32CubeIDE\workspace_1.19.0\AFR\WAYPOINTIFICATION\CM7\Core\Inc\main.h_save
2025-07-21 00:05:05,368 [INFO] CodeEngine:289 - Generated code: C:\Users\nicks\STM32CubeIDE\workspace_1.19.0\AFR\WAYPOINTIFICATION\CM7\Core\Inc\main.h
2025-07-21 00:05:05,374 [INFO] CodeEngine:265 - oldGeneratedFile, C:\Users\nicks\STM32CubeIDE\workspace_1.19.0\AFR\WAYPOINTIFICATION\CM7\Core\Src\main.c_save
2025-07-21 00:05:05,480 [INFO] CodeEngine:289 - Generated code: C:\Users\nicks\STM32CubeIDE\workspace_1.19.0\AFR\WAYPOINTIFICATION\CM7\Core\Src\main.c
2025-07-21 00:05:05,537 [INFO] CodeGenerator:1619 - *******************Project context M4 selected
2025-07-21 00:05:05,585 [INFO] CodeEngine:265 - oldGeneratedFile, C:\Users\nicks\STM32CubeIDE\workspace_1.19.0\AFR\WAYPOINTIFICATION\MXTmpFiles\license.tmp_save
2025-07-21 00:05:05,645 [INFO] CodeEngine:289 - Generated code: C:\Users\nicks\STM32CubeIDE\workspace_1.19.0\AFR\WAYPOINTIFICATION\MXTmpFiles\license.tmp
2025-07-21 00:05:05,669 [WARN] IPConfigManager:103 - WARNING: Missing Config File for NVIC2 ip!!
2025-07-21 00:05:05,673 [ERROR] CodeGenerator:10662 - The current RTOS owner has not been found in the list of IPs
2025-07-21 00:05:05,679 [INFO] CodeEngine:265 - oldGeneratedFile, C:\Users\nicks\STM32CubeIDE\workspace_1.19.0\AFR\WAYPOINTIFICATION\CM4\MXTmpFiles\cortex.tmp_save
2025-07-21 00:05:05,720 [INFO] CodeEngine:289 - Generated code: C:\Users\nicks\STM32CubeIDE\workspace_1.19.0\AFR\WAYPOINTIFICATION\CM4\MXTmpFiles\cortex.tmp
2025-07-21 00:05:05,731 [INFO] CodeEngine:265 - oldGeneratedFile, C:\Users\nicks\STM32CubeIDE\workspace_1.19.0\AFR\WAYPOINTIFICATION\CM4\MXTmpFiles\dma.tmp_save
2025-07-21 00:05:05,772 [INFO] CodeEngine:289 - Generated code: C:\Users\nicks\STM32CubeIDE\workspace_1.19.0\AFR\WAYPOINTIFICATION\CM4\MXTmpFiles\dma.tmp
2025-07-21 00:05:05,777 [INFO] CodeEngine:265 - oldGeneratedFile, C:\Users\nicks\STM32CubeIDE\workspace_1.19.0\AFR\WAYPOINTIFICATION\CM4\MXTmpFiles\dma_GV.tmp_save
2025-07-21 00:05:05,816 [INFO] CodeEngine:289 - Generated code: C:\Users\nicks\STM32CubeIDE\workspace_1.19.0\AFR\WAYPOINTIFICATION\CM4\MXTmpFiles\dma_GV.tmp
2025-07-21 00:05:05,834 [INFO] Middleware:1452 - No code input for Bsp Dependency
2025-07-21 00:05:05,840 [INFO] CodeEngine:265 - oldGeneratedFile, C:\Users\nicks\STM32CubeIDE\workspace_1.19.0\AFR\WAYPOINTIFICATION\CM4\MXTmpFiles\rtos_inc.tmp_save
2025-07-21 00:05:05,880 [INFO] CodeEngine:289 - Generated code: C:\Users\nicks\STM32CubeIDE\workspace_1.19.0\AFR\WAYPOINTIFICATION\CM4\MXTmpFiles\rtos_inc.tmp
2025-07-21 00:05:05,885 [INFO] CodeEngine:265 - oldGeneratedFile, C:\Users\nicks\STM32CubeIDE\workspace_1.19.0\AFR\WAYPOINTIFICATION\CM4\MXTmpFiles\rtos_kernelInit.tmp_save
2025-07-21 00:05:05,924 [INFO] CodeEngine:289 - Generated code: C:\Users\nicks\STM32CubeIDE\workspace_1.19.0\AFR\WAYPOINTIFICATION\CM4\MXTmpFiles\rtos_kernelInit.tmp
2025-07-21 00:05:05,929 [INFO] CodeEngine:265 - oldGeneratedFile, C:\Users\nicks\STM32CubeIDE\workspace_1.19.0\AFR\WAYPOINTIFICATION\CM4\MXTmpFiles\rtos_kernelStart.tmp_save
2025-07-21 00:05:05,969 [INFO] CodeEngine:289 - Generated code: C:\Users\nicks\STM32CubeIDE\workspace_1.19.0\AFR\WAYPOINTIFICATION\CM4\MXTmpFiles\rtos_kernelStart.tmp
2025-07-21 00:05:05,974 [INFO] CodeEngine:265 - oldGeneratedFile, C:\Users\nicks\STM32CubeIDE\workspace_1.19.0\AFR\WAYPOINTIFICATION\CM4\MXTmpFiles\rtos_typedefs.tmp_save
2025-07-21 00:05:06,015 [INFO] CodeEngine:289 - Generated code: C:\Users\nicks\STM32CubeIDE\workspace_1.19.0\AFR\WAYPOINTIFICATION\CM4\MXTmpFiles\rtos_typedefs.tmp
2025-07-21 00:05:06,020 [INFO] CodeEngine:265 - oldGeneratedFile, C:\Users\nicks\STM32CubeIDE\workspace_1.19.0\AFR\WAYPOINTIFICATION\CM4\MXTmpFiles\rtos_vars.tmp_save
2025-07-21 00:05:06,061 [INFO] CodeEngine:289 - Generated code: C:\Users\nicks\STM32CubeIDE\workspace_1.19.0\AFR\WAYPOINTIFICATION\CM4\MXTmpFiles\rtos_vars.tmp
2025-07-21 00:05:06,066 [INFO] CodeEngine:265 - oldGeneratedFile, C:\Users\nicks\STM32CubeIDE\workspace_1.19.0\AFR\WAYPOINTIFICATION\CM4\MXTmpFiles\rtos_pfp.tmp_save
2025-07-21 00:05:06,105 [INFO] CodeEngine:289 - Generated code: C:\Users\nicks\STM32CubeIDE\workspace_1.19.0\AFR\WAYPOINTIFICATION\CM4\MXTmpFiles\rtos_pfp.tmp
2025-07-21 00:05:06,109 [INFO] CodeEngine:265 - oldGeneratedFile, C:\Users\nicks\STM32CubeIDE\workspace_1.19.0\AFR\WAYPOINTIFICATION\CM4\MXTmpFiles\rtos_obj_creat.tmp_save
2025-07-21 00:05:06,150 [INFO] CodeEngine:289 - Generated code: C:\Users\nicks\STM32CubeIDE\workspace_1.19.0\AFR\WAYPOINTIFICATION\CM4\MXTmpFiles\rtos_obj_creat.tmp
2025-07-21 00:05:06,155 [INFO] CodeEngine:265 - oldGeneratedFile, C:\Users\nicks\STM32CubeIDE\workspace_1.19.0\AFR\WAYPOINTIFICATION\CM4\MXTmpFiles\rtos_default_thread.tmp_save
2025-07-21 00:05:06,195 [INFO] CodeEngine:289 - Generated code: C:\Users\nicks\STM32CubeIDE\workspace_1.19.0\AFR\WAYPOINTIFICATION\CM4\MXTmpFiles\rtos_default_thread.tmp
2025-07-21 00:05:06,199 [INFO] CodeEngine:265 - oldGeneratedFile, C:\Users\nicks\STM32CubeIDE\workspace_1.19.0\AFR\WAYPOINTIFICATION\CM4\MXTmpFiles\rtos_threads.tmp_save
2025-07-21 00:05:06,237 [INFO] CodeEngine:289 - Generated code: C:\Users\nicks\STM32CubeIDE\workspace_1.19.0\AFR\WAYPOINTIFICATION\CM4\MXTmpFiles\rtos_threads.tmp
2025-07-21 00:05:06,242 [INFO] CodeEngine:265 - oldGeneratedFile, C:\Users\nicks\STM32CubeIDE\workspace_1.19.0\AFR\WAYPOINTIFICATION\CM4\Core\Inc\FreeRTOSConfig.h_save
2025-07-21 00:05:06,295 [INFO] CodeEngine:289 - Generated code: C:\Users\nicks\STM32CubeIDE\workspace_1.19.0\AFR\WAYPOINTIFICATION\CM4\Core\Inc\FreeRTOSConfig.h
2025-07-21 00:05:06,301 [INFO] CodeEngine:265 - oldGeneratedFile, C:\Users\nicks\STM32CubeIDE\workspace_1.19.0\AFR\WAYPOINTIFICATION\CM4\Core\Src\freertos.c_save
2025-07-21 00:05:06,346 [INFO] CodeEngine:289 - Generated code: C:\Users\nicks\STM32CubeIDE\workspace_1.19.0\AFR\WAYPOINTIFICATION\CM4\Core\Src\freertos.c
2025-07-21 00:05:06,368 [INFO] CodeEngine:265 - oldGeneratedFile, C:\Users\nicks\STM32CubeIDE\workspace_1.19.0\AFR\WAYPOINTIFICATION\CM4\Core\Inc\stm32h7xx_nucleo_conf.h_save
2025-07-21 00:05:06,410 [INFO] CodeEngine:289 - Generated code: C:\Users\nicks\STM32CubeIDE\workspace_1.19.0\AFR\WAYPOINTIFICATION\CM4\Core\Inc\stm32h7xx_nucleo_conf.h
2025-07-21 00:05:06,415 [INFO] CodeEngine:265 - oldGeneratedFile, C:\Users\nicks\STM32CubeIDE\workspace_1.19.0\AFR\WAYPOINTIFICATION\CM4\MXTmpFiles\bsp_inc.tmp_save
2025-07-21 00:05:06,453 [INFO] CodeEngine:289 - Generated code: C:\Users\nicks\STM32CubeIDE\workspace_1.19.0\AFR\WAYPOINTIFICATION\CM4\MXTmpFiles\bsp_inc.tmp
2025-07-21 00:05:06,470 [INFO] CodeEngine:265 - oldGeneratedFile, C:\Users\nicks\STM32CubeIDE\workspace_1.19.0\AFR\WAYPOINTIFICATION\CM4\Core\Src\stm32h7xx_it.c_save
2025-07-21 00:05:06,517 [INFO] CodeEngine:289 - Generated code: C:\Users\nicks\STM32CubeIDE\workspace_1.19.0\AFR\WAYPOINTIFICATION\CM4\Core\Src\stm32h7xx_it.c
2025-07-21 00:05:06,523 [INFO] CodeEngine:265 - oldGeneratedFile, C:\Users\nicks\STM32CubeIDE\workspace_1.19.0\AFR\WAYPOINTIFICATION\CM4\Core\Inc\stm32h7xx_it.h_save
2025-07-21 00:05:06,568 [INFO] CodeEngine:289 - Generated code: C:\Users\nicks\STM32CubeIDE\workspace_1.19.0\AFR\WAYPOINTIFICATION\CM4\Core\Inc\stm32h7xx_it.h
2025-07-21 00:05:06,593 [INFO] CodeEngine:265 - oldGeneratedFile, C:\Users\nicks\STM32CubeIDE\workspace_1.19.0\AFR\WAYPOINTIFICATION\CM4\Core\Src\stm32h7xx_hal_msp.c_save
2025-07-21 00:05:06,652 [INFO] CodeEngine:289 - Generated code: C:\Users\nicks\STM32CubeIDE\workspace_1.19.0\AFR\WAYPOINTIFICATION\CM4\Core\Src\stm32h7xx_hal_msp.c
2025-07-21 00:05:06,657 [INFO] CodeEngine:265 - oldGeneratedFile, C:\Users\nicks\STM32CubeIDE\workspace_1.19.0\AFR\WAYPOINTIFICATION\CM4\MXTmpFiles\system.tmp_save
2025-07-21 00:05:06,696 [INFO] CodeEngine:289 - Generated code: C:\Users\nicks\STM32CubeIDE\workspace_1.19.0\AFR\WAYPOINTIFICATION\CM4\MXTmpFiles\system.tmp
2025-07-21 00:05:06,707 [INFO] CodeEngine:321 - oldGeneratedFile, C:\Users\nicks\STM32CubeIDE\workspace_1.19.0\AFR\WAYPOINTIFICATION\CM4\Core\Inc\stm32h7xx_hal_conf.h_save
2025-07-21 00:05:06,752 [INFO] CodeEngine:345 - Generated code: C:\Users\nicks\STM32CubeIDE\workspace_1.19.0\AFR\WAYPOINTIFICATION\CM4\Core\Inc\stm32h7xx_hal_conf.h
2025-07-21 00:05:06,764 [WARN] IPConfigManager:3811 - IP not found : NVIC
2025-07-21 00:05:06,765 [WARN] CodeGenerator:4259 - IP not found : null
2025-07-21 00:05:06,772 [INFO] CodeEngine:265 - oldGeneratedFile, C:\Users\nicks\STM32CubeIDE\workspace_1.19.0\AFR\WAYPOINTIFICATION\CM4\Core\Inc\main.h_save
2025-07-21 00:05:06,820 [INFO] CodeEngine:289 - Generated code: C:\Users\nicks\STM32CubeIDE\workspace_1.19.0\AFR\WAYPOINTIFICATION\CM4\Core\Inc\main.h
2025-07-21 00:05:06,825 [INFO] CodeEngine:265 - oldGeneratedFile, C:\Users\nicks\STM32CubeIDE\workspace_1.19.0\AFR\WAYPOINTIFICATION\CM4\Core\Src\main.c_save
2025-07-21 00:05:06,899 [INFO] CodeEngine:289 - Generated code: C:\Users\nicks\STM32CubeIDE\workspace_1.19.0\AFR\WAYPOINTIFICATION\CM4\Core\Src\main.c
2025-07-21 00:05:07,345 [INFO] ProjectBuilder:3606 - Time for Copy HAL[1] : 278mS.
2025-07-21 00:05:07,368 [INFO] ProjectBuilder:5216 - Project Generator version: 4.7.0-B52
2025-07-21 00:05:07,427 [INFO] ConfigFileManager:1595 - The Die is : DIE450
