2025-08-21 18:35:29,063 [INFO] Activator:176 - 


2025-08-21 18:35:29,067 [INFO] Activator:177 - !SESSION log4j initialized
2025-08-21 18:35:33,047 [INFO] LogOutputStream:77 - [STDOUT_REDIRECT] 
2025-08-21 18:35:34,703 [INFO] ApplicationProperties:184 - Using Application install path: C:\ST\STM32CubeIDE_1.19.0\STM32CubeIDE\plugins\com.st.stm32cube.common.mx_6.15.0.202507011659
2025-08-21 18:35:34,716 [INFO] DbMcusXml:78 - Set database path to: C:\ST\STM32CubeIDE_1.19.0\STM32CubeIDE\plugins\com.st.stm32cube.common.mx_6.15.0.202507011659\\db\/mcu/
2025-08-21 18:35:34,716 [INFO] ApiDb:274 - Set plugin database path to: C:\ST\STM32CubeIDE_1.19.0\STM32CubeIDE\plugins\com.st.stm32cube.common.mx_6.15.0.202507011659\\db\/plugins/boardmanager/
2025-08-21 18:35:34,717 [WARN] ApiDb:259 - Overriding images path with different value:  => C:\ST\STM32CubeIDE_1.19.0\STM32CubeIDE\plugins\com.st.stm32cube.common.mx_6.15.0.202507011659\\db\/plugins/mcufinder/images/
2025-08-21 18:35:34,723 [INFO] ApiDb:250 - Set database path to: C:\Users\nicks\.stmcufinder\plugins\mcufinder//mcu/
2025-08-21 18:35:34,724 [INFO] DbMcusAds:125 - Set database path to: C:\Users\nicks\.stmcufinder\plugins\mcufinder//mcu/
2025-08-21 18:35:34,725 [INFO] CrossReferenceDbSqlite:203 - Set database path to: C:\Users\nicks\.stmcufinder\plugins\mcufinder//mcu/cs/
2025-08-21 18:35:34,793 [INFO] RulesReader:64 - Compatibility file has been processed (317 Rules)
2025-08-21 18:35:34,851 [INFO] DbMcusXml:78 - Set database path to: C:\ST\STM32CubeIDE_1.19.0\STM32CubeIDE\plugins\com.st.stm32cube.common.mx_6.15.0.202507011659\\db\/mcu/
2025-08-21 18:35:34,851 [INFO] ApiDb:274 - Set plugin database path to: C:\ST\STM32CubeIDE_1.19.0\STM32CubeIDE\plugins\com.st.stm32cube.common.mx_6.15.0.202507011659\\db\/plugins/boardmanager/
2025-08-21 18:35:34,851 [INFO] ApiDb:261 - Set plugin images path to: C:\ST\STM32CubeIDE_1.19.0\STM32CubeIDE\plugins\com.st.stm32cube.common.mx_6.15.0.202507011659\\db\/plugins/mcufinder/images/
2025-08-21 18:35:34,851 [WARN] DbFile:41 - Overriding database path with different value: C:\Users\nicks\.stmcufinder\plugins\mcufinder/ => C:\Users\nicks\.stmcufinder\plugins\mcufinder
2025-08-21 18:35:34,851 [INFO] ApiDb:250 - Set database path to: C:\Users\nicks\.stmcufinder\plugins\mcufinder//mcu/
2025-08-21 18:35:34,851 [WARN] DbFile:41 - Overriding database path with different value: C:\Users\nicks\.stmcufinder\plugins\mcufinder/ => C:\Users\nicks\.stmcufinder\plugins\mcufinder
2025-08-21 18:35:34,851 [INFO] DbMcusAds:125 - Set database path to: C:\Users\nicks\.stmcufinder\plugins\mcufinder//mcu/
2025-08-21 18:35:34,851 [WARN] DbFile:41 - Overriding database path with different value: C:\Users\nicks\.stmcufinder\plugins\mcufinder/ => C:\Users\nicks\.stmcufinder\plugins\mcufinder
2025-08-21 18:35:34,851 [WARN] DbFile:41 - Overriding database path with different value: C:\Users\nicks\.stmcufinder\plugins\mcufinder/ => C:\Users\nicks\.stmcufinder\plugins\mcufinder
2025-08-21 18:35:34,852 [INFO] CrossReferenceDbSqlite:203 - Set database path to: C:\Users\nicks\.stmcufinder\plugins\mcufinder//mcu/cs/
2025-08-21 18:35:34,903 [INFO] MainPanel:274 - HeapMemory: 268435456
2025-08-21 18:35:34,975 [INFO] DbMcusXml:78 - Set database path to: C:\ST\STM32CubeIDE_1.19.0\STM32CubeIDE\plugins\com.st.stm32cube.common.mx_6.15.0.202507011659\\db\/mcu/
2025-08-21 18:35:34,975 [INFO] ApiDb:274 - Set plugin database path to: C:\ST\STM32CubeIDE_1.19.0\STM32CubeIDE\plugins\com.st.stm32cube.common.mx_6.15.0.202507011659\\db\/plugins/boardmanager/
2025-08-21 18:35:34,975 [INFO] ApiDb:261 - Set plugin images path to: C:\ST\STM32CubeIDE_1.19.0\STM32CubeIDE\plugins\com.st.stm32cube.common.mx_6.15.0.202507011659\\db\/plugins/mcufinder/images/
2025-08-21 18:35:34,975 [WARN] DbFile:41 - Overriding database path with different value: C:\Users\nicks\.stmcufinder\plugins\mcufinder/ => C:\Users\nicks\.stmcufinder\plugins\mcufinder
2025-08-21 18:35:34,975 [INFO] ApiDb:250 - Set database path to: C:\Users\nicks\.stmcufinder\plugins\mcufinder//mcu/
2025-08-21 18:35:34,976 [WARN] DbFile:41 - Overriding database path with different value: C:\Users\nicks\.stmcufinder\plugins\mcufinder/ => C:\Users\nicks\.stmcufinder\plugins\mcufinder
2025-08-21 18:35:34,976 [INFO] DbMcusAds:125 - Set database path to: C:\Users\nicks\.stmcufinder\plugins\mcufinder//mcu/
2025-08-21 18:35:34,976 [WARN] DbFile:41 - Overriding database path with different value: C:\Users\nicks\.stmcufinder\plugins\mcufinder/ => C:\Users\nicks\.stmcufinder\plugins\mcufinder
2025-08-21 18:35:34,976 [WARN] DbFile:41 - Overriding database path with different value: C:\Users\nicks\.stmcufinder\plugins\mcufinder/ => C:\Users\nicks\.stmcufinder\plugins\mcufinder
2025-08-21 18:35:34,976 [INFO] CrossReferenceDbSqlite:203 - Set database path to: C:\Users\nicks\.stmcufinder\plugins\mcufinder//mcu/cs/
2025-08-21 18:35:34,988 [INFO] ApplicationProperties:184 - Using Application install path: C:\ST\STM32CubeIDE_1.19.0\STM32CubeIDE\plugins\com.st.stm32cube.common.mx_6.15.0.202507011659
2025-08-21 18:35:34,989 [INFO] PluginManage:196 - Search for loadable plugins [exclusion list=, ]
2025-08-21 18:35:34,990 [INFO] PluginManage:310 - Check plugin analytics
2025-08-21 18:35:35,087 [INFO] AnalyticsPlugin:253 - Accepted Software Licenses: 
2025-08-21 18:35:35,087 [INFO] AnalyticsPlugin:255 - Accepted CMSIS Pack Licenses: 
2025-08-21 18:35:35,087 [INFO] AnalyticsPlugin:257 - Accepted Firmware Licenses: FW.F4.1.28.0,FW.H7.1.12.0,FW.H7.1.11.0
2025-08-21 18:35:35,089 [INFO] PluginManage:359 - Loaded plugin analytics (category:tool,tabindex:-1)
2025-08-21 18:35:35,089 [INFO] PluginManage:310 - Check plugin cadmodel
2025-08-21 18:35:35,093 [INFO] CADModel:105 - Init CAD model plugin
2025-08-21 18:35:35,093 [INFO] PluginManage:359 - Loaded plugin cadmodel (category:power,tabindex:5)
2025-08-21 18:35:35,093 [INFO] PluginManage:310 - Check plugin clock
2025-08-21 18:35:35,100 [INFO] PluginManage:359 - Loaded plugin clock (category:base,tabindex:2)
2025-08-21 18:35:35,100 [INFO] PluginManage:310 - Check plugin ddr
2025-08-21 18:35:35,101 [INFO] PluginManage:359 - Loaded plugin ddr (category:tool,tabindex:6)
2025-08-21 18:35:35,101 [INFO] PluginManage:310 - Check plugin filemanager
2025-08-21 18:35:35,198 [INFO] PluginManage:359 - Loaded plugin filemanager (category:base,tabindex:10)
2025-08-21 18:35:35,198 [INFO] PluginManage:310 - Check plugin ipmanager
2025-08-21 18:35:35,202 [INFO] PluginManage:359 - Loaded plugin ipmanager (category:base,tabindex:5)
2025-08-21 18:35:35,202 [INFO] PluginManage:310 - Check plugin lpbam
2025-08-21 18:35:35,208 [INFO] PluginManage:359 - Loaded plugin lpbam (category:base,tabindex:0)
2025-08-21 18:35:35,208 [INFO] PluginManage:310 - Check plugin memorymap
2025-08-21 18:35:35,217 [INFO] PluginManage:359 - Loaded plugin memorymap (category:base,tabindex:4)
2025-08-21 18:35:35,217 [INFO] PluginManage:310 - Check plugin pinoutandconfiguration
2025-08-21 18:35:35,224 [INFO] PluginManage:359 - Loaded plugin pinoutandconfiguration (category:base,tabindex:1)
2025-08-21 18:35:35,224 [INFO] PluginManage:310 - Check plugin pinoutconfig
2025-08-21 18:35:35,281 [WARN] SupportedApi:132 - Cannot load RTOS API schema: s4s-elt-must-match.1: The content of 'definitions' must match (annotation?, (simpleType | complexType)?, (unique | key | keyref)*)). A problem was found starting at: attribute.
2025-08-21 18:35:35,363 [INFO] PluginManage:359 - Loaded plugin pinoutconfig (category:base,tabindex:0)
2025-08-21 18:35:35,363 [INFO] PluginManage:310 - Check plugin power
2025-08-21 18:35:35,370 [INFO] PluginManage:359 - Loaded plugin power (category:power,tabindex:4)
2025-08-21 18:35:35,370 [INFO] PluginManage:310 - Check plugin projectmanager
2025-08-21 18:35:35,385 [INFO] PluginManage:359 - Loaded plugin projectmanager (category:projectmanager,tabindex:4)
2025-08-21 18:35:35,385 [INFO] PluginManage:310 - Check plugin rif
2025-08-21 18:35:35,393 [INFO] PluginManage:359 - Loaded plugin rif (category:base,tabindex:3)
2025-08-21 18:35:35,393 [INFO] PluginManage:310 - Check plugin thirdparty
2025-08-21 18:35:35,476 [INFO] PluginManage:359 - Loaded plugin thirdparty (category:base,tabindex:-1)
2025-08-21 18:35:35,476 [WARN] IntegrityCheckThread:84 - waiting for thirdparty lock release [integrity check]
2025-08-21 18:35:35,476 [INFO] PluginManage:310 - Check plugin tools
2025-08-21 18:35:35,476 [INFO] IntegrityCheckThread:86 - entering critical section [integrity check]
2025-08-21 18:35:35,476 [INFO] ThirdPartyUpdaterWithRetryManager:70 - Updater plugin not ready yet. [1/15]
2025-08-21 18:35:35,478 [INFO] PluginManage:359 - Loaded plugin tools (category:base,tabindex:7)
2025-08-21 18:35:35,478 [INFO] PluginManage:310 - Check plugin tutovideos
2025-08-21 18:35:35,614 [INFO] PluginManage:359 - Loaded plugin tutovideos (category:base,tabindex:-1)
2025-08-21 18:35:35,615 [INFO] PluginManage:310 - Check plugin updater
2025-08-21 18:35:35,629 [INFO] PluginManage:359 - Loaded plugin updater (category:base,tabindex:12)
2025-08-21 18:35:35,629 [INFO] PluginManage:310 - Check plugin userauth
2025-08-21 18:35:35,632 [INFO] UserAuth:118 - Init User Auth plugin
2025-08-21 18:35:35,632 [INFO] PluginManage:359 - Loaded plugin userauth (category:base,tabindex:14)
2025-08-21 18:35:35,633 [INFO] PluginManage:283 - PluginManage : Loaded plugins [18]
2025-08-21 18:35:35,763 [INFO] PinOutPanel:1589 - setPackage(No Configuration,No Configuration)
2025-08-21 18:35:35,820 [INFO] CADModel:165 - CPN selected for project level
2025-08-21 18:35:35,820 [INFO] CADModel:114 - Register for checkConnection events
2025-08-21 18:35:35,832 [INFO] IPUIPlugin:80 - create IPUIPlugin
2025-08-21 18:35:35,832 [INFO] PluginManager:220 - loadIPPluginJar : add adc
2025-08-21 18:35:35,834 [INFO] IPUIPlugin:80 - create IPUIPlugin
2025-08-21 18:35:35,834 [INFO] PluginManager:220 - loadIPPluginJar : add aes
2025-08-21 18:35:35,836 [INFO] IPUIPlugin:80 - create IPUIPlugin
2025-08-21 18:35:35,836 [INFO] PluginManager:220 - loadIPPluginJar : add can
2025-08-21 18:35:35,837 [INFO] IPUIPlugin:80 - create IPUIPlugin
2025-08-21 18:35:35,837 [INFO] PluginManager:220 - loadIPPluginJar : add comp
2025-08-21 18:35:35,839 [INFO] IPUIPlugin:80 - create IPUIPlugin
2025-08-21 18:35:35,839 [INFO] PluginManager:220 - loadIPPluginJar : add cryp
2025-08-21 18:35:35,841 [INFO] IPUIPlugin:80 - create IPUIPlugin
2025-08-21 18:35:35,841 [INFO] PluginManager:220 - loadIPPluginJar : add ddr_ctrl_phy
2025-08-21 18:35:35,843 [INFO] IPUIPlugin:80 - create IPUIPlugin
2025-08-21 18:35:35,843 [INFO] PluginManager:220 - loadIPPluginJar : add dfsdm
2025-08-21 18:35:35,847 [INFO] IPUIPlugin:80 - create IPUIPlugin
2025-08-21 18:35:35,847 [INFO] PluginManager:220 - loadIPPluginJar : add dma
2025-08-21 18:35:35,849 [INFO] IPUIPlugin:80 - create IPUIPlugin
2025-08-21 18:35:35,849 [INFO] PluginManager:220 - loadIPPluginJar : add dma3
2025-08-21 18:35:35,851 [INFO] IPUIPlugin:80 - create IPUIPlugin
2025-08-21 18:35:35,851 [INFO] PluginManager:220 - loadIPPluginJar : add extmemmanager
2025-08-21 18:35:35,852 [INFO] IPUIPlugin:80 - create IPUIPlugin
2025-08-21 18:35:35,852 [INFO] PluginManager:220 - loadIPPluginJar : add fatfs
2025-08-21 18:35:35,855 [INFO] IPUIPlugin:80 - create IPUIPlugin
2025-08-21 18:35:35,855 [INFO] PluginManager:220 - loadIPPluginJar : add fmc
2025-08-21 18:35:35,859 [INFO] IPUIPlugin:80 - create IPUIPlugin
2025-08-21 18:35:35,859 [INFO] PluginManager:220 - loadIPPluginJar : add freertos
2025-08-21 18:35:35,860 [INFO] IPUIPlugin:80 - create IPUIPlugin
2025-08-21 18:35:35,860 [INFO] PluginManager:220 - loadIPPluginJar : add genericplugin
2025-08-21 18:35:35,861 [INFO] IPUIPlugin:80 - create IPUIPlugin
2025-08-21 18:35:35,861 [INFO] PluginManager:220 - loadIPPluginJar : add gfxmmu
2025-08-21 18:35:35,865 [INFO] IPUIPlugin:80 - create IPUIPlugin
2025-08-21 18:35:35,865 [INFO] PluginManager:220 - loadIPPluginJar : add gic
2025-08-21 18:35:35,867 [INFO] IPUIPlugin:80 - create IPUIPlugin
2025-08-21 18:35:35,867 [INFO] PluginManager:220 - loadIPPluginJar : add gpio
2025-08-21 18:35:35,869 [INFO] IPUIPlugin:80 - create IPUIPlugin
2025-08-21 18:35:35,869 [INFO] PluginManager:220 - loadIPPluginJar : add gtzc
2025-08-21 18:35:35,870 [INFO] IPUIPlugin:80 - create IPUIPlugin
2025-08-21 18:35:35,871 [INFO] PluginManager:220 - loadIPPluginJar : add hash
2025-08-21 18:35:35,872 [INFO] IPUIPlugin:80 - create IPUIPlugin
2025-08-21 18:35:35,872 [INFO] PluginManager:220 - loadIPPluginJar : add i2c
2025-08-21 18:35:35,874 [INFO] IPUIPlugin:80 - create IPUIPlugin
2025-08-21 18:35:35,874 [INFO] PluginManager:220 - loadIPPluginJar : add i2s
2025-08-21 18:35:35,876 [INFO] IPUIPlugin:80 - create IPUIPlugin
2025-08-21 18:35:35,876 [INFO] PluginManager:220 - loadIPPluginJar : add i3c
2025-08-21 18:35:35,878 [INFO] IPUIPlugin:80 - create IPUIPlugin
2025-08-21 18:35:35,878 [INFO] PluginManager:220 - loadIPPluginJar : add ipddr
2025-08-21 18:35:35,883 [INFO] IPUIPlugin:80 - create IPUIPlugin
2025-08-21 18:35:35,883 [INFO] PluginManager:220 - loadIPPluginJar : add linkedlist
2025-08-21 18:35:35,885 [INFO] IPUIPlugin:80 - create IPUIPlugin
2025-08-21 18:35:35,885 [INFO] PluginManager:220 - loadIPPluginJar : add lorawan
2025-08-21 18:35:35,886 [INFO] IPUIPlugin:80 - create IPUIPlugin
2025-08-21 18:35:35,886 [INFO] PluginManager:220 - loadIPPluginJar : add ltdc
2025-08-21 18:35:35,889 [INFO] IPUIPlugin:80 - create IPUIPlugin
2025-08-21 18:35:35,889 [INFO] PluginManager:220 - loadIPPluginJar : add mdma
2025-08-21 18:35:35,892 [INFO] IPUIPlugin:80 - create IPUIPlugin
2025-08-21 18:35:35,892 [INFO] PluginManager:220 - loadIPPluginJar : add nvic
2025-08-21 18:35:35,894 [INFO] IPUIPlugin:80 - create IPUIPlugin
2025-08-21 18:35:35,894 [INFO] PluginManager:220 - loadIPPluginJar : add opamp
2025-08-21 18:35:35,896 [INFO] IPUIPlugin:80 - create IPUIPlugin
2025-08-21 18:35:35,896 [INFO] PluginManager:220 - loadIPPluginJar : add openamp
2025-08-21 18:35:35,898 [INFO] IPUIPlugin:80 - create IPUIPlugin
2025-08-21 18:35:35,898 [INFO] PluginManager:220 - loadIPPluginJar : add pdm2pcm
2025-08-21 18:35:35,902 [INFO] IPUIPlugin:80 - create IPUIPlugin
2025-08-21 18:35:35,903 [INFO] PluginManager:220 - loadIPPluginJar : add plateformsettings
2025-08-21 18:35:35,904 [INFO] IPUIPlugin:80 - create IPUIPlugin
2025-08-21 18:35:35,904 [INFO] PluginManager:220 - loadIPPluginJar : add quadspi
2025-08-21 18:35:35,905 [INFO] IPUIPlugin:80 - create IPUIPlugin
2025-08-21 18:35:35,906 [INFO] PluginManager:220 - loadIPPluginJar : add radio
2025-08-21 18:35:35,908 [INFO] IPUIPlugin:80 - create IPUIPlugin
2025-08-21 18:35:35,908 [INFO] PluginManager:220 - loadIPPluginJar : add resmgrutility
2025-08-21 18:35:35,911 [INFO] IPUIPlugin:80 - create IPUIPlugin
2025-08-21 18:35:35,911 [INFO] PluginManager:220 - loadIPPluginJar : add sai
2025-08-21 18:35:35,913 [INFO] IPUIPlugin:80 - create IPUIPlugin
2025-08-21 18:35:35,913 [INFO] PluginManager:220 - loadIPPluginJar : add spi
2025-08-21 18:35:35,917 [INFO] IPUIPlugin:80 - create IPUIPlugin
2025-08-21 18:35:35,917 [INFO] PluginManager:220 - loadIPPluginJar : add stm32_wpan
2025-08-21 18:35:35,918 [INFO] IPUIPlugin:80 - create IPUIPlugin
2025-08-21 18:35:35,918 [INFO] PluginManager:220 - loadIPPluginJar : add tim
2025-08-21 18:35:35,920 [INFO] IPUIPlugin:80 - create IPUIPlugin
2025-08-21 18:35:35,920 [INFO] PluginManager:220 - loadIPPluginJar : add touchsensing
2025-08-21 18:35:35,922 [INFO] IPUIPlugin:80 - create IPUIPlugin
2025-08-21 18:35:35,922 [INFO] PluginManager:220 - loadIPPluginJar : add tracer_emb
2025-08-21 18:35:35,923 [INFO] IPUIPlugin:80 - create IPUIPlugin
2025-08-21 18:35:35,923 [INFO] PluginManager:220 - loadIPPluginJar : add ts
2025-08-21 18:35:35,924 [INFO] IPUIPlugin:80 - create IPUIPlugin
2025-08-21 18:35:35,924 [INFO] PluginManager:220 - loadIPPluginJar : add tsc
2025-08-21 18:35:35,926 [INFO] IPUIPlugin:80 - create IPUIPlugin
2025-08-21 18:35:35,926 [INFO] PluginManager:220 - loadIPPluginJar : add ucpd
2025-08-21 18:35:35,928 [INFO] IPUIPlugin:80 - create IPUIPlugin
2025-08-21 18:35:35,928 [INFO] PluginManager:220 - loadIPPluginJar : add usart
2025-08-21 18:35:35,930 [INFO] IPUIPlugin:80 - create IPUIPlugin
2025-08-21 18:35:35,930 [INFO] PluginManager:220 - loadIPPluginJar : add usbx
2025-08-21 18:35:36,038 [FATAL] Updater:351 - Updater called before beeing initialized
2025-08-21 18:35:36,056 [INFO] RulesReader:64 - Compatibility file has been processed (317 Rules)
2025-08-21 18:35:36,062 [INFO] RulesReader:64 - Compatibility file has been processed (317 Rules)
2025-08-21 18:35:36,068 [INFO] CADModel:165 - CPN selected for project level
2025-08-21 18:35:36,068 [INFO] CADModel:114 - Register for checkConnection events
2025-08-21 18:35:36,068 [FATAL] Updater:351 - Updater called before beeing initialized
2025-08-21 18:35:36,068 [ERROR] CADModel:125 - Updater not yet initialized, retry later 
2025-08-21 18:35:36,175 [FATAL] Updater:351 - Updater called before beeing initialized
2025-08-21 18:35:36,177 [INFO] CADModel:165 - CPN selected for project level
2025-08-21 18:35:36,177 [INFO] CADModel:114 - Register for checkConnection events
2025-08-21 18:35:36,177 [FATAL] Updater:351 - Updater called before beeing initialized
2025-08-21 18:35:36,177 [ERROR] CADModel:125 - Updater not yet initialized, retry later 
2025-08-21 18:35:36,180 [FATAL] Updater:351 - Updater called before beeing initialized
2025-08-21 18:35:36,269 [FATAL] Updater:351 - Updater called before beeing initialized
2025-08-21 18:35:36,272 [INFO] DbMcusAds:53 - JSON generation date=Tue Jul 08 18:14:23 AEST 2025 (1751962463562)
2025-08-21 18:35:36,272 [FATAL] Updater:351 - Updater called before beeing initialized
2025-08-21 18:35:36,298 [WARN] DetailPanel:346 - Failed to get advertising image, set to default
2025-08-21 18:35:36,358 [FATAL] Updater:351 - Updater called before beeing initialized
2025-08-21 18:35:36,359 [FATAL] Updater:351 - Updater called before beeing initialized
2025-08-21 18:35:36,360 [FATAL] Updater:351 - Updater called before beeing initialized
2025-08-21 18:35:36,360 [WARN] DetailPanel:346 - Failed to get advertising image, set to default
2025-08-21 18:35:36,360 [FATAL] Updater:351 - Updater called before beeing initialized
2025-08-21 18:35:36,391 [ERROR] Updater:1198 - MainUpdater not yet initialized. External WinMGr cannot be set.
2025-08-21 18:35:36,392 [INFO] Updater:1134 - Updater Version found : 6.15.0
2025-08-21 18:35:36,404 [INFO] ApplicationProperties:184 - Using Application install path: C:\ST\STM32CubeIDE_1.19.0\STM32CubeIDE\plugins\com.st.stm32cube.common.mx_6.15.0.202507011659
2025-08-21 18:35:36,643 [INFO] MainUpdater:2872 - connection check result : 10
2025-08-21 18:35:36,643 [INFO] MainUpdater:289 - Updater Check For Update Now.
2025-08-21 18:35:36,643 [INFO] MicroXplorer:498 - Change Database Version : DB.6.0.150
2025-08-21 18:35:36,648 [INFO] McuFinderGlobals:63 - Set McuFinder mode to 2 (CubeIDE integrated)
2025-08-21 18:35:36,648 [INFO] UserAuth:487 - Internet connection configuration mode: 1
2025-08-21 18:35:36,664 [INFO] JxBrowserEngine:152 - Initiate JxBrowser Engine with user profile folder
2025-08-21 18:35:36,795 [INFO] CheckServerUpdateThread:120 - End of CheckServer Thread
2025-08-21 18:35:37,608 [INFO] WebApp:169 - Instantiating new browser for Auth
2025-08-21 18:35:38,051 [INFO] WebApp:463 - Apply proxy settings
2025-08-21 18:35:38,052 [INFO] WebApp:548 - Chromium requires no authentication
2025-08-21 18:35:38,058 [INFO] WebApp:491 - Direct internet connection detected
2025-08-21 18:35:38,073 [INFO] WebApp:900 - Register for checkConnection events
2025-08-21 18:35:38,073 [INFO] WebApp:463 - Apply proxy settings
2025-08-21 18:35:38,078 [INFO] WebApp:548 - Chromium requires no authentication
2025-08-21 18:35:38,078 [INFO] WebApp:491 - Direct internet connection detected
2025-08-21 18:35:38,188 [INFO] WebApp:225 - Starting web application
2025-08-21 18:35:38,188 [INFO] WebApp:593 - Web application path used C:\ST\STM32CubeIDE_1.19.0\STM32CubeIDE\plugins\com.st.stm32cube.common.mx_6.15.0.202507011659\db\plugins\mcufinder\reactClient1\index.html
2025-08-21 18:35:38,284 [INFO] UserAuth:487 - Internet connection configuration mode: 1
2025-08-21 18:35:38,481 [INFO] WebApp:191 - Connection restablished
2025-08-21 18:35:38,657 [WARN] PackLoader:240 - Cannot read IP mode file for STMicroelectronics.FP-SNS-MOTENVWB1.1.4.0
2025-08-21 18:35:38,662 [WARN] PackLoader:240 - Cannot read IP mode file for STMicroelectronics.FP-ATR-ASTRA1.2.0.2
2025-08-21 18:35:38,665 [WARN] PackLoader:240 - Cannot read IP mode file for STMicroelectronics.FP-ATR-ASTRA1.2.0.1
2025-08-21 18:35:38,669 [WARN] PackLoader:240 - Cannot read IP mode file for STMicroelectronics.X-CUBE-SMBUS.2.1.0
2025-08-21 18:35:38,674 [WARN] PackLoader:240 - Cannot read IP mode file for STMicroelectronics.X-CUBE-WB05N.1.1.0
2025-08-21 18:35:38,677 [WARN] PackLoader:240 - Cannot read IP mode file for STMicroelectronics.X-CUBE-ST60.1.0.0
2025-08-21 18:35:38,701 [WARN] PackLoader:240 - Cannot read IP mode file for STMicroelectronics.X-CUBE-AZRTOS-F7.1.1.0
2025-08-21 18:35:38,707 [WARN] PackLoader:240 - Cannot read IP mode file for STMicroelectronics.FP-SNS-FLIGHT1.5.0.2
2025-08-21 18:35:38,724 [WARN] PackLoader:240 - Cannot read IP mode file for Infineon.AIROC-Wi-Fi-Bluetooth-STM32.1.7.0
2025-08-21 18:35:38,743 [WARN] PackLoader:240 - Cannot read IP mode file for STMicroelectronics.X-CUBE-AZRTOS-H7.3.4.0
2025-08-21 18:35:38,751 [WARN] PackLoader:240 - Cannot read IP mode file for STMicroelectronics.X-CUBE-DISPLAY.3.0.0
2025-08-21 18:35:38,758 [WARN] PackLoader:240 - Cannot read IP mode file for STMicroelectronics.X-CUBE-NFC10.1.0.0
2025-08-21 18:35:38,765 [WARN] PackLoader:240 - Cannot read IP mode file for STMicroelectronics.X-CUBE-BLEMGR.4.0.0
2025-08-21 18:35:38,770 [WARN] PackLoader:240 - Cannot read IP mode file for emotas.I-CUBE-CANOPEN.1.3.0
2025-08-21 18:35:38,773 [WARN] ConditionMgr:438 - getConditionDescription Invalid condition id : Cortex-A Device cause : null
2025-08-21 18:35:38,780 [WARN] ConditionMgr:1044 - genDependencies : Invalid condition id : Cortex-A Device cause : null
2025-08-21 18:35:38,780 [WARN] ConditionMgr:1044 - genDependencies : Invalid condition id : Cortex-A Device cause : null
2025-08-21 18:35:38,780 [WARN] ConditionMgr:1044 - genDependencies : Invalid condition id : Cortex-A Device cause : null
2025-08-21 18:35:38,783 [WARN] PackLoader:240 - Cannot read IP mode file for STMicroelectronics.X-CUBE-AI.10.0.0
2025-08-21 18:35:38,787 [WARN] PackLoader:240 - Cannot read IP mode file for STMicroelectronics.FP-SNS-STBOX1.2.1.0
2025-08-21 18:35:38,791 [WARN] PackLoader:240 - Cannot read IP mode file for STMicroelectronics.FP-SNS-SMARTAG2.1.2.0
2025-08-21 18:35:38,793 [WARN] PackLoader:240 - Cannot read IP mode file for STMicroelectronics.FP-SNS-FLIGHT1.5.1.0
2025-08-21 18:35:38,798 [INFO] LogOutputStream:77 - [STDOUT_REDIRECT] 1 : Invalid condition id : UX_CORESTACK_Condition cause : null
2025-08-21 18:35:38,798 [INFO] LogOutputStream:77 - [STDOUT_REDIRECT] 1 : Invalid condition id : UX_CORESTACK_Condition cause : null
2025-08-21 18:35:38,798 [INFO] LogOutputStream:77 - [STDOUT_REDIRECT] 1 : Invalid condition id : UX_CORESTACK_Condition cause : null
2025-08-21 18:35:38,799 [INFO] LogOutputStream:77 - [STDOUT_REDIRECT] 1 : Invalid condition id : UX_CORESTACK_Condition cause : null
2025-08-21 18:35:38,800 [INFO] LogOutputStream:77 - [STDOUT_REDIRECT] 1 : Invalid condition id : UX_CORESTACK_Condition cause : null
2025-08-21 18:35:38,801 [WARN] PackLoader:240 - Cannot read IP mode file for STMicroelectronics.X-CUBE-AZRTOS-WL.2.0.0
2025-08-21 18:35:38,805 [WARN] PackLoader:240 - Cannot read IP mode file for STMicroelectronics.FP-SNS-MOTENV1.5.0.0
2025-08-21 18:35:38,813 [WARN] PackLoader:240 - Cannot read IP mode file for WES.I-CUBE-Cesium.1.3.0
2025-08-21 18:35:38,817 [WARN] PackLoader:240 - Cannot read IP mode file for STMicroelectronics.X-CUBE-BLE2.3.3.0
2025-08-21 18:35:38,821 [WARN] PackLoader:240 - Cannot read IP mode file for STMicroelectronics.X-CUBE-NFC9.1.0.0
2025-08-21 18:35:38,827 [WARN] PackLoader:240 - Cannot read IP mode file for STMicroelectronics.X-CUBE-BLE1.7.1.0
2025-08-21 18:35:38,831 [WARN] PackLoader:240 - Cannot read IP mode file for wolfSSL.I-CUBE-wolfMQTT.1.19.2
2025-08-21 18:35:38,838 [WARN] PackLoader:240 - Cannot read IP mode file for STMicroelectronics.X-CUBE-EEPRMA1.5.2.0
2025-08-21 18:35:38,844 [WARN] PackLoader:240 - Cannot read IP mode file for STMicroelectronics.X-CUBE-AI.10.1.0
2025-08-21 18:35:38,874 [WARN] PackLoader:240 - Cannot read IP mode file for STMicroelectronics.X-CUBE-MEMS1.11.2.0
2025-08-21 18:35:38,979 [WARN] PackLoader:240 - Cannot read IP mode file for STMicroelectronics.X-CUBE-AZRTOS-G0.1.1.0
2025-08-21 18:35:38,984 [WARN] PackLoader:240 - Cannot read IP mode file for STMicroelectronics.X-CUBE-SAFEA1.1.2.2
2025-08-21 18:35:38,988 [WARN] PackLoader:240 - Cannot read IP mode file for STMicroelectronics.X-CUBE-NFC4.3.0.0
2025-08-21 18:35:38,994 [WARN] PackLoader:240 - Cannot read IP mode file for EmbeddedOffice.I-CUBE-FS-RTOS.1.0.1
2025-08-21 18:35:38,998 [WARN] PackLoader:240 - Cannot read IP mode file for STMicroelectronics.X-CUBE-WB05N.2.0.0
2025-08-21 18:35:39,001 [WARN] PackLoader:240 - Cannot read IP mode file for wolfSSL.I-CUBE-wolfTPM.3.8.0
2025-08-21 18:35:39,005 [WARN] PackLoader:240 - Cannot read IP mode file for STMicroelectronics.X-CUBE-TCPP.4.2.0
2025-08-21 18:35:39,009 [WARN] PackLoader:240 - Cannot read IP mode file for RealThread.X-CUBE-RT-Thread_Nano.4.1.1
2025-08-21 18:35:39,012 [WARN] PackLoader:240 - Cannot read IP mode file for STMicroelectronics.FP-ATR-SIGFOX1.3.2.0
2025-08-21 18:35:39,016 [WARN] PackLoader:240 - Cannot read IP mode file for STMicroelectronics.X-CUBE-EEPRMA1.5.1.0
2025-08-21 18:35:39,020 [WARN] PackLoader:240 - Cannot read IP mode file for wolfSSL.I-CUBE-wolfSSL.5.7.6
2025-08-21 18:35:39,026 [WARN] PackLoader:240 - Cannot read IP mode file for ITTIA_DB.I-CUBE-ITTIADB.8.9.0
2025-08-21 18:35:39,030 [WARN] PackLoader:240 - Cannot read IP mode file for STMicroelectronics.X-CUBE-ST67W61.1.0.0
2025-08-21 18:35:39,033 [WARN] PackLoader:240 - Cannot read IP mode file for STMicroelectronics.X-CUBE-AI.10.2.0
2025-08-21 18:35:39,050 [WARN] PackLoader:240 - Cannot read IP mode file for SEGGER.I-CUBE-embOS.1.3.1
2025-08-21 18:35:39,073 [WARN] PackLoader:240 - Cannot read IP mode file for STMicroelectronics.X-CUBE-ALGOBUILD.1.4.0
2025-08-21 18:35:39,092 [WARN] PackLoader:240 - Cannot read IP mode file for STMicroelectronics.X-CUBE-MEMS1.11.3.0
2025-08-21 18:35:39,155 [WARN] PackLoader:240 - Cannot read IP mode file for STMicroelectronics.X-CUBE-PM33A1.1.0.0
2025-08-21 18:35:39,163 [WARN] PackLoader:240 - Cannot read IP mode file for STMicroelectronics.X-CUBE-AZRTOS-F4.1.1.0
2025-08-21 18:35:39,168 [WARN] PackLoader:240 - Cannot read IP mode file for Avnet-IotConnect.X-CUBE-IoTC-DA16k-PMOD.1.0.0
2025-08-21 18:35:39,171 [WARN] PackLoader:240 - Cannot read IP mode file for STMicroelectronics.X-CUBE-ISPU.2.1.0
2025-08-21 18:35:39,175 [WARN] PackLoader:240 - Cannot read IP mode file for STMicroelectronics.X-CUBE-NFC12.1.0.0
2025-08-21 18:35:39,184 [WARN] PackLoader:240 - Cannot read IP mode file for STMicroelectronics.X-CUBE-AZRTOS-L5.2.0.0
2025-08-21 18:35:39,191 [WARN] PackLoader:240 - Cannot read IP mode file for STMicroelectronics.X-CUBE-NFC6.3.1.0
2025-08-21 18:35:39,196 [WARN] PackLoader:240 - Cannot read IP mode file for STMicroelectronics.X-CUBE-FREERTOS.1.3.1
2025-08-21 18:35:39,199 [WARN] PackLoader:240 - Cannot read IP mode file for STMicroelectronics.X-CUBE-FREERTOS.1.3.0
2025-08-21 18:35:39,202 [WARN] PackLoader:240 - Cannot read IP mode file for STMicroelectronics.X-CUBE-NFC7.1.0.1
2025-08-21 18:35:39,204 [WARN] PackLoader:240 - Cannot read IP mode file for STMicroelectronics.FP-SNS-STAIOTCFT.1.0.0
2025-08-21 18:35:39,207 [WARN] PackLoader:240 - Cannot read IP mode file for STMicroelectronics.X-CUBE-DPower.1.3.0
2025-08-21 18:35:39,216 [WARN] ConditionMgr:438 - getConditionDescription Invalid condition id : LAN8742 Phy interface Condition cause : null
2025-08-21 18:35:39,217 [WARN] PackLoader:240 - Cannot read IP mode file for STMicroelectronics.X-CUBE-AZRTOS-L4.2.0.0
2025-08-21 18:35:39,217 [WARN] ConditionMgr:1044 - genDependencies : Invalid condition id : LAN8742 Phy interface Condition cause : null
2025-08-21 18:35:39,217 [WARN] ConditionMgr:1044 - genDependencies : Invalid condition id : LAN8742 Phy interface Condition cause : null
2025-08-21 18:35:39,217 [WARN] ConditionMgr:1044 - genDependencies : Invalid condition id : LAN8742 Phy interface Condition cause : null
2025-08-21 18:35:39,221 [WARN] PackLoader:240 - Cannot read IP mode file for STMicroelectronics.X-CUBE-SFXS2LP1.4.0.0
2025-08-21 18:35:39,230 [WARN] PackLoader:240 - Cannot read IP mode file for STMicroelectronics.X-CUBE-AZRTOS-H7.3.3.0
2025-08-21 18:35:39,236 [WARN] PackLoader:240 - Cannot read IP mode file for STMicroelectronics.X-CUBE-BLEMGR.4.1.0
2025-08-21 18:35:39,243 [WARN] ConditionMgr:438 - getConditionDescription Invalid condition id : UX DEVICE CLASS RTOS Condition cause : null
2025-08-21 18:35:39,243 [WARN] ConditionMgr:438 - getConditionDescription Invalid condition id : UX DEVICE CLASS RTOS Condition cause : null
2025-08-21 18:35:39,244 [WARN] PackLoader:240 - Cannot read IP mode file for STMicroelectronics.X-CUBE-AZRTOS-WB.2.0.0
2025-08-21 18:35:39,244 [WARN] ConditionMgr:1044 - genDependencies : Invalid condition id : UX DEVICE CLASS RTOS Condition cause : null
2025-08-21 18:35:39,244 [WARN] ConditionMgr:1044 - genDependencies : Invalid condition id : UX DEVICE CLASS RTOS Condition cause : null
2025-08-21 18:35:39,244 [WARN] ConditionMgr:1044 - genDependencies : Invalid condition id : UX DEVICE CLASS RTOS Condition cause : null
2025-08-21 18:35:39,244 [WARN] ConditionMgr:1044 - genDependencies : Invalid condition id : UX DEVICE CLASS RTOS Condition cause : null
2025-08-21 18:35:39,244 [WARN] ConditionMgr:1044 - genDependencies : Invalid condition id : UX DEVICE CLASS RTOS Condition cause : null
2025-08-21 18:35:39,248 [WARN] PackLoader:240 - Cannot read IP mode file for STMicroelectronics.X-CUBE-GNSS1.7.0.1
2025-08-21 18:35:39,251 [WARN] PackLoader:240 - Cannot read IP mode file for STMicroelectronics.X-CUBE-TOUCHGFX.4.25.0
2025-08-21 18:35:39,253 [WARN] PackLoader:240 - Cannot read IP mode file for STMicroelectronics.FP-SNS-STBOX1.2.0.0
2025-08-21 18:35:39,260 [WARN] PackLoader:240 - Cannot read IP mode file for STMicroelectronics.X-CUBE-SUBG2.5.0.0
2025-08-21 18:35:39,278 [WARN] PackLoader:240 - Cannot read IP mode file for STMicroelectronics.X-CUBE-AZRTOS-H7RS.1.1.0
2025-08-21 18:35:39,284 [WARN] PackLoader:240 - Cannot read IP mode file for Cesanta.I-CUBE-Mongoose.7.13.0
2025-08-21 18:35:39,293 [WARN] PackLoader:240 - Cannot read IP mode file for STMicroelectronics.X-CUBE-AZRTOS-G4.2.0.0
2025-08-21 18:35:39,298 [WARN] PackLoader:240 - Cannot read IP mode file for wolfSSL.I-CUBE-wolfSSH.1.4.20
2025-08-21 18:35:39,301 [WARN] PackLoader:240 - Cannot read IP mode file for STMicroelectronics.X-CUBE-NFC7.2.0.0
2025-08-21 18:35:39,308 [WARN] PackLoader:240 - Cannot read IP mode file for STMicroelectronics.X-CUBE-IPS.3.1.0
2025-08-21 18:35:39,315 [WARN] PackLoader:240 - Cannot read IP mode file for STMicroelectronics.X-CUBE-ALS.1.0.2
2025-08-21 18:35:39,324 [WARN] PackLoader:240 - Cannot read IP mode file for portGmbH.I-Cube-SoM-uGOAL.1.1.0
2025-08-21 18:35:39,331 [WARN] PackLoader:240 - Cannot read IP mode file for STMicroelectronics.X-CUBE-TOF1.3.4.3
2025-08-21 18:35:39,336 [INFO] ThirdParty:978 - Integrity check success = true
2025-08-21 18:35:39,336 [INFO] IntegrityCheckThread:100 - exiting critical section [integrity check]
2025-08-21 18:35:39,336 [INFO] IntegrityCheckThread:103 - End integrity checks thread
2025-08-21 18:35:52,242 [ERROR] LogOutputStream:75 - [STDERR_REDIRECT] 
