2025-09-29 02:52:03,529 [ERROR] LogOutputStream:75 - [STDERR_REDIRECT] 
2025-09-29 11:32:14,479 [INFO] Activator:176 - 


2025-09-29 11:32:14,481 [INFO] Activator:177 - !SESSION log4j initialized
2025-09-29 11:32:18,574 [INFO] LogOutputStream:77 - [STDOUT_REDIRECT] 
2025-09-29 11:32:20,247 [INFO] ApplicationProperties:184 - Using Application install path: C:\ST\STM32CubeIDE_1.19.0\STM32CubeIDE\plugins\com.st.stm32cube.common.mx_6.15.0.202507011659
2025-09-29 11:32:20,262 [INFO] DbMcusXml:78 - Set database path to: C:\ST\STM32CubeIDE_1.19.0\STM32CubeIDE\plugins\com.st.stm32cube.common.mx_6.15.0.202507011659\\db\/mcu/
2025-09-29 11:32:20,262 [INFO] ApiDb:274 - Set plugin database path to: C:\ST\STM32CubeIDE_1.19.0\STM32CubeIDE\plugins\com.st.stm32cube.common.mx_6.15.0.202507011659\\db\/plugins/boardmanager/
2025-09-29 11:32:20,262 [WARN] ApiDb:259 - Overriding images path with different value:  => C:\ST\STM32CubeIDE_1.19.0\STM32CubeIDE\plugins\com.st.stm32cube.common.mx_6.15.0.202507011659\\db\/plugins/mcufinder/images/
2025-09-29 11:32:20,267 [INFO] ApiDb:250 - Set database path to: C:\Users\nicks\.stmcufinder\plugins\mcufinder//mcu/
2025-09-29 11:32:20,268 [INFO] DbMcusAds:125 - Set database path to: C:\Users\nicks\.stmcufinder\plugins\mcufinder//mcu/
2025-09-29 11:32:20,269 [INFO] CrossReferenceDbSqlite:203 - Set database path to: C:\Users\nicks\.stmcufinder\plugins\mcufinder//mcu/cs/
2025-09-29 11:32:20,344 [INFO] RulesReader:64 - Compatibility file has been processed (317 Rules)
2025-09-29 11:32:20,407 [INFO] DbMcusXml:78 - Set database path to: C:\ST\STM32CubeIDE_1.19.0\STM32CubeIDE\plugins\com.st.stm32cube.common.mx_6.15.0.202507011659\\db\/mcu/
2025-09-29 11:32:20,407 [INFO] ApiDb:274 - Set plugin database path to: C:\ST\STM32CubeIDE_1.19.0\STM32CubeIDE\plugins\com.st.stm32cube.common.mx_6.15.0.202507011659\\db\/plugins/boardmanager/
2025-09-29 11:32:20,407 [INFO] ApiDb:261 - Set plugin images path to: C:\ST\STM32CubeIDE_1.19.0\STM32CubeIDE\plugins\com.st.stm32cube.common.mx_6.15.0.202507011659\\db\/plugins/mcufinder/images/
2025-09-29 11:32:20,407 [WARN] DbFile:41 - Overriding database path with different value: C:\Users\nicks\.stmcufinder\plugins\mcufinder/ => C:\Users\nicks\.stmcufinder\plugins\mcufinder
2025-09-29 11:32:20,407 [INFO] ApiDb:250 - Set database path to: C:\Users\nicks\.stmcufinder\plugins\mcufinder//mcu/
2025-09-29 11:32:20,407 [WARN] DbFile:41 - Overriding database path with different value: C:\Users\nicks\.stmcufinder\plugins\mcufinder/ => C:\Users\nicks\.stmcufinder\plugins\mcufinder
2025-09-29 11:32:20,407 [INFO] DbMcusAds:125 - Set database path to: C:\Users\nicks\.stmcufinder\plugins\mcufinder//mcu/
2025-09-29 11:32:20,407 [WARN] DbFile:41 - Overriding database path with different value: C:\Users\nicks\.stmcufinder\plugins\mcufinder/ => C:\Users\nicks\.stmcufinder\plugins\mcufinder
2025-09-29 11:32:20,407 [WARN] DbFile:41 - Overriding database path with different value: C:\Users\nicks\.stmcufinder\plugins\mcufinder/ => C:\Users\nicks\.stmcufinder\plugins\mcufinder
2025-09-29 11:32:20,407 [INFO] CrossReferenceDbSqlite:203 - Set database path to: C:\Users\nicks\.stmcufinder\plugins\mcufinder//mcu/cs/
2025-09-29 11:32:20,460 [INFO] MainPanel:274 - HeapMemory: 268435456
2025-09-29 11:32:20,536 [INFO] DbMcusXml:78 - Set database path to: C:\ST\STM32CubeIDE_1.19.0\STM32CubeIDE\plugins\com.st.stm32cube.common.mx_6.15.0.202507011659\\db\/mcu/
2025-09-29 11:32:20,537 [INFO] ApiDb:274 - Set plugin database path to: C:\ST\STM32CubeIDE_1.19.0\STM32CubeIDE\plugins\com.st.stm32cube.common.mx_6.15.0.202507011659\\db\/plugins/boardmanager/
2025-09-29 11:32:20,537 [INFO] ApiDb:261 - Set plugin images path to: C:\ST\STM32CubeIDE_1.19.0\STM32CubeIDE\plugins\com.st.stm32cube.common.mx_6.15.0.202507011659\\db\/plugins/mcufinder/images/
2025-09-29 11:32:20,537 [WARN] DbFile:41 - Overriding database path with different value: C:\Users\nicks\.stmcufinder\plugins\mcufinder/ => C:\Users\nicks\.stmcufinder\plugins\mcufinder
2025-09-29 11:32:20,537 [INFO] ApiDb:250 - Set database path to: C:\Users\nicks\.stmcufinder\plugins\mcufinder//mcu/
2025-09-29 11:32:20,537 [WARN] DbFile:41 - Overriding database path with different value: C:\Users\nicks\.stmcufinder\plugins\mcufinder/ => C:\Users\nicks\.stmcufinder\plugins\mcufinder
2025-09-29 11:32:20,537 [INFO] DbMcusAds:125 - Set database path to: C:\Users\nicks\.stmcufinder\plugins\mcufinder//mcu/
2025-09-29 11:32:20,537 [WARN] DbFile:41 - Overriding database path with different value: C:\Users\nicks\.stmcufinder\plugins\mcufinder/ => C:\Users\nicks\.stmcufinder\plugins\mcufinder
2025-09-29 11:32:20,537 [WARN] DbFile:41 - Overriding database path with different value: C:\Users\nicks\.stmcufinder\plugins\mcufinder/ => C:\Users\nicks\.stmcufinder\plugins\mcufinder
2025-09-29 11:32:20,537 [INFO] CrossReferenceDbSqlite:203 - Set database path to: C:\Users\nicks\.stmcufinder\plugins\mcufinder//mcu/cs/
2025-09-29 11:32:20,551 [INFO] ApplicationProperties:184 - Using Application install path: C:\ST\STM32CubeIDE_1.19.0\STM32CubeIDE\plugins\com.st.stm32cube.common.mx_6.15.0.202507011659
2025-09-29 11:32:20,551 [INFO] PluginManage:196 - Search for loadable plugins [exclusion list=, ]
2025-09-29 11:32:20,552 [INFO] PluginManage:310 - Check plugin analytics
2025-09-29 11:32:20,656 [INFO] AnalyticsPlugin:253 - Accepted Software Licenses: 
2025-09-29 11:32:20,656 [INFO] AnalyticsPlugin:255 - Accepted CMSIS Pack Licenses: 
2025-09-29 11:32:20,656 [INFO] AnalyticsPlugin:257 - Accepted Firmware Licenses: FW.F4.1.28.0,FW.H7.1.12.0,FW.H7.1.11.0
2025-09-29 11:32:20,658 [INFO] PluginManage:359 - Loaded plugin analytics (category:tool,tabindex:-1)
2025-09-29 11:32:20,658 [INFO] PluginManage:310 - Check plugin cadmodel
2025-09-29 11:32:20,663 [INFO] CADModel:105 - Init CAD model plugin
2025-09-29 11:32:20,663 [INFO] PluginManage:359 - Loaded plugin cadmodel (category:power,tabindex:5)
2025-09-29 11:32:20,663 [INFO] PluginManage:310 - Check plugin clock
2025-09-29 11:32:20,670 [INFO] PluginManage:359 - Loaded plugin clock (category:base,tabindex:2)
2025-09-29 11:32:20,670 [INFO] PluginManage:310 - Check plugin ddr
2025-09-29 11:32:20,677 [INFO] PluginManage:359 - Loaded plugin ddr (category:tool,tabindex:6)
2025-09-29 11:32:20,677 [INFO] PluginManage:310 - Check plugin filemanager
2025-09-29 11:32:20,780 [INFO] PluginManage:359 - Loaded plugin filemanager (category:base,tabindex:10)
2025-09-29 11:32:20,781 [INFO] PluginManage:310 - Check plugin ipmanager
2025-09-29 11:32:20,785 [INFO] PluginManage:359 - Loaded plugin ipmanager (category:base,tabindex:5)
2025-09-29 11:32:20,785 [INFO] PluginManage:310 - Check plugin lpbam
2025-09-29 11:32:20,791 [INFO] PluginManage:359 - Loaded plugin lpbam (category:base,tabindex:0)
2025-09-29 11:32:20,791 [INFO] PluginManage:310 - Check plugin memorymap
2025-09-29 11:32:20,800 [INFO] PluginManage:359 - Loaded plugin memorymap (category:base,tabindex:4)
2025-09-29 11:32:20,800 [INFO] PluginManage:310 - Check plugin pinoutandconfiguration
2025-09-29 11:32:20,813 [INFO] PluginManage:359 - Loaded plugin pinoutandconfiguration (category:base,tabindex:1)
2025-09-29 11:32:20,813 [INFO] PluginManage:310 - Check plugin pinoutconfig
2025-09-29 11:32:20,883 [WARN] SupportedApi:132 - Cannot load RTOS API schema: s4s-elt-must-match.1: The content of 'definitions' must match (annotation?, (simpleType | complexType)?, (unique | key | keyref)*)). A problem was found starting at: attribute.
2025-09-29 11:32:20,969 [INFO] PluginManage:359 - Loaded plugin pinoutconfig (category:base,tabindex:0)
2025-09-29 11:32:20,969 [INFO] PluginManage:310 - Check plugin power
2025-09-29 11:32:20,976 [INFO] PluginManage:359 - Loaded plugin power (category:power,tabindex:4)
2025-09-29 11:32:20,976 [INFO] PluginManage:310 - Check plugin projectmanager
2025-09-29 11:32:20,987 [INFO] PluginManage:359 - Loaded plugin projectmanager (category:projectmanager,tabindex:4)
2025-09-29 11:32:20,987 [INFO] PluginManage:310 - Check plugin rif
2025-09-29 11:32:20,994 [INFO] PluginManage:359 - Loaded plugin rif (category:base,tabindex:3)
2025-09-29 11:32:20,994 [INFO] PluginManage:310 - Check plugin thirdparty
2025-09-29 11:32:21,085 [INFO] PluginManage:359 - Loaded plugin thirdparty (category:base,tabindex:-1)
2025-09-29 11:32:21,085 [INFO] PluginManage:310 - Check plugin tools
2025-09-29 11:32:21,085 [WARN] IntegrityCheckThread:84 - waiting for thirdparty lock release [integrity check]
2025-09-29 11:32:21,085 [INFO] IntegrityCheckThread:86 - entering critical section [integrity check]
2025-09-29 11:32:21,086 [INFO] ThirdPartyUpdaterWithRetryManager:70 - Updater plugin not ready yet. [1/15]
2025-09-29 11:32:21,087 [INFO] PluginManage:359 - Loaded plugin tools (category:base,tabindex:7)
2025-09-29 11:32:21,087 [INFO] PluginManage:310 - Check plugin tutovideos
2025-09-29 11:32:21,225 [INFO] PluginManage:359 - Loaded plugin tutovideos (category:base,tabindex:-1)
2025-09-29 11:32:21,225 [INFO] PluginManage:310 - Check plugin updater
2025-09-29 11:32:21,240 [INFO] PluginManage:359 - Loaded plugin updater (category:base,tabindex:12)
2025-09-29 11:32:21,240 [INFO] PluginManage:310 - Check plugin userauth
2025-09-29 11:32:21,243 [INFO] UserAuth:118 - Init User Auth plugin
2025-09-29 11:32:21,243 [INFO] PluginManage:359 - Loaded plugin userauth (category:base,tabindex:14)
2025-09-29 11:32:21,244 [INFO] PluginManage:283 - PluginManage : Loaded plugins [18]
2025-09-29 11:32:21,387 [INFO] PinOutPanel:1589 - setPackage(No Configuration,No Configuration)
2025-09-29 11:32:21,443 [INFO] CADModel:165 - CPN selected for project level
2025-09-29 11:32:21,444 [INFO] CADModel:114 - Register for checkConnection events
2025-09-29 11:32:21,456 [INFO] IPUIPlugin:80 - create IPUIPlugin
2025-09-29 11:32:21,456 [INFO] PluginManager:220 - loadIPPluginJar : add adc
2025-09-29 11:32:21,458 [INFO] IPUIPlugin:80 - create IPUIPlugin
2025-09-29 11:32:21,458 [INFO] PluginManager:220 - loadIPPluginJar : add aes
2025-09-29 11:32:21,459 [INFO] IPUIPlugin:80 - create IPUIPlugin
2025-09-29 11:32:21,459 [INFO] PluginManager:220 - loadIPPluginJar : add can
2025-09-29 11:32:21,461 [INFO] IPUIPlugin:80 - create IPUIPlugin
2025-09-29 11:32:21,461 [INFO] PluginManager:220 - loadIPPluginJar : add comp
2025-09-29 11:32:21,462 [INFO] IPUIPlugin:80 - create IPUIPlugin
2025-09-29 11:32:21,463 [INFO] PluginManager:220 - loadIPPluginJar : add cryp
2025-09-29 11:32:21,464 [INFO] IPUIPlugin:80 - create IPUIPlugin
2025-09-29 11:32:21,464 [INFO] PluginManager:220 - loadIPPluginJar : add ddr_ctrl_phy
2025-09-29 11:32:21,466 [INFO] IPUIPlugin:80 - create IPUIPlugin
2025-09-29 11:32:21,466 [INFO] PluginManager:220 - loadIPPluginJar : add dfsdm
2025-09-29 11:32:21,469 [INFO] IPUIPlugin:80 - create IPUIPlugin
2025-09-29 11:32:21,470 [INFO] PluginManager:220 - loadIPPluginJar : add dma
2025-09-29 11:32:21,471 [INFO] IPUIPlugin:80 - create IPUIPlugin
2025-09-29 11:32:21,471 [INFO] PluginManager:220 - loadIPPluginJar : add dma3
2025-09-29 11:32:21,473 [INFO] IPUIPlugin:80 - create IPUIPlugin
2025-09-29 11:32:21,473 [INFO] PluginManager:220 - loadIPPluginJar : add extmemmanager
2025-09-29 11:32:21,474 [INFO] IPUIPlugin:80 - create IPUIPlugin
2025-09-29 11:32:21,474 [INFO] PluginManager:220 - loadIPPluginJar : add fatfs
2025-09-29 11:32:21,477 [INFO] IPUIPlugin:80 - create IPUIPlugin
2025-09-29 11:32:21,477 [INFO] PluginManager:220 - loadIPPluginJar : add fmc
2025-09-29 11:32:21,481 [INFO] IPUIPlugin:80 - create IPUIPlugin
2025-09-29 11:32:21,481 [INFO] PluginManager:220 - loadIPPluginJar : add freertos
2025-09-29 11:32:21,482 [INFO] IPUIPlugin:80 - create IPUIPlugin
2025-09-29 11:32:21,482 [INFO] PluginManager:220 - loadIPPluginJar : add genericplugin
2025-09-29 11:32:21,483 [INFO] IPUIPlugin:80 - create IPUIPlugin
2025-09-29 11:32:21,483 [INFO] PluginManager:220 - loadIPPluginJar : add gfxmmu
2025-09-29 11:32:21,486 [INFO] IPUIPlugin:80 - create IPUIPlugin
2025-09-29 11:32:21,486 [INFO] PluginManager:220 - loadIPPluginJar : add gic
2025-09-29 11:32:21,489 [INFO] IPUIPlugin:80 - create IPUIPlugin
2025-09-29 11:32:21,489 [INFO] PluginManager:220 - loadIPPluginJar : add gpio
2025-09-29 11:32:21,490 [INFO] IPUIPlugin:80 - create IPUIPlugin
2025-09-29 11:32:21,491 [INFO] PluginManager:220 - loadIPPluginJar : add gtzc
2025-09-29 11:32:21,492 [INFO] IPUIPlugin:80 - create IPUIPlugin
2025-09-29 11:32:21,492 [INFO] PluginManager:220 - loadIPPluginJar : add hash
2025-09-29 11:32:21,494 [INFO] IPUIPlugin:80 - create IPUIPlugin
2025-09-29 11:32:21,495 [INFO] PluginManager:220 - loadIPPluginJar : add i2c
2025-09-29 11:32:21,496 [INFO] IPUIPlugin:80 - create IPUIPlugin
2025-09-29 11:32:21,496 [INFO] PluginManager:220 - loadIPPluginJar : add i2s
2025-09-29 11:32:21,498 [INFO] IPUIPlugin:80 - create IPUIPlugin
2025-09-29 11:32:21,498 [INFO] PluginManager:220 - loadIPPluginJar : add i3c
2025-09-29 11:32:21,500 [INFO] IPUIPlugin:80 - create IPUIPlugin
2025-09-29 11:32:21,500 [INFO] PluginManager:220 - loadIPPluginJar : add ipddr
2025-09-29 11:32:21,505 [INFO] IPUIPlugin:80 - create IPUIPlugin
2025-09-29 11:32:21,506 [INFO] PluginManager:220 - loadIPPluginJar : add linkedlist
2025-09-29 11:32:21,507 [INFO] IPUIPlugin:80 - create IPUIPlugin
2025-09-29 11:32:21,507 [INFO] PluginManager:220 - loadIPPluginJar : add lorawan
2025-09-29 11:32:21,509 [INFO] IPUIPlugin:80 - create IPUIPlugin
2025-09-29 11:32:21,509 [INFO] PluginManager:220 - loadIPPluginJar : add ltdc
2025-09-29 11:32:21,513 [INFO] IPUIPlugin:80 - create IPUIPlugin
2025-09-29 11:32:21,513 [INFO] PluginManager:220 - loadIPPluginJar : add mdma
2025-09-29 11:32:21,515 [INFO] IPUIPlugin:80 - create IPUIPlugin
2025-09-29 11:32:21,515 [INFO] PluginManager:220 - loadIPPluginJar : add nvic
2025-09-29 11:32:21,518 [INFO] IPUIPlugin:80 - create IPUIPlugin
2025-09-29 11:32:21,518 [INFO] PluginManager:220 - loadIPPluginJar : add opamp
2025-09-29 11:32:21,520 [INFO] IPUIPlugin:80 - create IPUIPlugin
2025-09-29 11:32:21,520 [INFO] PluginManager:220 - loadIPPluginJar : add openamp
2025-09-29 11:32:21,522 [INFO] IPUIPlugin:80 - create IPUIPlugin
2025-09-29 11:32:21,522 [INFO] PluginManager:220 - loadIPPluginJar : add pdm2pcm
2025-09-29 11:32:21,525 [INFO] IPUIPlugin:80 - create IPUIPlugin
2025-09-29 11:32:21,527 [INFO] PluginManager:220 - loadIPPluginJar : add plateformsettings
2025-09-29 11:32:21,528 [INFO] IPUIPlugin:80 - create IPUIPlugin
2025-09-29 11:32:21,528 [INFO] PluginManager:220 - loadIPPluginJar : add quadspi
2025-09-29 11:32:21,529 [INFO] IPUIPlugin:80 - create IPUIPlugin
2025-09-29 11:32:21,530 [INFO] PluginManager:220 - loadIPPluginJar : add radio
2025-09-29 11:32:21,532 [INFO] IPUIPlugin:80 - create IPUIPlugin
2025-09-29 11:32:21,532 [INFO] PluginManager:220 - loadIPPluginJar : add resmgrutility
2025-09-29 11:32:21,534 [INFO] IPUIPlugin:80 - create IPUIPlugin
2025-09-29 11:32:21,534 [INFO] PluginManager:220 - loadIPPluginJar : add sai
2025-09-29 11:32:21,536 [INFO] IPUIPlugin:80 - create IPUIPlugin
2025-09-29 11:32:21,536 [INFO] PluginManager:220 - loadIPPluginJar : add spi
2025-09-29 11:32:21,541 [INFO] IPUIPlugin:80 - create IPUIPlugin
2025-09-29 11:32:21,541 [INFO] PluginManager:220 - loadIPPluginJar : add stm32_wpan
2025-09-29 11:32:21,542 [INFO] IPUIPlugin:80 - create IPUIPlugin
2025-09-29 11:32:21,542 [INFO] PluginManager:220 - loadIPPluginJar : add tim
2025-09-29 11:32:21,545 [INFO] IPUIPlugin:80 - create IPUIPlugin
2025-09-29 11:32:21,545 [INFO] PluginManager:220 - loadIPPluginJar : add touchsensing
2025-09-29 11:32:21,546 [INFO] IPUIPlugin:80 - create IPUIPlugin
2025-09-29 11:32:21,546 [INFO] PluginManager:220 - loadIPPluginJar : add tracer_emb
2025-09-29 11:32:21,547 [INFO] IPUIPlugin:80 - create IPUIPlugin
2025-09-29 11:32:21,547 [INFO] PluginManager:220 - loadIPPluginJar : add ts
2025-09-29 11:32:21,548 [INFO] IPUIPlugin:80 - create IPUIPlugin
2025-09-29 11:32:21,549 [INFO] PluginManager:220 - loadIPPluginJar : add tsc
2025-09-29 11:32:21,550 [INFO] IPUIPlugin:80 - create IPUIPlugin
2025-09-29 11:32:21,550 [INFO] PluginManager:220 - loadIPPluginJar : add ucpd
2025-09-29 11:32:21,552 [INFO] IPUIPlugin:80 - create IPUIPlugin
2025-09-29 11:32:21,552 [INFO] PluginManager:220 - loadIPPluginJar : add usart
2025-09-29 11:32:21,554 [INFO] IPUIPlugin:80 - create IPUIPlugin
2025-09-29 11:32:21,554 [INFO] PluginManager:220 - loadIPPluginJar : add usbx
2025-09-29 11:32:21,665 [FATAL] Updater:351 - Updater called before beeing initialized
2025-09-29 11:32:21,683 [INFO] RulesReader:64 - Compatibility file has been processed (317 Rules)
2025-09-29 11:32:21,689 [INFO] RulesReader:64 - Compatibility file has been processed (317 Rules)
2025-09-29 11:32:21,695 [INFO] CADModel:165 - CPN selected for project level
2025-09-29 11:32:21,695 [INFO] CADModel:114 - Register for checkConnection events
2025-09-29 11:32:21,695 [FATAL] Updater:351 - Updater called before beeing initialized
2025-09-29 11:32:21,695 [ERROR] CADModel:125 - Updater not yet initialized, retry later 
2025-09-29 11:32:21,791 [FATAL] Updater:351 - Updater called before beeing initialized
2025-09-29 11:32:21,792 [INFO] CADModel:165 - CPN selected for project level
2025-09-29 11:32:21,792 [INFO] CADModel:114 - Register for checkConnection events
2025-09-29 11:32:21,792 [FATAL] Updater:351 - Updater called before beeing initialized
2025-09-29 11:32:21,793 [ERROR] CADModel:125 - Updater not yet initialized, retry later 
2025-09-29 11:32:21,794 [FATAL] Updater:351 - Updater called before beeing initialized
2025-09-29 11:32:21,863 [FATAL] Updater:351 - Updater called before beeing initialized
2025-09-29 11:32:21,866 [INFO] DbMcusAds:53 - JSON generation date=Tue Jul 08 18:14:23 AEST 2025 (1751962463562)
2025-09-29 11:32:21,866 [FATAL] Updater:351 - Updater called before beeing initialized
2025-09-29 11:32:21,895 [WARN] DetailPanel:346 - Failed to get advertising image, set to default
2025-09-29 11:32:21,961 [FATAL] Updater:351 - Updater called before beeing initialized
2025-09-29 11:32:21,962 [FATAL] Updater:351 - Updater called before beeing initialized
2025-09-29 11:32:21,962 [FATAL] Updater:351 - Updater called before beeing initialized
2025-09-29 11:32:21,962 [WARN] DetailPanel:346 - Failed to get advertising image, set to default
2025-09-29 11:32:21,963 [FATAL] Updater:351 - Updater called before beeing initialized
2025-09-29 11:32:21,995 [ERROR] Updater:1198 - MainUpdater not yet initialized. External WinMGr cannot be set.
2025-09-29 11:32:21,996 [INFO] Updater:1134 - Updater Version found : 6.15.0
2025-09-29 11:32:22,009 [INFO] ApplicationProperties:184 - Using Application install path: C:\ST\STM32CubeIDE_1.19.0\STM32CubeIDE\plugins\com.st.stm32cube.common.mx_6.15.0.202507011659
2025-09-29 11:32:22,231 [INFO] MainUpdater:2872 - connection check result : 10
2025-09-29 11:32:22,231 [INFO] MainUpdater:289 - Updater Check For Update Now.
2025-09-29 11:32:22,231 [INFO] MicroXplorer:498 - Change Database Version : DB.6.0.150
2025-09-29 11:32:22,236 [INFO] McuFinderGlobals:63 - Set McuFinder mode to 2 (CubeIDE integrated)
2025-09-29 11:32:22,237 [INFO] UserAuth:487 - Internet connection configuration mode: 1
2025-09-29 11:32:22,254 [INFO] JxBrowserEngine:152 - Initiate JxBrowser Engine with user profile folder
2025-09-29 11:32:22,386 [INFO] CheckServerUpdateThread:120 - End of CheckServer Thread
2025-09-29 11:32:23,281 [INFO] WebApp:169 - Instantiating new browser for Auth
2025-09-29 11:32:23,760 [INFO] WebApp:463 - Apply proxy settings
2025-09-29 11:32:23,760 [INFO] WebApp:548 - Chromium requires no authentication
2025-09-29 11:32:23,767 [INFO] WebApp:491 - Direct internet connection detected
2025-09-29 11:32:23,787 [INFO] WebApp:900 - Register for checkConnection events
2025-09-29 11:32:23,787 [INFO] WebApp:463 - Apply proxy settings
2025-09-29 11:32:23,787 [INFO] WebApp:548 - Chromium requires no authentication
2025-09-29 11:32:23,787 [INFO] WebApp:491 - Direct internet connection detected
2025-09-29 11:32:23,906 [INFO] WebApp:225 - Starting web application
2025-09-29 11:32:23,906 [INFO] WebApp:593 - Web application path used C:\ST\STM32CubeIDE_1.19.0\STM32CubeIDE\plugins\com.st.stm32cube.common.mx_6.15.0.202507011659\db\plugins\mcufinder\reactClient1\index.html
2025-09-29 11:32:24,027 [INFO] UserAuth:487 - Internet connection configuration mode: 1
2025-09-29 11:32:24,145 [INFO] WebApp:191 - Connection restablished
2025-09-29 11:32:24,280 [WARN] PackLoader:240 - Cannot read IP mode file for STMicroelectronics.FP-SNS-MOTENVWB1.1.4.0
2025-09-29 11:32:24,286 [WARN] PackLoader:240 - Cannot read IP mode file for STMicroelectronics.FP-ATR-ASTRA1.2.0.2
2025-09-29 11:32:24,289 [WARN] PackLoader:240 - Cannot read IP mode file for STMicroelectronics.FP-ATR-ASTRA1.2.0.1
2025-09-29 11:32:24,295 [WARN] PackLoader:240 - Cannot read IP mode file for STMicroelectronics.X-CUBE-SMBUS.2.1.0
2025-09-29 11:32:24,300 [WARN] PackLoader:240 - Cannot read IP mode file for STMicroelectronics.X-CUBE-WB05N.1.1.0
2025-09-29 11:32:24,305 [WARN] PackLoader:240 - Cannot read IP mode file for STMicroelectronics.X-CUBE-ST60.1.0.0
2025-09-29 11:32:24,325 [WARN] PackLoader:240 - Cannot read IP mode file for STMicroelectronics.X-CUBE-AZRTOS-F7.1.1.0
2025-09-29 11:32:24,331 [WARN] PackLoader:240 - Cannot read IP mode file for STMicroelectronics.FP-SNS-FLIGHT1.5.0.2
2025-09-29 11:32:24,357 [WARN] PackLoader:240 - Cannot read IP mode file for Infineon.AIROC-Wi-Fi-Bluetooth-STM32.1.7.0
2025-09-29 11:32:24,382 [WARN] PackLoader:240 - Cannot read IP mode file for STMicroelectronics.X-CUBE-AZRTOS-H7.3.4.0
2025-09-29 11:32:24,391 [WARN] PackLoader:240 - Cannot read IP mode file for STMicroelectronics.X-CUBE-DISPLAY.3.0.0
2025-09-29 11:32:24,416 [WARN] PackLoader:240 - Cannot read IP mode file for STMicroelectronics.X-CUBE-NFC10.1.0.0
2025-09-29 11:32:24,429 [WARN] PackLoader:240 - Cannot read IP mode file for STMicroelectronics.X-CUBE-BLEMGR.4.0.0
2025-09-29 11:32:24,437 [WARN] PackLoader:240 - Cannot read IP mode file for emotas.I-CUBE-CANOPEN.1.3.0
2025-09-29 11:32:24,441 [WARN] ConditionMgr:438 - getConditionDescription Invalid condition id : Cortex-A Device cause : null
2025-09-29 11:32:24,452 [WARN] ConditionMgr:1044 - genDependencies : Invalid condition id : Cortex-A Device cause : null
2025-09-29 11:32:24,452 [WARN] ConditionMgr:1044 - genDependencies : Invalid condition id : Cortex-A Device cause : null
2025-09-29 11:32:24,452 [WARN] ConditionMgr:1044 - genDependencies : Invalid condition id : Cortex-A Device cause : null
2025-09-29 11:32:24,455 [WARN] PackLoader:240 - Cannot read IP mode file for STMicroelectronics.X-CUBE-AI.10.0.0
2025-09-29 11:32:24,461 [WARN] PackLoader:240 - Cannot read IP mode file for STMicroelectronics.FP-SNS-STBOX1.2.1.0
2025-09-29 11:32:24,467 [WARN] PackLoader:240 - Cannot read IP mode file for STMicroelectronics.FP-SNS-SMARTAG2.1.2.0
2025-09-29 11:32:24,471 [WARN] PackLoader:240 - Cannot read IP mode file for STMicroelectronics.FP-SNS-FLIGHT1.5.1.0
2025-09-29 11:32:24,478 [INFO] LogOutputStream:77 - [STDOUT_REDIRECT] 1 : Invalid condition id : UX_CORESTACK_Condition cause : null
2025-09-29 11:32:24,478 [INFO] LogOutputStream:77 - [STDOUT_REDIRECT] 1 : Invalid condition id : UX_CORESTACK_Condition cause : null
2025-09-29 11:32:24,479 [INFO] LogOutputStream:77 - [STDOUT_REDIRECT] 1 : Invalid condition id : UX_CORESTACK_Condition cause : null
2025-09-29 11:32:24,480 [INFO] LogOutputStream:77 - [STDOUT_REDIRECT] 1 : Invalid condition id : UX_CORESTACK_Condition cause : null
2025-09-29 11:32:24,481 [INFO] LogOutputStream:77 - [STDOUT_REDIRECT] 1 : Invalid condition id : UX_CORESTACK_Condition cause : null
2025-09-29 11:32:24,483 [WARN] PackLoader:240 - Cannot read IP mode file for STMicroelectronics.X-CUBE-AZRTOS-WL.2.0.0
2025-09-29 11:32:24,489 [WARN] PackLoader:240 - Cannot read IP mode file for STMicroelectronics.FP-SNS-MOTENV1.5.0.0
2025-09-29 11:32:24,495 [WARN] PackLoader:240 - Cannot read IP mode file for WES.I-CUBE-Cesium.1.3.0
2025-09-29 11:32:24,498 [WARN] PackLoader:240 - Cannot read IP mode file for STMicroelectronics.X-CUBE-BLE2.3.3.0
2025-09-29 11:32:24,503 [WARN] PackLoader:240 - Cannot read IP mode file for STMicroelectronics.X-CUBE-NFC9.1.0.0
2025-09-29 11:32:24,510 [WARN] PackLoader:240 - Cannot read IP mode file for STMicroelectronics.X-CUBE-BLE1.7.1.0
2025-09-29 11:32:24,513 [WARN] PackLoader:240 - Cannot read IP mode file for wolfSSL.I-CUBE-wolfMQTT.1.19.2
2025-09-29 11:32:24,519 [WARN] PackLoader:240 - Cannot read IP mode file for STMicroelectronics.X-CUBE-EEPRMA1.5.2.0
2025-09-29 11:32:24,527 [WARN] PackLoader:240 - Cannot read IP mode file for STMicroelectronics.X-CUBE-AI.10.1.0
2025-09-29 11:32:24,553 [WARN] PackLoader:240 - Cannot read IP mode file for STMicroelectronics.X-CUBE-MEMS1.11.2.0
2025-09-29 11:32:24,635 [WARN] PackLoader:240 - Cannot read IP mode file for STMicroelectronics.X-CUBE-AZRTOS-G0.1.1.0
2025-09-29 11:32:24,640 [WARN] PackLoader:240 - Cannot read IP mode file for STMicroelectronics.X-CUBE-SAFEA1.1.2.2
2025-09-29 11:32:24,643 [WARN] PackLoader:240 - Cannot read IP mode file for STMicroelectronics.X-CUBE-NFC4.3.0.0
2025-09-29 11:32:24,648 [WARN] PackLoader:240 - Cannot read IP mode file for EmbeddedOffice.I-CUBE-FS-RTOS.1.0.1
2025-09-29 11:32:24,651 [WARN] PackLoader:240 - Cannot read IP mode file for STMicroelectronics.X-CUBE-WB05N.2.0.0
2025-09-29 11:32:24,654 [WARN] PackLoader:240 - Cannot read IP mode file for wolfSSL.I-CUBE-wolfTPM.3.8.0
2025-09-29 11:32:24,658 [WARN] PackLoader:240 - Cannot read IP mode file for STMicroelectronics.X-CUBE-TCPP.4.2.0
2025-09-29 11:32:24,662 [WARN] PackLoader:240 - Cannot read IP mode file for RealThread.X-CUBE-RT-Thread_Nano.4.1.1
2025-09-29 11:32:24,665 [WARN] PackLoader:240 - Cannot read IP mode file for STMicroelectronics.FP-ATR-SIGFOX1.3.2.0
2025-09-29 11:32:24,668 [WARN] PackLoader:240 - Cannot read IP mode file for STMicroelectronics.X-CUBE-EEPRMA1.5.1.0
2025-09-29 11:32:24,671 [WARN] PackLoader:240 - Cannot read IP mode file for wolfSSL.I-CUBE-wolfSSL.5.7.6
2025-09-29 11:32:24,675 [WARN] PackLoader:240 - Cannot read IP mode file for ITTIA_DB.I-CUBE-ITTIADB.8.9.0
2025-09-29 11:32:24,679 [WARN] PackLoader:240 - Cannot read IP mode file for STMicroelectronics.X-CUBE-ST67W61.1.0.0
2025-09-29 11:32:24,681 [WARN] PackLoader:240 - Cannot read IP mode file for STMicroelectronics.X-CUBE-AI.10.2.0
2025-09-29 11:32:24,701 [WARN] PackLoader:240 - Cannot read IP mode file for SEGGER.I-CUBE-embOS.1.3.1
2025-09-29 11:32:24,720 [WARN] PackLoader:240 - Cannot read IP mode file for STMicroelectronics.X-CUBE-ALGOBUILD.1.4.0
2025-09-29 11:32:24,741 [WARN] PackLoader:240 - Cannot read IP mode file for STMicroelectronics.X-CUBE-MEMS1.11.3.0
2025-09-29 11:32:24,801 [WARN] PackLoader:240 - Cannot read IP mode file for STMicroelectronics.X-CUBE-PM33A1.1.0.0
2025-09-29 11:32:24,814 [WARN] PackLoader:240 - Cannot read IP mode file for STMicroelectronics.X-CUBE-AZRTOS-F4.1.1.0
2025-09-29 11:32:24,822 [WARN] PackLoader:240 - Cannot read IP mode file for Avnet-IotConnect.X-CUBE-IoTC-DA16k-PMOD.1.0.0
2025-09-29 11:32:24,826 [WARN] PackLoader:240 - Cannot read IP mode file for STMicroelectronics.X-CUBE-ISPU.2.1.0
2025-09-29 11:32:24,831 [WARN] PackLoader:240 - Cannot read IP mode file for STMicroelectronics.X-CUBE-NFC12.1.0.0
2025-09-29 11:32:24,844 [WARN] PackLoader:240 - Cannot read IP mode file for STMicroelectronics.X-CUBE-AZRTOS-L5.2.0.0
2025-09-29 11:32:24,851 [WARN] PackLoader:240 - Cannot read IP mode file for STMicroelectronics.X-CUBE-NFC6.3.1.0
2025-09-29 11:32:24,857 [WARN] PackLoader:240 - Cannot read IP mode file for STMicroelectronics.X-CUBE-FREERTOS.1.3.1
2025-09-29 11:32:24,860 [WARN] PackLoader:240 - Cannot read IP mode file for STMicroelectronics.X-CUBE-FREERTOS.1.3.0
2025-09-29 11:32:24,864 [WARN] PackLoader:240 - Cannot read IP mode file for STMicroelectronics.X-CUBE-NFC7.1.0.1
2025-09-29 11:32:24,867 [WARN] PackLoader:240 - Cannot read IP mode file for STMicroelectronics.FP-SNS-STAIOTCFT.1.0.0
2025-09-29 11:32:24,880 [WARN] PackLoader:240 - Cannot read IP mode file for STMicroelectronics.X-CUBE-DPower.1.3.0
2025-09-29 11:32:24,894 [WARN] ConditionMgr:438 - getConditionDescription Invalid condition id : LAN8742 Phy interface Condition cause : null
2025-09-29 11:32:24,894 [WARN] PackLoader:240 - Cannot read IP mode file for STMicroelectronics.X-CUBE-AZRTOS-L4.2.0.0
2025-09-29 11:32:24,895 [WARN] ConditionMgr:1044 - genDependencies : Invalid condition id : LAN8742 Phy interface Condition cause : null
2025-09-29 11:32:24,895 [WARN] ConditionMgr:1044 - genDependencies : Invalid condition id : LAN8742 Phy interface Condition cause : null
2025-09-29 11:32:24,896 [WARN] ConditionMgr:1044 - genDependencies : Invalid condition id : LAN8742 Phy interface Condition cause : null
2025-09-29 11:32:24,901 [WARN] PackLoader:240 - Cannot read IP mode file for STMicroelectronics.X-CUBE-SFXS2LP1.4.0.0
2025-09-29 11:32:24,910 [WARN] PackLoader:240 - Cannot read IP mode file for STMicroelectronics.X-CUBE-AZRTOS-H7.3.3.0
2025-09-29 11:32:24,916 [WARN] PackLoader:240 - Cannot read IP mode file for STMicroelectronics.X-CUBE-BLEMGR.4.1.0
2025-09-29 11:32:24,925 [WARN] ConditionMgr:438 - getConditionDescription Invalid condition id : UX DEVICE CLASS RTOS Condition cause : null
2025-09-29 11:32:24,925 [WARN] ConditionMgr:438 - getConditionDescription Invalid condition id : UX DEVICE CLASS RTOS Condition cause : null
2025-09-29 11:32:24,927 [WARN] PackLoader:240 - Cannot read IP mode file for STMicroelectronics.X-CUBE-AZRTOS-WB.2.0.0
2025-09-29 11:32:24,927 [WARN] ConditionMgr:1044 - genDependencies : Invalid condition id : UX DEVICE CLASS RTOS Condition cause : null
2025-09-29 11:32:24,927 [WARN] ConditionMgr:1044 - genDependencies : Invalid condition id : UX DEVICE CLASS RTOS Condition cause : null
2025-09-29 11:32:24,927 [WARN] ConditionMgr:1044 - genDependencies : Invalid condition id : UX DEVICE CLASS RTOS Condition cause : null
2025-09-29 11:32:24,927 [WARN] ConditionMgr:1044 - genDependencies : Invalid condition id : UX DEVICE CLASS RTOS Condition cause : null
2025-09-29 11:32:24,927 [WARN] ConditionMgr:1044 - genDependencies : Invalid condition id : UX DEVICE CLASS RTOS Condition cause : null
2025-09-29 11:32:24,931 [WARN] PackLoader:240 - Cannot read IP mode file for STMicroelectronics.X-CUBE-GNSS1.7.0.1
2025-09-29 11:32:24,935 [WARN] PackLoader:240 - Cannot read IP mode file for STMicroelectronics.X-CUBE-TOUCHGFX.4.25.0
2025-09-29 11:32:24,938 [WARN] PackLoader:240 - Cannot read IP mode file for STMicroelectronics.FP-SNS-STBOX1.2.0.0
2025-09-29 11:32:24,943 [WARN] PackLoader:240 - Cannot read IP mode file for STMicroelectronics.X-CUBE-SUBG2.5.0.0
2025-09-29 11:32:24,954 [WARN] PackLoader:240 - Cannot read IP mode file for STMicroelectronics.X-CUBE-AZRTOS-H7RS.1.1.0
2025-09-29 11:32:24,958 [WARN] PackLoader:240 - Cannot read IP mode file for Cesanta.I-CUBE-Mongoose.7.13.0
2025-09-29 11:32:24,965 [WARN] PackLoader:240 - Cannot read IP mode file for STMicroelectronics.X-CUBE-AZRTOS-G4.2.0.0
2025-09-29 11:32:24,968 [WARN] PackLoader:240 - Cannot read IP mode file for wolfSSL.I-CUBE-wolfSSH.1.4.20
2025-09-29 11:32:24,970 [WARN] PackLoader:240 - Cannot read IP mode file for STMicroelectronics.X-CUBE-NFC7.2.0.0
2025-09-29 11:32:24,975 [WARN] PackLoader:240 - Cannot read IP mode file for STMicroelectronics.X-CUBE-IPS.3.1.0
2025-09-29 11:32:24,980 [WARN] PackLoader:240 - Cannot read IP mode file for STMicroelectronics.X-CUBE-ALS.1.0.2
2025-09-29 11:32:24,983 [WARN] PackLoader:240 - Cannot read IP mode file for STMicroelectronics.X-CUBE-STSE01.1.0.0
2025-09-29 11:32:24,986 [WARN] PackLoader:240 - Cannot read IP mode file for portGmbH.I-Cube-SoM-uGOAL.1.1.0
2025-09-29 11:32:24,991 [WARN] PackLoader:240 - Cannot read IP mode file for STMicroelectronics.X-CUBE-TOF1.3.4.3
2025-09-29 11:32:24,995 [INFO] ThirdParty:978 - Integrity check success = true
2025-09-29 11:32:24,995 [INFO] IntegrityCheckThread:100 - exiting critical section [integrity check]
2025-09-29 11:32:24,995 [INFO] IntegrityCheckThread:103 - End integrity checks thread
