2025-10-22 12:07:12,455 [ERROR] ConfigurationRetriever:142 - IOException on connection: sw-center.st.com
2025-10-22 12:07:12,458 [ERROR] ConfigurationRetriever:142 - IOException on connection: sw-center.st.com
2025-10-22 12:07:12,458 [ERROR] ConfigurationRetriever:142 - IOException on connection: sw-center.st.com
2025-10-22 12:07:12,926 [ERROR] LogOutputStream:75 - [STDERR_REDIRECT] 
2025-10-22 12:12:58,444 [INFO] Activator:176 - 


2025-10-22 12:12:58,446 [INFO] Activator:177 - !SESSION log4j initialized
2025-10-22 12:13:12,926 [INFO] LogOutputStream:77 - [STDOUT_REDIRECT] 
2025-10-22 12:13:17,637 [INFO] ApplicationProperties:184 - Using Application install path: C:\ST\STM32CubeIDE_1.19.0\STM32CubeIDE\plugins\com.st.stm32cube.common.mx_6.15.0.202507011659
2025-10-22 12:13:17,650 [INFO] DbMcusXml:78 - Set database path to: C:\ST\STM32CubeIDE_1.19.0\STM32CubeIDE\plugins\com.st.stm32cube.common.mx_6.15.0.202507011659\\db\/mcu/
2025-10-22 12:13:17,650 [INFO] ApiDb:274 - Set plugin database path to: C:\ST\STM32CubeIDE_1.19.0\STM32CubeIDE\plugins\com.st.stm32cube.common.mx_6.15.0.202507011659\\db\/plugins/boardmanager/
2025-10-22 12:13:17,650 [WARN] ApiDb:259 - Overriding images path with different value:  => C:\ST\STM32CubeIDE_1.19.0\STM32CubeIDE\plugins\com.st.stm32cube.common.mx_6.15.0.202507011659\\db\/plugins/mcufinder/images/
2025-10-22 12:13:17,655 [INFO] ApiDb:250 - Set database path to: C:\Users\nicks\.stmcufinder\plugins\mcufinder//mcu/
2025-10-22 12:13:17,656 [INFO] DbMcusAds:125 - Set database path to: C:\Users\nicks\.stmcufinder\plugins\mcufinder//mcu/
2025-10-22 12:13:17,657 [INFO] CrossReferenceDbSqlite:203 - Set database path to: C:\Users\nicks\.stmcufinder\plugins\mcufinder//mcu/cs/
2025-10-22 12:13:17,729 [INFO] RulesReader:64 - Compatibility file has been processed (317 Rules)
2025-10-22 12:13:17,789 [INFO] DbMcusXml:78 - Set database path to: C:\ST\STM32CubeIDE_1.19.0\STM32CubeIDE\plugins\com.st.stm32cube.common.mx_6.15.0.202507011659\\db\/mcu/
2025-10-22 12:13:17,789 [INFO] ApiDb:274 - Set plugin database path to: C:\ST\STM32CubeIDE_1.19.0\STM32CubeIDE\plugins\com.st.stm32cube.common.mx_6.15.0.202507011659\\db\/plugins/boardmanager/
2025-10-22 12:13:17,789 [INFO] ApiDb:261 - Set plugin images path to: C:\ST\STM32CubeIDE_1.19.0\STM32CubeIDE\plugins\com.st.stm32cube.common.mx_6.15.0.202507011659\\db\/plugins/mcufinder/images/
2025-10-22 12:13:17,790 [WARN] DbFile:41 - Overriding database path with different value: C:\Users\nicks\.stmcufinder\plugins\mcufinder/ => C:\Users\nicks\.stmcufinder\plugins\mcufinder
2025-10-22 12:13:17,790 [INFO] ApiDb:250 - Set database path to: C:\Users\nicks\.stmcufinder\plugins\mcufinder//mcu/
2025-10-22 12:13:17,790 [WARN] DbFile:41 - Overriding database path with different value: C:\Users\nicks\.stmcufinder\plugins\mcufinder/ => C:\Users\nicks\.stmcufinder\plugins\mcufinder
2025-10-22 12:13:17,790 [INFO] DbMcusAds:125 - Set database path to: C:\Users\nicks\.stmcufinder\plugins\mcufinder//mcu/
2025-10-22 12:13:17,790 [WARN] DbFile:41 - Overriding database path with different value: C:\Users\nicks\.stmcufinder\plugins\mcufinder/ => C:\Users\nicks\.stmcufinder\plugins\mcufinder
2025-10-22 12:13:17,790 [WARN] DbFile:41 - Overriding database path with different value: C:\Users\nicks\.stmcufinder\plugins\mcufinder/ => C:\Users\nicks\.stmcufinder\plugins\mcufinder
2025-10-22 12:13:17,790 [INFO] CrossReferenceDbSqlite:203 - Set database path to: C:\Users\nicks\.stmcufinder\plugins\mcufinder//mcu/cs/
2025-10-22 12:13:17,842 [INFO] MainPanel:274 - HeapMemory: 273678336
2025-10-22 12:13:17,915 [INFO] DbMcusXml:78 - Set database path to: C:\ST\STM32CubeIDE_1.19.0\STM32CubeIDE\plugins\com.st.stm32cube.common.mx_6.15.0.202507011659\\db\/mcu/
2025-10-22 12:13:17,915 [INFO] ApiDb:274 - Set plugin database path to: C:\ST\STM32CubeIDE_1.19.0\STM32CubeIDE\plugins\com.st.stm32cube.common.mx_6.15.0.202507011659\\db\/plugins/boardmanager/
2025-10-22 12:13:17,915 [INFO] ApiDb:261 - Set plugin images path to: C:\ST\STM32CubeIDE_1.19.0\STM32CubeIDE\plugins\com.st.stm32cube.common.mx_6.15.0.202507011659\\db\/plugins/mcufinder/images/
2025-10-22 12:13:17,916 [WARN] DbFile:41 - Overriding database path with different value: C:\Users\nicks\.stmcufinder\plugins\mcufinder/ => C:\Users\nicks\.stmcufinder\plugins\mcufinder
2025-10-22 12:13:17,916 [INFO] ApiDb:250 - Set database path to: C:\Users\nicks\.stmcufinder\plugins\mcufinder//mcu/
2025-10-22 12:13:17,916 [WARN] DbFile:41 - Overriding database path with different value: C:\Users\nicks\.stmcufinder\plugins\mcufinder/ => C:\Users\nicks\.stmcufinder\plugins\mcufinder
2025-10-22 12:13:17,916 [INFO] DbMcusAds:125 - Set database path to: C:\Users\nicks\.stmcufinder\plugins\mcufinder//mcu/
2025-10-22 12:13:17,916 [WARN] DbFile:41 - Overriding database path with different value: C:\Users\nicks\.stmcufinder\plugins\mcufinder/ => C:\Users\nicks\.stmcufinder\plugins\mcufinder
2025-10-22 12:13:17,916 [WARN] DbFile:41 - Overriding database path with different value: C:\Users\nicks\.stmcufinder\plugins\mcufinder/ => C:\Users\nicks\.stmcufinder\plugins\mcufinder
2025-10-22 12:13:17,916 [INFO] CrossReferenceDbSqlite:203 - Set database path to: C:\Users\nicks\.stmcufinder\plugins\mcufinder//mcu/cs/
2025-10-22 12:13:17,928 [INFO] ApplicationProperties:184 - Using Application install path: C:\ST\STM32CubeIDE_1.19.0\STM32CubeIDE\plugins\com.st.stm32cube.common.mx_6.15.0.202507011659
2025-10-22 12:13:17,928 [INFO] PluginManage:196 - Search for loadable plugins [exclusion list=, ]
2025-10-22 12:13:17,929 [INFO] PluginManage:310 - Check plugin analytics
2025-10-22 12:13:18,029 [INFO] AnalyticsPlugin:253 - Accepted Software Licenses: 
2025-10-22 12:13:18,029 [INFO] AnalyticsPlugin:255 - Accepted CMSIS Pack Licenses: 
2025-10-22 12:13:18,029 [INFO] AnalyticsPlugin:257 - Accepted Firmware Licenses: FW.F4.1.28.0,FW.H7.1.12.0,FW.H7.1.11.0
2025-10-22 12:13:18,030 [INFO] PluginManage:359 - Loaded plugin analytics (category:tool,tabindex:-1)
2025-10-22 12:13:18,031 [INFO] PluginManage:310 - Check plugin cadmodel
2025-10-22 12:13:18,035 [INFO] CADModel:105 - Init CAD model plugin
2025-10-22 12:13:18,035 [INFO] PluginManage:359 - Loaded plugin cadmodel (category:power,tabindex:5)
2025-10-22 12:13:18,035 [INFO] PluginManage:310 - Check plugin clock
2025-10-22 12:13:18,042 [INFO] PluginManage:359 - Loaded plugin clock (category:base,tabindex:2)
2025-10-22 12:13:18,042 [INFO] PluginManage:310 - Check plugin ddr
2025-10-22 12:13:18,044 [INFO] PluginManage:359 - Loaded plugin ddr (category:tool,tabindex:6)
2025-10-22 12:13:18,044 [INFO] PluginManage:310 - Check plugin filemanager
2025-10-22 12:13:18,138 [INFO] PluginManage:359 - Loaded plugin filemanager (category:base,tabindex:10)
2025-10-22 12:13:18,138 [INFO] PluginManage:310 - Check plugin ipmanager
2025-10-22 12:13:18,143 [INFO] PluginManage:359 - Loaded plugin ipmanager (category:base,tabindex:5)
2025-10-22 12:13:18,143 [INFO] PluginManage:310 - Check plugin lpbam
2025-10-22 12:13:18,148 [INFO] PluginManage:359 - Loaded plugin lpbam (category:base,tabindex:0)
2025-10-22 12:13:18,148 [INFO] PluginManage:310 - Check plugin memorymap
2025-10-22 12:13:18,157 [INFO] PluginManage:359 - Loaded plugin memorymap (category:base,tabindex:4)
2025-10-22 12:13:18,157 [INFO] PluginManage:310 - Check plugin pinoutandconfiguration
2025-10-22 12:13:18,163 [INFO] PluginManage:359 - Loaded plugin pinoutandconfiguration (category:base,tabindex:1)
2025-10-22 12:13:18,163 [INFO] PluginManage:310 - Check plugin pinoutconfig
2025-10-22 12:13:18,221 [WARN] SupportedApi:132 - Cannot load RTOS API schema: s4s-elt-must-match.1: The content of 'definitions' must match (annotation?, (simpleType | complexType)?, (unique | key | keyref)*)). A problem was found starting at: attribute.
2025-10-22 12:13:18,301 [INFO] PluginManage:359 - Loaded plugin pinoutconfig (category:base,tabindex:0)
2025-10-22 12:13:18,301 [INFO] PluginManage:310 - Check plugin power
2025-10-22 12:13:18,308 [INFO] PluginManage:359 - Loaded plugin power (category:power,tabindex:4)
2025-10-22 12:13:18,308 [INFO] PluginManage:310 - Check plugin projectmanager
2025-10-22 12:13:18,318 [INFO] PluginManage:359 - Loaded plugin projectmanager (category:projectmanager,tabindex:4)
2025-10-22 12:13:18,318 [INFO] PluginManage:310 - Check plugin rif
2025-10-22 12:13:18,324 [INFO] PluginManage:359 - Loaded plugin rif (category:base,tabindex:3)
2025-10-22 12:13:18,324 [INFO] PluginManage:310 - Check plugin thirdparty
2025-10-22 12:13:18,426 [INFO] PluginManage:359 - Loaded plugin thirdparty (category:base,tabindex:-1)
2025-10-22 12:13:18,426 [WARN] IntegrityCheckThread:84 - waiting for thirdparty lock release [integrity check]
2025-10-22 12:13:18,426 [INFO] PluginManage:310 - Check plugin tools
2025-10-22 12:13:18,426 [INFO] IntegrityCheckThread:86 - entering critical section [integrity check]
2025-10-22 12:13:18,427 [INFO] ThirdPartyUpdaterWithRetryManager:70 - Updater plugin not ready yet. [1/15]
2025-10-22 12:13:18,428 [INFO] PluginManage:359 - Loaded plugin tools (category:base,tabindex:7)
2025-10-22 12:13:18,428 [INFO] PluginManage:310 - Check plugin tutovideos
2025-10-22 12:13:18,564 [INFO] PluginManage:359 - Loaded plugin tutovideos (category:base,tabindex:-1)
2025-10-22 12:13:18,564 [INFO] PluginManage:310 - Check plugin updater
2025-10-22 12:13:18,579 [INFO] PluginManage:359 - Loaded plugin updater (category:base,tabindex:12)
2025-10-22 12:13:18,579 [INFO] PluginManage:310 - Check plugin userauth
2025-10-22 12:13:18,582 [INFO] UserAuth:118 - Init User Auth plugin
2025-10-22 12:13:18,582 [INFO] PluginManage:359 - Loaded plugin userauth (category:base,tabindex:14)
2025-10-22 12:13:18,583 [INFO] PluginManage:283 - PluginManage : Loaded plugins [18]
2025-10-22 12:13:18,723 [INFO] PinOutPanel:1589 - setPackage(No Configuration,No Configuration)
2025-10-22 12:13:18,778 [INFO] CADModel:165 - CPN selected for project level
2025-10-22 12:13:18,778 [INFO] CADModel:114 - Register for checkConnection events
2025-10-22 12:13:18,790 [INFO] IPUIPlugin:80 - create IPUIPlugin
2025-10-22 12:13:18,790 [INFO] PluginManager:220 - loadIPPluginJar : add adc
2025-10-22 12:13:18,791 [INFO] IPUIPlugin:80 - create IPUIPlugin
2025-10-22 12:13:18,791 [INFO] PluginManager:220 - loadIPPluginJar : add aes
2025-10-22 12:13:18,793 [INFO] IPUIPlugin:80 - create IPUIPlugin
2025-10-22 12:13:18,793 [INFO] PluginManager:220 - loadIPPluginJar : add can
2025-10-22 12:13:18,794 [INFO] IPUIPlugin:80 - create IPUIPlugin
2025-10-22 12:13:18,794 [INFO] PluginManager:220 - loadIPPluginJar : add comp
2025-10-22 12:13:18,796 [INFO] IPUIPlugin:80 - create IPUIPlugin
2025-10-22 12:13:18,796 [INFO] PluginManager:220 - loadIPPluginJar : add cryp
2025-10-22 12:13:18,798 [INFO] IPUIPlugin:80 - create IPUIPlugin
2025-10-22 12:13:18,798 [INFO] PluginManager:220 - loadIPPluginJar : add ddr_ctrl_phy
2025-10-22 12:13:18,799 [INFO] IPUIPlugin:80 - create IPUIPlugin
2025-10-22 12:13:18,799 [INFO] PluginManager:220 - loadIPPluginJar : add dfsdm
2025-10-22 12:13:18,803 [INFO] IPUIPlugin:80 - create IPUIPlugin
2025-10-22 12:13:18,803 [INFO] PluginManager:220 - loadIPPluginJar : add dma
2025-10-22 12:13:18,805 [INFO] IPUIPlugin:80 - create IPUIPlugin
2025-10-22 12:13:18,805 [INFO] PluginManager:220 - loadIPPluginJar : add dma3
2025-10-22 12:13:18,806 [INFO] IPUIPlugin:80 - create IPUIPlugin
2025-10-22 12:13:18,806 [INFO] PluginManager:220 - loadIPPluginJar : add extmemmanager
2025-10-22 12:13:18,807 [INFO] IPUIPlugin:80 - create IPUIPlugin
2025-10-22 12:13:18,808 [INFO] PluginManager:220 - loadIPPluginJar : add fatfs
2025-10-22 12:13:18,811 [INFO] IPUIPlugin:80 - create IPUIPlugin
2025-10-22 12:13:18,811 [INFO] PluginManager:220 - loadIPPluginJar : add fmc
2025-10-22 12:13:18,816 [INFO] IPUIPlugin:80 - create IPUIPlugin
2025-10-22 12:13:18,816 [INFO] PluginManager:220 - loadIPPluginJar : add freertos
2025-10-22 12:13:18,817 [INFO] IPUIPlugin:80 - create IPUIPlugin
2025-10-22 12:13:18,817 [INFO] PluginManager:220 - loadIPPluginJar : add genericplugin
2025-10-22 12:13:18,818 [INFO] IPUIPlugin:80 - create IPUIPlugin
2025-10-22 12:13:18,818 [INFO] PluginManager:220 - loadIPPluginJar : add gfxmmu
2025-10-22 12:13:18,821 [INFO] IPUIPlugin:80 - create IPUIPlugin
2025-10-22 12:13:18,821 [INFO] PluginManager:220 - loadIPPluginJar : add gic
2025-10-22 12:13:18,823 [INFO] IPUIPlugin:80 - create IPUIPlugin
2025-10-22 12:13:18,823 [INFO] PluginManager:220 - loadIPPluginJar : add gpio
2025-10-22 12:13:18,825 [INFO] IPUIPlugin:80 - create IPUIPlugin
2025-10-22 12:13:18,825 [INFO] PluginManager:220 - loadIPPluginJar : add gtzc
2025-10-22 12:13:18,826 [INFO] IPUIPlugin:80 - create IPUIPlugin
2025-10-22 12:13:18,826 [INFO] PluginManager:220 - loadIPPluginJar : add hash
2025-10-22 12:13:18,828 [INFO] IPUIPlugin:80 - create IPUIPlugin
2025-10-22 12:13:18,828 [INFO] PluginManager:220 - loadIPPluginJar : add i2c
2025-10-22 12:13:18,830 [INFO] IPUIPlugin:80 - create IPUIPlugin
2025-10-22 12:13:18,830 [INFO] PluginManager:220 - loadIPPluginJar : add i2s
2025-10-22 12:13:18,831 [INFO] IPUIPlugin:80 - create IPUIPlugin
2025-10-22 12:13:18,831 [INFO] PluginManager:220 - loadIPPluginJar : add i3c
2025-10-22 12:13:18,833 [INFO] IPUIPlugin:80 - create IPUIPlugin
2025-10-22 12:13:18,834 [INFO] PluginManager:220 - loadIPPluginJar : add ipddr
2025-10-22 12:13:18,838 [INFO] IPUIPlugin:80 - create IPUIPlugin
2025-10-22 12:13:18,838 [INFO] PluginManager:220 - loadIPPluginJar : add linkedlist
2025-10-22 12:13:18,840 [INFO] IPUIPlugin:80 - create IPUIPlugin
2025-10-22 12:13:18,840 [INFO] PluginManager:220 - loadIPPluginJar : add lorawan
2025-10-22 12:13:18,841 [INFO] IPUIPlugin:80 - create IPUIPlugin
2025-10-22 12:13:18,841 [INFO] PluginManager:220 - loadIPPluginJar : add ltdc
2025-10-22 12:13:18,844 [INFO] IPUIPlugin:80 - create IPUIPlugin
2025-10-22 12:13:18,844 [INFO] PluginManager:220 - loadIPPluginJar : add mdma
2025-10-22 12:13:18,847 [INFO] IPUIPlugin:80 - create IPUIPlugin
2025-10-22 12:13:18,847 [INFO] PluginManager:220 - loadIPPluginJar : add nvic
2025-10-22 12:13:18,849 [INFO] IPUIPlugin:80 - create IPUIPlugin
2025-10-22 12:13:18,849 [INFO] PluginManager:220 - loadIPPluginJar : add opamp
2025-10-22 12:13:18,851 [INFO] IPUIPlugin:80 - create IPUIPlugin
2025-10-22 12:13:18,851 [INFO] PluginManager:220 - loadIPPluginJar : add openamp
2025-10-22 12:13:18,853 [INFO] IPUIPlugin:80 - create IPUIPlugin
2025-10-22 12:13:18,853 [INFO] PluginManager:220 - loadIPPluginJar : add pdm2pcm
2025-10-22 12:13:18,856 [INFO] IPUIPlugin:80 - create IPUIPlugin
2025-10-22 12:13:18,857 [INFO] PluginManager:220 - loadIPPluginJar : add plateformsettings
2025-10-22 12:13:18,858 [INFO] IPUIPlugin:80 - create IPUIPlugin
2025-10-22 12:13:18,859 [INFO] PluginManager:220 - loadIPPluginJar : add quadspi
2025-10-22 12:13:18,860 [INFO] IPUIPlugin:80 - create IPUIPlugin
2025-10-22 12:13:18,860 [INFO] PluginManager:220 - loadIPPluginJar : add radio
2025-10-22 12:13:18,863 [INFO] IPUIPlugin:80 - create IPUIPlugin
2025-10-22 12:13:18,863 [INFO] PluginManager:220 - loadIPPluginJar : add resmgrutility
2025-10-22 12:13:18,865 [INFO] IPUIPlugin:80 - create IPUIPlugin
2025-10-22 12:13:18,865 [INFO] PluginManager:220 - loadIPPluginJar : add sai
2025-10-22 12:13:18,867 [INFO] IPUIPlugin:80 - create IPUIPlugin
2025-10-22 12:13:18,867 [INFO] PluginManager:220 - loadIPPluginJar : add spi
2025-10-22 12:13:18,871 [INFO] IPUIPlugin:80 - create IPUIPlugin
2025-10-22 12:13:18,871 [INFO] PluginManager:220 - loadIPPluginJar : add stm32_wpan
2025-10-22 12:13:18,872 [INFO] IPUIPlugin:80 - create IPUIPlugin
2025-10-22 12:13:18,872 [INFO] PluginManager:220 - loadIPPluginJar : add tim
2025-10-22 12:13:18,874 [INFO] IPUIPlugin:80 - create IPUIPlugin
2025-10-22 12:13:18,875 [INFO] PluginManager:220 - loadIPPluginJar : add touchsensing
2025-10-22 12:13:18,876 [INFO] IPUIPlugin:80 - create IPUIPlugin
2025-10-22 12:13:18,876 [INFO] PluginManager:220 - loadIPPluginJar : add tracer_emb
2025-10-22 12:13:18,877 [INFO] IPUIPlugin:80 - create IPUIPlugin
2025-10-22 12:13:18,877 [INFO] PluginManager:220 - loadIPPluginJar : add ts
2025-10-22 12:13:18,878 [INFO] IPUIPlugin:80 - create IPUIPlugin
2025-10-22 12:13:18,878 [INFO] PluginManager:220 - loadIPPluginJar : add tsc
2025-10-22 12:13:18,879 [INFO] IPUIPlugin:80 - create IPUIPlugin
2025-10-22 12:13:18,879 [INFO] PluginManager:220 - loadIPPluginJar : add ucpd
2025-10-22 12:13:18,881 [INFO] IPUIPlugin:80 - create IPUIPlugin
2025-10-22 12:13:18,881 [INFO] PluginManager:220 - loadIPPluginJar : add usart
2025-10-22 12:13:18,883 [INFO] IPUIPlugin:80 - create IPUIPlugin
2025-10-22 12:13:18,883 [INFO] PluginManager:220 - loadIPPluginJar : add usbx
2025-10-22 12:13:18,989 [FATAL] Updater:351 - Updater called before beeing initialized
2025-10-22 12:13:19,006 [INFO] RulesReader:64 - Compatibility file has been processed (317 Rules)
2025-10-22 12:13:19,012 [INFO] RulesReader:64 - Compatibility file has been processed (317 Rules)
2025-10-22 12:13:19,017 [INFO] CADModel:165 - CPN selected for project level
2025-10-22 12:13:19,018 [INFO] CADModel:114 - Register for checkConnection events
2025-10-22 12:13:19,018 [FATAL] Updater:351 - Updater called before beeing initialized
2025-10-22 12:13:19,018 [ERROR] CADModel:125 - Updater not yet initialized, retry later 
2025-10-22 12:13:19,116 [FATAL] Updater:351 - Updater called before beeing initialized
2025-10-22 12:13:19,117 [INFO] CADModel:165 - CPN selected for project level
2025-10-22 12:13:19,117 [INFO] CADModel:114 - Register for checkConnection events
2025-10-22 12:13:19,117 [FATAL] Updater:351 - Updater called before beeing initialized
2025-10-22 12:13:19,117 [ERROR] CADModel:125 - Updater not yet initialized, retry later 
2025-10-22 12:13:19,119 [FATAL] Updater:351 - Updater called before beeing initialized
2025-10-22 12:13:19,189 [FATAL] Updater:351 - Updater called before beeing initialized
2025-10-22 12:13:19,191 [INFO] DbMcusAds:53 - JSON generation date=Tue Jul 08 18:14:23 AEST 2025 (1751962463562)
2025-10-22 12:13:19,191 [FATAL] Updater:351 - Updater called before beeing initialized
2025-10-22 12:13:19,218 [WARN] DetailPanel:346 - Failed to get advertising image, set to default
2025-10-22 12:13:19,277 [FATAL] Updater:351 - Updater called before beeing initialized
2025-10-22 12:13:19,278 [FATAL] Updater:351 - Updater called before beeing initialized
2025-10-22 12:13:19,278 [FATAL] Updater:351 - Updater called before beeing initialized
2025-10-22 12:13:19,278 [WARN] DetailPanel:346 - Failed to get advertising image, set to default
2025-10-22 12:13:19,279 [FATAL] Updater:351 - Updater called before beeing initialized
2025-10-22 12:13:19,309 [ERROR] Updater:1198 - MainUpdater not yet initialized. External WinMGr cannot be set.
2025-10-22 12:13:19,310 [INFO] Updater:1134 - Updater Version found : 6.15.0
2025-10-22 12:13:19,322 [INFO] ApplicationProperties:184 - Using Application install path: C:\ST\STM32CubeIDE_1.19.0\STM32CubeIDE\plugins\com.st.stm32cube.common.mx_6.15.0.202507011659
2025-10-22 12:13:19,571 [INFO] MainUpdater:2872 - connection check result : 10
2025-10-22 12:13:19,572 [INFO] MainUpdater:289 - Updater Check For Update Now.
2025-10-22 12:13:19,572 [INFO] MicroXplorer:498 - Change Database Version : DB.6.0.150
2025-10-22 12:13:19,576 [INFO] McuFinderGlobals:63 - Set McuFinder mode to 2 (CubeIDE integrated)
2025-10-22 12:13:19,577 [INFO] UserAuth:487 - Internet connection configuration mode: 1
2025-10-22 12:13:19,593 [INFO] JxBrowserEngine:152 - Initiate JxBrowser Engine with user profile folder
2025-10-22 12:13:19,721 [INFO] CheckServerUpdateThread:120 - End of CheckServer Thread
2025-10-22 12:13:20,350 [INFO] WebApp:169 - Instantiating new browser for Auth
2025-10-22 12:13:20,798 [INFO] WebApp:463 - Apply proxy settings
2025-10-22 12:13:20,798 [INFO] WebApp:548 - Chromium requires no authentication
2025-10-22 12:13:20,806 [INFO] WebApp:491 - Direct internet connection detected
2025-10-22 12:13:20,824 [INFO] WebApp:900 - Register for checkConnection events
2025-10-22 12:13:20,825 [INFO] WebApp:463 - Apply proxy settings
2025-10-22 12:13:20,825 [INFO] WebApp:548 - Chromium requires no authentication
2025-10-22 12:13:20,825 [INFO] WebApp:491 - Direct internet connection detected
2025-10-22 12:13:20,944 [INFO] WebApp:225 - Starting web application
2025-10-22 12:13:20,944 [INFO] WebApp:593 - Web application path used C:\ST\STM32CubeIDE_1.19.0\STM32CubeIDE\plugins\com.st.stm32cube.common.mx_6.15.0.202507011659\db\plugins\mcufinder\reactClient1\index.html
2025-10-22 12:13:21,052 [INFO] UserAuth:487 - Internet connection configuration mode: 1
2025-10-22 12:13:21,173 [INFO] WebApp:191 - Connection restablished
2025-10-22 12:13:21,622 [WARN] PackLoader:240 - Cannot read IP mode file for STMicroelectronics.FP-SNS-MOTENVWB1.1.4.0
2025-10-22 12:13:21,627 [WARN] PackLoader:240 - Cannot read IP mode file for STMicroelectronics.FP-ATR-ASTRA1.2.0.2
2025-10-22 12:13:21,629 [WARN] PackLoader:240 - Cannot read IP mode file for STMicroelectronics.FP-ATR-ASTRA1.2.0.1
2025-10-22 12:13:21,633 [WARN] PackLoader:240 - Cannot read IP mode file for STMicroelectronics.X-CUBE-SMBUS.2.1.0
2025-10-22 12:13:21,638 [WARN] PackLoader:240 - Cannot read IP mode file for STMicroelectronics.X-CUBE-WB05N.1.1.0
2025-10-22 12:13:21,641 [WARN] PackLoader:240 - Cannot read IP mode file for STMicroelectronics.X-CUBE-ST60.1.0.0
2025-10-22 12:13:21,656 [WARN] PackLoader:240 - Cannot read IP mode file for STMicroelectronics.X-CUBE-AZRTOS-F7.1.1.0
2025-10-22 12:13:21,661 [WARN] PackLoader:240 - Cannot read IP mode file for STMicroelectronics.FP-SNS-FLIGHT1.5.0.2
2025-10-22 12:13:21,676 [WARN] PackLoader:240 - Cannot read IP mode file for Infineon.AIROC-Wi-Fi-Bluetooth-STM32.1.7.0
2025-10-22 12:13:21,692 [WARN] PackLoader:240 - Cannot read IP mode file for STMicroelectronics.X-CUBE-AZRTOS-H7.3.4.0
2025-10-22 12:13:21,699 [WARN] PackLoader:240 - Cannot read IP mode file for STMicroelectronics.X-CUBE-DISPLAY.3.0.0
2025-10-22 12:13:21,706 [WARN] PackLoader:240 - Cannot read IP mode file for STMicroelectronics.X-CUBE-NFC10.1.0.0
2025-10-22 12:13:21,720 [WARN] PackLoader:240 - Cannot read IP mode file for STMicroelectronics.X-CUBE-BLEMGR.4.0.0
2025-10-22 12:13:21,727 [WARN] PackLoader:240 - Cannot read IP mode file for STMicroelectronics.X-CUBE-ST60.1.1.0
2025-10-22 12:13:21,732 [WARN] PackLoader:240 - Cannot read IP mode file for emotas.I-CUBE-CANOPEN.1.3.0
2025-10-22 12:13:21,736 [WARN] ConditionMgr:438 - getConditionDescription Invalid condition id : Cortex-A Device cause : null
2025-10-22 12:13:21,747 [WARN] ConditionMgr:1044 - genDependencies : Invalid condition id : Cortex-A Device cause : null
2025-10-22 12:13:21,747 [WARN] ConditionMgr:1044 - genDependencies : Invalid condition id : Cortex-A Device cause : null
2025-10-22 12:13:21,748 [WARN] ConditionMgr:1044 - genDependencies : Invalid condition id : Cortex-A Device cause : null
2025-10-22 12:13:21,751 [WARN] PackLoader:240 - Cannot read IP mode file for STMicroelectronics.X-CUBE-AI.10.0.0
2025-10-22 12:13:21,758 [WARN] PackLoader:240 - Cannot read IP mode file for STMicroelectronics.FP-SNS-STBOX1.2.1.0
2025-10-22 12:13:21,763 [WARN] PackLoader:240 - Cannot read IP mode file for STMicroelectronics.FP-SNS-SMARTAG2.1.2.0
2025-10-22 12:13:21,766 [WARN] PackLoader:240 - Cannot read IP mode file for STMicroelectronics.FP-SNS-FLIGHT1.5.1.0
2025-10-22 12:13:21,792 [INFO] LogOutputStream:77 - [STDOUT_REDIRECT] 1 : Invalid condition id : UX_CORESTACK_Condition cause : null
2025-10-22 12:13:21,792 [INFO] LogOutputStream:77 - [STDOUT_REDIRECT] 1 : Invalid condition id : UX_CORESTACK_Condition cause : null
2025-10-22 12:13:21,794 [INFO] LogOutputStream:77 - [STDOUT_REDIRECT] 1 : Invalid condition id : UX_CORESTACK_Condition cause : null
2025-10-22 12:13:21,795 [INFO] LogOutputStream:77 - [STDOUT_REDIRECT] 1 : Invalid condition id : UX_CORESTACK_Condition cause : null
2025-10-22 12:13:21,796 [INFO] LogOutputStream:77 - [STDOUT_REDIRECT] 1 : Invalid condition id : UX_CORESTACK_Condition cause : null
2025-10-22 12:13:21,799 [WARN] PackLoader:240 - Cannot read IP mode file for STMicroelectronics.X-CUBE-AZRTOS-WL.2.0.0
2025-10-22 12:13:21,805 [WARN] PackLoader:240 - Cannot read IP mode file for STMicroelectronics.FP-SNS-MOTENV1.5.0.0
2025-10-22 12:13:21,813 [WARN] PackLoader:240 - Cannot read IP mode file for WES.I-CUBE-Cesium.1.3.0
2025-10-22 12:13:21,817 [WARN] PackLoader:240 - Cannot read IP mode file for STMicroelectronics.X-CUBE-BLE2.3.3.0
2025-10-22 12:13:21,822 [WARN] PackLoader:240 - Cannot read IP mode file for STMicroelectronics.X-CUBE-NFC9.1.0.0
2025-10-22 12:13:21,827 [WARN] PackLoader:240 - Cannot read IP mode file for STMicroelectronics.X-CUBE-BLE1.7.1.0
2025-10-22 12:13:21,830 [WARN] PackLoader:240 - Cannot read IP mode file for wolfSSL.I-CUBE-wolfMQTT.1.19.2
2025-10-22 12:13:21,835 [WARN] PackLoader:240 - Cannot read IP mode file for STMicroelectronics.X-CUBE-EEPRMA1.5.2.0
2025-10-22 12:13:21,841 [WARN] PackLoader:240 - Cannot read IP mode file for STMicroelectronics.X-CUBE-ST67W61.1.1.0
2025-10-22 12:13:21,844 [WARN] PackLoader:240 - Cannot read IP mode file for STMicroelectronics.X-CUBE-AI.10.1.0
2025-10-22 12:13:21,875 [WARN] PackLoader:240 - Cannot read IP mode file for STMicroelectronics.X-CUBE-MEMS1.11.2.0
2025-10-22 12:13:21,947 [WARN] PackLoader:240 - Cannot read IP mode file for STMicroelectronics.X-CUBE-AZRTOS-G0.1.1.0
2025-10-22 12:13:21,952 [WARN] PackLoader:240 - Cannot read IP mode file for STMicroelectronics.X-CUBE-SAFEA1.1.2.2
2025-10-22 12:13:21,956 [WARN] PackLoader:240 - Cannot read IP mode file for STMicroelectronics.X-CUBE-NFC4.3.0.0
2025-10-22 12:13:21,962 [WARN] PackLoader:240 - Cannot read IP mode file for EmbeddedOffice.I-CUBE-FS-RTOS.1.0.1
2025-10-22 12:13:21,965 [WARN] PackLoader:240 - Cannot read IP mode file for STMicroelectronics.X-CUBE-WB05N.2.0.0
2025-10-22 12:13:21,968 [WARN] PackLoader:240 - Cannot read IP mode file for wolfSSL.I-CUBE-wolfTPM.3.8.0
2025-10-22 12:13:21,972 [WARN] PackLoader:240 - Cannot read IP mode file for STMicroelectronics.X-CUBE-TCPP.4.2.0
2025-10-22 12:13:21,976 [WARN] PackLoader:240 - Cannot read IP mode file for RealThread.X-CUBE-RT-Thread_Nano.4.1.1
2025-10-22 12:13:21,979 [WARN] PackLoader:240 - Cannot read IP mode file for STMicroelectronics.FP-ATR-SIGFOX1.3.2.0
2025-10-22 12:13:21,982 [WARN] PackLoader:240 - Cannot read IP mode file for STMicroelectronics.X-CUBE-EEPRMA1.5.1.0
2025-10-22 12:13:21,985 [WARN] PackLoader:240 - Cannot read IP mode file for wolfSSL.I-CUBE-wolfSSL.5.7.6
2025-10-22 12:13:21,989 [WARN] PackLoader:240 - Cannot read IP mode file for ITTIA_DB.I-CUBE-ITTIADB.8.9.0
2025-10-22 12:13:21,992 [WARN] PackLoader:240 - Cannot read IP mode file for STMicroelectronics.X-CUBE-ST67W61.1.0.0
2025-10-22 12:13:21,995 [WARN] PackLoader:240 - Cannot read IP mode file for STMicroelectronics.X-CUBE-AI.10.2.0
2025-10-22 12:13:22,007 [WARN] PackLoader:240 - Cannot read IP mode file for SEGGER.I-CUBE-embOS.1.3.1
2025-10-22 12:13:22,028 [WARN] PackLoader:240 - Cannot read IP mode file for STMicroelectronics.X-CUBE-ALGOBUILD.1.4.0
2025-10-22 12:13:22,049 [WARN] PackLoader:240 - Cannot read IP mode file for STMicroelectronics.X-CUBE-MEMS1.11.3.0
2025-10-22 12:13:22,111 [WARN] PackLoader:240 - Cannot read IP mode file for STMicroelectronics.X-CUBE-PM33A1.1.0.0
2025-10-22 12:13:22,124 [WARN] PackLoader:240 - Cannot read IP mode file for STMicroelectronics.X-CUBE-AZRTOS-F4.1.1.0
2025-10-22 12:13:22,130 [WARN] PackLoader:240 - Cannot read IP mode file for Avnet-IotConnect.X-CUBE-IoTC-DA16k-PMOD.1.0.0
2025-10-22 12:13:22,133 [WARN] PackLoader:240 - Cannot read IP mode file for STMicroelectronics.X-CUBE-ISPU.2.1.0
2025-10-22 12:13:22,142 [WARN] PackLoader:240 - Cannot read IP mode file for STMicroelectronics.X-CUBE-IPS.3.2.0
2025-10-22 12:13:22,152 [WARN] PackLoader:240 - Cannot read IP mode file for STMicroelectronics.X-CUBE-NFC12.1.0.0
2025-10-22 12:13:22,163 [WARN] PackLoader:240 - Cannot read IP mode file for STMicroelectronics.X-CUBE-AZRTOS-L5.2.0.0
2025-10-22 12:13:22,176 [WARN] PackLoader:240 - Cannot read IP mode file for STMicroelectronics.X-CUBE-NFC6.3.1.0
2025-10-22 12:13:22,184 [WARN] PackLoader:240 - Cannot read IP mode file for STMicroelectronics.X-CUBE-FREERTOS.1.3.1
2025-10-22 12:13:22,188 [WARN] PackLoader:240 - Cannot read IP mode file for STMicroelectronics.X-CUBE-FREERTOS.1.3.0
2025-10-22 12:13:22,192 [WARN] PackLoader:240 - Cannot read IP mode file for STMicroelectronics.X-CUBE-NFC7.1.0.1
2025-10-22 12:13:22,197 [WARN] PackLoader:240 - Cannot read IP mode file for STMicroelectronics.X-CUBE-TOUCHGFX.4.26.0
2025-10-22 12:13:22,202 [WARN] PackLoader:240 - Cannot read IP mode file for STMicroelectronics.FP-SNS-STAIOTCFT.1.0.0
2025-10-22 12:13:22,206 [WARN] PackLoader:240 - Cannot read IP mode file for STMicroelectronics.X-CUBE-DPower.1.3.0
2025-10-22 12:13:22,217 [WARN] ConditionMgr:438 - getConditionDescription Invalid condition id : LAN8742 Phy interface Condition cause : null
2025-10-22 12:13:22,217 [WARN] PackLoader:240 - Cannot read IP mode file for STMicroelectronics.X-CUBE-AZRTOS-L4.2.0.0
2025-10-22 12:13:22,218 [WARN] ConditionMgr:1044 - genDependencies : Invalid condition id : LAN8742 Phy interface Condition cause : null
2025-10-22 12:13:22,218 [WARN] ConditionMgr:1044 - genDependencies : Invalid condition id : LAN8742 Phy interface Condition cause : null
2025-10-22 12:13:22,218 [WARN] ConditionMgr:1044 - genDependencies : Invalid condition id : LAN8742 Phy interface Condition cause : null
2025-10-22 12:13:22,224 [WARN] PackLoader:240 - Cannot read IP mode file for STMicroelectronics.X-CUBE-SFXS2LP1.4.0.0
2025-10-22 12:13:22,236 [WARN] PackLoader:240 - Cannot read IP mode file for STMicroelectronics.X-CUBE-AZRTOS-H7.3.3.0
2025-10-22 12:13:22,245 [WARN] PackLoader:240 - Cannot read IP mode file for STMicroelectronics.X-CUBE-BLEMGR.4.1.0
2025-10-22 12:13:22,254 [WARN] ConditionMgr:438 - getConditionDescription Invalid condition id : UX DEVICE CLASS RTOS Condition cause : null
2025-10-22 12:13:22,254 [WARN] ConditionMgr:438 - getConditionDescription Invalid condition id : UX DEVICE CLASS RTOS Condition cause : null
2025-10-22 12:13:22,255 [WARN] PackLoader:240 - Cannot read IP mode file for STMicroelectronics.X-CUBE-AZRTOS-WB.2.0.0
2025-10-22 12:13:22,255 [WARN] ConditionMgr:1044 - genDependencies : Invalid condition id : UX DEVICE CLASS RTOS Condition cause : null
2025-10-22 12:13:22,256 [WARN] ConditionMgr:1044 - genDependencies : Invalid condition id : UX DEVICE CLASS RTOS Condition cause : null
2025-10-22 12:13:22,256 [WARN] ConditionMgr:1044 - genDependencies : Invalid condition id : UX DEVICE CLASS RTOS Condition cause : null
2025-10-22 12:13:22,256 [WARN] ConditionMgr:1044 - genDependencies : Invalid condition id : UX DEVICE CLASS RTOS Condition cause : null
2025-10-22 12:13:22,256 [WARN] ConditionMgr:1044 - genDependencies : Invalid condition id : UX DEVICE CLASS RTOS Condition cause : null
2025-10-22 12:13:22,260 [WARN] PackLoader:240 - Cannot read IP mode file for STMicroelectronics.X-CUBE-GNSS1.7.0.1
2025-10-22 12:13:22,263 [WARN] PackLoader:240 - Cannot read IP mode file for STMicroelectronics.X-CUBE-TOUCHGFX.4.25.0
2025-10-22 12:13:22,265 [WARN] PackLoader:240 - Cannot read IP mode file for STMicroelectronics.FP-SNS-STBOX1.2.0.0
2025-10-22 12:13:22,273 [WARN] PackLoader:240 - Cannot read IP mode file for STMicroelectronics.X-CUBE-SUBG2.5.0.0
2025-10-22 12:13:22,287 [WARN] PackLoader:240 - Cannot read IP mode file for STMicroelectronics.X-CUBE-AZRTOS-H7RS.1.1.0
2025-10-22 12:13:22,291 [WARN] PackLoader:240 - Cannot read IP mode file for Cesanta.I-CUBE-Mongoose.7.13.0
2025-10-22 12:13:22,297 [WARN] PackLoader:240 - Cannot read IP mode file for STMicroelectronics.X-CUBE-AZRTOS-G4.2.0.0
2025-10-22 12:13:22,300 [WARN] PackLoader:240 - Cannot read IP mode file for wolfSSL.I-CUBE-wolfSSH.1.4.20
2025-10-22 12:13:22,302 [WARN] PackLoader:240 - Cannot read IP mode file for STMicroelectronics.X-CUBE-NFC7.2.0.0
2025-10-22 12:13:22,306 [WARN] PackLoader:240 - Cannot read IP mode file for STMicroelectronics.X-CUBE-IPS.3.1.0
2025-10-22 12:13:22,311 [WARN] PackLoader:240 - Cannot read IP mode file for STMicroelectronics.X-CUBE-ALS.1.0.2
2025-10-22 12:13:22,315 [WARN] PackLoader:240 - Cannot read IP mode file for STMicroelectronics.X-CUBE-STSE01.1.0.0
2025-10-22 12:13:22,319 [WARN] PackLoader:240 - Cannot read IP mode file for portGmbH.I-Cube-SoM-uGOAL.1.1.0
2025-10-22 12:13:22,325 [WARN] PackLoader:240 - Cannot read IP mode file for STMicroelectronics.X-CUBE-TOF1.3.4.3
2025-10-22 12:13:22,330 [INFO] ThirdParty:978 - Integrity check success = true
2025-10-22 12:13:22,330 [INFO] IntegrityCheckThread:100 - exiting critical section [integrity check]
2025-10-22 12:13:22,330 [INFO] IntegrityCheckThread:103 - End integrity checks thread
2025-10-22 12:16:56,202 [INFO] WebApp:194 - Connection lost
2025-10-22 12:17:34,684 [INFO] WebApp:191 - Connection restablished
2025-10-22 12:17:36,461 [INFO] WebApp:194 - Connection lost
2025-10-22 12:17:43,417 [INFO] WebApp:403 - JxBrowser engine has been closed 
2025-10-22 12:17:54,014 [ERROR] ConfigurationRetriever:142 - IOException on connection: sw-center.st.com
2025-10-22 12:17:54,015 [ERROR] ConfigurationRetriever:142 - IOException on connection: sw-center.st.com
2025-10-22 12:17:54,015 [ERROR] ConfigurationRetriever:142 - IOException on connection: sw-center.st.com
