2025-10-21 00:48:19,646 [INFO] Activator:176 - 


2025-10-21 00:48:19,652 [INFO] Activator:177 - !SESSION log4j initialized
2025-10-21 00:48:23,250 [INFO] LogOutputStream:77 - [STDOUT_REDIRECT] 
2025-10-21 00:48:25,234 [INFO] ApplicationProperties:184 - Using Application install path: C:\ST\STM32CubeIDE_1.19.0\STM32CubeIDE\plugins\com.st.stm32cube.common.mx_6.15.0.202507011659
2025-10-21 00:48:25,249 [INFO] DbMcusXml:78 - Set database path to: C:\ST\STM32CubeIDE_1.19.0\STM32CubeIDE\plugins\com.st.stm32cube.common.mx_6.15.0.202507011659\\db\/mcu/
2025-10-21 00:48:25,249 [INFO] ApiDb:274 - Set plugin database path to: C:\ST\STM32CubeIDE_1.19.0\STM32CubeIDE\plugins\com.st.stm32cube.common.mx_6.15.0.202507011659\\db\/plugins/boardmanager/
2025-10-21 00:48:25,249 [WARN] ApiDb:259 - Overriding images path with different value:  => C:\ST\STM32CubeIDE_1.19.0\STM32CubeIDE\plugins\com.st.stm32cube.common.mx_6.15.0.202507011659\\db\/plugins/mcufinder/images/
2025-10-21 00:48:25,257 [INFO] ApiDb:250 - Set database path to: C:\Users\nicks\.stmcufinder\plugins\mcufinder//mcu/
2025-10-21 00:48:25,257 [INFO] DbMcusAds:125 - Set database path to: C:\Users\nicks\.stmcufinder\plugins\mcufinder//mcu/
2025-10-21 00:48:25,259 [INFO] CrossReferenceDbSqlite:203 - Set database path to: C:\Users\nicks\.stmcufinder\plugins\mcufinder//mcu/cs/
2025-10-21 00:48:25,334 [INFO] RulesReader:64 - Compatibility file has been processed (317 Rules)
2025-10-21 00:48:25,395 [INFO] DbMcusXml:78 - Set database path to: C:\ST\STM32CubeIDE_1.19.0\STM32CubeIDE\plugins\com.st.stm32cube.common.mx_6.15.0.202507011659\\db\/mcu/
2025-10-21 00:48:25,395 [INFO] ApiDb:274 - Set plugin database path to: C:\ST\STM32CubeIDE_1.19.0\STM32CubeIDE\plugins\com.st.stm32cube.common.mx_6.15.0.202507011659\\db\/plugins/boardmanager/
2025-10-21 00:48:25,395 [INFO] ApiDb:261 - Set plugin images path to: C:\ST\STM32CubeIDE_1.19.0\STM32CubeIDE\plugins\com.st.stm32cube.common.mx_6.15.0.202507011659\\db\/plugins/mcufinder/images/
2025-10-21 00:48:25,395 [WARN] DbFile:41 - Overriding database path with different value: C:\Users\nicks\.stmcufinder\plugins\mcufinder/ => C:\Users\nicks\.stmcufinder\plugins\mcufinder
2025-10-21 00:48:25,395 [INFO] ApiDb:250 - Set database path to: C:\Users\nicks\.stmcufinder\plugins\mcufinder//mcu/
2025-10-21 00:48:25,395 [WARN] DbFile:41 - Overriding database path with different value: C:\Users\nicks\.stmcufinder\plugins\mcufinder/ => C:\Users\nicks\.stmcufinder\plugins\mcufinder
2025-10-21 00:48:25,395 [INFO] DbMcusAds:125 - Set database path to: C:\Users\nicks\.stmcufinder\plugins\mcufinder//mcu/
2025-10-21 00:48:25,395 [WARN] DbFile:41 - Overriding database path with different value: C:\Users\nicks\.stmcufinder\plugins\mcufinder/ => C:\Users\nicks\.stmcufinder\plugins\mcufinder
2025-10-21 00:48:25,395 [WARN] DbFile:41 - Overriding database path with different value: C:\Users\nicks\.stmcufinder\plugins\mcufinder/ => C:\Users\nicks\.stmcufinder\plugins\mcufinder
2025-10-21 00:48:25,396 [INFO] CrossReferenceDbSqlite:203 - Set database path to: C:\Users\nicks\.stmcufinder\plugins\mcufinder//mcu/cs/
2025-10-21 00:48:25,453 [INFO] MainPanel:274 - HeapMemory: 268435456
2025-10-21 00:48:25,532 [INFO] DbMcusXml:78 - Set database path to: C:\ST\STM32CubeIDE_1.19.0\STM32CubeIDE\plugins\com.st.stm32cube.common.mx_6.15.0.202507011659\\db\/mcu/
2025-10-21 00:48:25,532 [INFO] ApiDb:274 - Set plugin database path to: C:\ST\STM32CubeIDE_1.19.0\STM32CubeIDE\plugins\com.st.stm32cube.common.mx_6.15.0.202507011659\\db\/plugins/boardmanager/
2025-10-21 00:48:25,532 [INFO] ApiDb:261 - Set plugin images path to: C:\ST\STM32CubeIDE_1.19.0\STM32CubeIDE\plugins\com.st.stm32cube.common.mx_6.15.0.202507011659\\db\/plugins/mcufinder/images/
2025-10-21 00:48:25,533 [WARN] DbFile:41 - Overriding database path with different value: C:\Users\nicks\.stmcufinder\plugins\mcufinder/ => C:\Users\nicks\.stmcufinder\plugins\mcufinder
2025-10-21 00:48:25,533 [INFO] ApiDb:250 - Set database path to: C:\Users\nicks\.stmcufinder\plugins\mcufinder//mcu/
2025-10-21 00:48:25,533 [WARN] DbFile:41 - Overriding database path with different value: C:\Users\nicks\.stmcufinder\plugins\mcufinder/ => C:\Users\nicks\.stmcufinder\plugins\mcufinder
2025-10-21 00:48:25,533 [INFO] DbMcusAds:125 - Set database path to: C:\Users\nicks\.stmcufinder\plugins\mcufinder//mcu/
2025-10-21 00:48:25,533 [WARN] DbFile:41 - Overriding database path with different value: C:\Users\nicks\.stmcufinder\plugins\mcufinder/ => C:\Users\nicks\.stmcufinder\plugins\mcufinder
2025-10-21 00:48:25,533 [WARN] DbFile:41 - Overriding database path with different value: C:\Users\nicks\.stmcufinder\plugins\mcufinder/ => C:\Users\nicks\.stmcufinder\plugins\mcufinder
2025-10-21 00:48:25,533 [INFO] CrossReferenceDbSqlite:203 - Set database path to: C:\Users\nicks\.stmcufinder\plugins\mcufinder//mcu/cs/
2025-10-21 00:48:25,546 [INFO] ApplicationProperties:184 - Using Application install path: C:\ST\STM32CubeIDE_1.19.0\STM32CubeIDE\plugins\com.st.stm32cube.common.mx_6.15.0.202507011659
2025-10-21 00:48:25,547 [INFO] PluginManage:196 - Search for loadable plugins [exclusion list=, ]
2025-10-21 00:48:25,548 [INFO] PluginManage:310 - Check plugin analytics
2025-10-21 00:48:25,651 [INFO] AnalyticsPlugin:253 - Accepted Software Licenses: 
2025-10-21 00:48:25,651 [INFO] AnalyticsPlugin:255 - Accepted CMSIS Pack Licenses: 
2025-10-21 00:48:25,651 [INFO] AnalyticsPlugin:257 - Accepted Firmware Licenses: FW.F4.1.28.0,FW.H7.1.12.0,FW.H7.1.11.0
2025-10-21 00:48:25,653 [INFO] PluginManage:359 - Loaded plugin analytics (category:tool,tabindex:-1)
2025-10-21 00:48:25,653 [INFO] PluginManage:310 - Check plugin cadmodel
2025-10-21 00:48:25,658 [INFO] CADModel:105 - Init CAD model plugin
2025-10-21 00:48:25,658 [INFO] PluginManage:359 - Loaded plugin cadmodel (category:power,tabindex:5)
2025-10-21 00:48:25,658 [INFO] PluginManage:310 - Check plugin clock
2025-10-21 00:48:25,665 [INFO] PluginManage:359 - Loaded plugin clock (category:base,tabindex:2)
2025-10-21 00:48:25,665 [INFO] PluginManage:310 - Check plugin ddr
2025-10-21 00:48:25,666 [INFO] PluginManage:359 - Loaded plugin ddr (category:tool,tabindex:6)
2025-10-21 00:48:25,666 [INFO] PluginManage:310 - Check plugin filemanager
2025-10-21 00:48:25,773 [INFO] PluginManage:359 - Loaded plugin filemanager (category:base,tabindex:10)
2025-10-21 00:48:25,774 [INFO] PluginManage:310 - Check plugin ipmanager
2025-10-21 00:48:25,778 [INFO] PluginManage:359 - Loaded plugin ipmanager (category:base,tabindex:5)
2025-10-21 00:48:25,778 [INFO] PluginManage:310 - Check plugin lpbam
2025-10-21 00:48:25,789 [INFO] PluginManage:359 - Loaded plugin lpbam (category:base,tabindex:0)
2025-10-21 00:48:25,789 [INFO] PluginManage:310 - Check plugin memorymap
2025-10-21 00:48:25,798 [INFO] PluginManage:359 - Loaded plugin memorymap (category:base,tabindex:4)
2025-10-21 00:48:25,798 [INFO] PluginManage:310 - Check plugin pinoutandconfiguration
2025-10-21 00:48:25,805 [INFO] PluginManage:359 - Loaded plugin pinoutandconfiguration (category:base,tabindex:1)
2025-10-21 00:48:25,805 [INFO] PluginManage:310 - Check plugin pinoutconfig
2025-10-21 00:48:25,868 [WARN] SupportedApi:132 - Cannot load RTOS API schema: s4s-elt-must-match.1: The content of 'definitions' must match (annotation?, (simpleType | complexType)?, (unique | key | keyref)*)). A problem was found starting at: attribute.
2025-10-21 00:48:25,955 [INFO] PluginManage:359 - Loaded plugin pinoutconfig (category:base,tabindex:0)
2025-10-21 00:48:25,955 [INFO] PluginManage:310 - Check plugin power
2025-10-21 00:48:25,963 [INFO] PluginManage:359 - Loaded plugin power (category:power,tabindex:4)
2025-10-21 00:48:25,963 [INFO] PluginManage:310 - Check plugin projectmanager
2025-10-21 00:48:25,974 [INFO] PluginManage:359 - Loaded plugin projectmanager (category:projectmanager,tabindex:4)
2025-10-21 00:48:25,974 [INFO] PluginManage:310 - Check plugin rif
2025-10-21 00:48:25,981 [INFO] PluginManage:359 - Loaded plugin rif (category:base,tabindex:3)
2025-10-21 00:48:25,981 [INFO] PluginManage:310 - Check plugin thirdparty
2025-10-21 00:48:26,075 [INFO] PluginManage:359 - Loaded plugin thirdparty (category:base,tabindex:-1)
2025-10-21 00:48:26,075 [WARN] IntegrityCheckThread:84 - waiting for thirdparty lock release [integrity check]
2025-10-21 00:48:26,075 [INFO] IntegrityCheckThread:86 - entering critical section [integrity check]
2025-10-21 00:48:26,075 [INFO] PluginManage:310 - Check plugin tools
2025-10-21 00:48:26,075 [INFO] ThirdPartyUpdaterWithRetryManager:70 - Updater plugin not ready yet. [1/15]
2025-10-21 00:48:26,077 [INFO] PluginManage:359 - Loaded plugin tools (category:base,tabindex:7)
2025-10-21 00:48:26,077 [INFO] PluginManage:310 - Check plugin tutovideos
2025-10-21 00:48:26,229 [INFO] PluginManage:359 - Loaded plugin tutovideos (category:base,tabindex:-1)
2025-10-21 00:48:26,229 [INFO] PluginManage:310 - Check plugin updater
2025-10-21 00:48:26,245 [INFO] PluginManage:359 - Loaded plugin updater (category:base,tabindex:12)
2025-10-21 00:48:26,245 [INFO] PluginManage:310 - Check plugin userauth
2025-10-21 00:48:26,248 [INFO] UserAuth:118 - Init User Auth plugin
2025-10-21 00:48:26,248 [INFO] PluginManage:359 - Loaded plugin userauth (category:base,tabindex:14)
2025-10-21 00:48:26,249 [INFO] PluginManage:283 - PluginManage : Loaded plugins [18]
2025-10-21 00:48:26,399 [INFO] PinOutPanel:1589 - setPackage(No Configuration,No Configuration)
2025-10-21 00:48:26,460 [INFO] CADModel:165 - CPN selected for project level
2025-10-21 00:48:26,460 [INFO] CADModel:114 - Register for checkConnection events
2025-10-21 00:48:26,474 [INFO] IPUIPlugin:80 - create IPUIPlugin
2025-10-21 00:48:26,475 [INFO] PluginManager:220 - loadIPPluginJar : add adc
2025-10-21 00:48:26,477 [INFO] IPUIPlugin:80 - create IPUIPlugin
2025-10-21 00:48:26,477 [INFO] PluginManager:220 - loadIPPluginJar : add aes
2025-10-21 00:48:26,480 [INFO] IPUIPlugin:80 - create IPUIPlugin
2025-10-21 00:48:26,480 [INFO] PluginManager:220 - loadIPPluginJar : add can
2025-10-21 00:48:26,481 [INFO] IPUIPlugin:80 - create IPUIPlugin
2025-10-21 00:48:26,481 [INFO] PluginManager:220 - loadIPPluginJar : add comp
2025-10-21 00:48:26,483 [INFO] IPUIPlugin:80 - create IPUIPlugin
2025-10-21 00:48:26,483 [INFO] PluginManager:220 - loadIPPluginJar : add cryp
2025-10-21 00:48:26,486 [INFO] IPUIPlugin:80 - create IPUIPlugin
2025-10-21 00:48:26,486 [INFO] PluginManager:220 - loadIPPluginJar : add ddr_ctrl_phy
2025-10-21 00:48:26,488 [INFO] IPUIPlugin:80 - create IPUIPlugin
2025-10-21 00:48:26,488 [INFO] PluginManager:220 - loadIPPluginJar : add dfsdm
2025-10-21 00:48:26,492 [INFO] IPUIPlugin:80 - create IPUIPlugin
2025-10-21 00:48:26,493 [INFO] PluginManager:220 - loadIPPluginJar : add dma
2025-10-21 00:48:26,496 [INFO] IPUIPlugin:80 - create IPUIPlugin
2025-10-21 00:48:26,496 [INFO] PluginManager:220 - loadIPPluginJar : add dma3
2025-10-21 00:48:26,499 [INFO] IPUIPlugin:80 - create IPUIPlugin
2025-10-21 00:48:26,499 [INFO] PluginManager:220 - loadIPPluginJar : add extmemmanager
2025-10-21 00:48:26,500 [INFO] IPUIPlugin:80 - create IPUIPlugin
2025-10-21 00:48:26,500 [INFO] PluginManager:220 - loadIPPluginJar : add fatfs
2025-10-21 00:48:26,505 [INFO] IPUIPlugin:80 - create IPUIPlugin
2025-10-21 00:48:26,505 [INFO] PluginManager:220 - loadIPPluginJar : add fmc
2025-10-21 00:48:26,511 [INFO] IPUIPlugin:80 - create IPUIPlugin
2025-10-21 00:48:26,511 [INFO] PluginManager:220 - loadIPPluginJar : add freertos
2025-10-21 00:48:26,512 [INFO] IPUIPlugin:80 - create IPUIPlugin
2025-10-21 00:48:26,512 [INFO] PluginManager:220 - loadIPPluginJar : add genericplugin
2025-10-21 00:48:26,515 [INFO] IPUIPlugin:80 - create IPUIPlugin
2025-10-21 00:48:26,515 [INFO] PluginManager:220 - loadIPPluginJar : add gfxmmu
2025-10-21 00:48:26,519 [INFO] IPUIPlugin:80 - create IPUIPlugin
2025-10-21 00:48:26,519 [INFO] PluginManager:220 - loadIPPluginJar : add gic
2025-10-21 00:48:26,523 [INFO] IPUIPlugin:80 - create IPUIPlugin
2025-10-21 00:48:26,523 [INFO] PluginManager:220 - loadIPPluginJar : add gpio
2025-10-21 00:48:26,525 [INFO] IPUIPlugin:80 - create IPUIPlugin
2025-10-21 00:48:26,525 [INFO] PluginManager:220 - loadIPPluginJar : add gtzc
2025-10-21 00:48:26,527 [INFO] IPUIPlugin:80 - create IPUIPlugin
2025-10-21 00:48:26,527 [INFO] PluginManager:220 - loadIPPluginJar : add hash
2025-10-21 00:48:26,530 [INFO] IPUIPlugin:80 - create IPUIPlugin
2025-10-21 00:48:26,530 [INFO] PluginManager:220 - loadIPPluginJar : add i2c
2025-10-21 00:48:26,532 [INFO] IPUIPlugin:80 - create IPUIPlugin
2025-10-21 00:48:26,532 [INFO] PluginManager:220 - loadIPPluginJar : add i2s
2025-10-21 00:48:26,534 [INFO] IPUIPlugin:80 - create IPUIPlugin
2025-10-21 00:48:26,534 [INFO] PluginManager:220 - loadIPPluginJar : add i3c
2025-10-21 00:48:26,538 [INFO] IPUIPlugin:80 - create IPUIPlugin
2025-10-21 00:48:26,538 [INFO] PluginManager:220 - loadIPPluginJar : add ipddr
2025-10-21 00:48:26,543 [INFO] IPUIPlugin:80 - create IPUIPlugin
2025-10-21 00:48:26,543 [INFO] PluginManager:220 - loadIPPluginJar : add linkedlist
2025-10-21 00:48:26,546 [INFO] IPUIPlugin:80 - create IPUIPlugin
2025-10-21 00:48:26,546 [INFO] PluginManager:220 - loadIPPluginJar : add lorawan
2025-10-21 00:48:26,547 [INFO] IPUIPlugin:80 - create IPUIPlugin
2025-10-21 00:48:26,547 [INFO] PluginManager:220 - loadIPPluginJar : add ltdc
2025-10-21 00:48:26,552 [INFO] IPUIPlugin:80 - create IPUIPlugin
2025-10-21 00:48:26,552 [INFO] PluginManager:220 - loadIPPluginJar : add mdma
2025-10-21 00:48:26,555 [INFO] IPUIPlugin:80 - create IPUIPlugin
2025-10-21 00:48:26,555 [INFO] PluginManager:220 - loadIPPluginJar : add nvic
2025-10-21 00:48:26,558 [INFO] IPUIPlugin:80 - create IPUIPlugin
2025-10-21 00:48:26,558 [INFO] PluginManager:220 - loadIPPluginJar : add opamp
2025-10-21 00:48:26,561 [INFO] IPUIPlugin:80 - create IPUIPlugin
2025-10-21 00:48:26,561 [INFO] PluginManager:220 - loadIPPluginJar : add openamp
2025-10-21 00:48:26,564 [INFO] IPUIPlugin:80 - create IPUIPlugin
2025-10-21 00:48:26,564 [INFO] PluginManager:220 - loadIPPluginJar : add pdm2pcm
2025-10-21 00:48:26,569 [INFO] IPUIPlugin:80 - create IPUIPlugin
2025-10-21 00:48:26,571 [INFO] PluginManager:220 - loadIPPluginJar : add plateformsettings
2025-10-21 00:48:26,572 [INFO] IPUIPlugin:80 - create IPUIPlugin
2025-10-21 00:48:26,572 [INFO] PluginManager:220 - loadIPPluginJar : add quadspi
2025-10-21 00:48:26,574 [INFO] IPUIPlugin:80 - create IPUIPlugin
2025-10-21 00:48:26,574 [INFO] PluginManager:220 - loadIPPluginJar : add radio
2025-10-21 00:48:26,577 [INFO] IPUIPlugin:80 - create IPUIPlugin
2025-10-21 00:48:26,577 [INFO] PluginManager:220 - loadIPPluginJar : add resmgrutility
2025-10-21 00:48:26,580 [INFO] IPUIPlugin:80 - create IPUIPlugin
2025-10-21 00:48:26,580 [INFO] PluginManager:220 - loadIPPluginJar : add sai
2025-10-21 00:48:26,581 [INFO] IPUIPlugin:80 - create IPUIPlugin
2025-10-21 00:48:26,582 [INFO] PluginManager:220 - loadIPPluginJar : add spi
2025-10-21 00:48:26,586 [INFO] IPUIPlugin:80 - create IPUIPlugin
2025-10-21 00:48:26,586 [INFO] PluginManager:220 - loadIPPluginJar : add stm32_wpan
2025-10-21 00:48:26,588 [INFO] IPUIPlugin:80 - create IPUIPlugin
2025-10-21 00:48:26,588 [INFO] PluginManager:220 - loadIPPluginJar : add tim
2025-10-21 00:48:26,590 [INFO] IPUIPlugin:80 - create IPUIPlugin
2025-10-21 00:48:26,591 [INFO] PluginManager:220 - loadIPPluginJar : add touchsensing
2025-10-21 00:48:26,592 [INFO] IPUIPlugin:80 - create IPUIPlugin
2025-10-21 00:48:26,592 [INFO] PluginManager:220 - loadIPPluginJar : add tracer_emb
2025-10-21 00:48:26,594 [INFO] IPUIPlugin:80 - create IPUIPlugin
2025-10-21 00:48:26,594 [INFO] PluginManager:220 - loadIPPluginJar : add ts
2025-10-21 00:48:26,595 [INFO] IPUIPlugin:80 - create IPUIPlugin
2025-10-21 00:48:26,595 [INFO] PluginManager:220 - loadIPPluginJar : add tsc
2025-10-21 00:48:26,596 [INFO] IPUIPlugin:80 - create IPUIPlugin
2025-10-21 00:48:26,596 [INFO] PluginManager:220 - loadIPPluginJar : add ucpd
2025-10-21 00:48:26,599 [INFO] IPUIPlugin:80 - create IPUIPlugin
2025-10-21 00:48:26,599 [INFO] PluginManager:220 - loadIPPluginJar : add usart
2025-10-21 00:48:26,602 [INFO] IPUIPlugin:80 - create IPUIPlugin
2025-10-21 00:48:26,602 [INFO] PluginManager:220 - loadIPPluginJar : add usbx
2025-10-21 00:48:26,714 [FATAL] Updater:351 - Updater called before beeing initialized
2025-10-21 00:48:26,734 [INFO] RulesReader:64 - Compatibility file has been processed (317 Rules)
2025-10-21 00:48:26,742 [INFO] RulesReader:64 - Compatibility file has been processed (317 Rules)
2025-10-21 00:48:26,747 [INFO] CADModel:165 - CPN selected for project level
2025-10-21 00:48:26,747 [INFO] CADModel:114 - Register for checkConnection events
2025-10-21 00:48:26,747 [FATAL] Updater:351 - Updater called before beeing initialized
2025-10-21 00:48:26,747 [ERROR] CADModel:125 - Updater not yet initialized, retry later 
2025-10-21 00:48:26,857 [FATAL] Updater:351 - Updater called before beeing initialized
2025-10-21 00:48:26,859 [INFO] CADModel:165 - CPN selected for project level
2025-10-21 00:48:26,859 [INFO] CADModel:114 - Register for checkConnection events
2025-10-21 00:48:26,859 [FATAL] Updater:351 - Updater called before beeing initialized
2025-10-21 00:48:26,859 [ERROR] CADModel:125 - Updater not yet initialized, retry later 
2025-10-21 00:48:26,861 [FATAL] Updater:351 - Updater called before beeing initialized
2025-10-21 00:48:26,954 [FATAL] Updater:351 - Updater called before beeing initialized
2025-10-21 00:48:26,957 [INFO] DbMcusAds:53 - JSON generation date=Tue Jul 08 18:14:23 AEST 2025 (1751962463562)
2025-10-21 00:48:26,957 [FATAL] Updater:351 - Updater called before beeing initialized
2025-10-21 00:48:26,986 [WARN] DetailPanel:346 - Failed to get advertising image, set to default
2025-10-21 00:48:27,049 [FATAL] Updater:351 - Updater called before beeing initialized
2025-10-21 00:48:27,050 [FATAL] Updater:351 - Updater called before beeing initialized
2025-10-21 00:48:27,050 [FATAL] Updater:351 - Updater called before beeing initialized
2025-10-21 00:48:27,050 [WARN] DetailPanel:346 - Failed to get advertising image, set to default
2025-10-21 00:48:27,051 [FATAL] Updater:351 - Updater called before beeing initialized
2025-10-21 00:48:27,087 [ERROR] Updater:1198 - MainUpdater not yet initialized. External WinMGr cannot be set.
2025-10-21 00:48:27,088 [INFO] Updater:1134 - Updater Version found : 6.15.0
2025-10-21 00:48:27,103 [INFO] ApplicationProperties:184 - Using Application install path: C:\ST\STM32CubeIDE_1.19.0\STM32CubeIDE\plugins\com.st.stm32cube.common.mx_6.15.0.202507011659
2025-10-21 00:48:27,404 [INFO] MainUpdater:2872 - connection check result : 10
2025-10-21 00:48:27,404 [INFO] MainUpdater:3604 - Updater definition file requires update
2025-10-21 00:48:27,405 [INFO] MainUpdater:289 - Updater Check For Update Now.
2025-10-21 00:48:27,405 [INFO] MicroXplorer:498 - Change Database Version : DB.6.0.150
2025-10-21 00:48:27,409 [INFO] McuFinderGlobals:63 - Set McuFinder mode to 2 (CubeIDE integrated)
2025-10-21 00:48:27,410 [INFO] UserAuth:487 - Internet connection configuration mode: 1
2025-10-21 00:48:27,424 [INFO] JxBrowserEngine:152 - Initiate JxBrowser Engine with user profile folder
2025-10-21 00:48:27,445 [INFO] ServerAccessManage:452 - Complete download http(s) 200
2025-10-21 00:48:27,446 [INFO] ServerAccessManage:509 - Download File updaters.zip
2025-10-21 00:48:27,508 [INFO] FileExtend:248 - Unzip File : updaters.zip
2025-10-21 00:48:27,508 [INFO] FileExtend:263 - Standard Zip Deflate
2025-10-21 00:48:27,784 [INFO] ServerAccessManage:452 - Complete download http(s) 200
2025-10-21 00:48:27,784 [INFO] ServerAccessManage:509 - Download File PacksControlFlags.xml
2025-10-21 00:48:27,859 [INFO] ServerAccessManage:452 - Complete download http(s) 200
2025-10-21 00:48:27,859 [INFO] ServerAccessManage:509 - Download File cubemx.pidx
2025-10-21 00:48:28,530 [INFO] ServerAccessManage:452 - Complete download http(s) 200
2025-10-21 00:48:28,530 [INFO] ServerAccessManage:509 - Download File STMicroelectronics.X-CUBE-ST60.pdsc
2025-10-21 00:48:28,559 [INFO] WebApp:169 - Instantiating new browser for Auth
2025-10-21 00:48:29,020 [WARN] PackLoader:240 - Cannot read IP mode file for STMicroelectronics.X-CUBE-ST60.1.1.0
2025-10-21 00:48:29,023 [INFO] PopulateThirdPartyThread:66 - Ending populate Thread
2025-10-21 00:48:29,024 [INFO] ThirdParty:1030 - CMSIS Pack Vendor :STMicroelectronics X-CUBE-ST60 1.1.0
2025-10-21 00:48:29,025 [INFO] LoadServerUpdatesThread:375 - End of LoadServerUpdate Thread
2025-10-21 00:48:29,076 [WARN] MainUpdater:1193 - Updater busy. Cannot search thirdparties
2025-10-21 00:48:29,076 [INFO] ThirdPartyUpdaterWithRetryManager:96 - Updater plugin is busy. [1/15]
2025-10-21 00:48:29,147 [INFO] CheckServerUpdateThread:120 - End of CheckServer Thread
2025-10-21 00:48:29,180 [INFO] WebApp:463 - Apply proxy settings
2025-10-21 00:48:29,181 [INFO] WebApp:548 - Chromium requires no authentication
2025-10-21 00:48:29,188 [INFO] WebApp:491 - Direct internet connection detected
2025-10-21 00:48:29,209 [INFO] WebApp:900 - Register for checkConnection events
2025-10-21 00:48:29,209 [INFO] WebApp:463 - Apply proxy settings
2025-10-21 00:48:29,209 [INFO] WebApp:548 - Chromium requires no authentication
2025-10-21 00:48:29,209 [INFO] WebApp:491 - Direct internet connection detected
2025-10-21 00:48:29,334 [INFO] WebApp:225 - Starting web application
2025-10-21 00:48:29,334 [INFO] WebApp:593 - Web application path used C:\ST\STM32CubeIDE_1.19.0\STM32CubeIDE\plugins\com.st.stm32cube.common.mx_6.15.0.202507011659\db\plugins\mcufinder\reactClient1\index.html
2025-10-21 00:48:29,459 [INFO] UserAuth:487 - Internet connection configuration mode: 1
2025-10-21 00:48:29,591 [INFO] WebApp:191 - Connection restablished
2025-10-21 00:48:32,303 [WARN] PackLoader:240 - Cannot read IP mode file for STMicroelectronics.FP-SNS-MOTENVWB1.1.4.0
2025-10-21 00:48:32,307 [WARN] PackLoader:240 - Cannot read IP mode file for STMicroelectronics.FP-ATR-ASTRA1.2.0.2
2025-10-21 00:48:32,309 [WARN] PackLoader:240 - Cannot read IP mode file for STMicroelectronics.FP-ATR-ASTRA1.2.0.1
2025-10-21 00:48:32,314 [WARN] PackLoader:240 - Cannot read IP mode file for STMicroelectronics.X-CUBE-SMBUS.2.1.0
2025-10-21 00:48:32,318 [WARN] PackLoader:240 - Cannot read IP mode file for STMicroelectronics.X-CUBE-WB05N.1.1.0
2025-10-21 00:48:32,321 [WARN] PackLoader:240 - Cannot read IP mode file for STMicroelectronics.X-CUBE-ST60.1.0.0
2025-10-21 00:48:32,341 [WARN] PackLoader:240 - Cannot read IP mode file for STMicroelectronics.X-CUBE-AZRTOS-F7.1.1.0
2025-10-21 00:48:32,347 [WARN] PackLoader:240 - Cannot read IP mode file for STMicroelectronics.FP-SNS-FLIGHT1.5.0.2
2025-10-21 00:48:32,360 [WARN] PackLoader:240 - Cannot read IP mode file for Infineon.AIROC-Wi-Fi-Bluetooth-STM32.1.7.0
2025-10-21 00:48:32,378 [WARN] PackLoader:240 - Cannot read IP mode file for STMicroelectronics.X-CUBE-AZRTOS-H7.3.4.0
2025-10-21 00:48:32,384 [WARN] PackLoader:240 - Cannot read IP mode file for STMicroelectronics.X-CUBE-DISPLAY.3.0.0
2025-10-21 00:48:32,390 [WARN] PackLoader:240 - Cannot read IP mode file for STMicroelectronics.X-CUBE-NFC10.1.0.0
2025-10-21 00:48:32,396 [WARN] PackLoader:240 - Cannot read IP mode file for STMicroelectronics.X-CUBE-BLEMGR.4.0.0
2025-10-21 00:48:32,400 [WARN] PackLoader:240 - Cannot read IP mode file for STMicroelectronics.X-CUBE-ST60.1.1.0
2025-10-21 00:48:32,403 [WARN] PackLoader:240 - Cannot read IP mode file for emotas.I-CUBE-CANOPEN.1.3.0
2025-10-21 00:48:32,406 [WARN] ConditionMgr:438 - getConditionDescription Invalid condition id : Cortex-A Device cause : null
2025-10-21 00:48:32,412 [WARN] ConditionMgr:1044 - genDependencies : Invalid condition id : Cortex-A Device cause : null
2025-10-21 00:48:32,412 [WARN] ConditionMgr:1044 - genDependencies : Invalid condition id : Cortex-A Device cause : null
2025-10-21 00:48:32,412 [WARN] ConditionMgr:1044 - genDependencies : Invalid condition id : Cortex-A Device cause : null
2025-10-21 00:48:32,414 [WARN] PackLoader:240 - Cannot read IP mode file for STMicroelectronics.X-CUBE-AI.10.0.0
2025-10-21 00:48:32,419 [WARN] PackLoader:240 - Cannot read IP mode file for STMicroelectronics.FP-SNS-STBOX1.2.1.0
2025-10-21 00:48:32,422 [WARN] PackLoader:240 - Cannot read IP mode file for STMicroelectronics.FP-SNS-SMARTAG2.1.2.0
2025-10-21 00:48:32,425 [WARN] PackLoader:240 - Cannot read IP mode file for STMicroelectronics.FP-SNS-FLIGHT1.5.1.0
2025-10-21 00:48:32,433 [INFO] LogOutputStream:77 - [STDOUT_REDIRECT] 1 : Invalid condition id : UX_CORESTACK_Condition cause : null
2025-10-21 00:48:32,433 [INFO] LogOutputStream:77 - [STDOUT_REDIRECT] 1 : Invalid condition id : UX_CORESTACK_Condition cause : null
2025-10-21 00:48:32,434 [INFO] LogOutputStream:77 - [STDOUT_REDIRECT] 1 : Invalid condition id : UX_CORESTACK_Condition cause : null
2025-10-21 00:48:32,435 [INFO] LogOutputStream:77 - [STDOUT_REDIRECT] 1 : Invalid condition id : UX_CORESTACK_Condition cause : null
2025-10-21 00:48:32,436 [INFO] LogOutputStream:77 - [STDOUT_REDIRECT] 1 : Invalid condition id : UX_CORESTACK_Condition cause : null
2025-10-21 00:48:32,437 [WARN] PackLoader:240 - Cannot read IP mode file for STMicroelectronics.X-CUBE-AZRTOS-WL.2.0.0
2025-10-21 00:48:32,441 [WARN] PackLoader:240 - Cannot read IP mode file for STMicroelectronics.FP-SNS-MOTENV1.5.0.0
2025-10-21 00:48:32,445 [WARN] PackLoader:240 - Cannot read IP mode file for WES.I-CUBE-Cesium.1.3.0
2025-10-21 00:48:32,448 [WARN] PackLoader:240 - Cannot read IP mode file for STMicroelectronics.X-CUBE-BLE2.3.3.0
2025-10-21 00:48:32,453 [WARN] PackLoader:240 - Cannot read IP mode file for STMicroelectronics.X-CUBE-NFC9.1.0.0
2025-10-21 00:48:32,457 [WARN] PackLoader:240 - Cannot read IP mode file for STMicroelectronics.X-CUBE-BLE1.7.1.0
2025-10-21 00:48:32,462 [WARN] PackLoader:240 - Cannot read IP mode file for wolfSSL.I-CUBE-wolfMQTT.1.19.2
2025-10-21 00:48:32,467 [WARN] PackLoader:240 - Cannot read IP mode file for STMicroelectronics.X-CUBE-EEPRMA1.5.2.0
2025-10-21 00:48:32,471 [WARN] PackLoader:240 - Cannot read IP mode file for STMicroelectronics.X-CUBE-ST67W61.1.1.0
2025-10-21 00:48:32,474 [WARN] PackLoader:240 - Cannot read IP mode file for STMicroelectronics.X-CUBE-AI.10.1.0
2025-10-21 00:48:32,495 [WARN] PackLoader:240 - Cannot read IP mode file for STMicroelectronics.X-CUBE-MEMS1.11.2.0
2025-10-21 00:48:32,557 [WARN] PackLoader:240 - Cannot read IP mode file for STMicroelectronics.X-CUBE-AZRTOS-G0.1.1.0
2025-10-21 00:48:32,561 [WARN] PackLoader:240 - Cannot read IP mode file for STMicroelectronics.X-CUBE-SAFEA1.1.2.2
2025-10-21 00:48:32,565 [WARN] PackLoader:240 - Cannot read IP mode file for STMicroelectronics.X-CUBE-NFC4.3.0.0
2025-10-21 00:48:32,572 [WARN] PackLoader:240 - Cannot read IP mode file for EmbeddedOffice.I-CUBE-FS-RTOS.1.0.1
2025-10-21 00:48:32,575 [WARN] PackLoader:240 - Cannot read IP mode file for STMicroelectronics.X-CUBE-WB05N.2.0.0
2025-10-21 00:48:32,578 [WARN] PackLoader:240 - Cannot read IP mode file for wolfSSL.I-CUBE-wolfTPM.3.8.0
2025-10-21 00:48:32,581 [WARN] PackLoader:240 - Cannot read IP mode file for STMicroelectronics.X-CUBE-TCPP.4.2.0
2025-10-21 00:48:32,586 [WARN] PackLoader:240 - Cannot read IP mode file for RealThread.X-CUBE-RT-Thread_Nano.4.1.1
2025-10-21 00:48:32,589 [WARN] PackLoader:240 - Cannot read IP mode file for STMicroelectronics.FP-ATR-SIGFOX1.3.2.0
2025-10-21 00:48:32,591 [WARN] PackLoader:240 - Cannot read IP mode file for STMicroelectronics.X-CUBE-EEPRMA1.5.1.0
2025-10-21 00:48:32,594 [WARN] PackLoader:240 - Cannot read IP mode file for wolfSSL.I-CUBE-wolfSSL.5.7.6
2025-10-21 00:48:32,597 [WARN] PackLoader:240 - Cannot read IP mode file for ITTIA_DB.I-CUBE-ITTIADB.8.9.0
2025-10-21 00:48:32,601 [WARN] PackLoader:240 - Cannot read IP mode file for STMicroelectronics.X-CUBE-ST67W61.1.0.0
2025-10-21 00:48:32,603 [WARN] PackLoader:240 - Cannot read IP mode file for STMicroelectronics.X-CUBE-AI.10.2.0
2025-10-21 00:48:32,616 [WARN] PackLoader:240 - Cannot read IP mode file for SEGGER.I-CUBE-embOS.1.3.1
2025-10-21 00:48:32,642 [WARN] PackLoader:240 - Cannot read IP mode file for STMicroelectronics.X-CUBE-ALGOBUILD.1.4.0
2025-10-21 00:48:32,664 [WARN] PackLoader:240 - Cannot read IP mode file for STMicroelectronics.X-CUBE-MEMS1.11.3.0
2025-10-21 00:48:32,754 [WARN] PackLoader:240 - Cannot read IP mode file for STMicroelectronics.X-CUBE-PM33A1.1.0.0
2025-10-21 00:48:32,763 [WARN] PackLoader:240 - Cannot read IP mode file for STMicroelectronics.X-CUBE-AZRTOS-F4.1.1.0
2025-10-21 00:48:32,767 [WARN] PackLoader:240 - Cannot read IP mode file for Avnet-IotConnect.X-CUBE-IoTC-DA16k-PMOD.1.0.0
2025-10-21 00:48:32,770 [WARN] PackLoader:240 - Cannot read IP mode file for STMicroelectronics.X-CUBE-ISPU.2.1.0
2025-10-21 00:48:32,776 [WARN] PackLoader:240 - Cannot read IP mode file for STMicroelectronics.X-CUBE-IPS.3.2.0
2025-10-21 00:48:32,783 [WARN] PackLoader:240 - Cannot read IP mode file for STMicroelectronics.X-CUBE-NFC12.1.0.0
2025-10-21 00:48:32,790 [WARN] PackLoader:240 - Cannot read IP mode file for STMicroelectronics.X-CUBE-AZRTOS-L5.2.0.0
2025-10-21 00:48:32,795 [WARN] PackLoader:240 - Cannot read IP mode file for STMicroelectronics.X-CUBE-NFC6.3.1.0
2025-10-21 00:48:32,800 [WARN] PackLoader:240 - Cannot read IP mode file for STMicroelectronics.X-CUBE-FREERTOS.1.3.1
2025-10-21 00:48:32,803 [WARN] PackLoader:240 - Cannot read IP mode file for STMicroelectronics.X-CUBE-FREERTOS.1.3.0
2025-10-21 00:48:32,806 [WARN] PackLoader:240 - Cannot read IP mode file for STMicroelectronics.X-CUBE-NFC7.1.0.1
2025-10-21 00:48:32,809 [WARN] PackLoader:240 - Cannot read IP mode file for STMicroelectronics.X-CUBE-TOUCHGFX.4.26.0
2025-10-21 00:48:32,813 [WARN] PackLoader:240 - Cannot read IP mode file for STMicroelectronics.FP-SNS-STAIOTCFT.1.0.0
2025-10-21 00:48:32,817 [WARN] PackLoader:240 - Cannot read IP mode file for STMicroelectronics.X-CUBE-DPower.1.3.0
2025-10-21 00:48:32,825 [WARN] ConditionMgr:438 - getConditionDescription Invalid condition id : LAN8742 Phy interface Condition cause : null
2025-10-21 00:48:32,826 [WARN] PackLoader:240 - Cannot read IP mode file for STMicroelectronics.X-CUBE-AZRTOS-L4.2.0.0
2025-10-21 00:48:32,826 [WARN] ConditionMgr:1044 - genDependencies : Invalid condition id : LAN8742 Phy interface Condition cause : null
2025-10-21 00:48:32,826 [WARN] ConditionMgr:1044 - genDependencies : Invalid condition id : LAN8742 Phy interface Condition cause : null
2025-10-21 00:48:32,827 [WARN] ConditionMgr:1044 - genDependencies : Invalid condition id : LAN8742 Phy interface Condition cause : null
2025-10-21 00:48:32,831 [WARN] PackLoader:240 - Cannot read IP mode file for STMicroelectronics.X-CUBE-SFXS2LP1.4.0.0
2025-10-21 00:48:32,840 [WARN] PackLoader:240 - Cannot read IP mode file for STMicroelectronics.X-CUBE-AZRTOS-H7.3.3.0
2025-10-21 00:48:32,846 [WARN] PackLoader:240 - Cannot read IP mode file for STMicroelectronics.X-CUBE-BLEMGR.4.1.0
2025-10-21 00:48:32,854 [WARN] ConditionMgr:438 - getConditionDescription Invalid condition id : UX DEVICE CLASS RTOS Condition cause : null
2025-10-21 00:48:32,854 [WARN] ConditionMgr:438 - getConditionDescription Invalid condition id : UX DEVICE CLASS RTOS Condition cause : null
2025-10-21 00:48:32,855 [WARN] PackLoader:240 - Cannot read IP mode file for STMicroelectronics.X-CUBE-AZRTOS-WB.2.0.0
2025-10-21 00:48:32,855 [WARN] ConditionMgr:1044 - genDependencies : Invalid condition id : UX DEVICE CLASS RTOS Condition cause : null
2025-10-21 00:48:32,855 [WARN] ConditionMgr:1044 - genDependencies : Invalid condition id : UX DEVICE CLASS RTOS Condition cause : null
2025-10-21 00:48:32,855 [WARN] ConditionMgr:1044 - genDependencies : Invalid condition id : UX DEVICE CLASS RTOS Condition cause : null
2025-10-21 00:48:32,855 [WARN] ConditionMgr:1044 - genDependencies : Invalid condition id : UX DEVICE CLASS RTOS Condition cause : null
2025-10-21 00:48:32,855 [WARN] ConditionMgr:1044 - genDependencies : Invalid condition id : UX DEVICE CLASS RTOS Condition cause : null
2025-10-21 00:48:32,858 [WARN] PackLoader:240 - Cannot read IP mode file for STMicroelectronics.X-CUBE-GNSS1.7.0.1
2025-10-21 00:48:32,860 [WARN] PackLoader:240 - Cannot read IP mode file for STMicroelectronics.X-CUBE-TOUCHGFX.4.25.0
2025-10-21 00:48:32,862 [WARN] PackLoader:240 - Cannot read IP mode file for STMicroelectronics.FP-SNS-STBOX1.2.0.0
2025-10-21 00:48:32,868 [WARN] PackLoader:240 - Cannot read IP mode file for STMicroelectronics.X-CUBE-SUBG2.5.0.0
2025-10-21 00:48:32,878 [WARN] PackLoader:240 - Cannot read IP mode file for STMicroelectronics.X-CUBE-AZRTOS-H7RS.1.1.0
2025-10-21 00:48:32,882 [WARN] PackLoader:240 - Cannot read IP mode file for Cesanta.I-CUBE-Mongoose.7.13.0
2025-10-21 00:48:32,888 [WARN] PackLoader:240 - Cannot read IP mode file for STMicroelectronics.X-CUBE-AZRTOS-G4.2.0.0
2025-10-21 00:48:32,891 [WARN] PackLoader:240 - Cannot read IP mode file for wolfSSL.I-CUBE-wolfSSH.1.4.20
2025-10-21 00:48:32,893 [WARN] PackLoader:240 - Cannot read IP mode file for STMicroelectronics.X-CUBE-NFC7.2.0.0
2025-10-21 00:48:32,898 [WARN] PackLoader:240 - Cannot read IP mode file for STMicroelectronics.X-CUBE-IPS.3.1.0
2025-10-21 00:48:32,903 [WARN] PackLoader:240 - Cannot read IP mode file for STMicroelectronics.X-CUBE-ALS.1.0.2
2025-10-21 00:48:32,904 [WARN] PackLoader:240 - Cannot read IP mode file for STMicroelectronics.X-CUBE-STSE01.1.0.0
2025-10-21 00:48:32,911 [WARN] PackLoader:240 - Cannot read IP mode file for portGmbH.I-Cube-SoM-uGOAL.1.1.0
2025-10-21 00:48:32,916 [WARN] PackLoader:240 - Cannot read IP mode file for STMicroelectronics.X-CUBE-TOF1.3.4.3
2025-10-21 00:48:32,920 [INFO] ThirdParty:978 - Integrity check success = true
2025-10-21 00:48:32,920 [INFO] IntegrityCheckThread:100 - exiting critical section [integrity check]
2025-10-21 00:48:32,920 [INFO] IntegrityCheckThread:103 - End integrity checks thread
