2025-09-01 03:13:26,268 [ERROR] LogOutputStream:75 - [STDERR_REDIRECT] 
2025-09-01 15:54:34,160 [INFO] Activator:176 - 


2025-09-01 15:54:34,162 [INFO] Activator:177 - !SESSION log4j initialized
2025-09-01 15:54:37,701 [INFO] LogOutputStream:77 - [STDOUT_REDIRECT] 
2025-09-01 15:54:39,793 [INFO] ApplicationProperties:184 - Using Application install path: C:\ST\STM32CubeIDE_1.19.0\STM32CubeIDE\plugins\com.st.stm32cube.common.mx_6.15.0.202507011659
2025-09-01 15:54:39,807 [INFO] DbMcusXml:78 - Set database path to: C:\ST\STM32CubeIDE_1.19.0\STM32CubeIDE\plugins\com.st.stm32cube.common.mx_6.15.0.202507011659\\db\/mcu/
2025-09-01 15:54:39,807 [INFO] ApiDb:274 - Set plugin database path to: C:\ST\STM32CubeIDE_1.19.0\STM32CubeIDE\plugins\com.st.stm32cube.common.mx_6.15.0.202507011659\\db\/plugins/boardmanager/
2025-09-01 15:54:39,808 [WARN] ApiDb:259 - Overriding images path with different value:  => C:\ST\STM32CubeIDE_1.19.0\STM32CubeIDE\plugins\com.st.stm32cube.common.mx_6.15.0.202507011659\\db\/plugins/mcufinder/images/
2025-09-01 15:54:39,816 [INFO] ApiDb:250 - Set database path to: C:\Users\nicks\.stmcufinder\plugins\mcufinder//mcu/
2025-09-01 15:54:39,817 [INFO] DbMcusAds:125 - Set database path to: C:\Users\nicks\.stmcufinder\plugins\mcufinder//mcu/
2025-09-01 15:54:39,819 [INFO] CrossReferenceDbSqlite:203 - Set database path to: C:\Users\nicks\.stmcufinder\plugins\mcufinder//mcu/cs/
2025-09-01 15:54:39,892 [INFO] RulesReader:64 - Compatibility file has been processed (317 Rules)
2025-09-01 15:54:39,957 [INFO] DbMcusXml:78 - Set database path to: C:\ST\STM32CubeIDE_1.19.0\STM32CubeIDE\plugins\com.st.stm32cube.common.mx_6.15.0.202507011659\\db\/mcu/
2025-09-01 15:54:39,957 [INFO] ApiDb:274 - Set plugin database path to: C:\ST\STM32CubeIDE_1.19.0\STM32CubeIDE\plugins\com.st.stm32cube.common.mx_6.15.0.202507011659\\db\/plugins/boardmanager/
2025-09-01 15:54:39,958 [INFO] ApiDb:261 - Set plugin images path to: C:\ST\STM32CubeIDE_1.19.0\STM32CubeIDE\plugins\com.st.stm32cube.common.mx_6.15.0.202507011659\\db\/plugins/mcufinder/images/
2025-09-01 15:54:39,958 [WARN] DbFile:41 - Overriding database path with different value: C:\Users\nicks\.stmcufinder\plugins\mcufinder/ => C:\Users\nicks\.stmcufinder\plugins\mcufinder
2025-09-01 15:54:39,958 [INFO] ApiDb:250 - Set database path to: C:\Users\nicks\.stmcufinder\plugins\mcufinder//mcu/
2025-09-01 15:54:39,958 [WARN] DbFile:41 - Overriding database path with different value: C:\Users\nicks\.stmcufinder\plugins\mcufinder/ => C:\Users\nicks\.stmcufinder\plugins\mcufinder
2025-09-01 15:54:39,958 [INFO] DbMcusAds:125 - Set database path to: C:\Users\nicks\.stmcufinder\plugins\mcufinder//mcu/
2025-09-01 15:54:39,958 [WARN] DbFile:41 - Overriding database path with different value: C:\Users\nicks\.stmcufinder\plugins\mcufinder/ => C:\Users\nicks\.stmcufinder\plugins\mcufinder
2025-09-01 15:54:39,958 [WARN] DbFile:41 - Overriding database path with different value: C:\Users\nicks\.stmcufinder\plugins\mcufinder/ => C:\Users\nicks\.stmcufinder\plugins\mcufinder
2025-09-01 15:54:39,958 [INFO] CrossReferenceDbSqlite:203 - Set database path to: C:\Users\nicks\.stmcufinder\plugins\mcufinder//mcu/cs/
2025-09-01 15:54:40,016 [INFO] MainPanel:274 - HeapMemory: 269484032
2025-09-01 15:54:40,099 [INFO] DbMcusXml:78 - Set database path to: C:\ST\STM32CubeIDE_1.19.0\STM32CubeIDE\plugins\com.st.stm32cube.common.mx_6.15.0.202507011659\\db\/mcu/
2025-09-01 15:54:40,099 [INFO] ApiDb:274 - Set plugin database path to: C:\ST\STM32CubeIDE_1.19.0\STM32CubeIDE\plugins\com.st.stm32cube.common.mx_6.15.0.202507011659\\db\/plugins/boardmanager/
2025-09-01 15:54:40,099 [INFO] ApiDb:261 - Set plugin images path to: C:\ST\STM32CubeIDE_1.19.0\STM32CubeIDE\plugins\com.st.stm32cube.common.mx_6.15.0.202507011659\\db\/plugins/mcufinder/images/
2025-09-01 15:54:40,099 [WARN] DbFile:41 - Overriding database path with different value: C:\Users\nicks\.stmcufinder\plugins\mcufinder/ => C:\Users\nicks\.stmcufinder\plugins\mcufinder
2025-09-01 15:54:40,100 [INFO] ApiDb:250 - Set database path to: C:\Users\nicks\.stmcufinder\plugins\mcufinder//mcu/
2025-09-01 15:54:40,100 [WARN] DbFile:41 - Overriding database path with different value: C:\Users\nicks\.stmcufinder\plugins\mcufinder/ => C:\Users\nicks\.stmcufinder\plugins\mcufinder
2025-09-01 15:54:40,100 [INFO] DbMcusAds:125 - Set database path to: C:\Users\nicks\.stmcufinder\plugins\mcufinder//mcu/
2025-09-01 15:54:40,100 [WARN] DbFile:41 - Overriding database path with different value: C:\Users\nicks\.stmcufinder\plugins\mcufinder/ => C:\Users\nicks\.stmcufinder\plugins\mcufinder
2025-09-01 15:54:40,100 [WARN] DbFile:41 - Overriding database path with different value: C:\Users\nicks\.stmcufinder\plugins\mcufinder/ => C:\Users\nicks\.stmcufinder\plugins\mcufinder
2025-09-01 15:54:40,100 [INFO] CrossReferenceDbSqlite:203 - Set database path to: C:\Users\nicks\.stmcufinder\plugins\mcufinder//mcu/cs/
2025-09-01 15:54:40,116 [INFO] ApplicationProperties:184 - Using Application install path: C:\ST\STM32CubeIDE_1.19.0\STM32CubeIDE\plugins\com.st.stm32cube.common.mx_6.15.0.202507011659
2025-09-01 15:54:40,117 [INFO] PluginManage:196 - Search for loadable plugins [exclusion list=, ]
2025-09-01 15:54:40,119 [INFO] PluginManage:310 - Check plugin analytics
2025-09-01 15:54:40,236 [INFO] AnalyticsPlugin:253 - Accepted Software Licenses: 
2025-09-01 15:54:40,236 [INFO] AnalyticsPlugin:255 - Accepted CMSIS Pack Licenses: 
2025-09-01 15:54:40,236 [INFO] AnalyticsPlugin:257 - Accepted Firmware Licenses: FW.F4.1.28.0,FW.H7.1.12.0,FW.H7.1.11.0
2025-09-01 15:54:40,238 [INFO] PluginManage:359 - Loaded plugin analytics (category:tool,tabindex:-1)
2025-09-01 15:54:40,238 [INFO] PluginManage:310 - Check plugin cadmodel
2025-09-01 15:54:40,242 [INFO] CADModel:105 - Init CAD model plugin
2025-09-01 15:54:40,242 [INFO] PluginManage:359 - Loaded plugin cadmodel (category:power,tabindex:5)
2025-09-01 15:54:40,242 [INFO] PluginManage:310 - Check plugin clock
2025-09-01 15:54:40,249 [INFO] PluginManage:359 - Loaded plugin clock (category:base,tabindex:2)
2025-09-01 15:54:40,249 [INFO] PluginManage:310 - Check plugin ddr
2025-09-01 15:54:40,251 [INFO] PluginManage:359 - Loaded plugin ddr (category:tool,tabindex:6)
2025-09-01 15:54:40,251 [INFO] PluginManage:310 - Check plugin filemanager
2025-09-01 15:54:40,356 [INFO] PluginManage:359 - Loaded plugin filemanager (category:base,tabindex:10)
2025-09-01 15:54:40,356 [INFO] PluginManage:310 - Check plugin ipmanager
2025-09-01 15:54:40,361 [INFO] PluginManage:359 - Loaded plugin ipmanager (category:base,tabindex:5)
2025-09-01 15:54:40,361 [INFO] PluginManage:310 - Check plugin lpbam
2025-09-01 15:54:40,367 [INFO] PluginManage:359 - Loaded plugin lpbam (category:base,tabindex:0)
2025-09-01 15:54:40,367 [INFO] PluginManage:310 - Check plugin memorymap
2025-09-01 15:54:40,378 [INFO] PluginManage:359 - Loaded plugin memorymap (category:base,tabindex:4)
2025-09-01 15:54:40,378 [INFO] PluginManage:310 - Check plugin pinoutandconfiguration
2025-09-01 15:54:40,385 [INFO] PluginManage:359 - Loaded plugin pinoutandconfiguration (category:base,tabindex:1)
2025-09-01 15:54:40,385 [INFO] PluginManage:310 - Check plugin pinoutconfig
2025-09-01 15:54:40,441 [WARN] SupportedApi:132 - Cannot load RTOS API schema: s4s-elt-must-match.1: The content of 'definitions' must match (annotation?, (simpleType | complexType)?, (unique | key | keyref)*)). A problem was found starting at: attribute.
2025-09-01 15:54:40,535 [INFO] PluginManage:359 - Loaded plugin pinoutconfig (category:base,tabindex:0)
2025-09-01 15:54:40,535 [INFO] PluginManage:310 - Check plugin power
2025-09-01 15:54:40,542 [INFO] PluginManage:359 - Loaded plugin power (category:power,tabindex:4)
2025-09-01 15:54:40,542 [INFO] PluginManage:310 - Check plugin projectmanager
2025-09-01 15:54:40,552 [INFO] PluginManage:359 - Loaded plugin projectmanager (category:projectmanager,tabindex:4)
2025-09-01 15:54:40,552 [INFO] PluginManage:310 - Check plugin rif
2025-09-01 15:54:40,559 [INFO] PluginManage:359 - Loaded plugin rif (category:base,tabindex:3)
2025-09-01 15:54:40,560 [INFO] PluginManage:310 - Check plugin thirdparty
2025-09-01 15:54:40,654 [INFO] PluginManage:359 - Loaded plugin thirdparty (category:base,tabindex:-1)
2025-09-01 15:54:40,654 [WARN] IntegrityCheckThread:84 - waiting for thirdparty lock release [integrity check]
2025-09-01 15:54:40,655 [INFO] PluginManage:310 - Check plugin tools
2025-09-01 15:54:40,655 [INFO] IntegrityCheckThread:86 - entering critical section [integrity check]
2025-09-01 15:54:40,655 [INFO] ThirdPartyUpdaterWithRetryManager:70 - Updater plugin not ready yet. [1/15]
2025-09-01 15:54:40,656 [INFO] PluginManage:359 - Loaded plugin tools (category:base,tabindex:7)
2025-09-01 15:54:40,656 [INFO] PluginManage:310 - Check plugin tutovideos
2025-09-01 15:54:40,797 [INFO] PluginManage:359 - Loaded plugin tutovideos (category:base,tabindex:-1)
2025-09-01 15:54:40,798 [INFO] PluginManage:310 - Check plugin updater
2025-09-01 15:54:40,814 [INFO] PluginManage:359 - Loaded plugin updater (category:base,tabindex:12)
2025-09-01 15:54:40,814 [INFO] PluginManage:310 - Check plugin userauth
2025-09-01 15:54:40,817 [INFO] UserAuth:118 - Init User Auth plugin
2025-09-01 15:54:40,817 [INFO] PluginManage:359 - Loaded plugin userauth (category:base,tabindex:14)
2025-09-01 15:54:40,817 [INFO] PluginManage:283 - PluginManage : Loaded plugins [18]
2025-09-01 15:54:40,970 [INFO] PinOutPanel:1589 - setPackage(No Configuration,No Configuration)
2025-09-01 15:54:41,027 [INFO] CADModel:165 - CPN selected for project level
2025-09-01 15:54:41,027 [INFO] CADModel:114 - Register for checkConnection events
2025-09-01 15:54:41,040 [INFO] IPUIPlugin:80 - create IPUIPlugin
2025-09-01 15:54:41,041 [INFO] PluginManager:220 - loadIPPluginJar : add adc
2025-09-01 15:54:41,043 [INFO] IPUIPlugin:80 - create IPUIPlugin
2025-09-01 15:54:41,043 [INFO] PluginManager:220 - loadIPPluginJar : add aes
2025-09-01 15:54:41,045 [INFO] IPUIPlugin:80 - create IPUIPlugin
2025-09-01 15:54:41,045 [INFO] PluginManager:220 - loadIPPluginJar : add can
2025-09-01 15:54:41,046 [INFO] IPUIPlugin:80 - create IPUIPlugin
2025-09-01 15:54:41,046 [INFO] PluginManager:220 - loadIPPluginJar : add comp
2025-09-01 15:54:41,048 [INFO] IPUIPlugin:80 - create IPUIPlugin
2025-09-01 15:54:41,048 [INFO] PluginManager:220 - loadIPPluginJar : add cryp
2025-09-01 15:54:41,050 [INFO] IPUIPlugin:80 - create IPUIPlugin
2025-09-01 15:54:41,050 [INFO] PluginManager:220 - loadIPPluginJar : add ddr_ctrl_phy
2025-09-01 15:54:41,052 [INFO] IPUIPlugin:80 - create IPUIPlugin
2025-09-01 15:54:41,052 [INFO] PluginManager:220 - loadIPPluginJar : add dfsdm
2025-09-01 15:54:41,056 [INFO] IPUIPlugin:80 - create IPUIPlugin
2025-09-01 15:54:41,056 [INFO] PluginManager:220 - loadIPPluginJar : add dma
2025-09-01 15:54:41,058 [INFO] IPUIPlugin:80 - create IPUIPlugin
2025-09-01 15:54:41,058 [INFO] PluginManager:220 - loadIPPluginJar : add dma3
2025-09-01 15:54:41,060 [INFO] IPUIPlugin:80 - create IPUIPlugin
2025-09-01 15:54:41,060 [INFO] PluginManager:220 - loadIPPluginJar : add extmemmanager
2025-09-01 15:54:41,061 [INFO] IPUIPlugin:80 - create IPUIPlugin
2025-09-01 15:54:41,061 [INFO] PluginManager:220 - loadIPPluginJar : add fatfs
2025-09-01 15:54:41,064 [INFO] IPUIPlugin:80 - create IPUIPlugin
2025-09-01 15:54:41,065 [INFO] PluginManager:220 - loadIPPluginJar : add fmc
2025-09-01 15:54:41,071 [INFO] IPUIPlugin:80 - create IPUIPlugin
2025-09-01 15:54:41,072 [INFO] PluginManager:220 - loadIPPluginJar : add freertos
2025-09-01 15:54:41,073 [INFO] IPUIPlugin:80 - create IPUIPlugin
2025-09-01 15:54:41,073 [INFO] PluginManager:220 - loadIPPluginJar : add genericplugin
2025-09-01 15:54:41,074 [INFO] IPUIPlugin:80 - create IPUIPlugin
2025-09-01 15:54:41,074 [INFO] PluginManager:220 - loadIPPluginJar : add gfxmmu
2025-09-01 15:54:41,077 [INFO] IPUIPlugin:80 - create IPUIPlugin
2025-09-01 15:54:41,078 [INFO] PluginManager:220 - loadIPPluginJar : add gic
2025-09-01 15:54:41,080 [INFO] IPUIPlugin:80 - create IPUIPlugin
2025-09-01 15:54:41,080 [INFO] PluginManager:220 - loadIPPluginJar : add gpio
2025-09-01 15:54:41,082 [INFO] IPUIPlugin:80 - create IPUIPlugin
2025-09-01 15:54:41,082 [INFO] PluginManager:220 - loadIPPluginJar : add gtzc
2025-09-01 15:54:41,084 [INFO] IPUIPlugin:80 - create IPUIPlugin
2025-09-01 15:54:41,084 [INFO] PluginManager:220 - loadIPPluginJar : add hash
2025-09-01 15:54:41,086 [INFO] IPUIPlugin:80 - create IPUIPlugin
2025-09-01 15:54:41,086 [INFO] PluginManager:220 - loadIPPluginJar : add i2c
2025-09-01 15:54:41,088 [INFO] IPUIPlugin:80 - create IPUIPlugin
2025-09-01 15:54:41,088 [INFO] PluginManager:220 - loadIPPluginJar : add i2s
2025-09-01 15:54:41,090 [INFO] IPUIPlugin:80 - create IPUIPlugin
2025-09-01 15:54:41,090 [INFO] PluginManager:220 - loadIPPluginJar : add i3c
2025-09-01 15:54:41,093 [INFO] IPUIPlugin:80 - create IPUIPlugin
2025-09-01 15:54:41,093 [INFO] PluginManager:220 - loadIPPluginJar : add ipddr
2025-09-01 15:54:41,106 [INFO] IPUIPlugin:80 - create IPUIPlugin
2025-09-01 15:54:41,106 [INFO] PluginManager:220 - loadIPPluginJar : add linkedlist
2025-09-01 15:54:41,109 [INFO] IPUIPlugin:80 - create IPUIPlugin
2025-09-01 15:54:41,109 [INFO] PluginManager:220 - loadIPPluginJar : add lorawan
2025-09-01 15:54:41,110 [INFO] IPUIPlugin:80 - create IPUIPlugin
2025-09-01 15:54:41,110 [INFO] PluginManager:220 - loadIPPluginJar : add ltdc
2025-09-01 15:54:41,114 [INFO] IPUIPlugin:80 - create IPUIPlugin
2025-09-01 15:54:41,114 [INFO] PluginManager:220 - loadIPPluginJar : add mdma
2025-09-01 15:54:41,117 [INFO] IPUIPlugin:80 - create IPUIPlugin
2025-09-01 15:54:41,117 [INFO] PluginManager:220 - loadIPPluginJar : add nvic
2025-09-01 15:54:41,119 [INFO] IPUIPlugin:80 - create IPUIPlugin
2025-09-01 15:54:41,119 [INFO] PluginManager:220 - loadIPPluginJar : add opamp
2025-09-01 15:54:41,122 [INFO] IPUIPlugin:80 - create IPUIPlugin
2025-09-01 15:54:41,122 [INFO] PluginManager:220 - loadIPPluginJar : add openamp
2025-09-01 15:54:41,125 [INFO] IPUIPlugin:80 - create IPUIPlugin
2025-09-01 15:54:41,125 [INFO] PluginManager:220 - loadIPPluginJar : add pdm2pcm
2025-09-01 15:54:41,129 [INFO] IPUIPlugin:80 - create IPUIPlugin
2025-09-01 15:54:41,130 [INFO] PluginManager:220 - loadIPPluginJar : add plateformsettings
2025-09-01 15:54:41,132 [INFO] IPUIPlugin:80 - create IPUIPlugin
2025-09-01 15:54:41,132 [INFO] PluginManager:220 - loadIPPluginJar : add quadspi
2025-09-01 15:54:41,133 [INFO] IPUIPlugin:80 - create IPUIPlugin
2025-09-01 15:54:41,134 [INFO] PluginManager:220 - loadIPPluginJar : add radio
2025-09-01 15:54:41,137 [INFO] IPUIPlugin:80 - create IPUIPlugin
2025-09-01 15:54:41,137 [INFO] PluginManager:220 - loadIPPluginJar : add resmgrutility
2025-09-01 15:54:41,139 [INFO] IPUIPlugin:80 - create IPUIPlugin
2025-09-01 15:54:41,139 [INFO] PluginManager:220 - loadIPPluginJar : add sai
2025-09-01 15:54:41,141 [INFO] IPUIPlugin:80 - create IPUIPlugin
2025-09-01 15:54:41,141 [INFO] PluginManager:220 - loadIPPluginJar : add spi
2025-09-01 15:54:41,145 [INFO] IPUIPlugin:80 - create IPUIPlugin
2025-09-01 15:54:41,145 [INFO] PluginManager:220 - loadIPPluginJar : add stm32_wpan
2025-09-01 15:54:41,146 [INFO] IPUIPlugin:80 - create IPUIPlugin
2025-09-01 15:54:41,146 [INFO] PluginManager:220 - loadIPPluginJar : add tim
2025-09-01 15:54:41,148 [INFO] IPUIPlugin:80 - create IPUIPlugin
2025-09-01 15:54:41,148 [INFO] PluginManager:220 - loadIPPluginJar : add touchsensing
2025-09-01 15:54:41,150 [INFO] IPUIPlugin:80 - create IPUIPlugin
2025-09-01 15:54:41,150 [INFO] PluginManager:220 - loadIPPluginJar : add tracer_emb
2025-09-01 15:54:41,151 [INFO] IPUIPlugin:80 - create IPUIPlugin
2025-09-01 15:54:41,151 [INFO] PluginManager:220 - loadIPPluginJar : add ts
2025-09-01 15:54:41,153 [INFO] IPUIPlugin:80 - create IPUIPlugin
2025-09-01 15:54:41,153 [INFO] PluginManager:220 - loadIPPluginJar : add tsc
2025-09-01 15:54:41,154 [INFO] IPUIPlugin:80 - create IPUIPlugin
2025-09-01 15:54:41,154 [INFO] PluginManager:220 - loadIPPluginJar : add ucpd
2025-09-01 15:54:41,156 [INFO] IPUIPlugin:80 - create IPUIPlugin
2025-09-01 15:54:41,156 [INFO] PluginManager:220 - loadIPPluginJar : add usart
2025-09-01 15:54:41,158 [INFO] IPUIPlugin:80 - create IPUIPlugin
2025-09-01 15:54:41,158 [INFO] PluginManager:220 - loadIPPluginJar : add usbx
2025-09-01 15:54:41,268 [FATAL] Updater:351 - Updater called before beeing initialized
2025-09-01 15:54:41,290 [INFO] RulesReader:64 - Compatibility file has been processed (317 Rules)
2025-09-01 15:54:41,297 [INFO] RulesReader:64 - Compatibility file has been processed (317 Rules)
2025-09-01 15:54:41,303 [INFO] CADModel:165 - CPN selected for project level
2025-09-01 15:54:41,303 [INFO] CADModel:114 - Register for checkConnection events
2025-09-01 15:54:41,303 [FATAL] Updater:351 - Updater called before beeing initialized
2025-09-01 15:54:41,303 [ERROR] CADModel:125 - Updater not yet initialized, retry later 
2025-09-01 15:54:41,411 [FATAL] Updater:351 - Updater called before beeing initialized
2025-09-01 15:54:41,413 [INFO] CADModel:165 - CPN selected for project level
2025-09-01 15:54:41,413 [INFO] CADModel:114 - Register for checkConnection events
2025-09-01 15:54:41,413 [FATAL] Updater:351 - Updater called before beeing initialized
2025-09-01 15:54:41,413 [ERROR] CADModel:125 - Updater not yet initialized, retry later 
2025-09-01 15:54:41,415 [FATAL] Updater:351 - Updater called before beeing initialized
2025-09-01 15:54:41,507 [FATAL] Updater:351 - Updater called before beeing initialized
2025-09-01 15:54:41,510 [INFO] DbMcusAds:53 - JSON generation date=Tue Jul 08 18:14:23 AEST 2025 (1751962463562)
2025-09-01 15:54:41,510 [FATAL] Updater:351 - Updater called before beeing initialized
2025-09-01 15:54:41,539 [WARN] DetailPanel:346 - Failed to get advertising image, set to default
2025-09-01 15:54:41,597 [FATAL] Updater:351 - Updater called before beeing initialized
2025-09-01 15:54:41,598 [FATAL] Updater:351 - Updater called before beeing initialized
2025-09-01 15:54:41,598 [FATAL] Updater:351 - Updater called before beeing initialized
2025-09-01 15:54:41,599 [WARN] DetailPanel:346 - Failed to get advertising image, set to default
2025-09-01 15:54:41,599 [FATAL] Updater:351 - Updater called before beeing initialized
2025-09-01 15:54:41,629 [ERROR] Updater:1198 - MainUpdater not yet initialized. External WinMGr cannot be set.
2025-09-01 15:54:41,630 [INFO] Updater:1134 - Updater Version found : 6.15.0
2025-09-01 15:54:41,640 [INFO] ApplicationProperties:184 - Using Application install path: C:\ST\STM32CubeIDE_1.19.0\STM32CubeIDE\plugins\com.st.stm32cube.common.mx_6.15.0.202507011659
2025-09-01 15:54:41,882 [INFO] MainUpdater:2872 - connection check result : 10
2025-09-01 15:54:41,883 [INFO] MainUpdater:289 - Updater Check For Update Now.
2025-09-01 15:54:41,883 [INFO] MicroXplorer:498 - Change Database Version : DB.6.0.150
2025-09-01 15:54:41,887 [INFO] McuFinderGlobals:63 - Set McuFinder mode to 2 (CubeIDE integrated)
2025-09-01 15:54:41,888 [INFO] UserAuth:487 - Internet connection configuration mode: 1
2025-09-01 15:54:41,905 [INFO] JxBrowserEngine:152 - Initiate JxBrowser Engine with user profile folder
2025-09-01 15:54:42,036 [INFO] CheckServerUpdateThread:120 - End of CheckServer Thread
2025-09-01 15:54:42,950 [INFO] WebApp:169 - Instantiating new browser for Auth
2025-09-01 15:54:43,406 [INFO] WebApp:463 - Apply proxy settings
2025-09-01 15:54:43,406 [INFO] WebApp:548 - Chromium requires no authentication
2025-09-01 15:54:43,413 [INFO] WebApp:491 - Direct internet connection detected
2025-09-01 15:54:43,432 [INFO] WebApp:900 - Register for checkConnection events
2025-09-01 15:54:43,432 [INFO] WebApp:463 - Apply proxy settings
2025-09-01 15:54:43,432 [INFO] WebApp:548 - Chromium requires no authentication
2025-09-01 15:54:43,433 [INFO] WebApp:491 - Direct internet connection detected
2025-09-01 15:54:43,553 [INFO] WebApp:225 - Starting web application
2025-09-01 15:54:43,554 [INFO] WebApp:593 - Web application path used C:\ST\STM32CubeIDE_1.19.0\STM32CubeIDE\plugins\com.st.stm32cube.common.mx_6.15.0.202507011659\db\plugins\mcufinder\reactClient1\index.html
2025-09-01 15:54:43,648 [INFO] UserAuth:487 - Internet connection configuration mode: 1
2025-09-01 15:54:43,836 [INFO] WebApp:191 - Connection restablished
2025-09-01 15:54:43,846 [WARN] PackLoader:240 - Cannot read IP mode file for STMicroelectronics.FP-SNS-MOTENVWB1.1.4.0
2025-09-01 15:54:43,851 [WARN] PackLoader:240 - Cannot read IP mode file for STMicroelectronics.FP-ATR-ASTRA1.2.0.2
2025-09-01 15:54:43,853 [WARN] PackLoader:240 - Cannot read IP mode file for STMicroelectronics.FP-ATR-ASTRA1.2.0.1
2025-09-01 15:54:43,858 [WARN] PackLoader:240 - Cannot read IP mode file for STMicroelectronics.X-CUBE-SMBUS.2.1.0
2025-09-01 15:54:43,862 [WARN] PackLoader:240 - Cannot read IP mode file for STMicroelectronics.X-CUBE-WB05N.1.1.0
2025-09-01 15:54:43,866 [WARN] PackLoader:240 - Cannot read IP mode file for STMicroelectronics.X-CUBE-ST60.1.0.0
2025-09-01 15:54:43,882 [WARN] PackLoader:240 - Cannot read IP mode file for STMicroelectronics.X-CUBE-AZRTOS-F7.1.1.0
2025-09-01 15:54:43,888 [WARN] PackLoader:240 - Cannot read IP mode file for STMicroelectronics.FP-SNS-FLIGHT1.5.0.2
2025-09-01 15:54:43,906 [WARN] PackLoader:240 - Cannot read IP mode file for Infineon.AIROC-Wi-Fi-Bluetooth-STM32.1.7.0
2025-09-01 15:54:43,922 [WARN] PackLoader:240 - Cannot read IP mode file for STMicroelectronics.X-CUBE-AZRTOS-H7.3.4.0
2025-09-01 15:54:43,929 [WARN] PackLoader:240 - Cannot read IP mode file for STMicroelectronics.X-CUBE-DISPLAY.3.0.0
2025-09-01 15:54:43,936 [WARN] PackLoader:240 - Cannot read IP mode file for STMicroelectronics.X-CUBE-NFC10.1.0.0
2025-09-01 15:54:43,948 [WARN] PackLoader:240 - Cannot read IP mode file for STMicroelectronics.X-CUBE-BLEMGR.4.0.0
2025-09-01 15:54:43,955 [WARN] PackLoader:240 - Cannot read IP mode file for emotas.I-CUBE-CANOPEN.1.3.0
2025-09-01 15:54:43,958 [WARN] ConditionMgr:438 - getConditionDescription Invalid condition id : Cortex-A Device cause : null
2025-09-01 15:54:43,966 [WARN] ConditionMgr:1044 - genDependencies : Invalid condition id : Cortex-A Device cause : null
2025-09-01 15:54:43,966 [WARN] ConditionMgr:1044 - genDependencies : Invalid condition id : Cortex-A Device cause : null
2025-09-01 15:54:43,966 [WARN] ConditionMgr:1044 - genDependencies : Invalid condition id : Cortex-A Device cause : null
2025-09-01 15:54:43,968 [WARN] PackLoader:240 - Cannot read IP mode file for STMicroelectronics.X-CUBE-AI.10.0.0
2025-09-01 15:54:43,973 [WARN] PackLoader:240 - Cannot read IP mode file for STMicroelectronics.FP-SNS-STBOX1.2.1.0
2025-09-01 15:54:43,977 [WARN] PackLoader:240 - Cannot read IP mode file for STMicroelectronics.FP-SNS-SMARTAG2.1.2.0
2025-09-01 15:54:43,979 [WARN] PackLoader:240 - Cannot read IP mode file for STMicroelectronics.FP-SNS-FLIGHT1.5.1.0
2025-09-01 15:54:43,984 [INFO] LogOutputStream:77 - [STDOUT_REDIRECT] 1 : Invalid condition id : UX_CORESTACK_Condition cause : null
2025-09-01 15:54:43,985 [INFO] LogOutputStream:77 - [STDOUT_REDIRECT] 1 : Invalid condition id : UX_CORESTACK_Condition cause : null
2025-09-01 15:54:43,985 [INFO] LogOutputStream:77 - [STDOUT_REDIRECT] 1 : Invalid condition id : UX_CORESTACK_Condition cause : null
2025-09-01 15:54:43,986 [INFO] LogOutputStream:77 - [STDOUT_REDIRECT] 1 : Invalid condition id : UX_CORESTACK_Condition cause : null
2025-09-01 15:54:43,987 [INFO] LogOutputStream:77 - [STDOUT_REDIRECT] 1 : Invalid condition id : UX_CORESTACK_Condition cause : null
2025-09-01 15:54:43,988 [WARN] PackLoader:240 - Cannot read IP mode file for STMicroelectronics.X-CUBE-AZRTOS-WL.2.0.0
2025-09-01 15:54:43,992 [WARN] PackLoader:240 - Cannot read IP mode file for STMicroelectronics.FP-SNS-MOTENV1.5.0.0
2025-09-01 15:54:43,997 [WARN] PackLoader:240 - Cannot read IP mode file for WES.I-CUBE-Cesium.1.3.0
2025-09-01 15:54:44,001 [WARN] PackLoader:240 - Cannot read IP mode file for STMicroelectronics.X-CUBE-BLE2.3.3.0
2025-09-01 15:54:44,004 [WARN] PackLoader:240 - Cannot read IP mode file for STMicroelectronics.X-CUBE-NFC9.1.0.0
2025-09-01 15:54:44,008 [WARN] PackLoader:240 - Cannot read IP mode file for STMicroelectronics.X-CUBE-BLE1.7.1.0
2025-09-01 15:54:44,012 [WARN] PackLoader:240 - Cannot read IP mode file for wolfSSL.I-CUBE-wolfMQTT.1.19.2
2025-09-01 15:54:44,016 [WARN] PackLoader:240 - Cannot read IP mode file for STMicroelectronics.X-CUBE-EEPRMA1.5.2.0
2025-09-01 15:54:44,019 [WARN] PackLoader:240 - Cannot read IP mode file for STMicroelectronics.X-CUBE-AI.10.1.0
2025-09-01 15:54:44,050 [WARN] PackLoader:240 - Cannot read IP mode file for STMicroelectronics.X-CUBE-MEMS1.11.2.0
2025-09-01 15:54:44,160 [WARN] PackLoader:240 - Cannot read IP mode file for STMicroelectronics.X-CUBE-AZRTOS-G0.1.1.0
2025-09-01 15:54:44,181 [WARN] PackLoader:240 - Cannot read IP mode file for STMicroelectronics.X-CUBE-SAFEA1.1.2.2
2025-09-01 15:54:44,188 [WARN] PackLoader:240 - Cannot read IP mode file for STMicroelectronics.X-CUBE-NFC4.3.0.0
2025-09-01 15:54:44,198 [WARN] PackLoader:240 - Cannot read IP mode file for EmbeddedOffice.I-CUBE-FS-RTOS.1.0.1
2025-09-01 15:54:44,209 [WARN] PackLoader:240 - Cannot read IP mode file for STMicroelectronics.X-CUBE-WB05N.2.0.0
2025-09-01 15:54:44,214 [WARN] PackLoader:240 - Cannot read IP mode file for wolfSSL.I-CUBE-wolfTPM.3.8.0
2025-09-01 15:54:44,220 [WARN] PackLoader:240 - Cannot read IP mode file for STMicroelectronics.X-CUBE-TCPP.4.2.0
2025-09-01 15:54:44,228 [WARN] PackLoader:240 - Cannot read IP mode file for RealThread.X-CUBE-RT-Thread_Nano.4.1.1
2025-09-01 15:54:44,232 [WARN] PackLoader:240 - Cannot read IP mode file for STMicroelectronics.FP-ATR-SIGFOX1.3.2.0
2025-09-01 15:54:44,236 [WARN] PackLoader:240 - Cannot read IP mode file for STMicroelectronics.X-CUBE-EEPRMA1.5.1.0
2025-09-01 15:54:44,241 [WARN] PackLoader:240 - Cannot read IP mode file for wolfSSL.I-CUBE-wolfSSL.5.7.6
2025-09-01 15:54:44,245 [WARN] PackLoader:240 - Cannot read IP mode file for ITTIA_DB.I-CUBE-ITTIADB.8.9.0
2025-09-01 15:54:44,250 [WARN] PackLoader:240 - Cannot read IP mode file for STMicroelectronics.X-CUBE-ST67W61.1.0.0
2025-09-01 15:54:44,253 [WARN] PackLoader:240 - Cannot read IP mode file for STMicroelectronics.X-CUBE-AI.10.2.0
2025-09-01 15:54:44,271 [WARN] PackLoader:240 - Cannot read IP mode file for SEGGER.I-CUBE-embOS.1.3.1
2025-09-01 15:54:44,302 [WARN] PackLoader:240 - Cannot read IP mode file for STMicroelectronics.X-CUBE-ALGOBUILD.1.4.0
2025-09-01 15:54:44,340 [WARN] PackLoader:240 - Cannot read IP mode file for STMicroelectronics.X-CUBE-MEMS1.11.3.0
2025-09-01 15:54:44,419 [WARN] PackLoader:240 - Cannot read IP mode file for STMicroelectronics.X-CUBE-PM33A1.1.0.0
2025-09-01 15:54:44,426 [WARN] PackLoader:240 - Cannot read IP mode file for STMicroelectronics.X-CUBE-AZRTOS-F4.1.1.0
2025-09-01 15:54:44,432 [WARN] PackLoader:240 - Cannot read IP mode file for Avnet-IotConnect.X-CUBE-IoTC-DA16k-PMOD.1.0.0
2025-09-01 15:54:44,435 [WARN] PackLoader:240 - Cannot read IP mode file for STMicroelectronics.X-CUBE-ISPU.2.1.0
2025-09-01 15:54:44,438 [WARN] PackLoader:240 - Cannot read IP mode file for STMicroelectronics.X-CUBE-NFC12.1.0.0
2025-09-01 15:54:44,449 [WARN] PackLoader:240 - Cannot read IP mode file for STMicroelectronics.X-CUBE-AZRTOS-L5.2.0.0
2025-09-01 15:54:44,456 [WARN] PackLoader:240 - Cannot read IP mode file for STMicroelectronics.X-CUBE-NFC6.3.1.0
2025-09-01 15:54:44,461 [WARN] PackLoader:240 - Cannot read IP mode file for STMicroelectronics.X-CUBE-FREERTOS.1.3.1
2025-09-01 15:54:44,463 [WARN] PackLoader:240 - Cannot read IP mode file for STMicroelectronics.X-CUBE-FREERTOS.1.3.0
2025-09-01 15:54:44,467 [WARN] PackLoader:240 - Cannot read IP mode file for STMicroelectronics.X-CUBE-NFC7.1.0.1
2025-09-01 15:54:44,470 [WARN] PackLoader:240 - Cannot read IP mode file for STMicroelectronics.FP-SNS-STAIOTCFT.1.0.0
2025-09-01 15:54:44,475 [WARN] PackLoader:240 - Cannot read IP mode file for STMicroelectronics.X-CUBE-DPower.1.3.0
2025-09-01 15:54:44,483 [WARN] ConditionMgr:438 - getConditionDescription Invalid condition id : LAN8742 Phy interface Condition cause : null
2025-09-01 15:54:44,484 [WARN] PackLoader:240 - Cannot read IP mode file for STMicroelectronics.X-CUBE-AZRTOS-L4.2.0.0
2025-09-01 15:54:44,485 [WARN] ConditionMgr:1044 - genDependencies : Invalid condition id : LAN8742 Phy interface Condition cause : null
2025-09-01 15:54:44,485 [WARN] ConditionMgr:1044 - genDependencies : Invalid condition id : LAN8742 Phy interface Condition cause : null
2025-09-01 15:54:44,485 [WARN] ConditionMgr:1044 - genDependencies : Invalid condition id : LAN8742 Phy interface Condition cause : null
2025-09-01 15:54:44,489 [WARN] PackLoader:240 - Cannot read IP mode file for STMicroelectronics.X-CUBE-SFXS2LP1.4.0.0
2025-09-01 15:54:44,499 [WARN] PackLoader:240 - Cannot read IP mode file for STMicroelectronics.X-CUBE-AZRTOS-H7.3.3.0
2025-09-01 15:54:44,502 [WARN] PackLoader:240 - Cannot read IP mode file for STMicroelectronics.X-CUBE-BLEMGR.4.1.0
2025-09-01 15:54:44,515 [WARN] ConditionMgr:438 - getConditionDescription Invalid condition id : UX DEVICE CLASS RTOS Condition cause : null
2025-09-01 15:54:44,515 [WARN] ConditionMgr:438 - getConditionDescription Invalid condition id : UX DEVICE CLASS RTOS Condition cause : null
2025-09-01 15:54:44,516 [WARN] PackLoader:240 - Cannot read IP mode file for STMicroelectronics.X-CUBE-AZRTOS-WB.2.0.0
2025-09-01 15:54:44,516 [WARN] ConditionMgr:1044 - genDependencies : Invalid condition id : UX DEVICE CLASS RTOS Condition cause : null
2025-09-01 15:54:44,516 [WARN] ConditionMgr:1044 - genDependencies : Invalid condition id : UX DEVICE CLASS RTOS Condition cause : null
2025-09-01 15:54:44,516 [WARN] ConditionMgr:1044 - genDependencies : Invalid condition id : UX DEVICE CLASS RTOS Condition cause : null
2025-09-01 15:54:44,516 [WARN] ConditionMgr:1044 - genDependencies : Invalid condition id : UX DEVICE CLASS RTOS Condition cause : null
2025-09-01 15:54:44,516 [WARN] ConditionMgr:1044 - genDependencies : Invalid condition id : UX DEVICE CLASS RTOS Condition cause : null
2025-09-01 15:54:44,520 [WARN] PackLoader:240 - Cannot read IP mode file for STMicroelectronics.X-CUBE-GNSS1.7.0.1
2025-09-01 15:54:44,523 [WARN] PackLoader:240 - Cannot read IP mode file for STMicroelectronics.X-CUBE-TOUCHGFX.4.25.0
2025-09-01 15:54:44,526 [WARN] PackLoader:240 - Cannot read IP mode file for STMicroelectronics.FP-SNS-STBOX1.2.0.0
2025-09-01 15:54:44,531 [WARN] PackLoader:240 - Cannot read IP mode file for STMicroelectronics.X-CUBE-SUBG2.5.0.0
2025-09-01 15:54:44,542 [WARN] PackLoader:240 - Cannot read IP mode file for STMicroelectronics.X-CUBE-AZRTOS-H7RS.1.1.0
2025-09-01 15:54:44,547 [WARN] PackLoader:240 - Cannot read IP mode file for Cesanta.I-CUBE-Mongoose.7.13.0
2025-09-01 15:54:44,552 [WARN] PackLoader:240 - Cannot read IP mode file for STMicroelectronics.X-CUBE-AZRTOS-G4.2.0.0
2025-09-01 15:54:44,555 [WARN] PackLoader:240 - Cannot read IP mode file for wolfSSL.I-CUBE-wolfSSH.1.4.20
2025-09-01 15:54:44,558 [WARN] PackLoader:240 - Cannot read IP mode file for STMicroelectronics.X-CUBE-NFC7.2.0.0
2025-09-01 15:54:44,562 [WARN] PackLoader:240 - Cannot read IP mode file for STMicroelectronics.X-CUBE-IPS.3.1.0
2025-09-01 15:54:44,567 [WARN] PackLoader:240 - Cannot read IP mode file for STMicroelectronics.X-CUBE-ALS.1.0.2
2025-09-01 15:54:44,571 [WARN] PackLoader:240 - Cannot read IP mode file for portGmbH.I-Cube-SoM-uGOAL.1.1.0
2025-09-01 15:54:44,580 [WARN] PackLoader:240 - Cannot read IP mode file for STMicroelectronics.X-CUBE-TOF1.3.4.3
2025-09-01 15:54:44,585 [INFO] ThirdParty:978 - Integrity check success = true
2025-09-01 15:54:44,585 [INFO] IntegrityCheckThread:100 - exiting critical section [integrity check]
2025-09-01 15:54:44,585 [INFO] IntegrityCheckThread:103 - End integrity checks thread
