2025-10-06 15:37:36,792 [INFO] Activator:176 - 


2025-10-06 15:37:36,796 [INFO] Activator:177 - !SESSION log4j initialized
2025-10-06 15:37:40,895 [INFO] LogOutputStream:77 - [STDOUT_REDIRECT] 
2025-10-06 15:37:42,466 [INFO] ApplicationProperties:184 - Using Application install path: C:\ST\STM32CubeIDE_1.19.0\STM32CubeIDE\plugins\com.st.stm32cube.common.mx_6.15.0.202507011659
2025-10-06 15:37:42,479 [INFO] DbMcusXml:78 - Set database path to: C:\ST\STM32CubeIDE_1.19.0\STM32CubeIDE\plugins\com.st.stm32cube.common.mx_6.15.0.202507011659\\db\/mcu/
2025-10-06 15:37:42,480 [INFO] ApiDb:274 - Set plugin database path to: C:\ST\STM32CubeIDE_1.19.0\STM32CubeIDE\plugins\com.st.stm32cube.common.mx_6.15.0.202507011659\\db\/plugins/boardmanager/
2025-10-06 15:37:42,480 [WARN] ApiDb:259 - Overriding images path with different value:  => C:\ST\STM32CubeIDE_1.19.0\STM32CubeIDE\plugins\com.st.stm32cube.common.mx_6.15.0.202507011659\\db\/plugins/mcufinder/images/
2025-10-06 15:37:42,485 [INFO] ApiDb:250 - Set database path to: C:\Users\nicks\.stmcufinder\plugins\mcufinder//mcu/
2025-10-06 15:37:42,486 [INFO] DbMcusAds:125 - Set database path to: C:\Users\nicks\.stmcufinder\plugins\mcufinder//mcu/
2025-10-06 15:37:42,488 [INFO] CrossReferenceDbSqlite:203 - Set database path to: C:\Users\nicks\.stmcufinder\plugins\mcufinder//mcu/cs/
2025-10-06 15:37:42,558 [INFO] RulesReader:64 - Compatibility file has been processed (317 Rules)
2025-10-06 15:37:42,618 [INFO] DbMcusXml:78 - Set database path to: C:\ST\STM32CubeIDE_1.19.0\STM32CubeIDE\plugins\com.st.stm32cube.common.mx_6.15.0.202507011659\\db\/mcu/
2025-10-06 15:37:42,618 [INFO] ApiDb:274 - Set plugin database path to: C:\ST\STM32CubeIDE_1.19.0\STM32CubeIDE\plugins\com.st.stm32cube.common.mx_6.15.0.202507011659\\db\/plugins/boardmanager/
2025-10-06 15:37:42,618 [INFO] ApiDb:261 - Set plugin images path to: C:\ST\STM32CubeIDE_1.19.0\STM32CubeIDE\plugins\com.st.stm32cube.common.mx_6.15.0.202507011659\\db\/plugins/mcufinder/images/
2025-10-06 15:37:42,618 [WARN] DbFile:41 - Overriding database path with different value: C:\Users\nicks\.stmcufinder\plugins\mcufinder/ => C:\Users\nicks\.stmcufinder\plugins\mcufinder
2025-10-06 15:37:42,619 [INFO] ApiDb:250 - Set database path to: C:\Users\nicks\.stmcufinder\plugins\mcufinder//mcu/
2025-10-06 15:37:42,619 [WARN] DbFile:41 - Overriding database path with different value: C:\Users\nicks\.stmcufinder\plugins\mcufinder/ => C:\Users\nicks\.stmcufinder\plugins\mcufinder
2025-10-06 15:37:42,619 [INFO] DbMcusAds:125 - Set database path to: C:\Users\nicks\.stmcufinder\plugins\mcufinder//mcu/
2025-10-06 15:37:42,619 [WARN] DbFile:41 - Overriding database path with different value: C:\Users\nicks\.stmcufinder\plugins\mcufinder/ => C:\Users\nicks\.stmcufinder\plugins\mcufinder
2025-10-06 15:37:42,619 [WARN] DbFile:41 - Overriding database path with different value: C:\Users\nicks\.stmcufinder\plugins\mcufinder/ => C:\Users\nicks\.stmcufinder\plugins\mcufinder
2025-10-06 15:37:42,619 [INFO] CrossReferenceDbSqlite:203 - Set database path to: C:\Users\nicks\.stmcufinder\plugins\mcufinder//mcu/cs/
2025-10-06 15:37:42,671 [INFO] MainPanel:274 - HeapMemory: 269484032
2025-10-06 15:37:42,745 [INFO] DbMcusXml:78 - Set database path to: C:\ST\STM32CubeIDE_1.19.0\STM32CubeIDE\plugins\com.st.stm32cube.common.mx_6.15.0.202507011659\\db\/mcu/
2025-10-06 15:37:42,745 [INFO] ApiDb:274 - Set plugin database path to: C:\ST\STM32CubeIDE_1.19.0\STM32CubeIDE\plugins\com.st.stm32cube.common.mx_6.15.0.202507011659\\db\/plugins/boardmanager/
2025-10-06 15:37:42,745 [INFO] ApiDb:261 - Set plugin images path to: C:\ST\STM32CubeIDE_1.19.0\STM32CubeIDE\plugins\com.st.stm32cube.common.mx_6.15.0.202507011659\\db\/plugins/mcufinder/images/
2025-10-06 15:37:42,745 [WARN] DbFile:41 - Overriding database path with different value: C:\Users\nicks\.stmcufinder\plugins\mcufinder/ => C:\Users\nicks\.stmcufinder\plugins\mcufinder
2025-10-06 15:37:42,745 [INFO] ApiDb:250 - Set database path to: C:\Users\nicks\.stmcufinder\plugins\mcufinder//mcu/
2025-10-06 15:37:42,745 [WARN] DbFile:41 - Overriding database path with different value: C:\Users\nicks\.stmcufinder\plugins\mcufinder/ => C:\Users\nicks\.stmcufinder\plugins\mcufinder
2025-10-06 15:37:42,745 [INFO] DbMcusAds:125 - Set database path to: C:\Users\nicks\.stmcufinder\plugins\mcufinder//mcu/
2025-10-06 15:37:42,745 [WARN] DbFile:41 - Overriding database path with different value: C:\Users\nicks\.stmcufinder\plugins\mcufinder/ => C:\Users\nicks\.stmcufinder\plugins\mcufinder
2025-10-06 15:37:42,745 [WARN] DbFile:41 - Overriding database path with different value: C:\Users\nicks\.stmcufinder\plugins\mcufinder/ => C:\Users\nicks\.stmcufinder\plugins\mcufinder
2025-10-06 15:37:42,745 [INFO] CrossReferenceDbSqlite:203 - Set database path to: C:\Users\nicks\.stmcufinder\plugins\mcufinder//mcu/cs/
2025-10-06 15:37:42,758 [INFO] ApplicationProperties:184 - Using Application install path: C:\ST\STM32CubeIDE_1.19.0\STM32CubeIDE\plugins\com.st.stm32cube.common.mx_6.15.0.202507011659
2025-10-06 15:37:42,759 [INFO] PluginManage:196 - Search for loadable plugins [exclusion list=, ]
2025-10-06 15:37:42,760 [INFO] PluginManage:310 - Check plugin analytics
2025-10-06 15:37:42,865 [INFO] AnalyticsPlugin:253 - Accepted Software Licenses: 
2025-10-06 15:37:42,865 [INFO] AnalyticsPlugin:255 - Accepted CMSIS Pack Licenses: 
2025-10-06 15:37:42,865 [INFO] AnalyticsPlugin:257 - Accepted Firmware Licenses: FW.F4.1.28.0,FW.H7.1.12.0,FW.H7.1.11.0
2025-10-06 15:37:42,867 [INFO] PluginManage:359 - Loaded plugin analytics (category:tool,tabindex:-1)
2025-10-06 15:37:42,867 [INFO] PluginManage:310 - Check plugin cadmodel
2025-10-06 15:37:42,872 [INFO] CADModel:105 - Init CAD model plugin
2025-10-06 15:37:42,872 [INFO] PluginManage:359 - Loaded plugin cadmodel (category:power,tabindex:5)
2025-10-06 15:37:42,872 [INFO] PluginManage:310 - Check plugin clock
2025-10-06 15:37:42,880 [INFO] PluginManage:359 - Loaded plugin clock (category:base,tabindex:2)
2025-10-06 15:37:42,880 [INFO] PluginManage:310 - Check plugin ddr
2025-10-06 15:37:42,881 [INFO] PluginManage:359 - Loaded plugin ddr (category:tool,tabindex:6)
2025-10-06 15:37:42,882 [INFO] PluginManage:310 - Check plugin filemanager
2025-10-06 15:37:43,007 [INFO] PluginManage:359 - Loaded plugin filemanager (category:base,tabindex:10)
2025-10-06 15:37:43,007 [INFO] PluginManage:310 - Check plugin ipmanager
2025-10-06 15:37:43,012 [INFO] PluginManage:359 - Loaded plugin ipmanager (category:base,tabindex:5)
2025-10-06 15:37:43,013 [INFO] PluginManage:310 - Check plugin lpbam
2025-10-06 15:37:43,019 [INFO] PluginManage:359 - Loaded plugin lpbam (category:base,tabindex:0)
2025-10-06 15:37:43,019 [INFO] PluginManage:310 - Check plugin memorymap
2025-10-06 15:37:43,028 [INFO] PluginManage:359 - Loaded plugin memorymap (category:base,tabindex:4)
2025-10-06 15:37:43,028 [INFO] PluginManage:310 - Check plugin pinoutandconfiguration
2025-10-06 15:37:43,035 [INFO] PluginManage:359 - Loaded plugin pinoutandconfiguration (category:base,tabindex:1)
2025-10-06 15:37:43,035 [INFO] PluginManage:310 - Check plugin pinoutconfig
2025-10-06 15:37:43,092 [WARN] SupportedApi:132 - Cannot load RTOS API schema: s4s-elt-must-match.1: The content of 'definitions' must match (annotation?, (simpleType | complexType)?, (unique | key | keyref)*)). A problem was found starting at: attribute.
2025-10-06 15:37:43,179 [INFO] PluginManage:359 - Loaded plugin pinoutconfig (category:base,tabindex:0)
2025-10-06 15:37:43,179 [INFO] PluginManage:310 - Check plugin power
2025-10-06 15:37:43,187 [INFO] PluginManage:359 - Loaded plugin power (category:power,tabindex:4)
2025-10-06 15:37:43,187 [INFO] PluginManage:310 - Check plugin projectmanager
2025-10-06 15:37:43,197 [INFO] PluginManage:359 - Loaded plugin projectmanager (category:projectmanager,tabindex:4)
2025-10-06 15:37:43,198 [INFO] PluginManage:310 - Check plugin rif
2025-10-06 15:37:43,204 [INFO] PluginManage:359 - Loaded plugin rif (category:base,tabindex:3)
2025-10-06 15:37:43,204 [INFO] PluginManage:310 - Check plugin thirdparty
2025-10-06 15:37:43,290 [INFO] PluginManage:359 - Loaded plugin thirdparty (category:base,tabindex:-1)
2025-10-06 15:37:43,290 [WARN] IntegrityCheckThread:84 - waiting for thirdparty lock release [integrity check]
2025-10-06 15:37:43,290 [INFO] PluginManage:310 - Check plugin tools
2025-10-06 15:37:43,290 [INFO] IntegrityCheckThread:86 - entering critical section [integrity check]
2025-10-06 15:37:43,290 [INFO] ThirdPartyUpdaterWithRetryManager:70 - Updater plugin not ready yet. [1/15]
2025-10-06 15:37:43,292 [INFO] PluginManage:359 - Loaded plugin tools (category:base,tabindex:7)
2025-10-06 15:37:43,292 [INFO] PluginManage:310 - Check plugin tutovideos
2025-10-06 15:37:43,431 [INFO] PluginManage:359 - Loaded plugin tutovideos (category:base,tabindex:-1)
2025-10-06 15:37:43,432 [INFO] PluginManage:310 - Check plugin updater
2025-10-06 15:37:43,447 [INFO] PluginManage:359 - Loaded plugin updater (category:base,tabindex:12)
2025-10-06 15:37:43,447 [INFO] PluginManage:310 - Check plugin userauth
2025-10-06 15:37:43,450 [INFO] UserAuth:118 - Init User Auth plugin
2025-10-06 15:37:43,450 [INFO] PluginManage:359 - Loaded plugin userauth (category:base,tabindex:14)
2025-10-06 15:37:43,450 [INFO] PluginManage:283 - PluginManage : Loaded plugins [18]
2025-10-06 15:37:43,597 [INFO] PinOutPanel:1589 - setPackage(No Configuration,No Configuration)
2025-10-06 15:37:43,653 [INFO] CADModel:165 - CPN selected for project level
2025-10-06 15:37:43,653 [INFO] CADModel:114 - Register for checkConnection events
2025-10-06 15:37:43,665 [INFO] IPUIPlugin:80 - create IPUIPlugin
2025-10-06 15:37:43,666 [INFO] PluginManager:220 - loadIPPluginJar : add adc
2025-10-06 15:37:43,667 [INFO] IPUIPlugin:80 - create IPUIPlugin
2025-10-06 15:37:43,667 [INFO] PluginManager:220 - loadIPPluginJar : add aes
2025-10-06 15:37:43,669 [INFO] IPUIPlugin:80 - create IPUIPlugin
2025-10-06 15:37:43,669 [INFO] PluginManager:220 - loadIPPluginJar : add can
2025-10-06 15:37:43,670 [INFO] IPUIPlugin:80 - create IPUIPlugin
2025-10-06 15:37:43,670 [INFO] PluginManager:220 - loadIPPluginJar : add comp
2025-10-06 15:37:43,672 [INFO] IPUIPlugin:80 - create IPUIPlugin
2025-10-06 15:37:43,672 [INFO] PluginManager:220 - loadIPPluginJar : add cryp
2025-10-06 15:37:43,674 [INFO] IPUIPlugin:80 - create IPUIPlugin
2025-10-06 15:37:43,674 [INFO] PluginManager:220 - loadIPPluginJar : add ddr_ctrl_phy
2025-10-06 15:37:43,676 [INFO] IPUIPlugin:80 - create IPUIPlugin
2025-10-06 15:37:43,676 [INFO] PluginManager:220 - loadIPPluginJar : add dfsdm
2025-10-06 15:37:43,680 [INFO] IPUIPlugin:80 - create IPUIPlugin
2025-10-06 15:37:43,680 [INFO] PluginManager:220 - loadIPPluginJar : add dma
2025-10-06 15:37:43,681 [INFO] IPUIPlugin:80 - create IPUIPlugin
2025-10-06 15:37:43,681 [INFO] PluginManager:220 - loadIPPluginJar : add dma3
2025-10-06 15:37:43,683 [INFO] IPUIPlugin:80 - create IPUIPlugin
2025-10-06 15:37:43,683 [INFO] PluginManager:220 - loadIPPluginJar : add extmemmanager
2025-10-06 15:37:43,685 [INFO] IPUIPlugin:80 - create IPUIPlugin
2025-10-06 15:37:43,685 [INFO] PluginManager:220 - loadIPPluginJar : add fatfs
2025-10-06 15:37:43,688 [INFO] IPUIPlugin:80 - create IPUIPlugin
2025-10-06 15:37:43,688 [INFO] PluginManager:220 - loadIPPluginJar : add fmc
2025-10-06 15:37:43,693 [INFO] IPUIPlugin:80 - create IPUIPlugin
2025-10-06 15:37:43,693 [INFO] PluginManager:220 - loadIPPluginJar : add freertos
2025-10-06 15:37:43,694 [INFO] IPUIPlugin:80 - create IPUIPlugin
2025-10-06 15:37:43,694 [INFO] PluginManager:220 - loadIPPluginJar : add genericplugin
2025-10-06 15:37:43,695 [INFO] IPUIPlugin:80 - create IPUIPlugin
2025-10-06 15:37:43,695 [INFO] PluginManager:220 - loadIPPluginJar : add gfxmmu
2025-10-06 15:37:43,698 [INFO] IPUIPlugin:80 - create IPUIPlugin
2025-10-06 15:37:43,698 [INFO] PluginManager:220 - loadIPPluginJar : add gic
2025-10-06 15:37:43,701 [INFO] IPUIPlugin:80 - create IPUIPlugin
2025-10-06 15:37:43,701 [INFO] PluginManager:220 - loadIPPluginJar : add gpio
2025-10-06 15:37:43,702 [INFO] IPUIPlugin:80 - create IPUIPlugin
2025-10-06 15:37:43,703 [INFO] PluginManager:220 - loadIPPluginJar : add gtzc
2025-10-06 15:37:43,704 [INFO] IPUIPlugin:80 - create IPUIPlugin
2025-10-06 15:37:43,704 [INFO] PluginManager:220 - loadIPPluginJar : add hash
2025-10-06 15:37:43,706 [INFO] IPUIPlugin:80 - create IPUIPlugin
2025-10-06 15:37:43,706 [INFO] PluginManager:220 - loadIPPluginJar : add i2c
2025-10-06 15:37:43,708 [INFO] IPUIPlugin:80 - create IPUIPlugin
2025-10-06 15:37:43,708 [INFO] PluginManager:220 - loadIPPluginJar : add i2s
2025-10-06 15:37:43,710 [INFO] IPUIPlugin:80 - create IPUIPlugin
2025-10-06 15:37:43,710 [INFO] PluginManager:220 - loadIPPluginJar : add i3c
2025-10-06 15:37:43,713 [INFO] IPUIPlugin:80 - create IPUIPlugin
2025-10-06 15:37:43,713 [INFO] PluginManager:220 - loadIPPluginJar : add ipddr
2025-10-06 15:37:43,718 [INFO] IPUIPlugin:80 - create IPUIPlugin
2025-10-06 15:37:43,718 [INFO] PluginManager:220 - loadIPPluginJar : add linkedlist
2025-10-06 15:37:43,720 [INFO] IPUIPlugin:80 - create IPUIPlugin
2025-10-06 15:37:43,721 [INFO] PluginManager:220 - loadIPPluginJar : add lorawan
2025-10-06 15:37:43,722 [INFO] IPUIPlugin:80 - create IPUIPlugin
2025-10-06 15:37:43,722 [INFO] PluginManager:220 - loadIPPluginJar : add ltdc
2025-10-06 15:37:43,726 [INFO] IPUIPlugin:80 - create IPUIPlugin
2025-10-06 15:37:43,726 [INFO] PluginManager:220 - loadIPPluginJar : add mdma
2025-10-06 15:37:43,728 [INFO] IPUIPlugin:80 - create IPUIPlugin
2025-10-06 15:37:43,728 [INFO] PluginManager:220 - loadIPPluginJar : add nvic
2025-10-06 15:37:43,730 [INFO] IPUIPlugin:80 - create IPUIPlugin
2025-10-06 15:37:43,730 [INFO] PluginManager:220 - loadIPPluginJar : add opamp
2025-10-06 15:37:43,732 [INFO] IPUIPlugin:80 - create IPUIPlugin
2025-10-06 15:37:43,732 [INFO] PluginManager:220 - loadIPPluginJar : add openamp
2025-10-06 15:37:43,735 [INFO] IPUIPlugin:80 - create IPUIPlugin
2025-10-06 15:37:43,735 [INFO] PluginManager:220 - loadIPPluginJar : add pdm2pcm
2025-10-06 15:37:43,739 [INFO] IPUIPlugin:80 - create IPUIPlugin
2025-10-06 15:37:43,741 [INFO] PluginManager:220 - loadIPPluginJar : add plateformsettings
2025-10-06 15:37:43,742 [INFO] IPUIPlugin:80 - create IPUIPlugin
2025-10-06 15:37:43,742 [INFO] PluginManager:220 - loadIPPluginJar : add quadspi
2025-10-06 15:37:43,743 [INFO] IPUIPlugin:80 - create IPUIPlugin
2025-10-06 15:37:43,744 [INFO] PluginManager:220 - loadIPPluginJar : add radio
2025-10-06 15:37:43,746 [INFO] IPUIPlugin:80 - create IPUIPlugin
2025-10-06 15:37:43,746 [INFO] PluginManager:220 - loadIPPluginJar : add resmgrutility
2025-10-06 15:37:43,749 [INFO] IPUIPlugin:80 - create IPUIPlugin
2025-10-06 15:37:43,749 [INFO] PluginManager:220 - loadIPPluginJar : add sai
2025-10-06 15:37:43,750 [INFO] IPUIPlugin:80 - create IPUIPlugin
2025-10-06 15:37:43,751 [INFO] PluginManager:220 - loadIPPluginJar : add spi
2025-10-06 15:37:43,754 [INFO] IPUIPlugin:80 - create IPUIPlugin
2025-10-06 15:37:43,754 [INFO] PluginManager:220 - loadIPPluginJar : add stm32_wpan
2025-10-06 15:37:43,755 [INFO] IPUIPlugin:80 - create IPUIPlugin
2025-10-06 15:37:43,756 [INFO] PluginManager:220 - loadIPPluginJar : add tim
2025-10-06 15:37:43,757 [INFO] IPUIPlugin:80 - create IPUIPlugin
2025-10-06 15:37:43,758 [INFO] PluginManager:220 - loadIPPluginJar : add touchsensing
2025-10-06 15:37:43,759 [INFO] IPUIPlugin:80 - create IPUIPlugin
2025-10-06 15:37:43,759 [INFO] PluginManager:220 - loadIPPluginJar : add tracer_emb
2025-10-06 15:37:43,760 [INFO] IPUIPlugin:80 - create IPUIPlugin
2025-10-06 15:37:43,760 [INFO] PluginManager:220 - loadIPPluginJar : add ts
2025-10-06 15:37:43,761 [INFO] IPUIPlugin:80 - create IPUIPlugin
2025-10-06 15:37:43,761 [INFO] PluginManager:220 - loadIPPluginJar : add tsc
2025-10-06 15:37:43,762 [INFO] IPUIPlugin:80 - create IPUIPlugin
2025-10-06 15:37:43,762 [INFO] PluginManager:220 - loadIPPluginJar : add ucpd
2025-10-06 15:37:43,764 [INFO] IPUIPlugin:80 - create IPUIPlugin
2025-10-06 15:37:43,764 [INFO] PluginManager:220 - loadIPPluginJar : add usart
2025-10-06 15:37:43,766 [INFO] IPUIPlugin:80 - create IPUIPlugin
2025-10-06 15:37:43,766 [INFO] PluginManager:220 - loadIPPluginJar : add usbx
2025-10-06 15:37:43,872 [FATAL] Updater:351 - Updater called before beeing initialized
2025-10-06 15:37:43,889 [INFO] RulesReader:64 - Compatibility file has been processed (317 Rules)
2025-10-06 15:37:43,897 [INFO] RulesReader:64 - Compatibility file has been processed (317 Rules)
2025-10-06 15:37:43,902 [INFO] CADModel:165 - CPN selected for project level
2025-10-06 15:37:43,902 [INFO] CADModel:114 - Register for checkConnection events
2025-10-06 15:37:43,902 [FATAL] Updater:351 - Updater called before beeing initialized
2025-10-06 15:37:43,902 [ERROR] CADModel:125 - Updater not yet initialized, retry later 
2025-10-06 15:37:44,001 [FATAL] Updater:351 - Updater called before beeing initialized
2025-10-06 15:37:44,003 [INFO] CADModel:165 - CPN selected for project level
2025-10-06 15:37:44,003 [INFO] CADModel:114 - Register for checkConnection events
2025-10-06 15:37:44,003 [FATAL] Updater:351 - Updater called before beeing initialized
2025-10-06 15:37:44,003 [ERROR] CADModel:125 - Updater not yet initialized, retry later 
2025-10-06 15:37:44,005 [FATAL] Updater:351 - Updater called before beeing initialized
2025-10-06 15:37:44,077 [FATAL] Updater:351 - Updater called before beeing initialized
2025-10-06 15:37:44,081 [INFO] DbMcusAds:53 - JSON generation date=Tue Jul 08 18:14:23 AEST 2025 (1751962463562)
2025-10-06 15:37:44,081 [FATAL] Updater:351 - Updater called before beeing initialized
2025-10-06 15:37:44,110 [WARN] DetailPanel:346 - Failed to get advertising image, set to default
2025-10-06 15:37:44,175 [FATAL] Updater:351 - Updater called before beeing initialized
2025-10-06 15:37:44,176 [FATAL] Updater:351 - Updater called before beeing initialized
2025-10-06 15:37:44,176 [FATAL] Updater:351 - Updater called before beeing initialized
2025-10-06 15:37:44,176 [WARN] DetailPanel:346 - Failed to get advertising image, set to default
2025-10-06 15:37:44,177 [FATAL] Updater:351 - Updater called before beeing initialized
2025-10-06 15:37:44,206 [ERROR] Updater:1198 - MainUpdater not yet initialized. External WinMGr cannot be set.
2025-10-06 15:37:44,207 [INFO] Updater:1134 - Updater Version found : 6.15.0
2025-10-06 15:37:44,220 [INFO] ApplicationProperties:184 - Using Application install path: C:\ST\STM32CubeIDE_1.19.0\STM32CubeIDE\plugins\com.st.stm32cube.common.mx_6.15.0.202507011659
2025-10-06 15:37:44,453 [INFO] MainUpdater:2872 - connection check result : 10
2025-10-06 15:37:44,453 [INFO] MainUpdater:289 - Updater Check For Update Now.
2025-10-06 15:37:44,454 [INFO] MicroXplorer:498 - Change Database Version : DB.6.0.150
2025-10-06 15:37:44,459 [INFO] McuFinderGlobals:63 - Set McuFinder mode to 2 (CubeIDE integrated)
2025-10-06 15:37:44,459 [INFO] UserAuth:487 - Internet connection configuration mode: 1
2025-10-06 15:37:44,477 [INFO] JxBrowserEngine:152 - Initiate JxBrowser Engine with user profile folder
2025-10-06 15:37:44,607 [INFO] CheckServerUpdateThread:120 - End of CheckServer Thread
2025-10-06 15:37:45,469 [INFO] WebApp:169 - Instantiating new browser for Auth
2025-10-06 15:37:45,942 [INFO] WebApp:463 - Apply proxy settings
2025-10-06 15:37:45,942 [INFO] WebApp:548 - Chromium requires no authentication
2025-10-06 15:37:45,950 [INFO] WebApp:491 - Direct internet connection detected
2025-10-06 15:37:45,970 [INFO] WebApp:900 - Register for checkConnection events
2025-10-06 15:37:45,970 [INFO] WebApp:463 - Apply proxy settings
2025-10-06 15:37:45,971 [INFO] WebApp:548 - Chromium requires no authentication
2025-10-06 15:37:45,971 [INFO] WebApp:491 - Direct internet connection detected
2025-10-06 15:37:46,092 [INFO] WebApp:225 - Starting web application
2025-10-06 15:37:46,092 [INFO] WebApp:593 - Web application path used C:\ST\STM32CubeIDE_1.19.0\STM32CubeIDE\plugins\com.st.stm32cube.common.mx_6.15.0.202507011659\db\plugins\mcufinder\reactClient1\index.html
2025-10-06 15:37:46,210 [INFO] UserAuth:487 - Internet connection configuration mode: 1
2025-10-06 15:37:46,370 [INFO] WebApp:191 - Connection restablished
2025-10-06 15:37:46,470 [WARN] PackLoader:240 - Cannot read IP mode file for STMicroelectronics.FP-SNS-MOTENVWB1.1.4.0
2025-10-06 15:37:46,476 [WARN] PackLoader:240 - Cannot read IP mode file for STMicroelectronics.FP-ATR-ASTRA1.2.0.2
2025-10-06 15:37:46,478 [WARN] PackLoader:240 - Cannot read IP mode file for STMicroelectronics.FP-ATR-ASTRA1.2.0.1
2025-10-06 15:37:46,484 [WARN] PackLoader:240 - Cannot read IP mode file for STMicroelectronics.X-CUBE-SMBUS.2.1.0
2025-10-06 15:37:46,489 [WARN] PackLoader:240 - Cannot read IP mode file for STMicroelectronics.X-CUBE-WB05N.1.1.0
2025-10-06 15:37:46,494 [WARN] PackLoader:240 - Cannot read IP mode file for STMicroelectronics.X-CUBE-ST60.1.0.0
2025-10-06 15:37:46,511 [WARN] PackLoader:240 - Cannot read IP mode file for STMicroelectronics.X-CUBE-AZRTOS-F7.1.1.0
2025-10-06 15:37:46,517 [WARN] PackLoader:240 - Cannot read IP mode file for STMicroelectronics.FP-SNS-FLIGHT1.5.0.2
2025-10-06 15:37:46,540 [WARN] PackLoader:240 - Cannot read IP mode file for Infineon.AIROC-Wi-Fi-Bluetooth-STM32.1.7.0
2025-10-06 15:37:46,567 [WARN] PackLoader:240 - Cannot read IP mode file for STMicroelectronics.X-CUBE-AZRTOS-H7.3.4.0
2025-10-06 15:37:46,579 [WARN] PackLoader:240 - Cannot read IP mode file for STMicroelectronics.X-CUBE-DISPLAY.3.0.0
2025-10-06 15:37:46,590 [WARN] PackLoader:240 - Cannot read IP mode file for STMicroelectronics.X-CUBE-NFC10.1.0.0
2025-10-06 15:37:46,617 [WARN] PackLoader:240 - Cannot read IP mode file for STMicroelectronics.X-CUBE-BLEMGR.4.0.0
2025-10-06 15:37:46,627 [WARN] PackLoader:240 - Cannot read IP mode file for emotas.I-CUBE-CANOPEN.1.3.0
2025-10-06 15:37:46,632 [WARN] ConditionMgr:438 - getConditionDescription Invalid condition id : Cortex-A Device cause : null
2025-10-06 15:37:46,644 [WARN] ConditionMgr:1044 - genDependencies : Invalid condition id : Cortex-A Device cause : null
2025-10-06 15:37:46,644 [WARN] ConditionMgr:1044 - genDependencies : Invalid condition id : Cortex-A Device cause : null
2025-10-06 15:37:46,645 [WARN] ConditionMgr:1044 - genDependencies : Invalid condition id : Cortex-A Device cause : null
2025-10-06 15:37:46,648 [WARN] PackLoader:240 - Cannot read IP mode file for STMicroelectronics.X-CUBE-AI.10.0.0
2025-10-06 15:37:46,655 [WARN] PackLoader:240 - Cannot read IP mode file for STMicroelectronics.FP-SNS-STBOX1.2.1.0
2025-10-06 15:37:46,662 [WARN] PackLoader:240 - Cannot read IP mode file for STMicroelectronics.FP-SNS-SMARTAG2.1.2.0
2025-10-06 15:37:46,666 [WARN] PackLoader:240 - Cannot read IP mode file for STMicroelectronics.FP-SNS-FLIGHT1.5.1.0
2025-10-06 15:37:46,675 [INFO] LogOutputStream:77 - [STDOUT_REDIRECT] 1 : Invalid condition id : UX_CORESTACK_Condition cause : null
2025-10-06 15:37:46,676 [INFO] LogOutputStream:77 - [STDOUT_REDIRECT] 1 : Invalid condition id : UX_CORESTACK_Condition cause : null
2025-10-06 15:37:46,676 [INFO] LogOutputStream:77 - [STDOUT_REDIRECT] 1 : Invalid condition id : UX_CORESTACK_Condition cause : null
2025-10-06 15:37:46,677 [INFO] LogOutputStream:77 - [STDOUT_REDIRECT] 1 : Invalid condition id : UX_CORESTACK_Condition cause : null
2025-10-06 15:37:46,678 [INFO] LogOutputStream:77 - [STDOUT_REDIRECT] 1 : Invalid condition id : UX_CORESTACK_Condition cause : null
2025-10-06 15:37:46,682 [WARN] PackLoader:240 - Cannot read IP mode file for STMicroelectronics.X-CUBE-AZRTOS-WL.2.0.0
2025-10-06 15:37:46,689 [WARN] PackLoader:240 - Cannot read IP mode file for STMicroelectronics.FP-SNS-MOTENV1.5.0.0
2025-10-06 15:37:46,697 [WARN] PackLoader:240 - Cannot read IP mode file for WES.I-CUBE-Cesium.1.3.0
2025-10-06 15:37:46,701 [WARN] PackLoader:240 - Cannot read IP mode file for STMicroelectronics.X-CUBE-BLE2.3.3.0
2025-10-06 15:37:46,706 [WARN] PackLoader:240 - Cannot read IP mode file for STMicroelectronics.X-CUBE-NFC9.1.0.0
2025-10-06 15:37:46,711 [WARN] PackLoader:240 - Cannot read IP mode file for STMicroelectronics.X-CUBE-BLE1.7.1.0
2025-10-06 15:37:46,715 [WARN] PackLoader:240 - Cannot read IP mode file for wolfSSL.I-CUBE-wolfMQTT.1.19.2
2025-10-06 15:37:46,720 [WARN] PackLoader:240 - Cannot read IP mode file for STMicroelectronics.X-CUBE-EEPRMA1.5.2.0
2025-10-06 15:37:46,725 [WARN] PackLoader:240 - Cannot read IP mode file for STMicroelectronics.X-CUBE-AI.10.1.0
2025-10-06 15:37:46,763 [WARN] PackLoader:240 - Cannot read IP mode file for STMicroelectronics.X-CUBE-MEMS1.11.2.0
2025-10-06 15:37:46,865 [WARN] PackLoader:240 - Cannot read IP mode file for STMicroelectronics.X-CUBE-AZRTOS-G0.1.1.0
2025-10-06 15:37:46,871 [WARN] PackLoader:240 - Cannot read IP mode file for STMicroelectronics.X-CUBE-SAFEA1.1.2.2
2025-10-06 15:37:46,875 [WARN] PackLoader:240 - Cannot read IP mode file for STMicroelectronics.X-CUBE-NFC4.3.0.0
2025-10-06 15:37:46,881 [WARN] PackLoader:240 - Cannot read IP mode file for EmbeddedOffice.I-CUBE-FS-RTOS.1.0.1
2025-10-06 15:37:46,884 [WARN] PackLoader:240 - Cannot read IP mode file for STMicroelectronics.X-CUBE-WB05N.2.0.0
2025-10-06 15:37:46,888 [WARN] PackLoader:240 - Cannot read IP mode file for wolfSSL.I-CUBE-wolfTPM.3.8.0
2025-10-06 15:37:46,893 [WARN] PackLoader:240 - Cannot read IP mode file for STMicroelectronics.X-CUBE-TCPP.4.2.0
2025-10-06 15:37:46,897 [WARN] PackLoader:240 - Cannot read IP mode file for RealThread.X-CUBE-RT-Thread_Nano.4.1.1
2025-10-06 15:37:46,901 [WARN] PackLoader:240 - Cannot read IP mode file for STMicroelectronics.FP-ATR-SIGFOX1.3.2.0
2025-10-06 15:37:46,904 [WARN] PackLoader:240 - Cannot read IP mode file for STMicroelectronics.X-CUBE-EEPRMA1.5.1.0
2025-10-06 15:37:46,908 [WARN] PackLoader:240 - Cannot read IP mode file for wolfSSL.I-CUBE-wolfSSL.5.7.6
2025-10-06 15:37:46,912 [WARN] PackLoader:240 - Cannot read IP mode file for ITTIA_DB.I-CUBE-ITTIADB.8.9.0
2025-10-06 15:37:46,916 [WARN] PackLoader:240 - Cannot read IP mode file for STMicroelectronics.X-CUBE-ST67W61.1.0.0
2025-10-06 15:37:46,919 [WARN] PackLoader:240 - Cannot read IP mode file for STMicroelectronics.X-CUBE-AI.10.2.0
2025-10-06 15:37:46,937 [WARN] PackLoader:240 - Cannot read IP mode file for SEGGER.I-CUBE-embOS.1.3.1
2025-10-06 15:37:46,961 [WARN] PackLoader:240 - Cannot read IP mode file for STMicroelectronics.X-CUBE-ALGOBUILD.1.4.0
2025-10-06 15:37:46,988 [WARN] PackLoader:240 - Cannot read IP mode file for STMicroelectronics.X-CUBE-MEMS1.11.3.0
2025-10-06 15:37:47,050 [WARN] PackLoader:240 - Cannot read IP mode file for STMicroelectronics.X-CUBE-PM33A1.1.0.0
2025-10-06 15:37:47,060 [WARN] PackLoader:240 - Cannot read IP mode file for STMicroelectronics.X-CUBE-AZRTOS-F4.1.1.0
2025-10-06 15:37:47,066 [WARN] PackLoader:240 - Cannot read IP mode file for Avnet-IotConnect.X-CUBE-IoTC-DA16k-PMOD.1.0.0
2025-10-06 15:37:47,069 [WARN] PackLoader:240 - Cannot read IP mode file for STMicroelectronics.X-CUBE-ISPU.2.1.0
2025-10-06 15:37:47,073 [WARN] PackLoader:240 - Cannot read IP mode file for STMicroelectronics.X-CUBE-NFC12.1.0.0
2025-10-06 15:37:47,089 [WARN] PackLoader:240 - Cannot read IP mode file for STMicroelectronics.X-CUBE-AZRTOS-L5.2.0.0
2025-10-06 15:37:47,098 [WARN] PackLoader:240 - Cannot read IP mode file for STMicroelectronics.X-CUBE-NFC6.3.1.0
2025-10-06 15:37:47,103 [WARN] PackLoader:240 - Cannot read IP mode file for STMicroelectronics.X-CUBE-FREERTOS.1.3.1
2025-10-06 15:37:47,107 [WARN] PackLoader:240 - Cannot read IP mode file for STMicroelectronics.X-CUBE-FREERTOS.1.3.0
2025-10-06 15:37:47,111 [WARN] PackLoader:240 - Cannot read IP mode file for STMicroelectronics.X-CUBE-NFC7.1.0.1
2025-10-06 15:37:47,149 [WARN] PackLoader:240 - Cannot read IP mode file for STMicroelectronics.X-CUBE-TOUCHGFX.4.26.0
2025-10-06 15:37:47,160 [WARN] PackLoader:240 - Cannot read IP mode file for STMicroelectronics.FP-SNS-STAIOTCFT.1.0.0
2025-10-06 15:37:47,167 [WARN] PackLoader:240 - Cannot read IP mode file for STMicroelectronics.X-CUBE-DPower.1.3.0
2025-10-06 15:37:47,179 [WARN] ConditionMgr:438 - getConditionDescription Invalid condition id : LAN8742 Phy interface Condition cause : null
2025-10-06 15:37:47,179 [WARN] PackLoader:240 - Cannot read IP mode file for STMicroelectronics.X-CUBE-AZRTOS-L4.2.0.0
2025-10-06 15:37:47,180 [WARN] ConditionMgr:1044 - genDependencies : Invalid condition id : LAN8742 Phy interface Condition cause : null
2025-10-06 15:37:47,180 [WARN] ConditionMgr:1044 - genDependencies : Invalid condition id : LAN8742 Phy interface Condition cause : null
2025-10-06 15:37:47,181 [WARN] ConditionMgr:1044 - genDependencies : Invalid condition id : LAN8742 Phy interface Condition cause : null
2025-10-06 15:37:47,186 [WARN] PackLoader:240 - Cannot read IP mode file for STMicroelectronics.X-CUBE-SFXS2LP1.4.0.0
2025-10-06 15:37:47,194 [WARN] PackLoader:240 - Cannot read IP mode file for STMicroelectronics.X-CUBE-AZRTOS-H7.3.3.0
2025-10-06 15:37:47,202 [WARN] PackLoader:240 - Cannot read IP mode file for STMicroelectronics.X-CUBE-BLEMGR.4.1.0
2025-10-06 15:37:47,211 [WARN] ConditionMgr:438 - getConditionDescription Invalid condition id : UX DEVICE CLASS RTOS Condition cause : null
2025-10-06 15:37:47,211 [WARN] ConditionMgr:438 - getConditionDescription Invalid condition id : UX DEVICE CLASS RTOS Condition cause : null
2025-10-06 15:37:47,212 [WARN] PackLoader:240 - Cannot read IP mode file for STMicroelectronics.X-CUBE-AZRTOS-WB.2.0.0
2025-10-06 15:37:47,212 [WARN] ConditionMgr:1044 - genDependencies : Invalid condition id : UX DEVICE CLASS RTOS Condition cause : null
2025-10-06 15:37:47,212 [WARN] ConditionMgr:1044 - genDependencies : Invalid condition id : UX DEVICE CLASS RTOS Condition cause : null
2025-10-06 15:37:47,213 [WARN] ConditionMgr:1044 - genDependencies : Invalid condition id : UX DEVICE CLASS RTOS Condition cause : null
2025-10-06 15:37:47,213 [WARN] ConditionMgr:1044 - genDependencies : Invalid condition id : UX DEVICE CLASS RTOS Condition cause : null
2025-10-06 15:37:47,213 [WARN] ConditionMgr:1044 - genDependencies : Invalid condition id : UX DEVICE CLASS RTOS Condition cause : null
2025-10-06 15:37:47,216 [WARN] PackLoader:240 - Cannot read IP mode file for STMicroelectronics.X-CUBE-GNSS1.7.0.1
2025-10-06 15:37:47,218 [WARN] PackLoader:240 - Cannot read IP mode file for STMicroelectronics.X-CUBE-TOUCHGFX.4.25.0
2025-10-06 15:37:47,221 [WARN] PackLoader:240 - Cannot read IP mode file for STMicroelectronics.FP-SNS-STBOX1.2.0.0
2025-10-06 15:37:47,226 [WARN] PackLoader:240 - Cannot read IP mode file for STMicroelectronics.X-CUBE-SUBG2.5.0.0
2025-10-06 15:37:47,236 [WARN] PackLoader:240 - Cannot read IP mode file for STMicroelectronics.X-CUBE-AZRTOS-H7RS.1.1.0
2025-10-06 15:37:47,241 [WARN] PackLoader:240 - Cannot read IP mode file for Cesanta.I-CUBE-Mongoose.7.13.0
2025-10-06 15:37:47,247 [WARN] PackLoader:240 - Cannot read IP mode file for STMicroelectronics.X-CUBE-AZRTOS-G4.2.0.0
2025-10-06 15:37:47,251 [WARN] PackLoader:240 - Cannot read IP mode file for wolfSSL.I-CUBE-wolfSSH.1.4.20
2025-10-06 15:37:47,253 [WARN] PackLoader:240 - Cannot read IP mode file for STMicroelectronics.X-CUBE-NFC7.2.0.0
2025-10-06 15:37:47,258 [WARN] PackLoader:240 - Cannot read IP mode file for STMicroelectronics.X-CUBE-IPS.3.1.0
2025-10-06 15:37:47,263 [WARN] PackLoader:240 - Cannot read IP mode file for STMicroelectronics.X-CUBE-ALS.1.0.2
2025-10-06 15:37:47,267 [WARN] PackLoader:240 - Cannot read IP mode file for STMicroelectronics.X-CUBE-STSE01.1.0.0
2025-10-06 15:37:47,271 [WARN] PackLoader:240 - Cannot read IP mode file for portGmbH.I-Cube-SoM-uGOAL.1.1.0
2025-10-06 15:37:47,277 [WARN] PackLoader:240 - Cannot read IP mode file for STMicroelectronics.X-CUBE-TOF1.3.4.3
2025-10-06 15:37:47,283 [INFO] ThirdParty:978 - Integrity check success = true
2025-10-06 15:37:47,283 [INFO] IntegrityCheckThread:100 - exiting critical section [integrity check]
2025-10-06 15:37:47,283 [INFO] IntegrityCheckThread:103 - End integrity checks thread
