2025-10-04 14:19:44,452 [INFO] Activator:176 - 


2025-10-04 14:19:44,456 [INFO] Activator:177 - !SESSION log4j initialized
2025-10-04 14:19:48,327 [INFO] LogOutputStream:77 - [STDOUT_REDIRECT] 
2025-10-04 14:19:49,894 [INFO] ApplicationProperties:184 - Using Application install path: C:\ST\STM32CubeIDE_1.19.0\STM32CubeIDE\plugins\com.st.stm32cube.common.mx_6.15.0.202507011659
2025-10-04 14:19:49,907 [INFO] DbMcusXml:78 - Set database path to: C:\ST\STM32CubeIDE_1.19.0\STM32CubeIDE\plugins\com.st.stm32cube.common.mx_6.15.0.202507011659\\db\/mcu/
2025-10-04 14:19:49,907 [INFO] ApiDb:274 - Set plugin database path to: C:\ST\STM32CubeIDE_1.19.0\STM32CubeIDE\plugins\com.st.stm32cube.common.mx_6.15.0.202507011659\\db\/plugins/boardmanager/
2025-10-04 14:19:49,907 [WARN] ApiDb:259 - Overriding images path with different value:  => C:\ST\STM32CubeIDE_1.19.0\STM32CubeIDE\plugins\com.st.stm32cube.common.mx_6.15.0.202507011659\\db\/plugins/mcufinder/images/
2025-10-04 14:19:49,912 [INFO] ApiDb:250 - Set database path to: C:\Users\nicks\.stmcufinder\plugins\mcufinder//mcu/
2025-10-04 14:19:49,912 [INFO] DbMcusAds:125 - Set database path to: C:\Users\nicks\.stmcufinder\plugins\mcufinder//mcu/
2025-10-04 14:19:49,914 [INFO] CrossReferenceDbSqlite:203 - Set database path to: C:\Users\nicks\.stmcufinder\plugins\mcufinder//mcu/cs/
2025-10-04 14:19:49,981 [INFO] RulesReader:64 - Compatibility file has been processed (317 Rules)
2025-10-04 14:19:50,039 [INFO] DbMcusXml:78 - Set database path to: C:\ST\STM32CubeIDE_1.19.0\STM32CubeIDE\plugins\com.st.stm32cube.common.mx_6.15.0.202507011659\\db\/mcu/
2025-10-04 14:19:50,039 [INFO] ApiDb:274 - Set plugin database path to: C:\ST\STM32CubeIDE_1.19.0\STM32CubeIDE\plugins\com.st.stm32cube.common.mx_6.15.0.202507011659\\db\/plugins/boardmanager/
2025-10-04 14:19:50,039 [INFO] ApiDb:261 - Set plugin images path to: C:\ST\STM32CubeIDE_1.19.0\STM32CubeIDE\plugins\com.st.stm32cube.common.mx_6.15.0.202507011659\\db\/plugins/mcufinder/images/
2025-10-04 14:19:50,039 [WARN] DbFile:41 - Overriding database path with different value: C:\Users\nicks\.stmcufinder\plugins\mcufinder/ => C:\Users\nicks\.stmcufinder\plugins\mcufinder
2025-10-04 14:19:50,039 [INFO] ApiDb:250 - Set database path to: C:\Users\nicks\.stmcufinder\plugins\mcufinder//mcu/
2025-10-04 14:19:50,039 [WARN] DbFile:41 - Overriding database path with different value: C:\Users\nicks\.stmcufinder\plugins\mcufinder/ => C:\Users\nicks\.stmcufinder\plugins\mcufinder
2025-10-04 14:19:50,040 [INFO] DbMcusAds:125 - Set database path to: C:\Users\nicks\.stmcufinder\plugins\mcufinder//mcu/
2025-10-04 14:19:50,040 [WARN] DbFile:41 - Overriding database path with different value: C:\Users\nicks\.stmcufinder\plugins\mcufinder/ => C:\Users\nicks\.stmcufinder\plugins\mcufinder
2025-10-04 14:19:50,040 [WARN] DbFile:41 - Overriding database path with different value: C:\Users\nicks\.stmcufinder\plugins\mcufinder/ => C:\Users\nicks\.stmcufinder\plugins\mcufinder
2025-10-04 14:19:50,040 [INFO] CrossReferenceDbSqlite:203 - Set database path to: C:\Users\nicks\.stmcufinder\plugins\mcufinder//mcu/cs/
2025-10-04 14:19:50,092 [INFO] MainPanel:274 - HeapMemory: 268435456
2025-10-04 14:19:50,163 [INFO] DbMcusXml:78 - Set database path to: C:\ST\STM32CubeIDE_1.19.0\STM32CubeIDE\plugins\com.st.stm32cube.common.mx_6.15.0.202507011659\\db\/mcu/
2025-10-04 14:19:50,163 [INFO] ApiDb:274 - Set plugin database path to: C:\ST\STM32CubeIDE_1.19.0\STM32CubeIDE\plugins\com.st.stm32cube.common.mx_6.15.0.202507011659\\db\/plugins/boardmanager/
2025-10-04 14:19:50,163 [INFO] ApiDb:261 - Set plugin images path to: C:\ST\STM32CubeIDE_1.19.0\STM32CubeIDE\plugins\com.st.stm32cube.common.mx_6.15.0.202507011659\\db\/plugins/mcufinder/images/
2025-10-04 14:19:50,164 [WARN] DbFile:41 - Overriding database path with different value: C:\Users\nicks\.stmcufinder\plugins\mcufinder/ => C:\Users\nicks\.stmcufinder\plugins\mcufinder
2025-10-04 14:19:50,164 [INFO] ApiDb:250 - Set database path to: C:\Users\nicks\.stmcufinder\plugins\mcufinder//mcu/
2025-10-04 14:19:50,164 [WARN] DbFile:41 - Overriding database path with different value: C:\Users\nicks\.stmcufinder\plugins\mcufinder/ => C:\Users\nicks\.stmcufinder\plugins\mcufinder
2025-10-04 14:19:50,164 [INFO] DbMcusAds:125 - Set database path to: C:\Users\nicks\.stmcufinder\plugins\mcufinder//mcu/
2025-10-04 14:19:50,164 [WARN] DbFile:41 - Overriding database path with different value: C:\Users\nicks\.stmcufinder\plugins\mcufinder/ => C:\Users\nicks\.stmcufinder\plugins\mcufinder
2025-10-04 14:19:50,164 [WARN] DbFile:41 - Overriding database path with different value: C:\Users\nicks\.stmcufinder\plugins\mcufinder/ => C:\Users\nicks\.stmcufinder\plugins\mcufinder
2025-10-04 14:19:50,164 [INFO] CrossReferenceDbSqlite:203 - Set database path to: C:\Users\nicks\.stmcufinder\plugins\mcufinder//mcu/cs/
2025-10-04 14:19:50,176 [INFO] ApplicationProperties:184 - Using Application install path: C:\ST\STM32CubeIDE_1.19.0\STM32CubeIDE\plugins\com.st.stm32cube.common.mx_6.15.0.202507011659
2025-10-04 14:19:50,176 [INFO] PluginManage:196 - Search for loadable plugins [exclusion list=, ]
2025-10-04 14:19:50,177 [INFO] PluginManage:310 - Check plugin analytics
2025-10-04 14:19:50,273 [INFO] AnalyticsPlugin:253 - Accepted Software Licenses: 
2025-10-04 14:19:50,273 [INFO] AnalyticsPlugin:255 - Accepted CMSIS Pack Licenses: 
2025-10-04 14:19:50,273 [INFO] AnalyticsPlugin:257 - Accepted Firmware Licenses: FW.F4.1.28.0,FW.H7.1.12.0,FW.H7.1.11.0
2025-10-04 14:19:50,275 [INFO] PluginManage:359 - Loaded plugin analytics (category:tool,tabindex:-1)
2025-10-04 14:19:50,275 [INFO] PluginManage:310 - Check plugin cadmodel
2025-10-04 14:19:50,280 [INFO] CADModel:105 - Init CAD model plugin
2025-10-04 14:19:50,280 [INFO] PluginManage:359 - Loaded plugin cadmodel (category:power,tabindex:5)
2025-10-04 14:19:50,280 [INFO] PluginManage:310 - Check plugin clock
2025-10-04 14:19:50,286 [INFO] PluginManage:359 - Loaded plugin clock (category:base,tabindex:2)
2025-10-04 14:19:50,286 [INFO] PluginManage:310 - Check plugin ddr
2025-10-04 14:19:50,288 [INFO] PluginManage:359 - Loaded plugin ddr (category:tool,tabindex:6)
2025-10-04 14:19:50,288 [INFO] PluginManage:310 - Check plugin filemanager
2025-10-04 14:19:50,381 [INFO] PluginManage:359 - Loaded plugin filemanager (category:base,tabindex:10)
2025-10-04 14:19:50,381 [INFO] PluginManage:310 - Check plugin ipmanager
2025-10-04 14:19:50,385 [INFO] PluginManage:359 - Loaded plugin ipmanager (category:base,tabindex:5)
2025-10-04 14:19:50,385 [INFO] PluginManage:310 - Check plugin lpbam
2025-10-04 14:19:50,391 [INFO] PluginManage:359 - Loaded plugin lpbam (category:base,tabindex:0)
2025-10-04 14:19:50,391 [INFO] PluginManage:310 - Check plugin memorymap
2025-10-04 14:19:50,399 [INFO] PluginManage:359 - Loaded plugin memorymap (category:base,tabindex:4)
2025-10-04 14:19:50,399 [INFO] PluginManage:310 - Check plugin pinoutandconfiguration
2025-10-04 14:19:50,405 [INFO] PluginManage:359 - Loaded plugin pinoutandconfiguration (category:base,tabindex:1)
2025-10-04 14:19:50,405 [INFO] PluginManage:310 - Check plugin pinoutconfig
2025-10-04 14:19:50,481 [WARN] SupportedApi:132 - Cannot load RTOS API schema: s4s-elt-must-match.1: The content of 'definitions' must match (annotation?, (simpleType | complexType)?, (unique | key | keyref)*)). A problem was found starting at: attribute.
2025-10-04 14:19:50,562 [INFO] PluginManage:359 - Loaded plugin pinoutconfig (category:base,tabindex:0)
2025-10-04 14:19:50,562 [INFO] PluginManage:310 - Check plugin power
2025-10-04 14:19:50,571 [INFO] PluginManage:359 - Loaded plugin power (category:power,tabindex:4)
2025-10-04 14:19:50,571 [INFO] PluginManage:310 - Check plugin projectmanager
2025-10-04 14:19:50,580 [INFO] PluginManage:359 - Loaded plugin projectmanager (category:projectmanager,tabindex:4)
2025-10-04 14:19:50,580 [INFO] PluginManage:310 - Check plugin rif
2025-10-04 14:19:50,587 [INFO] PluginManage:359 - Loaded plugin rif (category:base,tabindex:3)
2025-10-04 14:19:50,587 [INFO] PluginManage:310 - Check plugin thirdparty
2025-10-04 14:19:50,672 [INFO] PluginManage:359 - Loaded plugin thirdparty (category:base,tabindex:-1)
2025-10-04 14:19:50,672 [WARN] IntegrityCheckThread:84 - waiting for thirdparty lock release [integrity check]
2025-10-04 14:19:50,673 [INFO] PluginManage:310 - Check plugin tools
2025-10-04 14:19:50,673 [INFO] IntegrityCheckThread:86 - entering critical section [integrity check]
2025-10-04 14:19:50,673 [INFO] ThirdPartyUpdaterWithRetryManager:70 - Updater plugin not ready yet. [1/15]
2025-10-04 14:19:50,675 [INFO] PluginManage:359 - Loaded plugin tools (category:base,tabindex:7)
2025-10-04 14:19:50,675 [INFO] PluginManage:310 - Check plugin tutovideos
2025-10-04 14:19:50,814 [INFO] PluginManage:359 - Loaded plugin tutovideos (category:base,tabindex:-1)
2025-10-04 14:19:50,814 [INFO] PluginManage:310 - Check plugin updater
2025-10-04 14:19:50,828 [INFO] PluginManage:359 - Loaded plugin updater (category:base,tabindex:12)
2025-10-04 14:19:50,828 [INFO] PluginManage:310 - Check plugin userauth
2025-10-04 14:19:50,831 [INFO] UserAuth:118 - Init User Auth plugin
2025-10-04 14:19:50,831 [INFO] PluginManage:359 - Loaded plugin userauth (category:base,tabindex:14)
2025-10-04 14:19:50,832 [INFO] PluginManage:283 - PluginManage : Loaded plugins [18]
2025-10-04 14:19:50,971 [INFO] PinOutPanel:1589 - setPackage(No Configuration,No Configuration)
2025-10-04 14:19:51,024 [INFO] CADModel:165 - CPN selected for project level
2025-10-04 14:19:51,024 [INFO] CADModel:114 - Register for checkConnection events
2025-10-04 14:19:51,035 [INFO] IPUIPlugin:80 - create IPUIPlugin
2025-10-04 14:19:51,035 [INFO] PluginManager:220 - loadIPPluginJar : add adc
2025-10-04 14:19:51,037 [INFO] IPUIPlugin:80 - create IPUIPlugin
2025-10-04 14:19:51,037 [INFO] PluginManager:220 - loadIPPluginJar : add aes
2025-10-04 14:19:51,038 [INFO] IPUIPlugin:80 - create IPUIPlugin
2025-10-04 14:19:51,038 [INFO] PluginManager:220 - loadIPPluginJar : add can
2025-10-04 14:19:51,039 [INFO] IPUIPlugin:80 - create IPUIPlugin
2025-10-04 14:19:51,039 [INFO] PluginManager:220 - loadIPPluginJar : add comp
2025-10-04 14:19:51,041 [INFO] IPUIPlugin:80 - create IPUIPlugin
2025-10-04 14:19:51,041 [INFO] PluginManager:220 - loadIPPluginJar : add cryp
2025-10-04 14:19:51,043 [INFO] IPUIPlugin:80 - create IPUIPlugin
2025-10-04 14:19:51,043 [INFO] PluginManager:220 - loadIPPluginJar : add ddr_ctrl_phy
2025-10-04 14:19:51,044 [INFO] IPUIPlugin:80 - create IPUIPlugin
2025-10-04 14:19:51,044 [INFO] PluginManager:220 - loadIPPluginJar : add dfsdm
2025-10-04 14:19:51,048 [INFO] IPUIPlugin:80 - create IPUIPlugin
2025-10-04 14:19:51,048 [INFO] PluginManager:220 - loadIPPluginJar : add dma
2025-10-04 14:19:51,049 [INFO] IPUIPlugin:80 - create IPUIPlugin
2025-10-04 14:19:51,049 [INFO] PluginManager:220 - loadIPPluginJar : add dma3
2025-10-04 14:19:51,051 [INFO] IPUIPlugin:80 - create IPUIPlugin
2025-10-04 14:19:51,051 [INFO] PluginManager:220 - loadIPPluginJar : add extmemmanager
2025-10-04 14:19:51,052 [INFO] IPUIPlugin:80 - create IPUIPlugin
2025-10-04 14:19:51,052 [INFO] PluginManager:220 - loadIPPluginJar : add fatfs
2025-10-04 14:19:51,055 [INFO] IPUIPlugin:80 - create IPUIPlugin
2025-10-04 14:19:51,056 [INFO] PluginManager:220 - loadIPPluginJar : add fmc
2025-10-04 14:19:51,059 [INFO] IPUIPlugin:80 - create IPUIPlugin
2025-10-04 14:19:51,060 [INFO] PluginManager:220 - loadIPPluginJar : add freertos
2025-10-04 14:19:51,060 [INFO] IPUIPlugin:80 - create IPUIPlugin
2025-10-04 14:19:51,061 [INFO] PluginManager:220 - loadIPPluginJar : add genericplugin
2025-10-04 14:19:51,062 [INFO] IPUIPlugin:80 - create IPUIPlugin
2025-10-04 14:19:51,062 [INFO] PluginManager:220 - loadIPPluginJar : add gfxmmu
2025-10-04 14:19:51,064 [INFO] IPUIPlugin:80 - create IPUIPlugin
2025-10-04 14:19:51,065 [INFO] PluginManager:220 - loadIPPluginJar : add gic
2025-10-04 14:19:51,067 [INFO] IPUIPlugin:80 - create IPUIPlugin
2025-10-04 14:19:51,067 [INFO] PluginManager:220 - loadIPPluginJar : add gpio
2025-10-04 14:19:51,069 [INFO] IPUIPlugin:80 - create IPUIPlugin
2025-10-04 14:19:51,069 [INFO] PluginManager:220 - loadIPPluginJar : add gtzc
2025-10-04 14:19:51,070 [INFO] IPUIPlugin:80 - create IPUIPlugin
2025-10-04 14:19:51,070 [INFO] PluginManager:220 - loadIPPluginJar : add hash
2025-10-04 14:19:51,072 [INFO] IPUIPlugin:80 - create IPUIPlugin
2025-10-04 14:19:51,072 [INFO] PluginManager:220 - loadIPPluginJar : add i2c
2025-10-04 14:19:51,074 [INFO] IPUIPlugin:80 - create IPUIPlugin
2025-10-04 14:19:51,074 [INFO] PluginManager:220 - loadIPPluginJar : add i2s
2025-10-04 14:19:51,076 [INFO] IPUIPlugin:80 - create IPUIPlugin
2025-10-04 14:19:51,076 [INFO] PluginManager:220 - loadIPPluginJar : add i3c
2025-10-04 14:19:51,078 [INFO] IPUIPlugin:80 - create IPUIPlugin
2025-10-04 14:19:51,078 [INFO] PluginManager:220 - loadIPPluginJar : add ipddr
2025-10-04 14:19:51,082 [INFO] IPUIPlugin:80 - create IPUIPlugin
2025-10-04 14:19:51,083 [INFO] PluginManager:220 - loadIPPluginJar : add linkedlist
2025-10-04 14:19:51,084 [INFO] IPUIPlugin:80 - create IPUIPlugin
2025-10-04 14:19:51,084 [INFO] PluginManager:220 - loadIPPluginJar : add lorawan
2025-10-04 14:19:51,085 [INFO] IPUIPlugin:80 - create IPUIPlugin
2025-10-04 14:19:51,085 [INFO] PluginManager:220 - loadIPPluginJar : add ltdc
2025-10-04 14:19:51,089 [INFO] IPUIPlugin:80 - create IPUIPlugin
2025-10-04 14:19:51,089 [INFO] PluginManager:220 - loadIPPluginJar : add mdma
2025-10-04 14:19:51,091 [INFO] IPUIPlugin:80 - create IPUIPlugin
2025-10-04 14:19:51,091 [INFO] PluginManager:220 - loadIPPluginJar : add nvic
2025-10-04 14:19:51,093 [INFO] IPUIPlugin:80 - create IPUIPlugin
2025-10-04 14:19:51,093 [INFO] PluginManager:220 - loadIPPluginJar : add opamp
2025-10-04 14:19:51,095 [INFO] IPUIPlugin:80 - create IPUIPlugin
2025-10-04 14:19:51,095 [INFO] PluginManager:220 - loadIPPluginJar : add openamp
2025-10-04 14:19:51,097 [INFO] IPUIPlugin:80 - create IPUIPlugin
2025-10-04 14:19:51,097 [INFO] PluginManager:220 - loadIPPluginJar : add pdm2pcm
2025-10-04 14:19:51,101 [INFO] IPUIPlugin:80 - create IPUIPlugin
2025-10-04 14:19:51,102 [INFO] PluginManager:220 - loadIPPluginJar : add plateformsettings
2025-10-04 14:19:51,103 [INFO] IPUIPlugin:80 - create IPUIPlugin
2025-10-04 14:19:51,103 [INFO] PluginManager:220 - loadIPPluginJar : add quadspi
2025-10-04 14:19:51,104 [INFO] IPUIPlugin:80 - create IPUIPlugin
2025-10-04 14:19:51,105 [INFO] PluginManager:220 - loadIPPluginJar : add radio
2025-10-04 14:19:51,107 [INFO] IPUIPlugin:80 - create IPUIPlugin
2025-10-04 14:19:51,107 [INFO] PluginManager:220 - loadIPPluginJar : add resmgrutility
2025-10-04 14:19:51,109 [INFO] IPUIPlugin:80 - create IPUIPlugin
2025-10-04 14:19:51,109 [INFO] PluginManager:220 - loadIPPluginJar : add sai
2025-10-04 14:19:51,111 [INFO] IPUIPlugin:80 - create IPUIPlugin
2025-10-04 14:19:51,111 [INFO] PluginManager:220 - loadIPPluginJar : add spi
2025-10-04 14:19:51,111 [INFO] IPUIPlugin:80 - create IPUIPlugin
2025-10-04 14:19:51,111 [INFO] PluginManager:220 - loadIPPluginJar : add stm32_wpan
2025-10-04 14:19:51,116 [INFO] IPUIPlugin:80 - create IPUIPlugin
2025-10-04 14:19:51,116 [INFO] PluginManager:220 - loadIPPluginJar : add tim
2025-10-04 14:19:51,118 [INFO] IPUIPlugin:80 - create IPUIPlugin
2025-10-04 14:19:51,118 [INFO] PluginManager:220 - loadIPPluginJar : add touchsensing
2025-10-04 14:19:51,119 [INFO] IPUIPlugin:80 - create IPUIPlugin
2025-10-04 14:19:51,119 [INFO] PluginManager:220 - loadIPPluginJar : add tracer_emb
2025-10-04 14:19:51,120 [INFO] IPUIPlugin:80 - create IPUIPlugin
2025-10-04 14:19:51,120 [INFO] PluginManager:220 - loadIPPluginJar : add ts
2025-10-04 14:19:51,121 [INFO] IPUIPlugin:80 - create IPUIPlugin
2025-10-04 14:19:51,121 [INFO] PluginManager:220 - loadIPPluginJar : add tsc
2025-10-04 14:19:51,122 [INFO] IPUIPlugin:80 - create IPUIPlugin
2025-10-04 14:19:51,122 [INFO] PluginManager:220 - loadIPPluginJar : add ucpd
2025-10-04 14:19:51,124 [INFO] IPUIPlugin:80 - create IPUIPlugin
2025-10-04 14:19:51,124 [INFO] PluginManager:220 - loadIPPluginJar : add usart
2025-10-04 14:19:51,126 [INFO] IPUIPlugin:80 - create IPUIPlugin
2025-10-04 14:19:51,126 [INFO] PluginManager:220 - loadIPPluginJar : add usbx
2025-10-04 14:19:51,232 [FATAL] Updater:351 - Updater called before beeing initialized
2025-10-04 14:19:51,250 [INFO] RulesReader:64 - Compatibility file has been processed (317 Rules)
2025-10-04 14:19:51,256 [INFO] RulesReader:64 - Compatibility file has been processed (317 Rules)
2025-10-04 14:19:51,261 [INFO] CADModel:165 - CPN selected for project level
2025-10-04 14:19:51,261 [INFO] CADModel:114 - Register for checkConnection events
2025-10-04 14:19:51,261 [FATAL] Updater:351 - Updater called before beeing initialized
2025-10-04 14:19:51,261 [ERROR] CADModel:125 - Updater not yet initialized, retry later 
2025-10-04 14:19:51,354 [FATAL] Updater:351 - Updater called before beeing initialized
2025-10-04 14:19:51,356 [INFO] CADModel:165 - CPN selected for project level
2025-10-04 14:19:51,356 [INFO] CADModel:114 - Register for checkConnection events
2025-10-04 14:19:51,356 [FATAL] Updater:351 - Updater called before beeing initialized
2025-10-04 14:19:51,356 [ERROR] CADModel:125 - Updater not yet initialized, retry later 
2025-10-04 14:19:51,358 [FATAL] Updater:351 - Updater called before beeing initialized
2025-10-04 14:19:51,429 [FATAL] Updater:351 - Updater called before beeing initialized
2025-10-04 14:19:51,432 [INFO] DbMcusAds:53 - JSON generation date=Tue Jul 08 18:14:23 AEST 2025 (1751962463562)
2025-10-04 14:19:51,432 [FATAL] Updater:351 - Updater called before beeing initialized
2025-10-04 14:19:51,459 [WARN] DetailPanel:346 - Failed to get advertising image, set to default
2025-10-04 14:19:51,520 [FATAL] Updater:351 - Updater called before beeing initialized
2025-10-04 14:19:51,521 [FATAL] Updater:351 - Updater called before beeing initialized
2025-10-04 14:19:51,521 [FATAL] Updater:351 - Updater called before beeing initialized
2025-10-04 14:19:51,522 [WARN] DetailPanel:346 - Failed to get advertising image, set to default
2025-10-04 14:19:51,522 [FATAL] Updater:351 - Updater called before beeing initialized
2025-10-04 14:19:51,553 [ERROR] Updater:1198 - MainUpdater not yet initialized. External WinMGr cannot be set.
2025-10-04 14:19:51,554 [INFO] Updater:1134 - Updater Version found : 6.15.0
2025-10-04 14:19:51,567 [INFO] ApplicationProperties:184 - Using Application install path: C:\ST\STM32CubeIDE_1.19.0\STM32CubeIDE\plugins\com.st.stm32cube.common.mx_6.15.0.202507011659
2025-10-04 14:19:51,777 [INFO] MainUpdater:2872 - connection check result : 10
2025-10-04 14:19:51,777 [INFO] MainUpdater:3604 - Updater definition file requires update
2025-10-04 14:19:51,778 [INFO] MainUpdater:289 - Updater Check For Update Now.
2025-10-04 14:19:51,778 [INFO] MicroXplorer:498 - Change Database Version : DB.6.0.150
2025-10-04 14:19:51,782 [INFO] McuFinderGlobals:63 - Set McuFinder mode to 2 (CubeIDE integrated)
2025-10-04 14:19:51,782 [INFO] UserAuth:487 - Internet connection configuration mode: 1
2025-10-04 14:19:51,796 [INFO] JxBrowserEngine:152 - Initiate JxBrowser Engine with user profile folder
2025-10-04 14:19:51,834 [INFO] ServerAccessManage:452 - Complete download http(s) 200
2025-10-04 14:19:51,835 [INFO] ServerAccessManage:509 - Download File updaters.zip
2025-10-04 14:19:51,890 [INFO] FileExtend:248 - Unzip File : updaters.zip
2025-10-04 14:19:51,890 [INFO] FileExtend:263 - Standard Zip Deflate
2025-10-04 14:19:52,166 [INFO] ServerAccessManage:452 - Complete download http(s) 200
2025-10-04 14:19:52,167 [INFO] ServerAccessManage:509 - Download File PacksControlFlags.xml
2025-10-04 14:19:52,220 [INFO] ServerAccessManage:452 - Complete download http(s) 200
2025-10-04 14:19:52,220 [INFO] ServerAccessManage:509 - Download File cubemx.pidx
2025-10-04 14:19:52,894 [INFO] WebApp:169 - Instantiating new browser for Auth
2025-10-04 14:19:52,929 [INFO] ServerAccessManage:452 - Complete download http(s) 200
2025-10-04 14:19:52,929 [INFO] ServerAccessManage:509 - Download File STMicroelectronics.X-CUBE-TOUCHGFX.pdsc
2025-10-04 14:19:53,367 [INFO] WebApp:463 - Apply proxy settings
2025-10-04 14:19:53,367 [INFO] WebApp:548 - Chromium requires no authentication
2025-10-04 14:19:53,374 [INFO] WebApp:491 - Direct internet connection detected
2025-10-04 14:19:53,392 [INFO] WebApp:900 - Register for checkConnection events
2025-10-04 14:19:53,392 [INFO] WebApp:463 - Apply proxy settings
2025-10-04 14:19:53,392 [INFO] WebApp:548 - Chromium requires no authentication
2025-10-04 14:19:53,393 [INFO] WebApp:491 - Direct internet connection detected
2025-10-04 14:19:53,508 [INFO] WebApp:225 - Starting web application
2025-10-04 14:19:53,508 [INFO] WebApp:593 - Web application path used C:\ST\STM32CubeIDE_1.19.0\STM32CubeIDE\plugins\com.st.stm32cube.common.mx_6.15.0.202507011659\db\plugins\mcufinder\reactClient1\index.html
2025-10-04 14:19:53,613 [INFO] UserAuth:487 - Internet connection configuration mode: 1
2025-10-04 14:19:53,673 [WARN] MainUpdater:1193 - Updater busy. Cannot search thirdparties
2025-10-04 14:19:53,673 [INFO] ThirdPartyUpdaterWithRetryManager:96 - Updater plugin is busy. [1/15]
2025-10-04 14:19:53,774 [INFO] WebApp:191 - Connection restablished
2025-10-04 14:19:54,215 [WARN] PackLoader:240 - Cannot read IP mode file for STMicroelectronics.X-CUBE-TOUCHGFX.4.26.0
2025-10-04 14:19:54,216 [INFO] PopulateThirdPartyThread:66 - Ending populate Thread
2025-10-04 14:19:54,217 [INFO] ThirdParty:1030 - CMSIS Pack Vendor :STMicroelectronics X-CUBE-TOUCHGFX 4.26.0
2025-10-04 14:19:54,217 [INFO] LoadServerUpdatesThread:375 - End of LoadServerUpdate Thread
2025-10-04 14:19:54,337 [INFO] CheckServerUpdateThread:120 - End of CheckServer Thread
2025-10-04 14:19:56,820 [WARN] PackLoader:240 - Cannot read IP mode file for STMicroelectronics.FP-SNS-MOTENVWB1.1.4.0
2025-10-04 14:19:56,824 [WARN] PackLoader:240 - Cannot read IP mode file for STMicroelectronics.FP-ATR-ASTRA1.2.0.2
2025-10-04 14:19:56,827 [WARN] PackLoader:240 - Cannot read IP mode file for STMicroelectronics.FP-ATR-ASTRA1.2.0.1
2025-10-04 14:19:56,831 [WARN] PackLoader:240 - Cannot read IP mode file for STMicroelectronics.X-CUBE-SMBUS.2.1.0
2025-10-04 14:19:56,835 [WARN] PackLoader:240 - Cannot read IP mode file for STMicroelectronics.X-CUBE-WB05N.1.1.0
2025-10-04 14:19:56,838 [WARN] PackLoader:240 - Cannot read IP mode file for STMicroelectronics.X-CUBE-ST60.1.0.0
2025-10-04 14:19:56,854 [WARN] PackLoader:240 - Cannot read IP mode file for STMicroelectronics.X-CUBE-AZRTOS-F7.1.1.0
2025-10-04 14:19:56,859 [WARN] PackLoader:240 - Cannot read IP mode file for STMicroelectronics.FP-SNS-FLIGHT1.5.0.2
2025-10-04 14:19:56,874 [WARN] PackLoader:240 - Cannot read IP mode file for Infineon.AIROC-Wi-Fi-Bluetooth-STM32.1.7.0
2025-10-04 14:19:56,888 [WARN] PackLoader:240 - Cannot read IP mode file for STMicroelectronics.X-CUBE-AZRTOS-H7.3.4.0
2025-10-04 14:19:56,894 [WARN] PackLoader:240 - Cannot read IP mode file for STMicroelectronics.X-CUBE-DISPLAY.3.0.0
2025-10-04 14:19:56,905 [WARN] PackLoader:240 - Cannot read IP mode file for STMicroelectronics.X-CUBE-NFC10.1.0.0
2025-10-04 14:19:56,911 [WARN] PackLoader:240 - Cannot read IP mode file for STMicroelectronics.X-CUBE-BLEMGR.4.0.0
2025-10-04 14:19:56,916 [WARN] PackLoader:240 - Cannot read IP mode file for emotas.I-CUBE-CANOPEN.1.3.0
2025-10-04 14:19:56,918 [WARN] ConditionMgr:438 - getConditionDescription Invalid condition id : Cortex-A Device cause : null
2025-10-04 14:19:56,924 [WARN] ConditionMgr:1044 - genDependencies : Invalid condition id : Cortex-A Device cause : null
2025-10-04 14:19:56,924 [WARN] ConditionMgr:1044 - genDependencies : Invalid condition id : Cortex-A Device cause : null
2025-10-04 14:19:56,924 [WARN] ConditionMgr:1044 - genDependencies : Invalid condition id : Cortex-A Device cause : null
2025-10-04 14:19:56,926 [WARN] PackLoader:240 - Cannot read IP mode file for STMicroelectronics.X-CUBE-AI.10.0.0
2025-10-04 14:19:56,930 [WARN] PackLoader:240 - Cannot read IP mode file for STMicroelectronics.FP-SNS-STBOX1.2.1.0
2025-10-04 14:19:56,934 [WARN] PackLoader:240 - Cannot read IP mode file for STMicroelectronics.FP-SNS-SMARTAG2.1.2.0
2025-10-04 14:19:56,936 [WARN] PackLoader:240 - Cannot read IP mode file for STMicroelectronics.FP-SNS-FLIGHT1.5.1.0
2025-10-04 14:19:56,941 [INFO] LogOutputStream:77 - [STDOUT_REDIRECT] 1 : Invalid condition id : UX_CORESTACK_Condition cause : null
2025-10-04 14:19:56,941 [INFO] LogOutputStream:77 - [STDOUT_REDIRECT] 1 : Invalid condition id : UX_CORESTACK_Condition cause : null
2025-10-04 14:19:56,942 [INFO] LogOutputStream:77 - [STDOUT_REDIRECT] 1 : Invalid condition id : UX_CORESTACK_Condition cause : null
2025-10-04 14:19:56,943 [INFO] LogOutputStream:77 - [STDOUT_REDIRECT] 1 : Invalid condition id : UX_CORESTACK_Condition cause : null
2025-10-04 14:19:56,943 [INFO] LogOutputStream:77 - [STDOUT_REDIRECT] 1 : Invalid condition id : UX_CORESTACK_Condition cause : null
2025-10-04 14:19:56,945 [WARN] PackLoader:240 - Cannot read IP mode file for STMicroelectronics.X-CUBE-AZRTOS-WL.2.0.0
2025-10-04 14:19:56,948 [WARN] PackLoader:240 - Cannot read IP mode file for STMicroelectronics.FP-SNS-MOTENV1.5.0.0
2025-10-04 14:19:56,952 [WARN] PackLoader:240 - Cannot read IP mode file for WES.I-CUBE-Cesium.1.3.0
2025-10-04 14:19:56,954 [WARN] PackLoader:240 - Cannot read IP mode file for STMicroelectronics.X-CUBE-BLE2.3.3.0
2025-10-04 14:19:56,957 [WARN] PackLoader:240 - Cannot read IP mode file for STMicroelectronics.X-CUBE-NFC9.1.0.0
2025-10-04 14:19:56,961 [WARN] PackLoader:240 - Cannot read IP mode file for STMicroelectronics.X-CUBE-BLE1.7.1.0
2025-10-04 14:19:56,964 [WARN] PackLoader:240 - Cannot read IP mode file for wolfSSL.I-CUBE-wolfMQTT.1.19.2
2025-10-04 14:19:56,967 [WARN] PackLoader:240 - Cannot read IP mode file for STMicroelectronics.X-CUBE-EEPRMA1.5.2.0
2025-10-04 14:19:56,970 [WARN] PackLoader:240 - Cannot read IP mode file for STMicroelectronics.X-CUBE-AI.10.1.0
2025-10-04 14:19:56,991 [WARN] PackLoader:240 - Cannot read IP mode file for STMicroelectronics.X-CUBE-MEMS1.11.2.0
2025-10-04 14:19:57,051 [WARN] PackLoader:240 - Cannot read IP mode file for STMicroelectronics.X-CUBE-AZRTOS-G0.1.1.0
2025-10-04 14:19:57,055 [WARN] PackLoader:240 - Cannot read IP mode file for STMicroelectronics.X-CUBE-SAFEA1.1.2.2
2025-10-04 14:19:57,058 [WARN] PackLoader:240 - Cannot read IP mode file for STMicroelectronics.X-CUBE-NFC4.3.0.0
2025-10-04 14:19:57,062 [WARN] PackLoader:240 - Cannot read IP mode file for EmbeddedOffice.I-CUBE-FS-RTOS.1.0.1
2025-10-04 14:19:57,065 [WARN] PackLoader:240 - Cannot read IP mode file for STMicroelectronics.X-CUBE-WB05N.2.0.0
2025-10-04 14:19:57,068 [WARN] PackLoader:240 - Cannot read IP mode file for wolfSSL.I-CUBE-wolfTPM.3.8.0
2025-10-04 14:19:57,071 [WARN] PackLoader:240 - Cannot read IP mode file for STMicroelectronics.X-CUBE-TCPP.4.2.0
2025-10-04 14:19:57,075 [WARN] PackLoader:240 - Cannot read IP mode file for RealThread.X-CUBE-RT-Thread_Nano.4.1.1
2025-10-04 14:19:57,077 [WARN] PackLoader:240 - Cannot read IP mode file for STMicroelectronics.FP-ATR-SIGFOX1.3.2.0
2025-10-04 14:19:57,080 [WARN] PackLoader:240 - Cannot read IP mode file for STMicroelectronics.X-CUBE-EEPRMA1.5.1.0
2025-10-04 14:19:57,083 [WARN] PackLoader:240 - Cannot read IP mode file for wolfSSL.I-CUBE-wolfSSL.5.7.6
2025-10-04 14:19:57,086 [WARN] PackLoader:240 - Cannot read IP mode file for ITTIA_DB.I-CUBE-ITTIADB.8.9.0
2025-10-04 14:19:57,090 [WARN] PackLoader:240 - Cannot read IP mode file for STMicroelectronics.X-CUBE-ST67W61.1.0.0
2025-10-04 14:19:57,093 [WARN] PackLoader:240 - Cannot read IP mode file for STMicroelectronics.X-CUBE-AI.10.2.0
2025-10-04 14:19:57,105 [WARN] PackLoader:240 - Cannot read IP mode file for SEGGER.I-CUBE-embOS.1.3.1
2025-10-04 14:19:57,124 [WARN] PackLoader:240 - Cannot read IP mode file for STMicroelectronics.X-CUBE-ALGOBUILD.1.4.0
2025-10-04 14:19:57,143 [WARN] PackLoader:240 - Cannot read IP mode file for STMicroelectronics.X-CUBE-MEMS1.11.3.0
2025-10-04 14:19:57,194 [WARN] PackLoader:240 - Cannot read IP mode file for STMicroelectronics.X-CUBE-PM33A1.1.0.0
2025-10-04 14:19:57,202 [WARN] PackLoader:240 - Cannot read IP mode file for STMicroelectronics.X-CUBE-AZRTOS-F4.1.1.0
2025-10-04 14:19:57,206 [WARN] PackLoader:240 - Cannot read IP mode file for Avnet-IotConnect.X-CUBE-IoTC-DA16k-PMOD.1.0.0
2025-10-04 14:19:57,208 [WARN] PackLoader:240 - Cannot read IP mode file for STMicroelectronics.X-CUBE-ISPU.2.1.0
2025-10-04 14:19:57,212 [WARN] PackLoader:240 - Cannot read IP mode file for STMicroelectronics.X-CUBE-NFC12.1.0.0
2025-10-04 14:19:57,221 [WARN] PackLoader:240 - Cannot read IP mode file for STMicroelectronics.X-CUBE-AZRTOS-L5.2.0.0
2025-10-04 14:19:57,226 [WARN] PackLoader:240 - Cannot read IP mode file for STMicroelectronics.X-CUBE-NFC6.3.1.0
2025-10-04 14:19:57,230 [WARN] PackLoader:240 - Cannot read IP mode file for STMicroelectronics.X-CUBE-FREERTOS.1.3.1
2025-10-04 14:19:57,232 [WARN] PackLoader:240 - Cannot read IP mode file for STMicroelectronics.X-CUBE-FREERTOS.1.3.0
2025-10-04 14:19:57,235 [WARN] PackLoader:240 - Cannot read IP mode file for STMicroelectronics.X-CUBE-NFC7.1.0.1
2025-10-04 14:19:57,238 [WARN] PackLoader:240 - Cannot read IP mode file for STMicroelectronics.X-CUBE-TOUCHGFX.4.26.0
2025-10-04 14:19:57,240 [WARN] PackLoader:240 - Cannot read IP mode file for STMicroelectronics.FP-SNS-STAIOTCFT.1.0.0
2025-10-04 14:19:57,244 [WARN] PackLoader:240 - Cannot read IP mode file for STMicroelectronics.X-CUBE-DPower.1.3.0
2025-10-04 14:19:57,257 [WARN] ConditionMgr:438 - getConditionDescription Invalid condition id : LAN8742 Phy interface Condition cause : null
2025-10-04 14:19:57,257 [WARN] PackLoader:240 - Cannot read IP mode file for STMicroelectronics.X-CUBE-AZRTOS-L4.2.0.0
2025-10-04 14:19:57,258 [WARN] ConditionMgr:1044 - genDependencies : Invalid condition id : LAN8742 Phy interface Condition cause : null
2025-10-04 14:19:57,258 [WARN] ConditionMgr:1044 - genDependencies : Invalid condition id : LAN8742 Phy interface Condition cause : null
2025-10-04 14:19:57,258 [WARN] ConditionMgr:1044 - genDependencies : Invalid condition id : LAN8742 Phy interface Condition cause : null
2025-10-04 14:19:57,262 [WARN] PackLoader:240 - Cannot read IP mode file for STMicroelectronics.X-CUBE-SFXS2LP1.4.0.0
2025-10-04 14:19:57,271 [WARN] PackLoader:240 - Cannot read IP mode file for STMicroelectronics.X-CUBE-AZRTOS-H7.3.3.0
2025-10-04 14:19:57,278 [WARN] PackLoader:240 - Cannot read IP mode file for STMicroelectronics.X-CUBE-BLEMGR.4.1.0
2025-10-04 14:19:57,285 [WARN] ConditionMgr:438 - getConditionDescription Invalid condition id : UX DEVICE CLASS RTOS Condition cause : null
2025-10-04 14:19:57,285 [WARN] ConditionMgr:438 - getConditionDescription Invalid condition id : UX DEVICE CLASS RTOS Condition cause : null
2025-10-04 14:19:57,286 [WARN] PackLoader:240 - Cannot read IP mode file for STMicroelectronics.X-CUBE-AZRTOS-WB.2.0.0
2025-10-04 14:19:57,286 [WARN] ConditionMgr:1044 - genDependencies : Invalid condition id : UX DEVICE CLASS RTOS Condition cause : null
2025-10-04 14:19:57,286 [WARN] ConditionMgr:1044 - genDependencies : Invalid condition id : UX DEVICE CLASS RTOS Condition cause : null
2025-10-04 14:19:57,287 [WARN] ConditionMgr:1044 - genDependencies : Invalid condition id : UX DEVICE CLASS RTOS Condition cause : null
2025-10-04 14:19:57,287 [WARN] ConditionMgr:1044 - genDependencies : Invalid condition id : UX DEVICE CLASS RTOS Condition cause : null
2025-10-04 14:19:57,287 [WARN] ConditionMgr:1044 - genDependencies : Invalid condition id : UX DEVICE CLASS RTOS Condition cause : null
2025-10-04 14:19:57,290 [WARN] PackLoader:240 - Cannot read IP mode file for STMicroelectronics.X-CUBE-GNSS1.7.0.1
2025-10-04 14:19:57,292 [WARN] PackLoader:240 - Cannot read IP mode file for STMicroelectronics.X-CUBE-TOUCHGFX.4.25.0
2025-10-04 14:19:57,294 [WARN] PackLoader:240 - Cannot read IP mode file for STMicroelectronics.FP-SNS-STBOX1.2.0.0
2025-10-04 14:19:57,300 [WARN] PackLoader:240 - Cannot read IP mode file for STMicroelectronics.X-CUBE-SUBG2.5.0.0
2025-10-04 14:19:57,310 [WARN] PackLoader:240 - Cannot read IP mode file for STMicroelectronics.X-CUBE-AZRTOS-H7RS.1.1.0
2025-10-04 14:19:57,315 [WARN] PackLoader:240 - Cannot read IP mode file for Cesanta.I-CUBE-Mongoose.7.13.0
2025-10-04 14:19:57,322 [WARN] PackLoader:240 - Cannot read IP mode file for STMicroelectronics.X-CUBE-AZRTOS-G4.2.0.0
2025-10-04 14:19:57,325 [WARN] PackLoader:240 - Cannot read IP mode file for wolfSSL.I-CUBE-wolfSSH.1.4.20
2025-10-04 14:19:57,328 [WARN] PackLoader:240 - Cannot read IP mode file for STMicroelectronics.X-CUBE-NFC7.2.0.0
2025-10-04 14:19:57,333 [WARN] PackLoader:240 - Cannot read IP mode file for STMicroelectronics.X-CUBE-IPS.3.1.0
2025-10-04 14:19:57,338 [WARN] PackLoader:240 - Cannot read IP mode file for STMicroelectronics.X-CUBE-ALS.1.0.2
2025-10-04 14:19:57,342 [WARN] PackLoader:240 - Cannot read IP mode file for STMicroelectronics.X-CUBE-STSE01.1.0.0
2025-10-04 14:19:57,346 [WARN] PackLoader:240 - Cannot read IP mode file for portGmbH.I-Cube-SoM-uGOAL.1.1.0
2025-10-04 14:19:57,351 [WARN] PackLoader:240 - Cannot read IP mode file for STMicroelectronics.X-CUBE-TOF1.3.4.3
2025-10-04 14:19:57,355 [INFO] ThirdParty:978 - Integrity check success = true
2025-10-04 14:19:57,355 [INFO] IntegrityCheckThread:100 - exiting critical section [integrity check]
2025-10-04 14:19:57,355 [INFO] IntegrityCheckThread:103 - End integrity checks thread
2025-10-04 15:20:23,849 [ERROR] LogOutputStream:75 - [STDERR_REDIRECT] 
