2025-10-01 12:03:03,144 [INFO] Activator:176 - 


2025-10-01 12:03:03,153 [INFO] Activator:177 - !SESSION log4j initialized
2025-10-01 12:03:09,658 [INFO] LogOutputStream:77 - [STDOUT_REDIRECT] 
2025-10-01 12:03:11,400 [INFO] ApplicationProperties:184 - Using Application install path: C:\ST\STM32CubeIDE_1.19.0\STM32CubeIDE\plugins\com.st.stm32cube.common.mx_6.15.0.202507011659
2025-10-01 12:03:11,415 [INFO] DbMcusXml:78 - Set database path to: C:\ST\STM32CubeIDE_1.19.0\STM32CubeIDE\plugins\com.st.stm32cube.common.mx_6.15.0.202507011659\\db\/mcu/
2025-10-01 12:03:11,415 [INFO] ApiDb:274 - Set plugin database path to: C:\ST\STM32CubeIDE_1.19.0\STM32CubeIDE\plugins\com.st.stm32cube.common.mx_6.15.0.202507011659\\db\/plugins/boardmanager/
2025-10-01 12:03:11,416 [WARN] ApiDb:259 - Overriding images path with different value:  => C:\ST\STM32CubeIDE_1.19.0\STM32CubeIDE\plugins\com.st.stm32cube.common.mx_6.15.0.202507011659\\db\/plugins/mcufinder/images/
2025-10-01 12:03:11,422 [INFO] ApiDb:250 - Set database path to: C:\Users\nicks\.stmcufinder\plugins\mcufinder//mcu/
2025-10-01 12:03:11,423 [INFO] DbMcusAds:125 - Set database path to: C:\Users\nicks\.stmcufinder\plugins\mcufinder//mcu/
2025-10-01 12:03:11,425 [INFO] CrossReferenceDbSqlite:203 - Set database path to: C:\Users\nicks\.stmcufinder\plugins\mcufinder//mcu/cs/
2025-10-01 12:03:11,506 [INFO] RulesReader:64 - Compatibility file has been processed (317 Rules)
2025-10-01 12:03:11,571 [INFO] DbMcusXml:78 - Set database path to: C:\ST\STM32CubeIDE_1.19.0\STM32CubeIDE\plugins\com.st.stm32cube.common.mx_6.15.0.202507011659\\db\/mcu/
2025-10-01 12:03:11,571 [INFO] ApiDb:274 - Set plugin database path to: C:\ST\STM32CubeIDE_1.19.0\STM32CubeIDE\plugins\com.st.stm32cube.common.mx_6.15.0.202507011659\\db\/plugins/boardmanager/
2025-10-01 12:03:11,571 [INFO] ApiDb:261 - Set plugin images path to: C:\ST\STM32CubeIDE_1.19.0\STM32CubeIDE\plugins\com.st.stm32cube.common.mx_6.15.0.202507011659\\db\/plugins/mcufinder/images/
2025-10-01 12:03:11,571 [WARN] DbFile:41 - Overriding database path with different value: C:\Users\nicks\.stmcufinder\plugins\mcufinder/ => C:\Users\nicks\.stmcufinder\plugins\mcufinder
2025-10-01 12:03:11,572 [INFO] ApiDb:250 - Set database path to: C:\Users\nicks\.stmcufinder\plugins\mcufinder//mcu/
2025-10-01 12:03:11,572 [WARN] DbFile:41 - Overriding database path with different value: C:\Users\nicks\.stmcufinder\plugins\mcufinder/ => C:\Users\nicks\.stmcufinder\plugins\mcufinder
2025-10-01 12:03:11,572 [INFO] DbMcusAds:125 - Set database path to: C:\Users\nicks\.stmcufinder\plugins\mcufinder//mcu/
2025-10-01 12:03:11,572 [WARN] DbFile:41 - Overriding database path with different value: C:\Users\nicks\.stmcufinder\plugins\mcufinder/ => C:\Users\nicks\.stmcufinder\plugins\mcufinder
2025-10-01 12:03:11,572 [WARN] DbFile:41 - Overriding database path with different value: C:\Users\nicks\.stmcufinder\plugins\mcufinder/ => C:\Users\nicks\.stmcufinder\plugins\mcufinder
2025-10-01 12:03:11,572 [INFO] CrossReferenceDbSqlite:203 - Set database path to: C:\Users\nicks\.stmcufinder\plugins\mcufinder//mcu/cs/
2025-10-01 12:03:11,629 [INFO] MainPanel:274 - HeapMemory: 268435456
2025-10-01 12:03:11,718 [INFO] DbMcusXml:78 - Set database path to: C:\ST\STM32CubeIDE_1.19.0\STM32CubeIDE\plugins\com.st.stm32cube.common.mx_6.15.0.202507011659\\db\/mcu/
2025-10-01 12:03:11,718 [INFO] ApiDb:274 - Set plugin database path to: C:\ST\STM32CubeIDE_1.19.0\STM32CubeIDE\plugins\com.st.stm32cube.common.mx_6.15.0.202507011659\\db\/plugins/boardmanager/
2025-10-01 12:03:11,718 [INFO] ApiDb:261 - Set plugin images path to: C:\ST\STM32CubeIDE_1.19.0\STM32CubeIDE\plugins\com.st.stm32cube.common.mx_6.15.0.202507011659\\db\/plugins/mcufinder/images/
2025-10-01 12:03:11,718 [WARN] DbFile:41 - Overriding database path with different value: C:\Users\nicks\.stmcufinder\plugins\mcufinder/ => C:\Users\nicks\.stmcufinder\plugins\mcufinder
2025-10-01 12:03:11,719 [INFO] ApiDb:250 - Set database path to: C:\Users\nicks\.stmcufinder\plugins\mcufinder//mcu/
2025-10-01 12:03:11,719 [WARN] DbFile:41 - Overriding database path with different value: C:\Users\nicks\.stmcufinder\plugins\mcufinder/ => C:\Users\nicks\.stmcufinder\plugins\mcufinder
2025-10-01 12:03:11,719 [INFO] DbMcusAds:125 - Set database path to: C:\Users\nicks\.stmcufinder\plugins\mcufinder//mcu/
2025-10-01 12:03:11,719 [WARN] DbFile:41 - Overriding database path with different value: C:\Users\nicks\.stmcufinder\plugins\mcufinder/ => C:\Users\nicks\.stmcufinder\plugins\mcufinder
2025-10-01 12:03:11,719 [WARN] DbFile:41 - Overriding database path with different value: C:\Users\nicks\.stmcufinder\plugins\mcufinder/ => C:\Users\nicks\.stmcufinder\plugins\mcufinder
2025-10-01 12:03:11,719 [INFO] CrossReferenceDbSqlite:203 - Set database path to: C:\Users\nicks\.stmcufinder\plugins\mcufinder//mcu/cs/
2025-10-01 12:03:11,734 [INFO] ApplicationProperties:184 - Using Application install path: C:\ST\STM32CubeIDE_1.19.0\STM32CubeIDE\plugins\com.st.stm32cube.common.mx_6.15.0.202507011659
2025-10-01 12:03:11,735 [INFO] PluginManage:196 - Search for loadable plugins [exclusion list=, ]
2025-10-01 12:03:11,736 [INFO] PluginManage:310 - Check plugin analytics
2025-10-01 12:03:11,857 [INFO] AnalyticsPlugin:253 - Accepted Software Licenses: 
2025-10-01 12:03:11,857 [INFO] AnalyticsPlugin:255 - Accepted CMSIS Pack Licenses: 
2025-10-01 12:03:11,857 [INFO] AnalyticsPlugin:257 - Accepted Firmware Licenses: FW.F4.1.28.0,FW.H7.1.12.0,FW.H7.1.11.0
2025-10-01 12:03:11,859 [INFO] PluginManage:359 - Loaded plugin analytics (category:tool,tabindex:-1)
2025-10-01 12:03:11,859 [INFO] PluginManage:310 - Check plugin cadmodel
2025-10-01 12:03:11,867 [INFO] CADModel:105 - Init CAD model plugin
2025-10-01 12:03:11,867 [INFO] PluginManage:359 - Loaded plugin cadmodel (category:power,tabindex:5)
2025-10-01 12:03:11,867 [INFO] PluginManage:310 - Check plugin clock
2025-10-01 12:03:11,879 [INFO] PluginManage:359 - Loaded plugin clock (category:base,tabindex:2)
2025-10-01 12:03:11,880 [INFO] PluginManage:310 - Check plugin ddr
2025-10-01 12:03:11,882 [INFO] PluginManage:359 - Loaded plugin ddr (category:tool,tabindex:6)
2025-10-01 12:03:11,882 [INFO] PluginManage:310 - Check plugin filemanager
2025-10-01 12:03:12,017 [INFO] PluginManage:359 - Loaded plugin filemanager (category:base,tabindex:10)
2025-10-01 12:03:12,017 [INFO] PluginManage:310 - Check plugin ipmanager
2025-10-01 12:03:12,023 [INFO] PluginManage:359 - Loaded plugin ipmanager (category:base,tabindex:5)
2025-10-01 12:03:12,023 [INFO] PluginManage:310 - Check plugin lpbam
2025-10-01 12:03:12,030 [INFO] PluginManage:359 - Loaded plugin lpbam (category:base,tabindex:0)
2025-10-01 12:03:12,030 [INFO] PluginManage:310 - Check plugin memorymap
2025-10-01 12:03:12,042 [INFO] PluginManage:359 - Loaded plugin memorymap (category:base,tabindex:4)
2025-10-01 12:03:12,042 [INFO] PluginManage:310 - Check plugin pinoutandconfiguration
2025-10-01 12:03:12,051 [INFO] PluginManage:359 - Loaded plugin pinoutandconfiguration (category:base,tabindex:1)
2025-10-01 12:03:12,051 [INFO] PluginManage:310 - Check plugin pinoutconfig
2025-10-01 12:03:12,119 [WARN] SupportedApi:132 - Cannot load RTOS API schema: s4s-elt-must-match.1: The content of 'definitions' must match (annotation?, (simpleType | complexType)?, (unique | key | keyref)*)). A problem was found starting at: attribute.
2025-10-01 12:03:12,250 [INFO] PluginManage:359 - Loaded plugin pinoutconfig (category:base,tabindex:0)
2025-10-01 12:03:12,250 [INFO] PluginManage:310 - Check plugin power
2025-10-01 12:03:12,259 [INFO] PluginManage:359 - Loaded plugin power (category:power,tabindex:4)
2025-10-01 12:03:12,259 [INFO] PluginManage:310 - Check plugin projectmanager
2025-10-01 12:03:12,271 [INFO] PluginManage:359 - Loaded plugin projectmanager (category:projectmanager,tabindex:4)
2025-10-01 12:03:12,271 [INFO] PluginManage:310 - Check plugin rif
2025-10-01 12:03:12,278 [INFO] PluginManage:359 - Loaded plugin rif (category:base,tabindex:3)
2025-10-01 12:03:12,278 [INFO] PluginManage:310 - Check plugin thirdparty
2025-10-01 12:03:12,387 [INFO] PluginManage:359 - Loaded plugin thirdparty (category:base,tabindex:-1)
2025-10-01 12:03:12,387 [WARN] IntegrityCheckThread:84 - waiting for thirdparty lock release [integrity check]
2025-10-01 12:03:12,388 [INFO] PluginManage:310 - Check plugin tools
2025-10-01 12:03:12,388 [INFO] IntegrityCheckThread:86 - entering critical section [integrity check]
2025-10-01 12:03:12,388 [INFO] ThirdPartyUpdaterWithRetryManager:70 - Updater plugin not ready yet. [1/15]
2025-10-01 12:03:12,390 [INFO] PluginManage:359 - Loaded plugin tools (category:base,tabindex:7)
2025-10-01 12:03:12,390 [INFO] PluginManage:310 - Check plugin tutovideos
2025-10-01 12:03:12,547 [INFO] PluginManage:359 - Loaded plugin tutovideos (category:base,tabindex:-1)
2025-10-01 12:03:12,547 [INFO] PluginManage:310 - Check plugin updater
2025-10-01 12:03:12,563 [INFO] PluginManage:359 - Loaded plugin updater (category:base,tabindex:12)
2025-10-01 12:03:12,563 [INFO] PluginManage:310 - Check plugin userauth
2025-10-01 12:03:12,567 [INFO] UserAuth:118 - Init User Auth plugin
2025-10-01 12:03:12,567 [INFO] PluginManage:359 - Loaded plugin userauth (category:base,tabindex:14)
2025-10-01 12:03:12,568 [INFO] PluginManage:283 - PluginManage : Loaded plugins [18]
2025-10-01 12:03:12,715 [INFO] PinOutPanel:1589 - setPackage(No Configuration,No Configuration)
2025-10-01 12:03:12,782 [INFO] CADModel:165 - CPN selected for project level
2025-10-01 12:03:12,783 [INFO] CADModel:114 - Register for checkConnection events
2025-10-01 12:03:12,802 [INFO] IPUIPlugin:80 - create IPUIPlugin
2025-10-01 12:03:12,802 [INFO] PluginManager:220 - loadIPPluginJar : add adc
2025-10-01 12:03:12,804 [INFO] IPUIPlugin:80 - create IPUIPlugin
2025-10-01 12:03:12,804 [INFO] PluginManager:220 - loadIPPluginJar : add aes
2025-10-01 12:03:12,807 [INFO] IPUIPlugin:80 - create IPUIPlugin
2025-10-01 12:03:12,807 [INFO] PluginManager:220 - loadIPPluginJar : add can
2025-10-01 12:03:12,808 [INFO] IPUIPlugin:80 - create IPUIPlugin
2025-10-01 12:03:12,808 [INFO] PluginManager:220 - loadIPPluginJar : add comp
2025-10-01 12:03:12,811 [INFO] IPUIPlugin:80 - create IPUIPlugin
2025-10-01 12:03:12,811 [INFO] PluginManager:220 - loadIPPluginJar : add cryp
2025-10-01 12:03:12,815 [INFO] IPUIPlugin:80 - create IPUIPlugin
2025-10-01 12:03:12,815 [INFO] PluginManager:220 - loadIPPluginJar : add ddr_ctrl_phy
2025-10-01 12:03:12,817 [INFO] IPUIPlugin:80 - create IPUIPlugin
2025-10-01 12:03:12,818 [INFO] PluginManager:220 - loadIPPluginJar : add dfsdm
2025-10-01 12:03:12,822 [INFO] IPUIPlugin:80 - create IPUIPlugin
2025-10-01 12:03:12,822 [INFO] PluginManager:220 - loadIPPluginJar : add dma
2025-10-01 12:03:12,823 [INFO] IPUIPlugin:80 - create IPUIPlugin
2025-10-01 12:03:12,823 [INFO] PluginManager:220 - loadIPPluginJar : add dma3
2025-10-01 12:03:12,826 [INFO] IPUIPlugin:80 - create IPUIPlugin
2025-10-01 12:03:12,826 [INFO] PluginManager:220 - loadIPPluginJar : add extmemmanager
2025-10-01 12:03:12,827 [INFO] IPUIPlugin:80 - create IPUIPlugin
2025-10-01 12:03:12,827 [INFO] PluginManager:220 - loadIPPluginJar : add fatfs
2025-10-01 12:03:12,830 [INFO] IPUIPlugin:80 - create IPUIPlugin
2025-10-01 12:03:12,830 [INFO] PluginManager:220 - loadIPPluginJar : add fmc
2025-10-01 12:03:12,835 [INFO] IPUIPlugin:80 - create IPUIPlugin
2025-10-01 12:03:12,835 [INFO] PluginManager:220 - loadIPPluginJar : add freertos
2025-10-01 12:03:12,836 [INFO] IPUIPlugin:80 - create IPUIPlugin
2025-10-01 12:03:12,836 [INFO] PluginManager:220 - loadIPPluginJar : add genericplugin
2025-10-01 12:03:12,838 [INFO] IPUIPlugin:80 - create IPUIPlugin
2025-10-01 12:03:12,838 [INFO] PluginManager:220 - loadIPPluginJar : add gfxmmu
2025-10-01 12:03:12,842 [INFO] IPUIPlugin:80 - create IPUIPlugin
2025-10-01 12:03:12,843 [INFO] PluginManager:220 - loadIPPluginJar : add gic
2025-10-01 12:03:12,846 [INFO] IPUIPlugin:80 - create IPUIPlugin
2025-10-01 12:03:12,846 [INFO] PluginManager:220 - loadIPPluginJar : add gpio
2025-10-01 12:03:12,848 [INFO] IPUIPlugin:80 - create IPUIPlugin
2025-10-01 12:03:12,848 [INFO] PluginManager:220 - loadIPPluginJar : add gtzc
2025-10-01 12:03:12,850 [INFO] IPUIPlugin:80 - create IPUIPlugin
2025-10-01 12:03:12,850 [INFO] PluginManager:220 - loadIPPluginJar : add hash
2025-10-01 12:03:12,855 [INFO] IPUIPlugin:80 - create IPUIPlugin
2025-10-01 12:03:12,855 [INFO] PluginManager:220 - loadIPPluginJar : add i2c
2025-10-01 12:03:12,857 [INFO] IPUIPlugin:80 - create IPUIPlugin
2025-10-01 12:03:12,857 [INFO] PluginManager:220 - loadIPPluginJar : add i2s
2025-10-01 12:03:12,860 [INFO] IPUIPlugin:80 - create IPUIPlugin
2025-10-01 12:03:12,860 [INFO] PluginManager:220 - loadIPPluginJar : add i3c
2025-10-01 12:03:12,862 [INFO] IPUIPlugin:80 - create IPUIPlugin
2025-10-01 12:03:12,863 [INFO] PluginManager:220 - loadIPPluginJar : add ipddr
2025-10-01 12:03:12,868 [INFO] IPUIPlugin:80 - create IPUIPlugin
2025-10-01 12:03:12,868 [INFO] PluginManager:220 - loadIPPluginJar : add linkedlist
2025-10-01 12:03:12,870 [INFO] IPUIPlugin:80 - create IPUIPlugin
2025-10-01 12:03:12,871 [INFO] PluginManager:220 - loadIPPluginJar : add lorawan
2025-10-01 12:03:12,872 [INFO] IPUIPlugin:80 - create IPUIPlugin
2025-10-01 12:03:12,872 [INFO] PluginManager:220 - loadIPPluginJar : add ltdc
2025-10-01 12:03:12,875 [INFO] IPUIPlugin:80 - create IPUIPlugin
2025-10-01 12:03:12,875 [INFO] PluginManager:220 - loadIPPluginJar : add mdma
2025-10-01 12:03:12,878 [INFO] IPUIPlugin:80 - create IPUIPlugin
2025-10-01 12:03:12,878 [INFO] PluginManager:220 - loadIPPluginJar : add nvic
2025-10-01 12:03:12,881 [INFO] IPUIPlugin:80 - create IPUIPlugin
2025-10-01 12:03:12,881 [INFO] PluginManager:220 - loadIPPluginJar : add opamp
2025-10-01 12:03:12,883 [INFO] IPUIPlugin:80 - create IPUIPlugin
2025-10-01 12:03:12,883 [INFO] PluginManager:220 - loadIPPluginJar : add openamp
2025-10-01 12:03:12,885 [INFO] IPUIPlugin:80 - create IPUIPlugin
2025-10-01 12:03:12,885 [INFO] PluginManager:220 - loadIPPluginJar : add pdm2pcm
2025-10-01 12:03:12,890 [INFO] IPUIPlugin:80 - create IPUIPlugin
2025-10-01 12:03:12,891 [INFO] PluginManager:220 - loadIPPluginJar : add plateformsettings
2025-10-01 12:03:12,893 [INFO] IPUIPlugin:80 - create IPUIPlugin
2025-10-01 12:03:12,893 [INFO] PluginManager:220 - loadIPPluginJar : add quadspi
2025-10-01 12:03:12,894 [INFO] IPUIPlugin:80 - create IPUIPlugin
2025-10-01 12:03:12,895 [INFO] PluginManager:220 - loadIPPluginJar : add radio
2025-10-01 12:03:12,897 [INFO] IPUIPlugin:80 - create IPUIPlugin
2025-10-01 12:03:12,898 [INFO] PluginManager:220 - loadIPPluginJar : add resmgrutility
2025-10-01 12:03:12,900 [INFO] IPUIPlugin:80 - create IPUIPlugin
2025-10-01 12:03:12,900 [INFO] PluginManager:220 - loadIPPluginJar : add sai
2025-10-01 12:03:12,903 [INFO] IPUIPlugin:80 - create IPUIPlugin
2025-10-01 12:03:12,903 [INFO] PluginManager:220 - loadIPPluginJar : add spi
2025-10-01 12:03:12,908 [INFO] IPUIPlugin:80 - create IPUIPlugin
2025-10-01 12:03:12,908 [INFO] PluginManager:220 - loadIPPluginJar : add stm32_wpan
2025-10-01 12:03:12,909 [INFO] IPUIPlugin:80 - create IPUIPlugin
2025-10-01 12:03:12,909 [INFO] PluginManager:220 - loadIPPluginJar : add tim
2025-10-01 12:03:12,912 [INFO] IPUIPlugin:80 - create IPUIPlugin
2025-10-01 12:03:12,912 [INFO] PluginManager:220 - loadIPPluginJar : add touchsensing
2025-10-01 12:03:12,914 [INFO] IPUIPlugin:80 - create IPUIPlugin
2025-10-01 12:03:12,914 [INFO] PluginManager:220 - loadIPPluginJar : add tracer_emb
2025-10-01 12:03:12,915 [INFO] IPUIPlugin:80 - create IPUIPlugin
2025-10-01 12:03:12,915 [INFO] PluginManager:220 - loadIPPluginJar : add ts
2025-10-01 12:03:12,916 [INFO] IPUIPlugin:80 - create IPUIPlugin
2025-10-01 12:03:12,917 [INFO] PluginManager:220 - loadIPPluginJar : add tsc
2025-10-01 12:03:12,918 [INFO] IPUIPlugin:80 - create IPUIPlugin
2025-10-01 12:03:12,918 [INFO] PluginManager:220 - loadIPPluginJar : add ucpd
2025-10-01 12:03:12,920 [INFO] IPUIPlugin:80 - create IPUIPlugin
2025-10-01 12:03:12,920 [INFO] PluginManager:220 - loadIPPluginJar : add usart
2025-10-01 12:03:12,923 [INFO] IPUIPlugin:80 - create IPUIPlugin
2025-10-01 12:03:12,923 [INFO] PluginManager:220 - loadIPPluginJar : add usbx
2025-10-01 12:03:13,039 [FATAL] Updater:351 - Updater called before beeing initialized
2025-10-01 12:03:13,057 [INFO] RulesReader:64 - Compatibility file has been processed (317 Rules)
2025-10-01 12:03:13,065 [INFO] RulesReader:64 - Compatibility file has been processed (317 Rules)
2025-10-01 12:03:13,072 [INFO] CADModel:165 - CPN selected for project level
2025-10-01 12:03:13,073 [INFO] CADModel:114 - Register for checkConnection events
2025-10-01 12:03:13,073 [FATAL] Updater:351 - Updater called before beeing initialized
2025-10-01 12:03:13,073 [ERROR] CADModel:125 - Updater not yet initialized, retry later 
2025-10-01 12:03:13,191 [FATAL] Updater:351 - Updater called before beeing initialized
2025-10-01 12:03:13,193 [INFO] CADModel:165 - CPN selected for project level
2025-10-01 12:03:13,193 [INFO] CADModel:114 - Register for checkConnection events
2025-10-01 12:03:13,193 [FATAL] Updater:351 - Updater called before beeing initialized
2025-10-01 12:03:13,193 [ERROR] CADModel:125 - Updater not yet initialized, retry later 
2025-10-01 12:03:13,195 [FATAL] Updater:351 - Updater called before beeing initialized
2025-10-01 12:03:13,284 [FATAL] Updater:351 - Updater called before beeing initialized
2025-10-01 12:03:13,287 [INFO] DbMcusAds:53 - JSON generation date=Tue Jul 08 18:14:23 AEST 2025 (1751962463562)
2025-10-01 12:03:13,287 [FATAL] Updater:351 - Updater called before beeing initialized
2025-10-01 12:03:13,321 [WARN] DetailPanel:346 - Failed to get advertising image, set to default
2025-10-01 12:03:13,386 [FATAL] Updater:351 - Updater called before beeing initialized
2025-10-01 12:03:13,387 [FATAL] Updater:351 - Updater called before beeing initialized
2025-10-01 12:03:13,387 [FATAL] Updater:351 - Updater called before beeing initialized
2025-10-01 12:03:13,387 [WARN] DetailPanel:346 - Failed to get advertising image, set to default
2025-10-01 12:03:13,388 [FATAL] Updater:351 - Updater called before beeing initialized
2025-10-01 12:03:13,426 [ERROR] Updater:1198 - MainUpdater not yet initialized. External WinMGr cannot be set.
2025-10-01 12:03:13,428 [INFO] Updater:1134 - Updater Version found : 6.15.0
2025-10-01 12:03:13,442 [INFO] ApplicationProperties:184 - Using Application install path: C:\ST\STM32CubeIDE_1.19.0\STM32CubeIDE\plugins\com.st.stm32cube.common.mx_6.15.0.202507011659
2025-10-01 12:03:13,845 [INFO] MainUpdater:2872 - connection check result : 10
2025-10-01 12:03:13,846 [INFO] MainUpdater:289 - Updater Check For Update Now.
2025-10-01 12:03:13,846 [INFO] MicroXplorer:498 - Change Database Version : DB.6.0.150
2025-10-01 12:03:13,850 [INFO] McuFinderGlobals:63 - Set McuFinder mode to 2 (CubeIDE integrated)
2025-10-01 12:03:13,851 [INFO] UserAuth:487 - Internet connection configuration mode: 1
2025-10-01 12:03:13,871 [INFO] JxBrowserEngine:152 - Initiate JxBrowser Engine with user profile folder
2025-10-01 12:03:14,007 [INFO] CheckServerUpdateThread:120 - End of CheckServer Thread
2025-10-01 12:03:14,965 [INFO] WebApp:169 - Instantiating new browser for Auth
2025-10-01 12:03:15,441 [INFO] WebApp:463 - Apply proxy settings
2025-10-01 12:03:15,441 [INFO] WebApp:548 - Chromium requires no authentication
2025-10-01 12:03:15,449 [INFO] WebApp:491 - Direct internet connection detected
2025-10-01 12:03:15,471 [INFO] WebApp:900 - Register for checkConnection events
2025-10-01 12:03:15,471 [INFO] WebApp:463 - Apply proxy settings
2025-10-01 12:03:15,471 [INFO] WebApp:548 - Chromium requires no authentication
2025-10-01 12:03:15,472 [INFO] WebApp:491 - Direct internet connection detected
2025-10-01 12:03:15,595 [WARN] PackLoader:240 - Cannot read IP mode file for STMicroelectronics.FP-SNS-MOTENVWB1.1.4.0
2025-10-01 12:03:15,601 [WARN] PackLoader:240 - Cannot read IP mode file for STMicroelectronics.FP-ATR-ASTRA1.2.0.2
2025-10-01 12:03:15,602 [INFO] WebApp:225 - Starting web application
2025-10-01 12:03:15,602 [INFO] WebApp:593 - Web application path used C:\ST\STM32CubeIDE_1.19.0\STM32CubeIDE\plugins\com.st.stm32cube.common.mx_6.15.0.202507011659\db\plugins\mcufinder\reactClient1\index.html
2025-10-01 12:03:15,604 [WARN] PackLoader:240 - Cannot read IP mode file for STMicroelectronics.FP-ATR-ASTRA1.2.0.1
2025-10-01 12:03:15,611 [WARN] PackLoader:240 - Cannot read IP mode file for STMicroelectronics.X-CUBE-SMBUS.2.1.0
2025-10-01 12:03:15,617 [WARN] PackLoader:240 - Cannot read IP mode file for STMicroelectronics.X-CUBE-WB05N.1.1.0
2025-10-01 12:03:15,621 [WARN] PackLoader:240 - Cannot read IP mode file for STMicroelectronics.X-CUBE-ST60.1.0.0
2025-10-01 12:03:15,642 [WARN] PackLoader:240 - Cannot read IP mode file for STMicroelectronics.X-CUBE-AZRTOS-F7.1.1.0
2025-10-01 12:03:15,648 [WARN] PackLoader:240 - Cannot read IP mode file for STMicroelectronics.FP-SNS-FLIGHT1.5.0.2
2025-10-01 12:03:15,664 [WARN] PackLoader:240 - Cannot read IP mode file for Infineon.AIROC-Wi-Fi-Bluetooth-STM32.1.7.0
2025-10-01 12:03:15,681 [WARN] PackLoader:240 - Cannot read IP mode file for STMicroelectronics.X-CUBE-AZRTOS-H7.3.4.0
2025-10-01 12:03:15,688 [WARN] PackLoader:240 - Cannot read IP mode file for STMicroelectronics.X-CUBE-DISPLAY.3.0.0
2025-10-01 12:03:15,700 [WARN] PackLoader:240 - Cannot read IP mode file for STMicroelectronics.X-CUBE-NFC10.1.0.0
2025-10-01 12:03:15,711 [WARN] PackLoader:240 - Cannot read IP mode file for STMicroelectronics.X-CUBE-BLEMGR.4.0.0
2025-10-01 12:03:15,715 [INFO] UserAuth:487 - Internet connection configuration mode: 1
2025-10-01 12:03:15,718 [WARN] PackLoader:240 - Cannot read IP mode file for emotas.I-CUBE-CANOPEN.1.3.0
2025-10-01 12:03:15,723 [WARN] ConditionMgr:438 - getConditionDescription Invalid condition id : Cortex-A Device cause : null
2025-10-01 12:03:15,734 [WARN] ConditionMgr:1044 - genDependencies : Invalid condition id : Cortex-A Device cause : null
2025-10-01 12:03:15,734 [WARN] ConditionMgr:1044 - genDependencies : Invalid condition id : Cortex-A Device cause : null
2025-10-01 12:03:15,734 [WARN] ConditionMgr:1044 - genDependencies : Invalid condition id : Cortex-A Device cause : null
2025-10-01 12:03:15,738 [WARN] PackLoader:240 - Cannot read IP mode file for STMicroelectronics.X-CUBE-AI.10.0.0
2025-10-01 12:03:15,744 [WARN] PackLoader:240 - Cannot read IP mode file for STMicroelectronics.FP-SNS-STBOX1.2.1.0
2025-10-01 12:03:15,748 [WARN] PackLoader:240 - Cannot read IP mode file for STMicroelectronics.FP-SNS-SMARTAG2.1.2.0
2025-10-01 12:03:15,751 [WARN] PackLoader:240 - Cannot read IP mode file for STMicroelectronics.FP-SNS-FLIGHT1.5.1.0
2025-10-01 12:03:15,780 [INFO] LogOutputStream:77 - [STDOUT_REDIRECT] 1 : Invalid condition id : UX_CORESTACK_Condition cause : null
2025-10-01 12:03:15,781 [INFO] LogOutputStream:77 - [STDOUT_REDIRECT] 1 : Invalid condition id : UX_CORESTACK_Condition cause : null
2025-10-01 12:03:15,782 [INFO] LogOutputStream:77 - [STDOUT_REDIRECT] 1 : Invalid condition id : UX_CORESTACK_Condition cause : null
2025-10-01 12:03:15,783 [INFO] LogOutputStream:77 - [STDOUT_REDIRECT] 1 : Invalid condition id : UX_CORESTACK_Condition cause : null
2025-10-01 12:03:15,784 [INFO] LogOutputStream:77 - [STDOUT_REDIRECT] 1 : Invalid condition id : UX_CORESTACK_Condition cause : null
2025-10-01 12:03:15,788 [WARN] PackLoader:240 - Cannot read IP mode file for STMicroelectronics.X-CUBE-AZRTOS-WL.2.0.0
2025-10-01 12:03:15,795 [WARN] PackLoader:240 - Cannot read IP mode file for STMicroelectronics.FP-SNS-MOTENV1.5.0.0
2025-10-01 12:03:15,805 [WARN] PackLoader:240 - Cannot read IP mode file for WES.I-CUBE-Cesium.1.3.0
2025-10-01 12:03:15,809 [WARN] PackLoader:240 - Cannot read IP mode file for STMicroelectronics.X-CUBE-BLE2.3.3.0
2025-10-01 12:03:15,816 [WARN] PackLoader:240 - Cannot read IP mode file for STMicroelectronics.X-CUBE-NFC9.1.0.0
2025-10-01 12:03:15,823 [WARN] PackLoader:240 - Cannot read IP mode file for STMicroelectronics.X-CUBE-BLE1.7.1.0
2025-10-01 12:03:15,828 [WARN] PackLoader:240 - Cannot read IP mode file for wolfSSL.I-CUBE-wolfMQTT.1.19.2
2025-10-01 12:03:15,834 [WARN] PackLoader:240 - Cannot read IP mode file for STMicroelectronics.X-CUBE-EEPRMA1.5.2.0
2025-10-01 12:03:15,839 [WARN] PackLoader:240 - Cannot read IP mode file for STMicroelectronics.X-CUBE-AI.10.1.0
2025-10-01 12:03:15,848 [INFO] WebApp:191 - Connection restablished
2025-10-01 12:03:15,885 [WARN] PackLoader:240 - Cannot read IP mode file for STMicroelectronics.X-CUBE-MEMS1.11.2.0
2025-10-01 12:03:15,976 [WARN] PackLoader:240 - Cannot read IP mode file for STMicroelectronics.X-CUBE-AZRTOS-G0.1.1.0
2025-10-01 12:03:15,982 [WARN] PackLoader:240 - Cannot read IP mode file for STMicroelectronics.X-CUBE-SAFEA1.1.2.2
2025-10-01 12:03:15,985 [WARN] PackLoader:240 - Cannot read IP mode file for STMicroelectronics.X-CUBE-NFC4.3.0.0
2025-10-01 12:03:15,992 [WARN] PackLoader:240 - Cannot read IP mode file for EmbeddedOffice.I-CUBE-FS-RTOS.1.0.1
2025-10-01 12:03:15,997 [WARN] PackLoader:240 - Cannot read IP mode file for STMicroelectronics.X-CUBE-WB05N.2.0.0
2025-10-01 12:03:16,003 [WARN] PackLoader:240 - Cannot read IP mode file for wolfSSL.I-CUBE-wolfTPM.3.8.0
2025-10-01 12:03:16,009 [WARN] PackLoader:240 - Cannot read IP mode file for STMicroelectronics.X-CUBE-TCPP.4.2.0
2025-10-01 12:03:16,015 [WARN] PackLoader:240 - Cannot read IP mode file for RealThread.X-CUBE-RT-Thread_Nano.4.1.1
2025-10-01 12:03:16,020 [WARN] PackLoader:240 - Cannot read IP mode file for STMicroelectronics.FP-ATR-SIGFOX1.3.2.0
2025-10-01 12:03:16,024 [WARN] PackLoader:240 - Cannot read IP mode file for STMicroelectronics.X-CUBE-EEPRMA1.5.1.0
2025-10-01 12:03:16,028 [WARN] PackLoader:240 - Cannot read IP mode file for wolfSSL.I-CUBE-wolfSSL.5.7.6
2025-10-01 12:03:16,033 [WARN] PackLoader:240 - Cannot read IP mode file for ITTIA_DB.I-CUBE-ITTIADB.8.9.0
2025-10-01 12:03:16,039 [WARN] PackLoader:240 - Cannot read IP mode file for STMicroelectronics.X-CUBE-ST67W61.1.0.0
2025-10-01 12:03:16,043 [WARN] PackLoader:240 - Cannot read IP mode file for STMicroelectronics.X-CUBE-AI.10.2.0
2025-10-01 12:03:16,060 [WARN] PackLoader:240 - Cannot read IP mode file for SEGGER.I-CUBE-embOS.1.3.1
2025-10-01 12:03:16,091 [WARN] PackLoader:240 - Cannot read IP mode file for STMicroelectronics.X-CUBE-ALGOBUILD.1.4.0
2025-10-01 12:03:16,129 [WARN] PackLoader:240 - Cannot read IP mode file for STMicroelectronics.X-CUBE-MEMS1.11.3.0
2025-10-01 12:03:16,208 [WARN] PackLoader:240 - Cannot read IP mode file for STMicroelectronics.X-CUBE-PM33A1.1.0.0
2025-10-01 12:03:16,221 [WARN] PackLoader:240 - Cannot read IP mode file for STMicroelectronics.X-CUBE-AZRTOS-F4.1.1.0
2025-10-01 12:03:16,229 [WARN] PackLoader:240 - Cannot read IP mode file for Avnet-IotConnect.X-CUBE-IoTC-DA16k-PMOD.1.0.0
2025-10-01 12:03:16,233 [WARN] PackLoader:240 - Cannot read IP mode file for STMicroelectronics.X-CUBE-ISPU.2.1.0
2025-10-01 12:03:16,239 [WARN] PackLoader:240 - Cannot read IP mode file for STMicroelectronics.X-CUBE-NFC12.1.0.0
2025-10-01 12:03:16,251 [WARN] PackLoader:240 - Cannot read IP mode file for STMicroelectronics.X-CUBE-AZRTOS-L5.2.0.0
2025-10-01 12:03:16,259 [WARN] PackLoader:240 - Cannot read IP mode file for STMicroelectronics.X-CUBE-NFC6.3.1.0
2025-10-01 12:03:16,265 [WARN] PackLoader:240 - Cannot read IP mode file for STMicroelectronics.X-CUBE-FREERTOS.1.3.1
2025-10-01 12:03:16,268 [WARN] PackLoader:240 - Cannot read IP mode file for STMicroelectronics.X-CUBE-FREERTOS.1.3.0
2025-10-01 12:03:16,274 [WARN] PackLoader:240 - Cannot read IP mode file for STMicroelectronics.X-CUBE-NFC7.1.0.1
2025-10-01 12:03:16,279 [WARN] PackLoader:240 - Cannot read IP mode file for STMicroelectronics.FP-SNS-STAIOTCFT.1.0.0
2025-10-01 12:03:16,291 [WARN] PackLoader:240 - Cannot read IP mode file for STMicroelectronics.X-CUBE-DPower.1.3.0
2025-10-01 12:03:16,309 [WARN] ConditionMgr:438 - getConditionDescription Invalid condition id : LAN8742 Phy interface Condition cause : null
2025-10-01 12:03:16,309 [WARN] PackLoader:240 - Cannot read IP mode file for STMicroelectronics.X-CUBE-AZRTOS-L4.2.0.0
2025-10-01 12:03:16,310 [WARN] ConditionMgr:1044 - genDependencies : Invalid condition id : LAN8742 Phy interface Condition cause : null
2025-10-01 12:03:16,310 [WARN] ConditionMgr:1044 - genDependencies : Invalid condition id : LAN8742 Phy interface Condition cause : null
2025-10-01 12:03:16,310 [WARN] ConditionMgr:1044 - genDependencies : Invalid condition id : LAN8742 Phy interface Condition cause : null
2025-10-01 12:03:16,316 [WARN] PackLoader:240 - Cannot read IP mode file for STMicroelectronics.X-CUBE-SFXS2LP1.4.0.0
2025-10-01 12:03:16,324 [WARN] PackLoader:240 - Cannot read IP mode file for STMicroelectronics.X-CUBE-AZRTOS-H7.3.3.0
2025-10-01 12:03:16,333 [WARN] PackLoader:240 - Cannot read IP mode file for STMicroelectronics.X-CUBE-BLEMGR.4.1.0
2025-10-01 12:03:16,341 [WARN] ConditionMgr:438 - getConditionDescription Invalid condition id : UX DEVICE CLASS RTOS Condition cause : null
2025-10-01 12:03:16,341 [WARN] ConditionMgr:438 - getConditionDescription Invalid condition id : UX DEVICE CLASS RTOS Condition cause : null
2025-10-01 12:03:16,342 [WARN] PackLoader:240 - Cannot read IP mode file for STMicroelectronics.X-CUBE-AZRTOS-WB.2.0.0
2025-10-01 12:03:16,342 [WARN] ConditionMgr:1044 - genDependencies : Invalid condition id : UX DEVICE CLASS RTOS Condition cause : null
2025-10-01 12:03:16,342 [WARN] ConditionMgr:1044 - genDependencies : Invalid condition id : UX DEVICE CLASS RTOS Condition cause : null
2025-10-01 12:03:16,343 [WARN] ConditionMgr:1044 - genDependencies : Invalid condition id : UX DEVICE CLASS RTOS Condition cause : null
2025-10-01 12:03:16,343 [WARN] ConditionMgr:1044 - genDependencies : Invalid condition id : UX DEVICE CLASS RTOS Condition cause : null
2025-10-01 12:03:16,343 [WARN] ConditionMgr:1044 - genDependencies : Invalid condition id : UX DEVICE CLASS RTOS Condition cause : null
2025-10-01 12:03:16,348 [WARN] PackLoader:240 - Cannot read IP mode file for STMicroelectronics.X-CUBE-GNSS1.7.0.1
2025-10-01 12:03:16,351 [WARN] PackLoader:240 - Cannot read IP mode file for STMicroelectronics.X-CUBE-TOUCHGFX.4.25.0
2025-10-01 12:03:16,354 [WARN] PackLoader:240 - Cannot read IP mode file for STMicroelectronics.FP-SNS-STBOX1.2.0.0
2025-10-01 12:03:16,359 [WARN] PackLoader:240 - Cannot read IP mode file for STMicroelectronics.X-CUBE-SUBG2.5.0.0
2025-10-01 12:03:16,368 [WARN] PackLoader:240 - Cannot read IP mode file for STMicroelectronics.X-CUBE-AZRTOS-H7RS.1.1.0
2025-10-01 12:03:16,372 [WARN] PackLoader:240 - Cannot read IP mode file for Cesanta.I-CUBE-Mongoose.7.13.0
2025-10-01 12:03:16,378 [WARN] PackLoader:240 - Cannot read IP mode file for STMicroelectronics.X-CUBE-AZRTOS-G4.2.0.0
2025-10-01 12:03:16,381 [WARN] PackLoader:240 - Cannot read IP mode file for wolfSSL.I-CUBE-wolfSSH.1.4.20
2025-10-01 12:03:16,383 [WARN] PackLoader:240 - Cannot read IP mode file for STMicroelectronics.X-CUBE-NFC7.2.0.0
2025-10-01 12:03:16,387 [WARN] PackLoader:240 - Cannot read IP mode file for STMicroelectronics.X-CUBE-IPS.3.1.0
2025-10-01 12:03:16,393 [WARN] PackLoader:240 - Cannot read IP mode file for STMicroelectronics.X-CUBE-ALS.1.0.2
2025-10-01 12:03:16,397 [WARN] PackLoader:240 - Cannot read IP mode file for STMicroelectronics.X-CUBE-STSE01.1.0.0
2025-10-01 12:03:16,401 [WARN] PackLoader:240 - Cannot read IP mode file for portGmbH.I-Cube-SoM-uGOAL.1.1.0
2025-10-01 12:03:16,407 [WARN] PackLoader:240 - Cannot read IP mode file for STMicroelectronics.X-CUBE-TOF1.3.4.3
2025-10-01 12:03:16,413 [INFO] ThirdParty:978 - Integrity check success = true
2025-10-01 12:03:16,413 [INFO] IntegrityCheckThread:100 - exiting critical section [integrity check]
2025-10-01 12:03:16,413 [INFO] IntegrityCheckThread:103 - End integrity checks thread
2025-10-01 15:12:09,354 [ERROR] LogOutputStream:75 - [STDERR_REDIRECT] 
