2025-10-05 16:22:07,020 [INFO] Activator:176 - 


2025-10-05 16:22:07,024 [INFO] Activator:177 - !SESSION log4j initialized
2025-10-05 16:22:10,795 [INFO] LogOutputStream:77 - [STDOUT_REDIRECT] 
2025-10-05 16:22:12,602 [INFO] ApplicationProperties:184 - Using Application install path: C:\ST\STM32CubeIDE_1.19.0\STM32CubeIDE\plugins\com.st.stm32cube.common.mx_6.15.0.202507011659
2025-10-05 16:22:12,619 [INFO] DbMcusXml:78 - Set database path to: C:\ST\STM32CubeIDE_1.19.0\STM32CubeIDE\plugins\com.st.stm32cube.common.mx_6.15.0.202507011659\\db\/mcu/
2025-10-05 16:22:12,620 [INFO] ApiDb:274 - Set plugin database path to: C:\ST\STM32CubeIDE_1.19.0\STM32CubeIDE\plugins\com.st.stm32cube.common.mx_6.15.0.202507011659\\db\/plugins/boardmanager/
2025-10-05 16:22:12,620 [WARN] ApiDb:259 - Overriding images path with different value:  => C:\ST\STM32CubeIDE_1.19.0\STM32CubeIDE\plugins\com.st.stm32cube.common.mx_6.15.0.202507011659\\db\/plugins/mcufinder/images/
2025-10-05 16:22:12,626 [INFO] ApiDb:250 - Set database path to: C:\Users\nicks\.stmcufinder\plugins\mcufinder//mcu/
2025-10-05 16:22:12,627 [INFO] DbMcusAds:125 - Set database path to: C:\Users\nicks\.stmcufinder\plugins\mcufinder//mcu/
2025-10-05 16:22:12,629 [INFO] CrossReferenceDbSqlite:203 - Set database path to: C:\Users\nicks\.stmcufinder\plugins\mcufinder//mcu/cs/
2025-10-05 16:22:12,703 [INFO] RulesReader:64 - Compatibility file has been processed (317 Rules)
2025-10-05 16:22:12,770 [INFO] DbMcusXml:78 - Set database path to: C:\ST\STM32CubeIDE_1.19.0\STM32CubeIDE\plugins\com.st.stm32cube.common.mx_6.15.0.202507011659\\db\/mcu/
2025-10-05 16:22:12,770 [INFO] ApiDb:274 - Set plugin database path to: C:\ST\STM32CubeIDE_1.19.0\STM32CubeIDE\plugins\com.st.stm32cube.common.mx_6.15.0.202507011659\\db\/plugins/boardmanager/
2025-10-05 16:22:12,770 [INFO] ApiDb:261 - Set plugin images path to: C:\ST\STM32CubeIDE_1.19.0\STM32CubeIDE\plugins\com.st.stm32cube.common.mx_6.15.0.202507011659\\db\/plugins/mcufinder/images/
2025-10-05 16:22:12,770 [WARN] DbFile:41 - Overriding database path with different value: C:\Users\nicks\.stmcufinder\plugins\mcufinder/ => C:\Users\nicks\.stmcufinder\plugins\mcufinder
2025-10-05 16:22:12,770 [INFO] ApiDb:250 - Set database path to: C:\Users\nicks\.stmcufinder\plugins\mcufinder//mcu/
2025-10-05 16:22:12,770 [WARN] DbFile:41 - Overriding database path with different value: C:\Users\nicks\.stmcufinder\plugins\mcufinder/ => C:\Users\nicks\.stmcufinder\plugins\mcufinder
2025-10-05 16:22:12,770 [INFO] DbMcusAds:125 - Set database path to: C:\Users\nicks\.stmcufinder\plugins\mcufinder//mcu/
2025-10-05 16:22:12,770 [WARN] DbFile:41 - Overriding database path with different value: C:\Users\nicks\.stmcufinder\plugins\mcufinder/ => C:\Users\nicks\.stmcufinder\plugins\mcufinder
2025-10-05 16:22:12,770 [WARN] DbFile:41 - Overriding database path with different value: C:\Users\nicks\.stmcufinder\plugins\mcufinder/ => C:\Users\nicks\.stmcufinder\plugins\mcufinder
2025-10-05 16:22:12,770 [INFO] CrossReferenceDbSqlite:203 - Set database path to: C:\Users\nicks\.stmcufinder\plugins\mcufinder//mcu/cs/
2025-10-05 16:22:12,822 [INFO] MainPanel:274 - HeapMemory: 268435456
2025-10-05 16:22:12,895 [INFO] DbMcusXml:78 - Set database path to: C:\ST\STM32CubeIDE_1.19.0\STM32CubeIDE\plugins\com.st.stm32cube.common.mx_6.15.0.202507011659\\db\/mcu/
2025-10-05 16:22:12,895 [INFO] ApiDb:274 - Set plugin database path to: C:\ST\STM32CubeIDE_1.19.0\STM32CubeIDE\plugins\com.st.stm32cube.common.mx_6.15.0.202507011659\\db\/plugins/boardmanager/
2025-10-05 16:22:12,895 [INFO] ApiDb:261 - Set plugin images path to: C:\ST\STM32CubeIDE_1.19.0\STM32CubeIDE\plugins\com.st.stm32cube.common.mx_6.15.0.202507011659\\db\/plugins/mcufinder/images/
2025-10-05 16:22:12,896 [WARN] DbFile:41 - Overriding database path with different value: C:\Users\nicks\.stmcufinder\plugins\mcufinder/ => C:\Users\nicks\.stmcufinder\plugins\mcufinder
2025-10-05 16:22:12,896 [INFO] ApiDb:250 - Set database path to: C:\Users\nicks\.stmcufinder\plugins\mcufinder//mcu/
2025-10-05 16:22:12,896 [WARN] DbFile:41 - Overriding database path with different value: C:\Users\nicks\.stmcufinder\plugins\mcufinder/ => C:\Users\nicks\.stmcufinder\plugins\mcufinder
2025-10-05 16:22:12,896 [INFO] DbMcusAds:125 - Set database path to: C:\Users\nicks\.stmcufinder\plugins\mcufinder//mcu/
2025-10-05 16:22:12,896 [WARN] DbFile:41 - Overriding database path with different value: C:\Users\nicks\.stmcufinder\plugins\mcufinder/ => C:\Users\nicks\.stmcufinder\plugins\mcufinder
2025-10-05 16:22:12,896 [WARN] DbFile:41 - Overriding database path with different value: C:\Users\nicks\.stmcufinder\plugins\mcufinder/ => C:\Users\nicks\.stmcufinder\plugins\mcufinder
2025-10-05 16:22:12,896 [INFO] CrossReferenceDbSqlite:203 - Set database path to: C:\Users\nicks\.stmcufinder\plugins\mcufinder//mcu/cs/
2025-10-05 16:22:12,909 [INFO] ApplicationProperties:184 - Using Application install path: C:\ST\STM32CubeIDE_1.19.0\STM32CubeIDE\plugins\com.st.stm32cube.common.mx_6.15.0.202507011659
2025-10-05 16:22:12,910 [INFO] PluginManage:196 - Search for loadable plugins [exclusion list=, ]
2025-10-05 16:22:12,910 [INFO] PluginManage:310 - Check plugin analytics
2025-10-05 16:22:13,010 [INFO] AnalyticsPlugin:253 - Accepted Software Licenses: 
2025-10-05 16:22:13,010 [INFO] AnalyticsPlugin:255 - Accepted CMSIS Pack Licenses: 
2025-10-05 16:22:13,010 [INFO] AnalyticsPlugin:257 - Accepted Firmware Licenses: FW.F4.1.28.0,FW.H7.1.12.0,FW.H7.1.11.0
2025-10-05 16:22:13,011 [INFO] PluginManage:359 - Loaded plugin analytics (category:tool,tabindex:-1)
2025-10-05 16:22:13,012 [INFO] PluginManage:310 - Check plugin cadmodel
2025-10-05 16:22:13,016 [INFO] CADModel:105 - Init CAD model plugin
2025-10-05 16:22:13,016 [INFO] PluginManage:359 - Loaded plugin cadmodel (category:power,tabindex:5)
2025-10-05 16:22:13,016 [INFO] PluginManage:310 - Check plugin clock
2025-10-05 16:22:13,022 [INFO] PluginManage:359 - Loaded plugin clock (category:base,tabindex:2)
2025-10-05 16:22:13,022 [INFO] PluginManage:310 - Check plugin ddr
2025-10-05 16:22:13,024 [INFO] PluginManage:359 - Loaded plugin ddr (category:tool,tabindex:6)
2025-10-05 16:22:13,024 [INFO] PluginManage:310 - Check plugin filemanager
2025-10-05 16:22:13,127 [INFO] PluginManage:359 - Loaded plugin filemanager (category:base,tabindex:10)
2025-10-05 16:22:13,127 [INFO] PluginManage:310 - Check plugin ipmanager
2025-10-05 16:22:13,132 [INFO] PluginManage:359 - Loaded plugin ipmanager (category:base,tabindex:5)
2025-10-05 16:22:13,132 [INFO] PluginManage:310 - Check plugin lpbam
2025-10-05 16:22:13,137 [INFO] PluginManage:359 - Loaded plugin lpbam (category:base,tabindex:0)
2025-10-05 16:22:13,138 [INFO] PluginManage:310 - Check plugin memorymap
2025-10-05 16:22:13,153 [INFO] PluginManage:359 - Loaded plugin memorymap (category:base,tabindex:4)
2025-10-05 16:22:13,153 [INFO] PluginManage:310 - Check plugin pinoutandconfiguration
2025-10-05 16:22:13,161 [INFO] PluginManage:359 - Loaded plugin pinoutandconfiguration (category:base,tabindex:1)
2025-10-05 16:22:13,161 [INFO] PluginManage:310 - Check plugin pinoutconfig
2025-10-05 16:22:13,218 [WARN] SupportedApi:132 - Cannot load RTOS API schema: s4s-elt-must-match.1: The content of 'definitions' must match (annotation?, (simpleType | complexType)?, (unique | key | keyref)*)). A problem was found starting at: attribute.
2025-10-05 16:22:13,310 [INFO] PluginManage:359 - Loaded plugin pinoutconfig (category:base,tabindex:0)
2025-10-05 16:22:13,310 [INFO] PluginManage:310 - Check plugin power
2025-10-05 16:22:13,317 [INFO] PluginManage:359 - Loaded plugin power (category:power,tabindex:4)
2025-10-05 16:22:13,317 [INFO] PluginManage:310 - Check plugin projectmanager
2025-10-05 16:22:13,328 [INFO] PluginManage:359 - Loaded plugin projectmanager (category:projectmanager,tabindex:4)
2025-10-05 16:22:13,328 [INFO] PluginManage:310 - Check plugin rif
2025-10-05 16:22:13,335 [INFO] PluginManage:359 - Loaded plugin rif (category:base,tabindex:3)
2025-10-05 16:22:13,335 [INFO] PluginManage:310 - Check plugin thirdparty
2025-10-05 16:22:13,419 [INFO] PluginManage:359 - Loaded plugin thirdparty (category:base,tabindex:-1)
2025-10-05 16:22:13,419 [WARN] IntegrityCheckThread:84 - waiting for thirdparty lock release [integrity check]
2025-10-05 16:22:13,419 [INFO] PluginManage:310 - Check plugin tools
2025-10-05 16:22:13,419 [INFO] IntegrityCheckThread:86 - entering critical section [integrity check]
2025-10-05 16:22:13,419 [INFO] ThirdPartyUpdaterWithRetryManager:70 - Updater plugin not ready yet. [1/15]
2025-10-05 16:22:13,421 [INFO] PluginManage:359 - Loaded plugin tools (category:base,tabindex:7)
2025-10-05 16:22:13,421 [INFO] PluginManage:310 - Check plugin tutovideos
2025-10-05 16:22:13,551 [INFO] PluginManage:359 - Loaded plugin tutovideos (category:base,tabindex:-1)
2025-10-05 16:22:13,552 [INFO] PluginManage:310 - Check plugin updater
2025-10-05 16:22:13,566 [INFO] PluginManage:359 - Loaded plugin updater (category:base,tabindex:12)
2025-10-05 16:22:13,566 [INFO] PluginManage:310 - Check plugin userauth
2025-10-05 16:22:13,568 [INFO] UserAuth:118 - Init User Auth plugin
2025-10-05 16:22:13,569 [INFO] PluginManage:359 - Loaded plugin userauth (category:base,tabindex:14)
2025-10-05 16:22:13,569 [INFO] PluginManage:283 - PluginManage : Loaded plugins [18]
2025-10-05 16:22:13,706 [INFO] PinOutPanel:1589 - setPackage(No Configuration,No Configuration)
2025-10-05 16:22:13,757 [INFO] CADModel:165 - CPN selected for project level
2025-10-05 16:22:13,757 [INFO] CADModel:114 - Register for checkConnection events
2025-10-05 16:22:13,768 [INFO] IPUIPlugin:80 - create IPUIPlugin
2025-10-05 16:22:13,768 [INFO] PluginManager:220 - loadIPPluginJar : add adc
2025-10-05 16:22:13,770 [INFO] IPUIPlugin:80 - create IPUIPlugin
2025-10-05 16:22:13,770 [INFO] PluginManager:220 - loadIPPluginJar : add aes
2025-10-05 16:22:13,771 [INFO] IPUIPlugin:80 - create IPUIPlugin
2025-10-05 16:22:13,771 [INFO] PluginManager:220 - loadIPPluginJar : add can
2025-10-05 16:22:13,773 [INFO] IPUIPlugin:80 - create IPUIPlugin
2025-10-05 16:22:13,773 [INFO] PluginManager:220 - loadIPPluginJar : add comp
2025-10-05 16:22:13,774 [INFO] IPUIPlugin:80 - create IPUIPlugin
2025-10-05 16:22:13,774 [INFO] PluginManager:220 - loadIPPluginJar : add cryp
2025-10-05 16:22:13,776 [INFO] IPUIPlugin:80 - create IPUIPlugin
2025-10-05 16:22:13,776 [INFO] PluginManager:220 - loadIPPluginJar : add ddr_ctrl_phy
2025-10-05 16:22:13,777 [INFO] IPUIPlugin:80 - create IPUIPlugin
2025-10-05 16:22:13,777 [INFO] PluginManager:220 - loadIPPluginJar : add dfsdm
2025-10-05 16:22:13,781 [INFO] IPUIPlugin:80 - create IPUIPlugin
2025-10-05 16:22:13,781 [INFO] PluginManager:220 - loadIPPluginJar : add dma
2025-10-05 16:22:13,782 [INFO] IPUIPlugin:80 - create IPUIPlugin
2025-10-05 16:22:13,782 [INFO] PluginManager:220 - loadIPPluginJar : add dma3
2025-10-05 16:22:13,784 [INFO] IPUIPlugin:80 - create IPUIPlugin
2025-10-05 16:22:13,784 [INFO] PluginManager:220 - loadIPPluginJar : add extmemmanager
2025-10-05 16:22:13,785 [INFO] IPUIPlugin:80 - create IPUIPlugin
2025-10-05 16:22:13,785 [INFO] PluginManager:220 - loadIPPluginJar : add fatfs
2025-10-05 16:22:13,788 [INFO] IPUIPlugin:80 - create IPUIPlugin
2025-10-05 16:22:13,788 [INFO] PluginManager:220 - loadIPPluginJar : add fmc
2025-10-05 16:22:13,792 [INFO] IPUIPlugin:80 - create IPUIPlugin
2025-10-05 16:22:13,792 [INFO] PluginManager:220 - loadIPPluginJar : add freertos
2025-10-05 16:22:13,793 [INFO] IPUIPlugin:80 - create IPUIPlugin
2025-10-05 16:22:13,793 [INFO] PluginManager:220 - loadIPPluginJar : add genericplugin
2025-10-05 16:22:13,794 [INFO] IPUIPlugin:80 - create IPUIPlugin
2025-10-05 16:22:13,795 [INFO] PluginManager:220 - loadIPPluginJar : add gfxmmu
2025-10-05 16:22:13,797 [INFO] IPUIPlugin:80 - create IPUIPlugin
2025-10-05 16:22:13,797 [INFO] PluginManager:220 - loadIPPluginJar : add gic
2025-10-05 16:22:13,799 [INFO] IPUIPlugin:80 - create IPUIPlugin
2025-10-05 16:22:13,799 [INFO] PluginManager:220 - loadIPPluginJar : add gpio
2025-10-05 16:22:13,801 [INFO] IPUIPlugin:80 - create IPUIPlugin
2025-10-05 16:22:13,801 [INFO] PluginManager:220 - loadIPPluginJar : add gtzc
2025-10-05 16:22:13,802 [INFO] IPUIPlugin:80 - create IPUIPlugin
2025-10-05 16:22:13,803 [INFO] PluginManager:220 - loadIPPluginJar : add hash
2025-10-05 16:22:13,804 [INFO] IPUIPlugin:80 - create IPUIPlugin
2025-10-05 16:22:13,804 [INFO] PluginManager:220 - loadIPPluginJar : add i2c
2025-10-05 16:22:13,806 [INFO] IPUIPlugin:80 - create IPUIPlugin
2025-10-05 16:22:13,806 [INFO] PluginManager:220 - loadIPPluginJar : add i2s
2025-10-05 16:22:13,808 [INFO] IPUIPlugin:80 - create IPUIPlugin
2025-10-05 16:22:13,808 [INFO] PluginManager:220 - loadIPPluginJar : add i3c
2025-10-05 16:22:13,809 [INFO] IPUIPlugin:80 - create IPUIPlugin
2025-10-05 16:22:13,810 [INFO] PluginManager:220 - loadIPPluginJar : add ipddr
2025-10-05 16:22:13,814 [INFO] IPUIPlugin:80 - create IPUIPlugin
2025-10-05 16:22:13,814 [INFO] PluginManager:220 - loadIPPluginJar : add linkedlist
2025-10-05 16:22:13,815 [INFO] IPUIPlugin:80 - create IPUIPlugin
2025-10-05 16:22:13,816 [INFO] PluginManager:220 - loadIPPluginJar : add lorawan
2025-10-05 16:22:13,816 [INFO] IPUIPlugin:80 - create IPUIPlugin
2025-10-05 16:22:13,816 [INFO] PluginManager:220 - loadIPPluginJar : add ltdc
2025-10-05 16:22:13,819 [INFO] IPUIPlugin:80 - create IPUIPlugin
2025-10-05 16:22:13,819 [INFO] PluginManager:220 - loadIPPluginJar : add mdma
2025-10-05 16:22:13,822 [INFO] IPUIPlugin:80 - create IPUIPlugin
2025-10-05 16:22:13,822 [INFO] PluginManager:220 - loadIPPluginJar : add nvic
2025-10-05 16:22:13,824 [INFO] IPUIPlugin:80 - create IPUIPlugin
2025-10-05 16:22:13,824 [INFO] PluginManager:220 - loadIPPluginJar : add opamp
2025-10-05 16:22:13,826 [INFO] IPUIPlugin:80 - create IPUIPlugin
2025-10-05 16:22:13,826 [INFO] PluginManager:220 - loadIPPluginJar : add openamp
2025-10-05 16:22:13,828 [INFO] IPUIPlugin:80 - create IPUIPlugin
2025-10-05 16:22:13,828 [INFO] PluginManager:220 - loadIPPluginJar : add pdm2pcm
2025-10-05 16:22:13,832 [INFO] IPUIPlugin:80 - create IPUIPlugin
2025-10-05 16:22:13,833 [INFO] PluginManager:220 - loadIPPluginJar : add plateformsettings
2025-10-05 16:22:13,834 [INFO] IPUIPlugin:80 - create IPUIPlugin
2025-10-05 16:22:13,834 [INFO] PluginManager:220 - loadIPPluginJar : add quadspi
2025-10-05 16:22:13,835 [INFO] IPUIPlugin:80 - create IPUIPlugin
2025-10-05 16:22:13,836 [INFO] PluginManager:220 - loadIPPluginJar : add radio
2025-10-05 16:22:13,838 [INFO] IPUIPlugin:80 - create IPUIPlugin
2025-10-05 16:22:13,838 [INFO] PluginManager:220 - loadIPPluginJar : add resmgrutility
2025-10-05 16:22:13,841 [INFO] IPUIPlugin:80 - create IPUIPlugin
2025-10-05 16:22:13,841 [INFO] PluginManager:220 - loadIPPluginJar : add sai
2025-10-05 16:22:13,842 [INFO] IPUIPlugin:80 - create IPUIPlugin
2025-10-05 16:22:13,843 [INFO] PluginManager:220 - loadIPPluginJar : add spi
2025-10-05 16:22:13,846 [INFO] IPUIPlugin:80 - create IPUIPlugin
2025-10-05 16:22:13,846 [INFO] PluginManager:220 - loadIPPluginJar : add stm32_wpan
2025-10-05 16:22:13,847 [INFO] IPUIPlugin:80 - create IPUIPlugin
2025-10-05 16:22:13,847 [INFO] PluginManager:220 - loadIPPluginJar : add tim
2025-10-05 16:22:13,849 [INFO] IPUIPlugin:80 - create IPUIPlugin
2025-10-05 16:22:13,850 [INFO] PluginManager:220 - loadIPPluginJar : add touchsensing
2025-10-05 16:22:13,851 [INFO] IPUIPlugin:80 - create IPUIPlugin
2025-10-05 16:22:13,851 [INFO] PluginManager:220 - loadIPPluginJar : add tracer_emb
2025-10-05 16:22:13,852 [INFO] IPUIPlugin:80 - create IPUIPlugin
2025-10-05 16:22:13,852 [INFO] PluginManager:220 - loadIPPluginJar : add ts
2025-10-05 16:22:13,853 [INFO] IPUIPlugin:80 - create IPUIPlugin
2025-10-05 16:22:13,853 [INFO] PluginManager:220 - loadIPPluginJar : add tsc
2025-10-05 16:22:13,855 [INFO] IPUIPlugin:80 - create IPUIPlugin
2025-10-05 16:22:13,855 [INFO] PluginManager:220 - loadIPPluginJar : add ucpd
2025-10-05 16:22:13,856 [INFO] IPUIPlugin:80 - create IPUIPlugin
2025-10-05 16:22:13,856 [INFO] PluginManager:220 - loadIPPluginJar : add usart
2025-10-05 16:22:13,858 [INFO] IPUIPlugin:80 - create IPUIPlugin
2025-10-05 16:22:13,859 [INFO] PluginManager:220 - loadIPPluginJar : add usbx
2025-10-05 16:22:13,965 [FATAL] Updater:351 - Updater called before beeing initialized
2025-10-05 16:22:13,981 [INFO] RulesReader:64 - Compatibility file has been processed (317 Rules)
2025-10-05 16:22:13,987 [INFO] RulesReader:64 - Compatibility file has been processed (317 Rules)
2025-10-05 16:22:13,992 [INFO] CADModel:165 - CPN selected for project level
2025-10-05 16:22:13,992 [INFO] CADModel:114 - Register for checkConnection events
2025-10-05 16:22:13,992 [FATAL] Updater:351 - Updater called before beeing initialized
2025-10-05 16:22:13,992 [ERROR] CADModel:125 - Updater not yet initialized, retry later 
2025-10-05 16:22:14,090 [FATAL] Updater:351 - Updater called before beeing initialized
2025-10-05 16:22:14,091 [INFO] CADModel:165 - CPN selected for project level
2025-10-05 16:22:14,091 [INFO] CADModel:114 - Register for checkConnection events
2025-10-05 16:22:14,092 [FATAL] Updater:351 - Updater called before beeing initialized
2025-10-05 16:22:14,092 [ERROR] CADModel:125 - Updater not yet initialized, retry later 
2025-10-05 16:22:14,094 [FATAL] Updater:351 - Updater called before beeing initialized
2025-10-05 16:22:14,164 [FATAL] Updater:351 - Updater called before beeing initialized
2025-10-05 16:22:14,167 [INFO] DbMcusAds:53 - JSON generation date=Tue Jul 08 18:14:23 AEST 2025 (1751962463562)
2025-10-05 16:22:14,167 [FATAL] Updater:351 - Updater called before beeing initialized
2025-10-05 16:22:14,194 [WARN] DetailPanel:346 - Failed to get advertising image, set to default
2025-10-05 16:22:14,257 [FATAL] Updater:351 - Updater called before beeing initialized
2025-10-05 16:22:14,258 [FATAL] Updater:351 - Updater called before beeing initialized
2025-10-05 16:22:14,258 [FATAL] Updater:351 - Updater called before beeing initialized
2025-10-05 16:22:14,258 [WARN] DetailPanel:346 - Failed to get advertising image, set to default
2025-10-05 16:22:14,259 [FATAL] Updater:351 - Updater called before beeing initialized
2025-10-05 16:22:14,288 [ERROR] Updater:1198 - MainUpdater not yet initialized. External WinMGr cannot be set.
2025-10-05 16:22:14,289 [INFO] Updater:1134 - Updater Version found : 6.15.0
2025-10-05 16:22:14,301 [INFO] ApplicationProperties:184 - Using Application install path: C:\ST\STM32CubeIDE_1.19.0\STM32CubeIDE\plugins\com.st.stm32cube.common.mx_6.15.0.202507011659
2025-10-05 16:22:14,534 [INFO] MainUpdater:2872 - connection check result : 10
2025-10-05 16:22:14,535 [INFO] MainUpdater:289 - Updater Check For Update Now.
2025-10-05 16:22:14,535 [INFO] MicroXplorer:498 - Change Database Version : DB.6.0.150
2025-10-05 16:22:14,539 [INFO] McuFinderGlobals:63 - Set McuFinder mode to 2 (CubeIDE integrated)
2025-10-05 16:22:14,540 [INFO] UserAuth:487 - Internet connection configuration mode: 1
2025-10-05 16:22:14,556 [INFO] JxBrowserEngine:152 - Initiate JxBrowser Engine with user profile folder
2025-10-05 16:22:14,685 [INFO] CheckServerUpdateThread:120 - End of CheckServer Thread
2025-10-05 16:22:15,514 [INFO] WebApp:169 - Instantiating new browser for Auth
2025-10-05 16:22:15,965 [INFO] WebApp:463 - Apply proxy settings
2025-10-05 16:22:15,965 [INFO] WebApp:548 - Chromium requires no authentication
2025-10-05 16:22:15,974 [INFO] WebApp:491 - Direct internet connection detected
2025-10-05 16:22:15,992 [INFO] WebApp:900 - Register for checkConnection events
2025-10-05 16:22:15,992 [INFO] WebApp:463 - Apply proxy settings
2025-10-05 16:22:15,993 [INFO] WebApp:548 - Chromium requires no authentication
2025-10-05 16:22:15,993 [INFO] WebApp:491 - Direct internet connection detected
2025-10-05 16:22:16,108 [INFO] WebApp:225 - Starting web application
2025-10-05 16:22:16,108 [INFO] WebApp:593 - Web application path used C:\ST\STM32CubeIDE_1.19.0\STM32CubeIDE\plugins\com.st.stm32cube.common.mx_6.15.0.202507011659\db\plugins\mcufinder\reactClient1\index.html
2025-10-05 16:22:16,213 [INFO] UserAuth:487 - Internet connection configuration mode: 1
2025-10-05 16:22:16,384 [INFO] WebApp:191 - Connection restablished
2025-10-05 16:22:16,611 [WARN] PackLoader:240 - Cannot read IP mode file for STMicroelectronics.FP-SNS-MOTENVWB1.1.4.0
2025-10-05 16:22:16,616 [WARN] PackLoader:240 - Cannot read IP mode file for STMicroelectronics.FP-ATR-ASTRA1.2.0.2
2025-10-05 16:22:16,618 [WARN] PackLoader:240 - Cannot read IP mode file for STMicroelectronics.FP-ATR-ASTRA1.2.0.1
2025-10-05 16:22:16,624 [WARN] PackLoader:240 - Cannot read IP mode file for STMicroelectronics.X-CUBE-SMBUS.2.1.0
2025-10-05 16:22:16,628 [WARN] PackLoader:240 - Cannot read IP mode file for STMicroelectronics.X-CUBE-WB05N.1.1.0
2025-10-05 16:22:16,632 [WARN] PackLoader:240 - Cannot read IP mode file for STMicroelectronics.X-CUBE-ST60.1.0.0
2025-10-05 16:22:16,652 [WARN] PackLoader:240 - Cannot read IP mode file for STMicroelectronics.X-CUBE-AZRTOS-F7.1.1.0
2025-10-05 16:22:16,658 [WARN] PackLoader:240 - Cannot read IP mode file for STMicroelectronics.FP-SNS-FLIGHT1.5.0.2
2025-10-05 16:22:16,685 [WARN] PackLoader:240 - Cannot read IP mode file for Infineon.AIROC-Wi-Fi-Bluetooth-STM32.1.7.0
2025-10-05 16:22:16,711 [WARN] PackLoader:240 - Cannot read IP mode file for STMicroelectronics.X-CUBE-AZRTOS-H7.3.4.0
2025-10-05 16:22:16,720 [WARN] PackLoader:240 - Cannot read IP mode file for STMicroelectronics.X-CUBE-DISPLAY.3.0.0
2025-10-05 16:22:16,745 [WARN] PackLoader:240 - Cannot read IP mode file for STMicroelectronics.X-CUBE-NFC10.1.0.0
2025-10-05 16:22:16,758 [WARN] PackLoader:240 - Cannot read IP mode file for STMicroelectronics.X-CUBE-BLEMGR.4.0.0
2025-10-05 16:22:16,765 [WARN] PackLoader:240 - Cannot read IP mode file for emotas.I-CUBE-CANOPEN.1.3.0
2025-10-05 16:22:16,769 [WARN] ConditionMgr:438 - getConditionDescription Invalid condition id : Cortex-A Device cause : null
2025-10-05 16:22:16,776 [WARN] ConditionMgr:1044 - genDependencies : Invalid condition id : Cortex-A Device cause : null
2025-10-05 16:22:16,777 [WARN] ConditionMgr:1044 - genDependencies : Invalid condition id : Cortex-A Device cause : null
2025-10-05 16:22:16,777 [WARN] ConditionMgr:1044 - genDependencies : Invalid condition id : Cortex-A Device cause : null
2025-10-05 16:22:16,779 [WARN] PackLoader:240 - Cannot read IP mode file for STMicroelectronics.X-CUBE-AI.10.0.0
2025-10-05 16:22:16,784 [WARN] PackLoader:240 - Cannot read IP mode file for STMicroelectronics.FP-SNS-STBOX1.2.1.0
2025-10-05 16:22:16,788 [WARN] PackLoader:240 - Cannot read IP mode file for STMicroelectronics.FP-SNS-SMARTAG2.1.2.0
2025-10-05 16:22:16,791 [WARN] PackLoader:240 - Cannot read IP mode file for STMicroelectronics.FP-SNS-FLIGHT1.5.1.0
2025-10-05 16:22:16,796 [INFO] LogOutputStream:77 - [STDOUT_REDIRECT] 1 : Invalid condition id : UX_CORESTACK_Condition cause : null
2025-10-05 16:22:16,796 [INFO] LogOutputStream:77 - [STDOUT_REDIRECT] 1 : Invalid condition id : UX_CORESTACK_Condition cause : null
2025-10-05 16:22:16,797 [INFO] LogOutputStream:77 - [STDOUT_REDIRECT] 1 : Invalid condition id : UX_CORESTACK_Condition cause : null
2025-10-05 16:22:16,798 [INFO] LogOutputStream:77 - [STDOUT_REDIRECT] 1 : Invalid condition id : UX_CORESTACK_Condition cause : null
2025-10-05 16:22:16,798 [INFO] LogOutputStream:77 - [STDOUT_REDIRECT] 1 : Invalid condition id : UX_CORESTACK_Condition cause : null
2025-10-05 16:22:16,800 [WARN] PackLoader:240 - Cannot read IP mode file for STMicroelectronics.X-CUBE-AZRTOS-WL.2.0.0
2025-10-05 16:22:16,804 [WARN] PackLoader:240 - Cannot read IP mode file for STMicroelectronics.FP-SNS-MOTENV1.5.0.0
2025-10-05 16:22:16,810 [WARN] PackLoader:240 - Cannot read IP mode file for WES.I-CUBE-Cesium.1.3.0
2025-10-05 16:22:16,813 [WARN] PackLoader:240 - Cannot read IP mode file for STMicroelectronics.X-CUBE-BLE2.3.3.0
2025-10-05 16:22:16,817 [WARN] PackLoader:240 - Cannot read IP mode file for STMicroelectronics.X-CUBE-NFC9.1.0.0
2025-10-05 16:22:16,822 [WARN] PackLoader:240 - Cannot read IP mode file for STMicroelectronics.X-CUBE-BLE1.7.1.0
2025-10-05 16:22:16,825 [WARN] PackLoader:240 - Cannot read IP mode file for wolfSSL.I-CUBE-wolfMQTT.1.19.2
2025-10-05 16:22:16,831 [WARN] PackLoader:240 - Cannot read IP mode file for STMicroelectronics.X-CUBE-EEPRMA1.5.2.0
2025-10-05 16:22:16,835 [WARN] PackLoader:240 - Cannot read IP mode file for STMicroelectronics.X-CUBE-AI.10.1.0
2025-10-05 16:22:16,857 [WARN] PackLoader:240 - Cannot read IP mode file for STMicroelectronics.X-CUBE-MEMS1.11.2.0
2025-10-05 16:22:16,938 [WARN] PackLoader:240 - Cannot read IP mode file for STMicroelectronics.X-CUBE-AZRTOS-G0.1.1.0
2025-10-05 16:22:16,943 [WARN] PackLoader:240 - Cannot read IP mode file for STMicroelectronics.X-CUBE-SAFEA1.1.2.2
2025-10-05 16:22:16,946 [WARN] PackLoader:240 - Cannot read IP mode file for STMicroelectronics.X-CUBE-NFC4.3.0.0
2025-10-05 16:22:16,951 [WARN] PackLoader:240 - Cannot read IP mode file for EmbeddedOffice.I-CUBE-FS-RTOS.1.0.1
2025-10-05 16:22:16,954 [WARN] PackLoader:240 - Cannot read IP mode file for STMicroelectronics.X-CUBE-WB05N.2.0.0
2025-10-05 16:22:16,958 [WARN] PackLoader:240 - Cannot read IP mode file for wolfSSL.I-CUBE-wolfTPM.3.8.0
2025-10-05 16:22:16,962 [WARN] PackLoader:240 - Cannot read IP mode file for STMicroelectronics.X-CUBE-TCPP.4.2.0
2025-10-05 16:22:16,966 [WARN] PackLoader:240 - Cannot read IP mode file for RealThread.X-CUBE-RT-Thread_Nano.4.1.1
2025-10-05 16:22:16,969 [WARN] PackLoader:240 - Cannot read IP mode file for STMicroelectronics.FP-ATR-SIGFOX1.3.2.0
2025-10-05 16:22:16,972 [WARN] PackLoader:240 - Cannot read IP mode file for STMicroelectronics.X-CUBE-EEPRMA1.5.1.0
2025-10-05 16:22:16,975 [WARN] PackLoader:240 - Cannot read IP mode file for wolfSSL.I-CUBE-wolfSSL.5.7.6
2025-10-05 16:22:16,978 [WARN] PackLoader:240 - Cannot read IP mode file for ITTIA_DB.I-CUBE-ITTIADB.8.9.0
2025-10-05 16:22:16,981 [WARN] PackLoader:240 - Cannot read IP mode file for STMicroelectronics.X-CUBE-ST67W61.1.0.0
2025-10-05 16:22:16,984 [WARN] PackLoader:240 - Cannot read IP mode file for STMicroelectronics.X-CUBE-AI.10.2.0
2025-10-05 16:22:16,999 [WARN] PackLoader:240 - Cannot read IP mode file for SEGGER.I-CUBE-embOS.1.3.1
2025-10-05 16:22:17,014 [WARN] PackLoader:240 - Cannot read IP mode file for STMicroelectronics.X-CUBE-ALGOBUILD.1.4.0
2025-10-05 16:22:17,034 [WARN] PackLoader:240 - Cannot read IP mode file for STMicroelectronics.X-CUBE-MEMS1.11.3.0
2025-10-05 16:22:17,090 [WARN] PackLoader:240 - Cannot read IP mode file for STMicroelectronics.X-CUBE-PM33A1.1.0.0
2025-10-05 16:22:17,097 [WARN] PackLoader:240 - Cannot read IP mode file for STMicroelectronics.X-CUBE-AZRTOS-F4.1.1.0
2025-10-05 16:22:17,106 [WARN] PackLoader:240 - Cannot read IP mode file for Avnet-IotConnect.X-CUBE-IoTC-DA16k-PMOD.1.0.0
2025-10-05 16:22:17,110 [WARN] PackLoader:240 - Cannot read IP mode file for STMicroelectronics.X-CUBE-ISPU.2.1.0
2025-10-05 16:22:17,114 [WARN] PackLoader:240 - Cannot read IP mode file for STMicroelectronics.X-CUBE-NFC12.1.0.0
2025-10-05 16:22:17,124 [WARN] PackLoader:240 - Cannot read IP mode file for STMicroelectronics.X-CUBE-AZRTOS-L5.2.0.0
2025-10-05 16:22:17,131 [WARN] PackLoader:240 - Cannot read IP mode file for STMicroelectronics.X-CUBE-NFC6.3.1.0
2025-10-05 16:22:17,137 [WARN] PackLoader:240 - Cannot read IP mode file for STMicroelectronics.X-CUBE-FREERTOS.1.3.1
2025-10-05 16:22:17,141 [WARN] PackLoader:240 - Cannot read IP mode file for STMicroelectronics.X-CUBE-FREERTOS.1.3.0
2025-10-05 16:22:17,144 [WARN] PackLoader:240 - Cannot read IP mode file for STMicroelectronics.X-CUBE-NFC7.1.0.1
2025-10-05 16:22:17,149 [WARN] PackLoader:240 - Cannot read IP mode file for STMicroelectronics.X-CUBE-TOUCHGFX.4.26.0
2025-10-05 16:22:17,153 [WARN] PackLoader:240 - Cannot read IP mode file for STMicroelectronics.FP-SNS-STAIOTCFT.1.0.0
2025-10-05 16:22:17,164 [WARN] PackLoader:240 - Cannot read IP mode file for STMicroelectronics.X-CUBE-DPower.1.3.0
2025-10-05 16:22:17,176 [WARN] ConditionMgr:438 - getConditionDescription Invalid condition id : LAN8742 Phy interface Condition cause : null
2025-10-05 16:22:17,176 [WARN] PackLoader:240 - Cannot read IP mode file for STMicroelectronics.X-CUBE-AZRTOS-L4.2.0.0
2025-10-05 16:22:17,177 [WARN] ConditionMgr:1044 - genDependencies : Invalid condition id : LAN8742 Phy interface Condition cause : null
2025-10-05 16:22:17,177 [WARN] ConditionMgr:1044 - genDependencies : Invalid condition id : LAN8742 Phy interface Condition cause : null
2025-10-05 16:22:17,178 [WARN] ConditionMgr:1044 - genDependencies : Invalid condition id : LAN8742 Phy interface Condition cause : null
2025-10-05 16:22:17,183 [WARN] PackLoader:240 - Cannot read IP mode file for STMicroelectronics.X-CUBE-SFXS2LP1.4.0.0
2025-10-05 16:22:17,193 [WARN] PackLoader:240 - Cannot read IP mode file for STMicroelectronics.X-CUBE-AZRTOS-H7.3.3.0
2025-10-05 16:22:17,198 [WARN] PackLoader:240 - Cannot read IP mode file for STMicroelectronics.X-CUBE-BLEMGR.4.1.0
2025-10-05 16:22:17,205 [WARN] ConditionMgr:438 - getConditionDescription Invalid condition id : UX DEVICE CLASS RTOS Condition cause : null
2025-10-05 16:22:17,205 [WARN] ConditionMgr:438 - getConditionDescription Invalid condition id : UX DEVICE CLASS RTOS Condition cause : null
2025-10-05 16:22:17,206 [WARN] PackLoader:240 - Cannot read IP mode file for STMicroelectronics.X-CUBE-AZRTOS-WB.2.0.0
2025-10-05 16:22:17,206 [WARN] ConditionMgr:1044 - genDependencies : Invalid condition id : UX DEVICE CLASS RTOS Condition cause : null
2025-10-05 16:22:17,206 [WARN] ConditionMgr:1044 - genDependencies : Invalid condition id : UX DEVICE CLASS RTOS Condition cause : null
2025-10-05 16:22:17,206 [WARN] ConditionMgr:1044 - genDependencies : Invalid condition id : UX DEVICE CLASS RTOS Condition cause : null
2025-10-05 16:22:17,206 [WARN] ConditionMgr:1044 - genDependencies : Invalid condition id : UX DEVICE CLASS RTOS Condition cause : null
2025-10-05 16:22:17,206 [WARN] ConditionMgr:1044 - genDependencies : Invalid condition id : UX DEVICE CLASS RTOS Condition cause : null
2025-10-05 16:22:17,210 [WARN] PackLoader:240 - Cannot read IP mode file for STMicroelectronics.X-CUBE-GNSS1.7.0.1
2025-10-05 16:22:17,212 [WARN] PackLoader:240 - Cannot read IP mode file for STMicroelectronics.X-CUBE-TOUCHGFX.4.25.0
2025-10-05 16:22:17,214 [WARN] PackLoader:240 - Cannot read IP mode file for STMicroelectronics.FP-SNS-STBOX1.2.0.0
2025-10-05 16:22:17,219 [WARN] PackLoader:240 - Cannot read IP mode file for STMicroelectronics.X-CUBE-SUBG2.5.0.0
2025-10-05 16:22:17,228 [WARN] PackLoader:240 - Cannot read IP mode file for STMicroelectronics.X-CUBE-AZRTOS-H7RS.1.1.0
2025-10-05 16:22:17,232 [WARN] PackLoader:240 - Cannot read IP mode file for Cesanta.I-CUBE-Mongoose.7.13.0
2025-10-05 16:22:17,238 [WARN] PackLoader:240 - Cannot read IP mode file for STMicroelectronics.X-CUBE-AZRTOS-G4.2.0.0
2025-10-05 16:22:17,241 [WARN] PackLoader:240 - Cannot read IP mode file for wolfSSL.I-CUBE-wolfSSH.1.4.20
2025-10-05 16:22:17,244 [WARN] PackLoader:240 - Cannot read IP mode file for STMicroelectronics.X-CUBE-NFC7.2.0.0
2025-10-05 16:22:17,249 [WARN] PackLoader:240 - Cannot read IP mode file for STMicroelectronics.X-CUBE-IPS.3.1.0
2025-10-05 16:22:17,254 [WARN] PackLoader:240 - Cannot read IP mode file for STMicroelectronics.X-CUBE-ALS.1.0.2
2025-10-05 16:22:17,257 [WARN] PackLoader:240 - Cannot read IP mode file for STMicroelectronics.X-CUBE-STSE01.1.0.0
2025-10-05 16:22:17,261 [WARN] PackLoader:240 - Cannot read IP mode file for portGmbH.I-Cube-SoM-uGOAL.1.1.0
2025-10-05 16:22:17,266 [WARN] PackLoader:240 - Cannot read IP mode file for STMicroelectronics.X-CUBE-TOF1.3.4.3
2025-10-05 16:22:17,271 [INFO] ThirdParty:978 - Integrity check success = true
2025-10-05 16:22:17,271 [INFO] IntegrityCheckThread:100 - exiting critical section [integrity check]
2025-10-05 16:22:17,271 [INFO] IntegrityCheckThread:103 - End integrity checks thread
2025-10-05 16:41:51,264 [ERROR] LogOutputStream:75 - [STDERR_REDIRECT] 
