2025-10-28 01:57:50,442 [ERROR] LogOutputStream:75 - [STDERR_REDIRECT] 
2025-10-28 13:26:49,183 [INFO] Activator:176 - 


2025-10-28 13:26:49,184 [INFO] Activator:177 - !SESSION log4j initialized
2025-10-28 13:26:52,916 [INFO] LogOutputStream:77 - [STDOUT_REDIRECT] 
2025-10-28 13:26:54,641 [INFO] ApplicationProperties:184 - Using Application install path: C:\ST\STM32CubeIDE_1.19.0\STM32CubeIDE\plugins\com.st.stm32cube.common.mx_6.15.0.202507011659
2025-10-28 13:26:54,654 [INFO] DbMcusXml:78 - Set database path to: C:\ST\STM32CubeIDE_1.19.0\STM32CubeIDE\plugins\com.st.stm32cube.common.mx_6.15.0.202507011659\\db\/mcu/
2025-10-28 13:26:54,655 [INFO] ApiDb:274 - Set plugin database path to: C:\ST\STM32CubeIDE_1.19.0\STM32CubeIDE\plugins\com.st.stm32cube.common.mx_6.15.0.202507011659\\db\/plugins/boardmanager/
2025-10-28 13:26:54,655 [WARN] ApiDb:259 - Overriding images path with different value:  => C:\ST\STM32CubeIDE_1.19.0\STM32CubeIDE\plugins\com.st.stm32cube.common.mx_6.15.0.202507011659\\db\/plugins/mcufinder/images/
2025-10-28 13:26:54,662 [INFO] ApiDb:250 - Set database path to: C:\Users\nicks\.stmcufinder\plugins\mcufinder//mcu/
2025-10-28 13:26:54,663 [INFO] DbMcusAds:125 - Set database path to: C:\Users\nicks\.stmcufinder\plugins\mcufinder//mcu/
2025-10-28 13:26:54,664 [INFO] CrossReferenceDbSqlite:203 - Set database path to: C:\Users\nicks\.stmcufinder\plugins\mcufinder//mcu/cs/
2025-10-28 13:26:54,732 [INFO] RulesReader:64 - Compatibility file has been processed (317 Rules)
2025-10-28 13:26:54,791 [INFO] DbMcusXml:78 - Set database path to: C:\ST\STM32CubeIDE_1.19.0\STM32CubeIDE\plugins\com.st.stm32cube.common.mx_6.15.0.202507011659\\db\/mcu/
2025-10-28 13:26:54,791 [INFO] ApiDb:274 - Set plugin database path to: C:\ST\STM32CubeIDE_1.19.0\STM32CubeIDE\plugins\com.st.stm32cube.common.mx_6.15.0.202507011659\\db\/plugins/boardmanager/
2025-10-28 13:26:54,791 [INFO] ApiDb:261 - Set plugin images path to: C:\ST\STM32CubeIDE_1.19.0\STM32CubeIDE\plugins\com.st.stm32cube.common.mx_6.15.0.202507011659\\db\/plugins/mcufinder/images/
2025-10-28 13:26:54,791 [WARN] DbFile:41 - Overriding database path with different value: C:\Users\nicks\.stmcufinder\plugins\mcufinder/ => C:\Users\nicks\.stmcufinder\plugins\mcufinder
2025-10-28 13:26:54,791 [INFO] ApiDb:250 - Set database path to: C:\Users\nicks\.stmcufinder\plugins\mcufinder//mcu/
2025-10-28 13:26:54,791 [WARN] DbFile:41 - Overriding database path with different value: C:\Users\nicks\.stmcufinder\plugins\mcufinder/ => C:\Users\nicks\.stmcufinder\plugins\mcufinder
2025-10-28 13:26:54,791 [INFO] DbMcusAds:125 - Set database path to: C:\Users\nicks\.stmcufinder\plugins\mcufinder//mcu/
2025-10-28 13:26:54,791 [WARN] DbFile:41 - Overriding database path with different value: C:\Users\nicks\.stmcufinder\plugins\mcufinder/ => C:\Users\nicks\.stmcufinder\plugins\mcufinder
2025-10-28 13:26:54,791 [WARN] DbFile:41 - Overriding database path with different value: C:\Users\nicks\.stmcufinder\plugins\mcufinder/ => C:\Users\nicks\.stmcufinder\plugins\mcufinder
2025-10-28 13:26:54,791 [INFO] CrossReferenceDbSqlite:203 - Set database path to: C:\Users\nicks\.stmcufinder\plugins\mcufinder//mcu/cs/
2025-10-28 13:26:54,842 [INFO] MainPanel:274 - HeapMemory: 269484032
2025-10-28 13:26:54,913 [INFO] DbMcusXml:78 - Set database path to: C:\ST\STM32CubeIDE_1.19.0\STM32CubeIDE\plugins\com.st.stm32cube.common.mx_6.15.0.202507011659\\db\/mcu/
2025-10-28 13:26:54,913 [INFO] ApiDb:274 - Set plugin database path to: C:\ST\STM32CubeIDE_1.19.0\STM32CubeIDE\plugins\com.st.stm32cube.common.mx_6.15.0.202507011659\\db\/plugins/boardmanager/
2025-10-28 13:26:54,913 [INFO] ApiDb:261 - Set plugin images path to: C:\ST\STM32CubeIDE_1.19.0\STM32CubeIDE\plugins\com.st.stm32cube.common.mx_6.15.0.202507011659\\db\/plugins/mcufinder/images/
2025-10-28 13:26:54,913 [WARN] DbFile:41 - Overriding database path with different value: C:\Users\nicks\.stmcufinder\plugins\mcufinder/ => C:\Users\nicks\.stmcufinder\plugins\mcufinder
2025-10-28 13:26:54,913 [INFO] ApiDb:250 - Set database path to: C:\Users\nicks\.stmcufinder\plugins\mcufinder//mcu/
2025-10-28 13:26:54,913 [WARN] DbFile:41 - Overriding database path with different value: C:\Users\nicks\.stmcufinder\plugins\mcufinder/ => C:\Users\nicks\.stmcufinder\plugins\mcufinder
2025-10-28 13:26:54,913 [INFO] DbMcusAds:125 - Set database path to: C:\Users\nicks\.stmcufinder\plugins\mcufinder//mcu/
2025-10-28 13:26:54,913 [WARN] DbFile:41 - Overriding database path with different value: C:\Users\nicks\.stmcufinder\plugins\mcufinder/ => C:\Users\nicks\.stmcufinder\plugins\mcufinder
2025-10-28 13:26:54,913 [WARN] DbFile:41 - Overriding database path with different value: C:\Users\nicks\.stmcufinder\plugins\mcufinder/ => C:\Users\nicks\.stmcufinder\plugins\mcufinder
2025-10-28 13:26:54,913 [INFO] CrossReferenceDbSqlite:203 - Set database path to: C:\Users\nicks\.stmcufinder\plugins\mcufinder//mcu/cs/
2025-10-28 13:26:54,925 [INFO] ApplicationProperties:184 - Using Application install path: C:\ST\STM32CubeIDE_1.19.0\STM32CubeIDE\plugins\com.st.stm32cube.common.mx_6.15.0.202507011659
2025-10-28 13:26:54,926 [INFO] PluginManage:196 - Search for loadable plugins [exclusion list=, ]
2025-10-28 13:26:54,927 [INFO] PluginManage:310 - Check plugin analytics
2025-10-28 13:26:55,028 [INFO] AnalyticsPlugin:253 - Accepted Software Licenses: 
2025-10-28 13:26:55,028 [INFO] AnalyticsPlugin:255 - Accepted CMSIS Pack Licenses: 
2025-10-28 13:26:55,028 [INFO] AnalyticsPlugin:257 - Accepted Firmware Licenses: FW.F4.1.28.0,FW.H7.1.12.0,FW.H7.1.11.0
2025-10-28 13:26:55,029 [INFO] PluginManage:359 - Loaded plugin analytics (category:tool,tabindex:-1)
2025-10-28 13:26:55,029 [INFO] PluginManage:310 - Check plugin cadmodel
2025-10-28 13:26:55,034 [INFO] CADModel:105 - Init CAD model plugin
2025-10-28 13:26:55,034 [INFO] PluginManage:359 - Loaded plugin cadmodel (category:power,tabindex:5)
2025-10-28 13:26:55,034 [INFO] PluginManage:310 - Check plugin clock
2025-10-28 13:26:55,040 [INFO] PluginManage:359 - Loaded plugin clock (category:base,tabindex:2)
2025-10-28 13:26:55,040 [INFO] PluginManage:310 - Check plugin ddr
2025-10-28 13:26:55,042 [INFO] PluginManage:359 - Loaded plugin ddr (category:tool,tabindex:6)
2025-10-28 13:26:55,042 [INFO] PluginManage:310 - Check plugin filemanager
2025-10-28 13:26:55,152 [INFO] PluginManage:359 - Loaded plugin filemanager (category:base,tabindex:10)
2025-10-28 13:26:55,152 [INFO] PluginManage:310 - Check plugin ipmanager
2025-10-28 13:26:55,157 [INFO] PluginManage:359 - Loaded plugin ipmanager (category:base,tabindex:5)
2025-10-28 13:26:55,157 [INFO] PluginManage:310 - Check plugin lpbam
2025-10-28 13:26:55,163 [INFO] PluginManage:359 - Loaded plugin lpbam (category:base,tabindex:0)
2025-10-28 13:26:55,163 [INFO] PluginManage:310 - Check plugin memorymap
2025-10-28 13:26:55,173 [INFO] PluginManage:359 - Loaded plugin memorymap (category:base,tabindex:4)
2025-10-28 13:26:55,173 [INFO] PluginManage:310 - Check plugin pinoutandconfiguration
2025-10-28 13:26:55,179 [INFO] PluginManage:359 - Loaded plugin pinoutandconfiguration (category:base,tabindex:1)
2025-10-28 13:26:55,179 [INFO] PluginManage:310 - Check plugin pinoutconfig
2025-10-28 13:26:55,238 [WARN] SupportedApi:132 - Cannot load RTOS API schema: s4s-elt-must-match.1: The content of 'definitions' must match (annotation?, (simpleType | complexType)?, (unique | key | keyref)*)). A problem was found starting at: attribute.
2025-10-28 13:26:55,324 [INFO] PluginManage:359 - Loaded plugin pinoutconfig (category:base,tabindex:0)
2025-10-28 13:26:55,325 [INFO] PluginManage:310 - Check plugin power
2025-10-28 13:26:55,331 [INFO] PluginManage:359 - Loaded plugin power (category:power,tabindex:4)
2025-10-28 13:26:55,331 [INFO] PluginManage:310 - Check plugin projectmanager
2025-10-28 13:26:55,341 [INFO] PluginManage:359 - Loaded plugin projectmanager (category:projectmanager,tabindex:4)
2025-10-28 13:26:55,341 [INFO] PluginManage:310 - Check plugin rif
2025-10-28 13:26:55,348 [INFO] PluginManage:359 - Loaded plugin rif (category:base,tabindex:3)
2025-10-28 13:26:55,348 [INFO] PluginManage:310 - Check plugin thirdparty
2025-10-28 13:26:55,433 [INFO] PluginManage:359 - Loaded plugin thirdparty (category:base,tabindex:-1)
2025-10-28 13:26:55,433 [WARN] IntegrityCheckThread:84 - waiting for thirdparty lock release [integrity check]
2025-10-28 13:26:55,434 [INFO] PluginManage:310 - Check plugin tools
2025-10-28 13:26:55,434 [INFO] IntegrityCheckThread:86 - entering critical section [integrity check]
2025-10-28 13:26:55,434 [INFO] ThirdPartyUpdaterWithRetryManager:70 - Updater plugin not ready yet. [1/15]
2025-10-28 13:26:55,436 [INFO] PluginManage:359 - Loaded plugin tools (category:base,tabindex:7)
2025-10-28 13:26:55,436 [INFO] PluginManage:310 - Check plugin tutovideos
2025-10-28 13:26:55,574 [INFO] PluginManage:359 - Loaded plugin tutovideos (category:base,tabindex:-1)
2025-10-28 13:26:55,575 [INFO] PluginManage:310 - Check plugin updater
2025-10-28 13:26:55,590 [INFO] PluginManage:359 - Loaded plugin updater (category:base,tabindex:12)
2025-10-28 13:26:55,590 [INFO] PluginManage:310 - Check plugin userauth
2025-10-28 13:26:55,592 [INFO] UserAuth:118 - Init User Auth plugin
2025-10-28 13:26:55,593 [INFO] PluginManage:359 - Loaded plugin userauth (category:base,tabindex:14)
2025-10-28 13:26:55,593 [INFO] PluginManage:283 - PluginManage : Loaded plugins [18]
2025-10-28 13:26:55,737 [INFO] PinOutPanel:1589 - setPackage(No Configuration,No Configuration)
2025-10-28 13:26:55,794 [INFO] CADModel:165 - CPN selected for project level
2025-10-28 13:26:55,794 [INFO] CADModel:114 - Register for checkConnection events
2025-10-28 13:26:55,807 [INFO] IPUIPlugin:80 - create IPUIPlugin
2025-10-28 13:26:55,807 [INFO] PluginManager:220 - loadIPPluginJar : add adc
2025-10-28 13:26:55,809 [INFO] IPUIPlugin:80 - create IPUIPlugin
2025-10-28 13:26:55,809 [INFO] PluginManager:220 - loadIPPluginJar : add aes
2025-10-28 13:26:55,811 [INFO] IPUIPlugin:80 - create IPUIPlugin
2025-10-28 13:26:55,811 [INFO] PluginManager:220 - loadIPPluginJar : add can
2025-10-28 13:26:55,812 [INFO] IPUIPlugin:80 - create IPUIPlugin
2025-10-28 13:26:55,812 [INFO] PluginManager:220 - loadIPPluginJar : add comp
2025-10-28 13:26:55,814 [INFO] IPUIPlugin:80 - create IPUIPlugin
2025-10-28 13:26:55,814 [INFO] PluginManager:220 - loadIPPluginJar : add cryp
2025-10-28 13:26:55,816 [INFO] IPUIPlugin:80 - create IPUIPlugin
2025-10-28 13:26:55,816 [INFO] PluginManager:220 - loadIPPluginJar : add ddr_ctrl_phy
2025-10-28 13:26:55,818 [INFO] IPUIPlugin:80 - create IPUIPlugin
2025-10-28 13:26:55,818 [INFO] PluginManager:220 - loadIPPluginJar : add dfsdm
2025-10-28 13:26:55,821 [INFO] IPUIPlugin:80 - create IPUIPlugin
2025-10-28 13:26:55,821 [INFO] PluginManager:220 - loadIPPluginJar : add dma
2025-10-28 13:26:55,823 [INFO] IPUIPlugin:80 - create IPUIPlugin
2025-10-28 13:26:55,823 [INFO] PluginManager:220 - loadIPPluginJar : add dma3
2025-10-28 13:26:55,825 [INFO] IPUIPlugin:80 - create IPUIPlugin
2025-10-28 13:26:55,825 [INFO] PluginManager:220 - loadIPPluginJar : add extmemmanager
2025-10-28 13:26:55,826 [INFO] IPUIPlugin:80 - create IPUIPlugin
2025-10-28 13:26:55,826 [INFO] PluginManager:220 - loadIPPluginJar : add fatfs
2025-10-28 13:26:55,830 [INFO] IPUIPlugin:80 - create IPUIPlugin
2025-10-28 13:26:55,830 [INFO] PluginManager:220 - loadIPPluginJar : add fmc
2025-10-28 13:26:55,834 [INFO] IPUIPlugin:80 - create IPUIPlugin
2025-10-28 13:26:55,834 [INFO] PluginManager:220 - loadIPPluginJar : add freertos
2025-10-28 13:26:55,835 [INFO] IPUIPlugin:80 - create IPUIPlugin
2025-10-28 13:26:55,835 [INFO] PluginManager:220 - loadIPPluginJar : add genericplugin
2025-10-28 13:26:55,837 [INFO] IPUIPlugin:80 - create IPUIPlugin
2025-10-28 13:26:55,837 [INFO] PluginManager:220 - loadIPPluginJar : add gfxmmu
2025-10-28 13:26:55,840 [INFO] IPUIPlugin:80 - create IPUIPlugin
2025-10-28 13:26:55,840 [INFO] PluginManager:220 - loadIPPluginJar : add gic
2025-10-28 13:26:55,842 [INFO] IPUIPlugin:80 - create IPUIPlugin
2025-10-28 13:26:55,842 [INFO] PluginManager:220 - loadIPPluginJar : add gpio
2025-10-28 13:26:55,844 [INFO] IPUIPlugin:80 - create IPUIPlugin
2025-10-28 13:26:55,844 [INFO] PluginManager:220 - loadIPPluginJar : add gtzc
2025-10-28 13:26:55,846 [INFO] IPUIPlugin:80 - create IPUIPlugin
2025-10-28 13:26:55,846 [INFO] PluginManager:220 - loadIPPluginJar : add hash
2025-10-28 13:26:55,848 [INFO] IPUIPlugin:80 - create IPUIPlugin
2025-10-28 13:26:55,848 [INFO] PluginManager:220 - loadIPPluginJar : add i2c
2025-10-28 13:26:55,849 [INFO] IPUIPlugin:80 - create IPUIPlugin
2025-10-28 13:26:55,849 [INFO] PluginManager:220 - loadIPPluginJar : add i2s
2025-10-28 13:26:55,851 [INFO] IPUIPlugin:80 - create IPUIPlugin
2025-10-28 13:26:55,851 [INFO] PluginManager:220 - loadIPPluginJar : add i3c
2025-10-28 13:26:55,853 [INFO] IPUIPlugin:80 - create IPUIPlugin
2025-10-28 13:26:55,853 [INFO] PluginManager:220 - loadIPPluginJar : add ipddr
2025-10-28 13:26:55,858 [INFO] IPUIPlugin:80 - create IPUIPlugin
2025-10-28 13:26:55,858 [INFO] PluginManager:220 - loadIPPluginJar : add linkedlist
2025-10-28 13:26:55,859 [INFO] IPUIPlugin:80 - create IPUIPlugin
2025-10-28 13:26:55,859 [INFO] PluginManager:220 - loadIPPluginJar : add lorawan
2025-10-28 13:26:55,860 [INFO] IPUIPlugin:80 - create IPUIPlugin
2025-10-28 13:26:55,860 [INFO] PluginManager:220 - loadIPPluginJar : add ltdc
2025-10-28 13:26:55,864 [INFO] IPUIPlugin:80 - create IPUIPlugin
2025-10-28 13:26:55,864 [INFO] PluginManager:220 - loadIPPluginJar : add mdma
2025-10-28 13:26:55,867 [INFO] IPUIPlugin:80 - create IPUIPlugin
2025-10-28 13:26:55,867 [INFO] PluginManager:220 - loadIPPluginJar : add nvic
2025-10-28 13:26:55,869 [INFO] IPUIPlugin:80 - create IPUIPlugin
2025-10-28 13:26:55,869 [INFO] PluginManager:220 - loadIPPluginJar : add opamp
2025-10-28 13:26:55,871 [INFO] IPUIPlugin:80 - create IPUIPlugin
2025-10-28 13:26:55,871 [INFO] PluginManager:220 - loadIPPluginJar : add openamp
2025-10-28 13:26:55,873 [INFO] IPUIPlugin:80 - create IPUIPlugin
2025-10-28 13:26:55,873 [INFO] PluginManager:220 - loadIPPluginJar : add pdm2pcm
2025-10-28 13:26:55,877 [INFO] IPUIPlugin:80 - create IPUIPlugin
2025-10-28 13:26:55,878 [INFO] PluginManager:220 - loadIPPluginJar : add plateformsettings
2025-10-28 13:26:55,879 [INFO] IPUIPlugin:80 - create IPUIPlugin
2025-10-28 13:26:55,879 [INFO] PluginManager:220 - loadIPPluginJar : add quadspi
2025-10-28 13:26:55,880 [INFO] IPUIPlugin:80 - create IPUIPlugin
2025-10-28 13:26:55,881 [INFO] PluginManager:220 - loadIPPluginJar : add radio
2025-10-28 13:26:55,884 [INFO] IPUIPlugin:80 - create IPUIPlugin
2025-10-28 13:26:55,884 [INFO] PluginManager:220 - loadIPPluginJar : add resmgrutility
2025-10-28 13:26:55,886 [INFO] IPUIPlugin:80 - create IPUIPlugin
2025-10-28 13:26:55,886 [INFO] PluginManager:220 - loadIPPluginJar : add sai
2025-10-28 13:26:55,887 [INFO] IPUIPlugin:80 - create IPUIPlugin
2025-10-28 13:26:55,887 [INFO] PluginManager:220 - loadIPPluginJar : add spi
2025-10-28 13:26:55,892 [INFO] IPUIPlugin:80 - create IPUIPlugin
2025-10-28 13:26:55,892 [INFO] PluginManager:220 - loadIPPluginJar : add stm32_wpan
2025-10-28 13:26:55,893 [INFO] IPUIPlugin:80 - create IPUIPlugin
2025-10-28 13:26:55,893 [INFO] PluginManager:220 - loadIPPluginJar : add tim
2025-10-28 13:26:55,896 [INFO] IPUIPlugin:80 - create IPUIPlugin
2025-10-28 13:26:55,896 [INFO] PluginManager:220 - loadIPPluginJar : add touchsensing
2025-10-28 13:26:55,897 [INFO] IPUIPlugin:80 - create IPUIPlugin
2025-10-28 13:26:55,897 [INFO] PluginManager:220 - loadIPPluginJar : add tracer_emb
2025-10-28 13:26:55,898 [INFO] IPUIPlugin:80 - create IPUIPlugin
2025-10-28 13:26:55,898 [INFO] PluginManager:220 - loadIPPluginJar : add ts
2025-10-28 13:26:55,899 [INFO] IPUIPlugin:80 - create IPUIPlugin
2025-10-28 13:26:55,899 [INFO] PluginManager:220 - loadIPPluginJar : add tsc
2025-10-28 13:26:55,900 [INFO] IPUIPlugin:80 - create IPUIPlugin
2025-10-28 13:26:55,900 [INFO] PluginManager:220 - loadIPPluginJar : add ucpd
2025-10-28 13:26:55,902 [INFO] IPUIPlugin:80 - create IPUIPlugin
2025-10-28 13:26:55,902 [INFO] PluginManager:220 - loadIPPluginJar : add usart
2025-10-28 13:26:55,905 [INFO] IPUIPlugin:80 - create IPUIPlugin
2025-10-28 13:26:55,905 [INFO] PluginManager:220 - loadIPPluginJar : add usbx
2025-10-28 13:26:56,012 [FATAL] Updater:351 - Updater called before beeing initialized
2025-10-28 13:26:56,032 [INFO] RulesReader:64 - Compatibility file has been processed (317 Rules)
2025-10-28 13:26:56,039 [INFO] RulesReader:64 - Compatibility file has been processed (317 Rules)
2025-10-28 13:26:56,044 [INFO] CADModel:165 - CPN selected for project level
2025-10-28 13:26:56,044 [INFO] CADModel:114 - Register for checkConnection events
2025-10-28 13:26:56,044 [FATAL] Updater:351 - Updater called before beeing initialized
2025-10-28 13:26:56,044 [ERROR] CADModel:125 - Updater not yet initialized, retry later 
2025-10-28 13:26:56,143 [FATAL] Updater:351 - Updater called before beeing initialized
2025-10-28 13:26:56,145 [INFO] CADModel:165 - CPN selected for project level
2025-10-28 13:26:56,145 [INFO] CADModel:114 - Register for checkConnection events
2025-10-28 13:26:56,145 [FATAL] Updater:351 - Updater called before beeing initialized
2025-10-28 13:26:56,145 [ERROR] CADModel:125 - Updater not yet initialized, retry later 
2025-10-28 13:26:56,147 [FATAL] Updater:351 - Updater called before beeing initialized
2025-10-28 13:26:56,219 [FATAL] Updater:351 - Updater called before beeing initialized
2025-10-28 13:26:56,221 [INFO] DbMcusAds:53 - JSON generation date=Tue Jul 08 18:14:23 AEST 2025 (1751962463562)
2025-10-28 13:26:56,221 [FATAL] Updater:351 - Updater called before beeing initialized
2025-10-28 13:26:56,248 [WARN] DetailPanel:346 - Failed to get advertising image, set to default
2025-10-28 13:26:56,310 [FATAL] Updater:351 - Updater called before beeing initialized
2025-10-28 13:26:56,312 [FATAL] Updater:351 - Updater called before beeing initialized
2025-10-28 13:26:56,312 [FATAL] Updater:351 - Updater called before beeing initialized
2025-10-28 13:26:56,312 [WARN] DetailPanel:346 - Failed to get advertising image, set to default
2025-10-28 13:26:56,312 [FATAL] Updater:351 - Updater called before beeing initialized
2025-10-28 13:26:56,345 [ERROR] Updater:1198 - MainUpdater not yet initialized. External WinMGr cannot be set.
2025-10-28 13:26:56,346 [INFO] Updater:1134 - Updater Version found : 6.15.0
2025-10-28 13:26:56,359 [INFO] ApplicationProperties:184 - Using Application install path: C:\ST\STM32CubeIDE_1.19.0\STM32CubeIDE\plugins\com.st.stm32cube.common.mx_6.15.0.202507011659
2025-10-28 13:26:56,572 [INFO] MainUpdater:2872 - connection check result : 10
2025-10-28 13:26:56,573 [INFO] MainUpdater:289 - Updater Check For Update Now.
2025-10-28 13:26:56,573 [INFO] MicroXplorer:498 - Change Database Version : DB.6.0.150
2025-10-28 13:26:56,578 [INFO] McuFinderGlobals:63 - Set McuFinder mode to 2 (CubeIDE integrated)
2025-10-28 13:26:56,579 [INFO] UserAuth:487 - Internet connection configuration mode: 1
2025-10-28 13:26:56,596 [INFO] JxBrowserEngine:152 - Initiate JxBrowser Engine with user profile folder
2025-10-28 13:26:56,725 [INFO] CheckServerUpdateThread:120 - End of CheckServer Thread
2025-10-28 13:26:57,580 [INFO] WebApp:169 - Instantiating new browser for Auth
2025-10-28 13:26:58,048 [INFO] WebApp:463 - Apply proxy settings
2025-10-28 13:26:58,049 [INFO] WebApp:548 - Chromium requires no authentication
2025-10-28 13:26:58,058 [INFO] WebApp:491 - Direct internet connection detected
2025-10-28 13:26:58,078 [INFO] WebApp:900 - Register for checkConnection events
2025-10-28 13:26:58,079 [INFO] WebApp:463 - Apply proxy settings
2025-10-28 13:26:58,079 [INFO] WebApp:548 - Chromium requires no authentication
2025-10-28 13:26:58,079 [INFO] WebApp:491 - Direct internet connection detected
2025-10-28 13:26:58,201 [INFO] WebApp:225 - Starting web application
2025-10-28 13:26:58,202 [INFO] WebApp:593 - Web application path used C:\ST\STM32CubeIDE_1.19.0\STM32CubeIDE\plugins\com.st.stm32cube.common.mx_6.15.0.202507011659\db\plugins\mcufinder\reactClient1\index.html
2025-10-28 13:26:58,309 [INFO] UserAuth:487 - Internet connection configuration mode: 1
2025-10-28 13:26:58,436 [INFO] WebApp:191 - Connection restablished
2025-10-28 13:26:58,630 [WARN] PackLoader:240 - Cannot read IP mode file for STMicroelectronics.FP-SNS-MOTENVWB1.1.4.0
2025-10-28 13:26:58,636 [WARN] PackLoader:240 - Cannot read IP mode file for STMicroelectronics.FP-ATR-ASTRA1.2.0.2
2025-10-28 13:26:58,638 [WARN] PackLoader:240 - Cannot read IP mode file for STMicroelectronics.FP-ATR-ASTRA1.2.0.1
2025-10-28 13:26:58,643 [WARN] PackLoader:240 - Cannot read IP mode file for STMicroelectronics.X-CUBE-SMBUS.2.1.0
2025-10-28 13:26:58,648 [WARN] PackLoader:240 - Cannot read IP mode file for STMicroelectronics.X-CUBE-WB05N.1.1.0
2025-10-28 13:26:58,651 [WARN] PackLoader:240 - Cannot read IP mode file for STMicroelectronics.X-CUBE-ST60.1.0.0
2025-10-28 13:26:58,667 [WARN] PackLoader:240 - Cannot read IP mode file for STMicroelectronics.X-CUBE-AZRTOS-F7.1.1.0
2025-10-28 13:26:58,674 [WARN] PackLoader:240 - Cannot read IP mode file for STMicroelectronics.FP-SNS-FLIGHT1.5.0.2
2025-10-28 13:26:58,699 [WARN] PackLoader:240 - Cannot read IP mode file for Infineon.AIROC-Wi-Fi-Bluetooth-STM32.1.7.0
2025-10-28 13:26:58,730 [WARN] PackLoader:240 - Cannot read IP mode file for STMicroelectronics.X-CUBE-AZRTOS-H7.3.4.0
2025-10-28 13:26:58,742 [WARN] PackLoader:240 - Cannot read IP mode file for STMicroelectronics.X-CUBE-DISPLAY.3.0.0
2025-10-28 13:26:58,767 [WARN] PackLoader:240 - Cannot read IP mode file for STMicroelectronics.X-CUBE-NFC10.1.0.0
2025-10-28 13:26:58,782 [WARN] PackLoader:240 - Cannot read IP mode file for STMicroelectronics.X-CUBE-BLEMGR.4.0.0
2025-10-28 13:26:58,789 [WARN] PackLoader:240 - Cannot read IP mode file for STMicroelectronics.X-CUBE-ST60.1.1.0
2025-10-28 13:26:58,796 [WARN] PackLoader:240 - Cannot read IP mode file for emotas.I-CUBE-CANOPEN.1.3.0
2025-10-28 13:26:58,800 [WARN] ConditionMgr:438 - getConditionDescription Invalid condition id : Cortex-A Device cause : null
2025-10-28 13:26:58,809 [WARN] ConditionMgr:1044 - genDependencies : Invalid condition id : Cortex-A Device cause : null
2025-10-28 13:26:58,809 [WARN] ConditionMgr:1044 - genDependencies : Invalid condition id : Cortex-A Device cause : null
2025-10-28 13:26:58,809 [WARN] ConditionMgr:1044 - genDependencies : Invalid condition id : Cortex-A Device cause : null
2025-10-28 13:26:58,812 [WARN] PackLoader:240 - Cannot read IP mode file for STMicroelectronics.X-CUBE-AI.10.0.0
2025-10-28 13:26:58,817 [WARN] PackLoader:240 - Cannot read IP mode file for STMicroelectronics.FP-SNS-STBOX1.2.1.0
2025-10-28 13:26:58,822 [WARN] PackLoader:240 - Cannot read IP mode file for STMicroelectronics.FP-SNS-SMARTAG2.1.2.0
2025-10-28 13:26:58,825 [WARN] PackLoader:240 - Cannot read IP mode file for STMicroelectronics.FP-SNS-FLIGHT1.5.1.0
2025-10-28 13:26:58,832 [INFO] LogOutputStream:77 - [STDOUT_REDIRECT] 1 : Invalid condition id : UX_CORESTACK_Condition cause : null
2025-10-28 13:26:58,833 [INFO] LogOutputStream:77 - [STDOUT_REDIRECT] 1 : Invalid condition id : UX_CORESTACK_Condition cause : null
2025-10-28 13:26:58,834 [INFO] LogOutputStream:77 - [STDOUT_REDIRECT] 1 : Invalid condition id : UX_CORESTACK_Condition cause : null
2025-10-28 13:26:58,834 [INFO] LogOutputStream:77 - [STDOUT_REDIRECT] 1 : Invalid condition id : UX_CORESTACK_Condition cause : null
2025-10-28 13:26:58,835 [INFO] LogOutputStream:77 - [STDOUT_REDIRECT] 1 : Invalid condition id : UX_CORESTACK_Condition cause : null
2025-10-28 13:26:58,838 [WARN] PackLoader:240 - Cannot read IP mode file for STMicroelectronics.X-CUBE-AZRTOS-WL.2.0.0
2025-10-28 13:26:58,843 [WARN] PackLoader:240 - Cannot read IP mode file for STMicroelectronics.FP-SNS-MOTENV1.5.0.0
2025-10-28 13:26:58,849 [WARN] PackLoader:240 - Cannot read IP mode file for WES.I-CUBE-Cesium.1.3.0
2025-10-28 13:26:58,852 [WARN] PackLoader:240 - Cannot read IP mode file for STMicroelectronics.X-CUBE-BLE2.3.3.0
2025-10-28 13:26:58,857 [WARN] PackLoader:240 - Cannot read IP mode file for STMicroelectronics.X-CUBE-NFC9.1.0.0
2025-10-28 13:26:58,861 [WARN] PackLoader:240 - Cannot read IP mode file for STMicroelectronics.X-CUBE-BLE1.7.1.0
2025-10-28 13:26:58,865 [WARN] PackLoader:240 - Cannot read IP mode file for wolfSSL.I-CUBE-wolfMQTT.1.19.2
2025-10-28 13:26:58,869 [WARN] PackLoader:240 - Cannot read IP mode file for STMicroelectronics.X-CUBE-EEPRMA1.5.2.0
2025-10-28 13:26:58,875 [WARN] PackLoader:240 - Cannot read IP mode file for STMicroelectronics.X-CUBE-ST67W61.1.1.0
2025-10-28 13:26:58,878 [WARN] PackLoader:240 - Cannot read IP mode file for STMicroelectronics.X-CUBE-AI.10.1.0
2025-10-28 13:26:58,904 [WARN] PackLoader:240 - Cannot read IP mode file for STMicroelectronics.X-CUBE-MEMS1.11.2.0
2025-10-28 13:26:58,986 [WARN] PackLoader:240 - Cannot read IP mode file for STMicroelectronics.X-CUBE-AZRTOS-G0.1.1.0
2025-10-28 13:26:58,991 [WARN] PackLoader:240 - Cannot read IP mode file for STMicroelectronics.X-CUBE-SAFEA1.1.2.2
2025-10-28 13:26:58,994 [WARN] PackLoader:240 - Cannot read IP mode file for STMicroelectronics.X-CUBE-NFC4.3.0.0
2025-10-28 13:26:59,001 [WARN] PackLoader:240 - Cannot read IP mode file for EmbeddedOffice.I-CUBE-FS-RTOS.1.0.1
2025-10-28 13:26:59,005 [WARN] PackLoader:240 - Cannot read IP mode file for STMicroelectronics.X-CUBE-WB05N.2.0.0
2025-10-28 13:26:59,009 [WARN] PackLoader:240 - Cannot read IP mode file for wolfSSL.I-CUBE-wolfTPM.3.8.0
2025-10-28 13:26:59,013 [WARN] PackLoader:240 - Cannot read IP mode file for STMicroelectronics.X-CUBE-TCPP.4.2.0
2025-10-28 13:26:59,018 [WARN] PackLoader:240 - Cannot read IP mode file for RealThread.X-CUBE-RT-Thread_Nano.4.1.1
2025-10-28 13:26:59,022 [WARN] PackLoader:240 - Cannot read IP mode file for STMicroelectronics.FP-ATR-SIGFOX1.3.2.0
2025-10-28 13:26:59,026 [WARN] PackLoader:240 - Cannot read IP mode file for STMicroelectronics.X-CUBE-EEPRMA1.5.1.0
2025-10-28 13:26:59,030 [WARN] PackLoader:240 - Cannot read IP mode file for wolfSSL.I-CUBE-wolfSSL.5.7.6
2025-10-28 13:26:59,034 [WARN] PackLoader:240 - Cannot read IP mode file for ITTIA_DB.I-CUBE-ITTIADB.8.9.0
2025-10-28 13:26:59,037 [WARN] PackLoader:240 - Cannot read IP mode file for STMicroelectronics.X-CUBE-ST67W61.1.0.0
2025-10-28 13:26:59,040 [WARN] PackLoader:240 - Cannot read IP mode file for STMicroelectronics.X-CUBE-AI.10.2.0
2025-10-28 13:26:59,057 [WARN] PackLoader:240 - Cannot read IP mode file for SEGGER.I-CUBE-embOS.1.3.1
2025-10-28 13:26:59,075 [WARN] PackLoader:240 - Cannot read IP mode file for STMicroelectronics.X-CUBE-ALGOBUILD.1.4.0
2025-10-28 13:26:59,097 [WARN] PackLoader:240 - Cannot read IP mode file for STMicroelectronics.X-CUBE-MEMS1.11.3.0
2025-10-28 13:26:59,154 [WARN] PackLoader:240 - Cannot read IP mode file for STMicroelectronics.X-CUBE-PM33A1.1.0.0
2025-10-28 13:26:59,163 [WARN] PackLoader:240 - Cannot read IP mode file for STMicroelectronics.X-CUBE-AZRTOS-F4.1.1.0
2025-10-28 13:26:59,167 [WARN] PackLoader:240 - Cannot read IP mode file for Avnet-IotConnect.X-CUBE-IoTC-DA16k-PMOD.1.0.0
2025-10-28 13:26:59,170 [WARN] PackLoader:240 - Cannot read IP mode file for STMicroelectronics.X-CUBE-ISPU.2.1.0
2025-10-28 13:26:59,182 [WARN] PackLoader:240 - Cannot read IP mode file for STMicroelectronics.X-CUBE-IPS.3.2.0
2025-10-28 13:26:59,195 [WARN] PackLoader:240 - Cannot read IP mode file for STMicroelectronics.X-CUBE-NFC12.1.0.0
2025-10-28 13:26:59,207 [WARN] PackLoader:240 - Cannot read IP mode file for STMicroelectronics.X-CUBE-AZRTOS-L5.2.0.0
2025-10-28 13:26:59,214 [WARN] PackLoader:240 - Cannot read IP mode file for STMicroelectronics.X-CUBE-NFC6.3.1.0
2025-10-28 13:26:59,220 [WARN] PackLoader:240 - Cannot read IP mode file for STMicroelectronics.X-CUBE-FREERTOS.1.3.1
2025-10-28 13:26:59,224 [WARN] PackLoader:240 - Cannot read IP mode file for STMicroelectronics.X-CUBE-FREERTOS.1.3.0
2025-10-28 13:26:59,229 [WARN] PackLoader:240 - Cannot read IP mode file for STMicroelectronics.X-CUBE-NFC7.1.0.1
2025-10-28 13:26:59,234 [WARN] PackLoader:240 - Cannot read IP mode file for STMicroelectronics.X-CUBE-TOUCHGFX.4.26.0
2025-10-28 13:26:59,245 [WARN] PackLoader:240 - Cannot read IP mode file for STMicroelectronics.FP-SNS-STAIOTCFT.1.0.0
2025-10-28 13:26:59,251 [WARN] PackLoader:240 - Cannot read IP mode file for STMicroelectronics.X-CUBE-DPower.1.3.0
2025-10-28 13:26:59,262 [WARN] ConditionMgr:438 - getConditionDescription Invalid condition id : LAN8742 Phy interface Condition cause : null
2025-10-28 13:26:59,263 [WARN] PackLoader:240 - Cannot read IP mode file for STMicroelectronics.X-CUBE-AZRTOS-L4.2.0.0
2025-10-28 13:26:59,263 [WARN] ConditionMgr:1044 - genDependencies : Invalid condition id : LAN8742 Phy interface Condition cause : null
2025-10-28 13:26:59,263 [WARN] ConditionMgr:1044 - genDependencies : Invalid condition id : LAN8742 Phy interface Condition cause : null
2025-10-28 13:26:59,264 [WARN] ConditionMgr:1044 - genDependencies : Invalid condition id : LAN8742 Phy interface Condition cause : null
2025-10-28 13:26:59,269 [WARN] PackLoader:240 - Cannot read IP mode file for STMicroelectronics.X-CUBE-SFXS2LP1.4.0.0
2025-10-28 13:26:59,278 [WARN] PackLoader:240 - Cannot read IP mode file for STMicroelectronics.X-CUBE-AZRTOS-H7.3.3.0
2025-10-28 13:26:59,286 [WARN] PackLoader:240 - Cannot read IP mode file for STMicroelectronics.X-CUBE-BLEMGR.4.1.0
2025-10-28 13:26:59,295 [WARN] ConditionMgr:438 - getConditionDescription Invalid condition id : UX DEVICE CLASS RTOS Condition cause : null
2025-10-28 13:26:59,295 [WARN] ConditionMgr:438 - getConditionDescription Invalid condition id : UX DEVICE CLASS RTOS Condition cause : null
2025-10-28 13:26:59,296 [WARN] PackLoader:240 - Cannot read IP mode file for STMicroelectronics.X-CUBE-AZRTOS-WB.2.0.0
2025-10-28 13:26:59,296 [WARN] ConditionMgr:1044 - genDependencies : Invalid condition id : UX DEVICE CLASS RTOS Condition cause : null
2025-10-28 13:26:59,296 [WARN] ConditionMgr:1044 - genDependencies : Invalid condition id : UX DEVICE CLASS RTOS Condition cause : null
2025-10-28 13:26:59,297 [WARN] ConditionMgr:1044 - genDependencies : Invalid condition id : UX DEVICE CLASS RTOS Condition cause : null
2025-10-28 13:26:59,297 [WARN] ConditionMgr:1044 - genDependencies : Invalid condition id : UX DEVICE CLASS RTOS Condition cause : null
2025-10-28 13:26:59,297 [WARN] ConditionMgr:1044 - genDependencies : Invalid condition id : UX DEVICE CLASS RTOS Condition cause : null
2025-10-28 13:26:59,301 [WARN] PackLoader:240 - Cannot read IP mode file for STMicroelectronics.X-CUBE-GNSS1.7.0.1
2025-10-28 13:26:59,303 [WARN] PackLoader:240 - Cannot read IP mode file for STMicroelectronics.X-CUBE-TOUCHGFX.4.25.0
2025-10-28 13:26:59,305 [WARN] PackLoader:240 - Cannot read IP mode file for STMicroelectronics.FP-SNS-STBOX1.2.0.0
2025-10-28 13:26:59,311 [WARN] PackLoader:240 - Cannot read IP mode file for STMicroelectronics.X-CUBE-SUBG2.5.0.0
2025-10-28 13:26:59,321 [WARN] PackLoader:240 - Cannot read IP mode file for STMicroelectronics.X-CUBE-AZRTOS-H7RS.1.1.0
2025-10-28 13:26:59,325 [WARN] PackLoader:240 - Cannot read IP mode file for Cesanta.I-CUBE-Mongoose.7.13.0
2025-10-28 13:26:59,332 [WARN] PackLoader:240 - Cannot read IP mode file for STMicroelectronics.X-CUBE-AZRTOS-G4.2.0.0
2025-10-28 13:26:59,336 [WARN] PackLoader:240 - Cannot read IP mode file for wolfSSL.I-CUBE-wolfSSH.1.4.20
2025-10-28 13:26:59,337 [WARN] PackLoader:240 - Cannot read IP mode file for STMicroelectronics.X-CUBE-NFC7.2.0.0
2025-10-28 13:26:59,342 [WARN] PackLoader:240 - Cannot read IP mode file for STMicroelectronics.X-CUBE-IPS.3.1.0
2025-10-28 13:26:59,347 [WARN] PackLoader:240 - Cannot read IP mode file for STMicroelectronics.X-CUBE-ALS.1.0.2
2025-10-28 13:26:59,351 [WARN] PackLoader:240 - Cannot read IP mode file for STMicroelectronics.X-CUBE-STSE01.1.0.0
2025-10-28 13:26:59,355 [WARN] PackLoader:240 - Cannot read IP mode file for portGmbH.I-Cube-SoM-uGOAL.1.1.0
2025-10-28 13:26:59,360 [WARN] PackLoader:240 - Cannot read IP mode file for STMicroelectronics.X-CUBE-TOF1.3.4.3
2025-10-28 13:26:59,364 [INFO] ThirdParty:978 - Integrity check success = true
2025-10-28 13:26:59,364 [INFO] IntegrityCheckThread:100 - exiting critical section [integrity check]
2025-10-28 13:26:59,364 [INFO] IntegrityCheckThread:103 - End integrity checks thread
