2025-09-30 13:34:14,726 [INFO] Activator:176 - 


2025-09-30 13:34:14,730 [INFO] Activator:177 - !SESSION log4j initialized
2025-09-30 13:34:18,835 [INFO] LogOutputStream:77 - [STDOUT_REDIRECT] 
2025-09-30 13:34:20,526 [INFO] ApplicationProperties:184 - Using Application install path: C:\ST\STM32CubeIDE_1.19.0\STM32CubeIDE\plugins\com.st.stm32cube.common.mx_6.15.0.202507011659
2025-09-30 13:34:20,540 [INFO] DbMcusXml:78 - Set database path to: C:\ST\STM32CubeIDE_1.19.0\STM32CubeIDE\plugins\com.st.stm32cube.common.mx_6.15.0.202507011659\\db\/mcu/
2025-09-30 13:34:20,540 [INFO] ApiDb:274 - Set plugin database path to: C:\ST\STM32CubeIDE_1.19.0\STM32CubeIDE\plugins\com.st.stm32cube.common.mx_6.15.0.202507011659\\db\/plugins/boardmanager/
2025-09-30 13:34:20,540 [WARN] ApiDb:259 - Overriding images path with different value:  => C:\ST\STM32CubeIDE_1.19.0\STM32CubeIDE\plugins\com.st.stm32cube.common.mx_6.15.0.202507011659\\db\/plugins/mcufinder/images/
2025-09-30 13:34:20,546 [INFO] ApiDb:250 - Set database path to: C:\Users\nicks\.stmcufinder\plugins\mcufinder//mcu/
2025-09-30 13:34:20,547 [INFO] DbMcusAds:125 - Set database path to: C:\Users\nicks\.stmcufinder\plugins\mcufinder//mcu/
2025-09-30 13:34:20,549 [INFO] CrossReferenceDbSqlite:203 - Set database path to: C:\Users\nicks\.stmcufinder\plugins\mcufinder//mcu/cs/
2025-09-30 13:34:20,618 [INFO] RulesReader:64 - Compatibility file has been processed (317 Rules)
2025-09-30 13:34:20,678 [INFO] DbMcusXml:78 - Set database path to: C:\ST\STM32CubeIDE_1.19.0\STM32CubeIDE\plugins\com.st.stm32cube.common.mx_6.15.0.202507011659\\db\/mcu/
2025-09-30 13:34:20,679 [INFO] ApiDb:274 - Set plugin database path to: C:\ST\STM32CubeIDE_1.19.0\STM32CubeIDE\plugins\com.st.stm32cube.common.mx_6.15.0.202507011659\\db\/plugins/boardmanager/
2025-09-30 13:34:20,679 [INFO] ApiDb:261 - Set plugin images path to: C:\ST\STM32CubeIDE_1.19.0\STM32CubeIDE\plugins\com.st.stm32cube.common.mx_6.15.0.202507011659\\db\/plugins/mcufinder/images/
2025-09-30 13:34:20,679 [WARN] DbFile:41 - Overriding database path with different value: C:\Users\nicks\.stmcufinder\plugins\mcufinder/ => C:\Users\nicks\.stmcufinder\plugins\mcufinder
2025-09-30 13:34:20,679 [INFO] ApiDb:250 - Set database path to: C:\Users\nicks\.stmcufinder\plugins\mcufinder//mcu/
2025-09-30 13:34:20,679 [WARN] DbFile:41 - Overriding database path with different value: C:\Users\nicks\.stmcufinder\plugins\mcufinder/ => C:\Users\nicks\.stmcufinder\plugins\mcufinder
2025-09-30 13:34:20,679 [INFO] DbMcusAds:125 - Set database path to: C:\Users\nicks\.stmcufinder\plugins\mcufinder//mcu/
2025-09-30 13:34:20,679 [WARN] DbFile:41 - Overriding database path with different value: C:\Users\nicks\.stmcufinder\plugins\mcufinder/ => C:\Users\nicks\.stmcufinder\plugins\mcufinder
2025-09-30 13:34:20,679 [WARN] DbFile:41 - Overriding database path with different value: C:\Users\nicks\.stmcufinder\plugins\mcufinder/ => C:\Users\nicks\.stmcufinder\plugins\mcufinder
2025-09-30 13:34:20,679 [INFO] CrossReferenceDbSqlite:203 - Set database path to: C:\Users\nicks\.stmcufinder\plugins\mcufinder//mcu/cs/
2025-09-30 13:34:20,735 [INFO] MainPanel:274 - HeapMemory: 268435456
2025-09-30 13:34:20,811 [INFO] DbMcusXml:78 - Set database path to: C:\ST\STM32CubeIDE_1.19.0\STM32CubeIDE\plugins\com.st.stm32cube.common.mx_6.15.0.202507011659\\db\/mcu/
2025-09-30 13:34:20,811 [INFO] ApiDb:274 - Set plugin database path to: C:\ST\STM32CubeIDE_1.19.0\STM32CubeIDE\plugins\com.st.stm32cube.common.mx_6.15.0.202507011659\\db\/plugins/boardmanager/
2025-09-30 13:34:20,812 [INFO] ApiDb:261 - Set plugin images path to: C:\ST\STM32CubeIDE_1.19.0\STM32CubeIDE\plugins\com.st.stm32cube.common.mx_6.15.0.202507011659\\db\/plugins/mcufinder/images/
2025-09-30 13:34:20,812 [WARN] DbFile:41 - Overriding database path with different value: C:\Users\nicks\.stmcufinder\plugins\mcufinder/ => C:\Users\nicks\.stmcufinder\plugins\mcufinder
2025-09-30 13:34:20,812 [INFO] ApiDb:250 - Set database path to: C:\Users\nicks\.stmcufinder\plugins\mcufinder//mcu/
2025-09-30 13:34:20,812 [WARN] DbFile:41 - Overriding database path with different value: C:\Users\nicks\.stmcufinder\plugins\mcufinder/ => C:\Users\nicks\.stmcufinder\plugins\mcufinder
2025-09-30 13:34:20,812 [INFO] DbMcusAds:125 - Set database path to: C:\Users\nicks\.stmcufinder\plugins\mcufinder//mcu/
2025-09-30 13:34:20,812 [WARN] DbFile:41 - Overriding database path with different value: C:\Users\nicks\.stmcufinder\plugins\mcufinder/ => C:\Users\nicks\.stmcufinder\plugins\mcufinder
2025-09-30 13:34:20,812 [WARN] DbFile:41 - Overriding database path with different value: C:\Users\nicks\.stmcufinder\plugins\mcufinder/ => C:\Users\nicks\.stmcufinder\plugins\mcufinder
2025-09-30 13:34:20,812 [INFO] CrossReferenceDbSqlite:203 - Set database path to: C:\Users\nicks\.stmcufinder\plugins\mcufinder//mcu/cs/
2025-09-30 13:34:20,825 [INFO] ApplicationProperties:184 - Using Application install path: C:\ST\STM32CubeIDE_1.19.0\STM32CubeIDE\plugins\com.st.stm32cube.common.mx_6.15.0.202507011659
2025-09-30 13:34:20,826 [INFO] PluginManage:196 - Search for loadable plugins [exclusion list=, ]
2025-09-30 13:34:20,827 [INFO] PluginManage:310 - Check plugin analytics
2025-09-30 13:34:20,929 [INFO] AnalyticsPlugin:253 - Accepted Software Licenses: 
2025-09-30 13:34:20,929 [INFO] AnalyticsPlugin:255 - Accepted CMSIS Pack Licenses: 
2025-09-30 13:34:20,929 [INFO] AnalyticsPlugin:257 - Accepted Firmware Licenses: FW.F4.1.28.0,FW.H7.1.12.0,FW.H7.1.11.0
2025-09-30 13:34:20,931 [INFO] PluginManage:359 - Loaded plugin analytics (category:tool,tabindex:-1)
2025-09-30 13:34:20,931 [INFO] PluginManage:310 - Check plugin cadmodel
2025-09-30 13:34:20,936 [INFO] CADModel:105 - Init CAD model plugin
2025-09-30 13:34:20,936 [INFO] PluginManage:359 - Loaded plugin cadmodel (category:power,tabindex:5)
2025-09-30 13:34:20,936 [INFO] PluginManage:310 - Check plugin clock
2025-09-30 13:34:20,943 [INFO] PluginManage:359 - Loaded plugin clock (category:base,tabindex:2)
2025-09-30 13:34:20,944 [INFO] PluginManage:310 - Check plugin ddr
2025-09-30 13:34:20,945 [INFO] PluginManage:359 - Loaded plugin ddr (category:tool,tabindex:6)
2025-09-30 13:34:20,945 [INFO] PluginManage:310 - Check plugin filemanager
2025-09-30 13:34:21,044 [INFO] PluginManage:359 - Loaded plugin filemanager (category:base,tabindex:10)
2025-09-30 13:34:21,044 [INFO] PluginManage:310 - Check plugin ipmanager
2025-09-30 13:34:21,049 [INFO] PluginManage:359 - Loaded plugin ipmanager (category:base,tabindex:5)
2025-09-30 13:34:21,049 [INFO] PluginManage:310 - Check plugin lpbam
2025-09-30 13:34:21,054 [INFO] PluginManage:359 - Loaded plugin lpbam (category:base,tabindex:0)
2025-09-30 13:34:21,054 [INFO] PluginManage:310 - Check plugin memorymap
2025-09-30 13:34:21,065 [INFO] PluginManage:359 - Loaded plugin memorymap (category:base,tabindex:4)
2025-09-30 13:34:21,065 [INFO] PluginManage:310 - Check plugin pinoutandconfiguration
2025-09-30 13:34:21,071 [INFO] PluginManage:359 - Loaded plugin pinoutandconfiguration (category:base,tabindex:1)
2025-09-30 13:34:21,071 [INFO] PluginManage:310 - Check plugin pinoutconfig
2025-09-30 13:34:21,132 [WARN] SupportedApi:132 - Cannot load RTOS API schema: s4s-elt-must-match.1: The content of 'definitions' must match (annotation?, (simpleType | complexType)?, (unique | key | keyref)*)). A problem was found starting at: attribute.
2025-09-30 13:34:21,215 [INFO] PluginManage:359 - Loaded plugin pinoutconfig (category:base,tabindex:0)
2025-09-30 13:34:21,215 [INFO] PluginManage:310 - Check plugin power
2025-09-30 13:34:21,223 [INFO] PluginManage:359 - Loaded plugin power (category:power,tabindex:4)
2025-09-30 13:34:21,223 [INFO] PluginManage:310 - Check plugin projectmanager
2025-09-30 13:34:21,232 [INFO] PluginManage:359 - Loaded plugin projectmanager (category:projectmanager,tabindex:4)
2025-09-30 13:34:21,232 [INFO] PluginManage:310 - Check plugin rif
2025-09-30 13:34:21,240 [INFO] PluginManage:359 - Loaded plugin rif (category:base,tabindex:3)
2025-09-30 13:34:21,240 [INFO] PluginManage:310 - Check plugin thirdparty
2025-09-30 13:34:21,337 [INFO] PluginManage:359 - Loaded plugin thirdparty (category:base,tabindex:-1)
2025-09-30 13:34:21,337 [WARN] IntegrityCheckThread:84 - waiting for thirdparty lock release [integrity check]
2025-09-30 13:34:21,337 [INFO] IntegrityCheckThread:86 - entering critical section [integrity check]
2025-09-30 13:34:21,337 [INFO] PluginManage:310 - Check plugin tools
2025-09-30 13:34:21,337 [INFO] ThirdPartyUpdaterWithRetryManager:70 - Updater plugin not ready yet. [1/15]
2025-09-30 13:34:21,345 [INFO] PluginManage:359 - Loaded plugin tools (category:base,tabindex:7)
2025-09-30 13:34:21,346 [INFO] PluginManage:310 - Check plugin tutovideos
2025-09-30 13:34:21,486 [INFO] PluginManage:359 - Loaded plugin tutovideos (category:base,tabindex:-1)
2025-09-30 13:34:21,486 [INFO] PluginManage:310 - Check plugin updater
2025-09-30 13:34:21,501 [INFO] PluginManage:359 - Loaded plugin updater (category:base,tabindex:12)
2025-09-30 13:34:21,501 [INFO] PluginManage:310 - Check plugin userauth
2025-09-30 13:34:21,504 [INFO] UserAuth:118 - Init User Auth plugin
2025-09-30 13:34:21,505 [INFO] PluginManage:359 - Loaded plugin userauth (category:base,tabindex:14)
2025-09-30 13:34:21,505 [INFO] PluginManage:283 - PluginManage : Loaded plugins [18]
2025-09-30 13:34:21,642 [INFO] PinOutPanel:1589 - setPackage(No Configuration,No Configuration)
2025-09-30 13:34:21,701 [INFO] CADModel:165 - CPN selected for project level
2025-09-30 13:34:21,701 [INFO] CADModel:114 - Register for checkConnection events
2025-09-30 13:34:21,714 [INFO] IPUIPlugin:80 - create IPUIPlugin
2025-09-30 13:34:21,714 [INFO] PluginManager:220 - loadIPPluginJar : add adc
2025-09-30 13:34:21,716 [INFO] IPUIPlugin:80 - create IPUIPlugin
2025-09-30 13:34:21,716 [INFO] PluginManager:220 - loadIPPluginJar : add aes
2025-09-30 13:34:21,718 [INFO] IPUIPlugin:80 - create IPUIPlugin
2025-09-30 13:34:21,718 [INFO] PluginManager:220 - loadIPPluginJar : add can
2025-09-30 13:34:21,719 [INFO] IPUIPlugin:80 - create IPUIPlugin
2025-09-30 13:34:21,719 [INFO] PluginManager:220 - loadIPPluginJar : add comp
2025-09-30 13:34:21,721 [INFO] IPUIPlugin:80 - create IPUIPlugin
2025-09-30 13:34:21,721 [INFO] PluginManager:220 - loadIPPluginJar : add cryp
2025-09-30 13:34:21,723 [INFO] IPUIPlugin:80 - create IPUIPlugin
2025-09-30 13:34:21,723 [INFO] PluginManager:220 - loadIPPluginJar : add ddr_ctrl_phy
2025-09-30 13:34:21,725 [INFO] IPUIPlugin:80 - create IPUIPlugin
2025-09-30 13:34:21,725 [INFO] PluginManager:220 - loadIPPluginJar : add dfsdm
2025-09-30 13:34:21,728 [INFO] IPUIPlugin:80 - create IPUIPlugin
2025-09-30 13:34:21,728 [INFO] PluginManager:220 - loadIPPluginJar : add dma
2025-09-30 13:34:21,730 [INFO] IPUIPlugin:80 - create IPUIPlugin
2025-09-30 13:34:21,730 [INFO] PluginManager:220 - loadIPPluginJar : add dma3
2025-09-30 13:34:21,732 [INFO] IPUIPlugin:80 - create IPUIPlugin
2025-09-30 13:34:21,732 [INFO] PluginManager:220 - loadIPPluginJar : add extmemmanager
2025-09-30 13:34:21,733 [INFO] IPUIPlugin:80 - create IPUIPlugin
2025-09-30 13:34:21,733 [INFO] PluginManager:220 - loadIPPluginJar : add fatfs
2025-09-30 13:34:21,736 [INFO] IPUIPlugin:80 - create IPUIPlugin
2025-09-30 13:34:21,736 [INFO] PluginManager:220 - loadIPPluginJar : add fmc
2025-09-30 13:34:21,741 [INFO] IPUIPlugin:80 - create IPUIPlugin
2025-09-30 13:34:21,741 [INFO] PluginManager:220 - loadIPPluginJar : add freertos
2025-09-30 13:34:21,742 [INFO] IPUIPlugin:80 - create IPUIPlugin
2025-09-30 13:34:21,742 [INFO] PluginManager:220 - loadIPPluginJar : add genericplugin
2025-09-30 13:34:21,744 [INFO] IPUIPlugin:80 - create IPUIPlugin
2025-09-30 13:34:21,744 [INFO] PluginManager:220 - loadIPPluginJar : add gfxmmu
2025-09-30 13:34:21,747 [INFO] IPUIPlugin:80 - create IPUIPlugin
2025-09-30 13:34:21,747 [INFO] PluginManager:220 - loadIPPluginJar : add gic
2025-09-30 13:34:21,750 [INFO] IPUIPlugin:80 - create IPUIPlugin
2025-09-30 13:34:21,750 [INFO] PluginManager:220 - loadIPPluginJar : add gpio
2025-09-30 13:34:21,752 [INFO] IPUIPlugin:80 - create IPUIPlugin
2025-09-30 13:34:21,752 [INFO] PluginManager:220 - loadIPPluginJar : add gtzc
2025-09-30 13:34:21,753 [INFO] IPUIPlugin:80 - create IPUIPlugin
2025-09-30 13:34:21,753 [INFO] PluginManager:220 - loadIPPluginJar : add hash
2025-09-30 13:34:21,755 [INFO] IPUIPlugin:80 - create IPUIPlugin
2025-09-30 13:34:21,755 [INFO] PluginManager:220 - loadIPPluginJar : add i2c
2025-09-30 13:34:21,757 [INFO] IPUIPlugin:80 - create IPUIPlugin
2025-09-30 13:34:21,757 [INFO] PluginManager:220 - loadIPPluginJar : add i2s
2025-09-30 13:34:21,759 [INFO] IPUIPlugin:80 - create IPUIPlugin
2025-09-30 13:34:21,759 [INFO] PluginManager:220 - loadIPPluginJar : add i3c
2025-09-30 13:34:21,761 [INFO] IPUIPlugin:80 - create IPUIPlugin
2025-09-30 13:34:21,761 [INFO] PluginManager:220 - loadIPPluginJar : add ipddr
2025-09-30 13:34:21,766 [INFO] IPUIPlugin:80 - create IPUIPlugin
2025-09-30 13:34:21,766 [INFO] PluginManager:220 - loadIPPluginJar : add linkedlist
2025-09-30 13:34:21,768 [INFO] IPUIPlugin:80 - create IPUIPlugin
2025-09-30 13:34:21,768 [INFO] PluginManager:220 - loadIPPluginJar : add lorawan
2025-09-30 13:34:21,769 [INFO] IPUIPlugin:80 - create IPUIPlugin
2025-09-30 13:34:21,769 [INFO] PluginManager:220 - loadIPPluginJar : add ltdc
2025-09-30 13:34:21,773 [INFO] IPUIPlugin:80 - create IPUIPlugin
2025-09-30 13:34:21,773 [INFO] PluginManager:220 - loadIPPluginJar : add mdma
2025-09-30 13:34:21,775 [INFO] IPUIPlugin:80 - create IPUIPlugin
2025-09-30 13:34:21,775 [INFO] PluginManager:220 - loadIPPluginJar : add nvic
2025-09-30 13:34:21,777 [INFO] IPUIPlugin:80 - create IPUIPlugin
2025-09-30 13:34:21,777 [INFO] PluginManager:220 - loadIPPluginJar : add opamp
2025-09-30 13:34:21,779 [INFO] IPUIPlugin:80 - create IPUIPlugin
2025-09-30 13:34:21,779 [INFO] PluginManager:220 - loadIPPluginJar : add openamp
2025-09-30 13:34:21,782 [INFO] IPUIPlugin:80 - create IPUIPlugin
2025-09-30 13:34:21,782 [INFO] PluginManager:220 - loadIPPluginJar : add pdm2pcm
2025-09-30 13:34:21,785 [INFO] IPUIPlugin:80 - create IPUIPlugin
2025-09-30 13:34:21,787 [INFO] PluginManager:220 - loadIPPluginJar : add plateformsettings
2025-09-30 13:34:21,788 [INFO] IPUIPlugin:80 - create IPUIPlugin
2025-09-30 13:34:21,788 [INFO] PluginManager:220 - loadIPPluginJar : add quadspi
2025-09-30 13:34:21,790 [INFO] IPUIPlugin:80 - create IPUIPlugin
2025-09-30 13:34:21,790 [INFO] PluginManager:220 - loadIPPluginJar : add radio
2025-09-30 13:34:21,793 [INFO] IPUIPlugin:80 - create IPUIPlugin
2025-09-30 13:34:21,793 [INFO] PluginManager:220 - loadIPPluginJar : add resmgrutility
2025-09-30 13:34:21,796 [INFO] IPUIPlugin:80 - create IPUIPlugin
2025-09-30 13:34:21,796 [INFO] PluginManager:220 - loadIPPluginJar : add sai
2025-09-30 13:34:21,798 [INFO] IPUIPlugin:80 - create IPUIPlugin
2025-09-30 13:34:21,798 [INFO] PluginManager:220 - loadIPPluginJar : add spi
2025-09-30 13:34:21,802 [INFO] IPUIPlugin:80 - create IPUIPlugin
2025-09-30 13:34:21,802 [INFO] PluginManager:220 - loadIPPluginJar : add stm32_wpan
2025-09-30 13:34:21,803 [INFO] IPUIPlugin:80 - create IPUIPlugin
2025-09-30 13:34:21,803 [INFO] PluginManager:220 - loadIPPluginJar : add tim
2025-09-30 13:34:21,805 [INFO] IPUIPlugin:80 - create IPUIPlugin
2025-09-30 13:34:21,805 [INFO] PluginManager:220 - loadIPPluginJar : add touchsensing
2025-09-30 13:34:21,806 [INFO] IPUIPlugin:80 - create IPUIPlugin
2025-09-30 13:34:21,806 [INFO] PluginManager:220 - loadIPPluginJar : add tracer_emb
2025-09-30 13:34:21,808 [INFO] IPUIPlugin:80 - create IPUIPlugin
2025-09-30 13:34:21,808 [INFO] PluginManager:220 - loadIPPluginJar : add ts
2025-09-30 13:34:21,809 [INFO] IPUIPlugin:80 - create IPUIPlugin
2025-09-30 13:34:21,809 [INFO] PluginManager:220 - loadIPPluginJar : add tsc
2025-09-30 13:34:21,810 [INFO] IPUIPlugin:80 - create IPUIPlugin
2025-09-30 13:34:21,810 [INFO] PluginManager:220 - loadIPPluginJar : add ucpd
2025-09-30 13:34:21,812 [INFO] IPUIPlugin:80 - create IPUIPlugin
2025-09-30 13:34:21,812 [INFO] PluginManager:220 - loadIPPluginJar : add usart
2025-09-30 13:34:21,814 [INFO] IPUIPlugin:80 - create IPUIPlugin
2025-09-30 13:34:21,814 [INFO] PluginManager:220 - loadIPPluginJar : add usbx
2025-09-30 13:34:21,924 [FATAL] Updater:351 - Updater called before beeing initialized
2025-09-30 13:34:21,942 [INFO] RulesReader:64 - Compatibility file has been processed (317 Rules)
2025-09-30 13:34:21,950 [INFO] RulesReader:64 - Compatibility file has been processed (317 Rules)
2025-09-30 13:34:21,955 [INFO] CADModel:165 - CPN selected for project level
2025-09-30 13:34:21,955 [INFO] CADModel:114 - Register for checkConnection events
2025-09-30 13:34:21,955 [FATAL] Updater:351 - Updater called before beeing initialized
2025-09-30 13:34:21,955 [ERROR] CADModel:125 - Updater not yet initialized, retry later 
2025-09-30 13:34:22,054 [FATAL] Updater:351 - Updater called before beeing initialized
2025-09-30 13:34:22,056 [INFO] CADModel:165 - CPN selected for project level
2025-09-30 13:34:22,056 [INFO] CADModel:114 - Register for checkConnection events
2025-09-30 13:34:22,056 [FATAL] Updater:351 - Updater called before beeing initialized
2025-09-30 13:34:22,056 [ERROR] CADModel:125 - Updater not yet initialized, retry later 
2025-09-30 13:34:22,058 [FATAL] Updater:351 - Updater called before beeing initialized
2025-09-30 13:34:22,131 [FATAL] Updater:351 - Updater called before beeing initialized
2025-09-30 13:34:22,134 [INFO] DbMcusAds:53 - JSON generation date=Tue Jul 08 18:14:23 AEST 2025 (1751962463562)
2025-09-30 13:34:22,134 [FATAL] Updater:351 - Updater called before beeing initialized
2025-09-30 13:34:22,161 [WARN] DetailPanel:346 - Failed to get advertising image, set to default
2025-09-30 13:34:22,219 [FATAL] Updater:351 - Updater called before beeing initialized
2025-09-30 13:34:22,220 [FATAL] Updater:351 - Updater called before beeing initialized
2025-09-30 13:34:22,220 [FATAL] Updater:351 - Updater called before beeing initialized
2025-09-30 13:34:22,220 [WARN] DetailPanel:346 - Failed to get advertising image, set to default
2025-09-30 13:34:22,221 [FATAL] Updater:351 - Updater called before beeing initialized
2025-09-30 13:34:22,251 [ERROR] Updater:1198 - MainUpdater not yet initialized. External WinMGr cannot be set.
2025-09-30 13:34:22,253 [INFO] Updater:1134 - Updater Version found : 6.15.0
2025-09-30 13:34:22,266 [INFO] ApplicationProperties:184 - Using Application install path: C:\ST\STM32CubeIDE_1.19.0\STM32CubeIDE\plugins\com.st.stm32cube.common.mx_6.15.0.202507011659
2025-09-30 13:34:22,480 [INFO] MainUpdater:2872 - connection check result : 10
2025-09-30 13:34:22,481 [INFO] MainUpdater:289 - Updater Check For Update Now.
2025-09-30 13:34:22,481 [INFO] MicroXplorer:498 - Change Database Version : DB.6.0.150
2025-09-30 13:34:22,485 [INFO] McuFinderGlobals:63 - Set McuFinder mode to 2 (CubeIDE integrated)
2025-09-30 13:34:22,486 [INFO] UserAuth:487 - Internet connection configuration mode: 1
2025-09-30 13:34:22,503 [INFO] JxBrowserEngine:152 - Initiate JxBrowser Engine with user profile folder
2025-09-30 13:34:22,633 [INFO] CheckServerUpdateThread:120 - End of CheckServer Thread
2025-09-30 13:34:23,634 [INFO] WebApp:169 - Instantiating new browser for Auth
2025-09-30 13:34:24,097 [INFO] WebApp:463 - Apply proxy settings
2025-09-30 13:34:24,097 [INFO] WebApp:548 - Chromium requires no authentication
2025-09-30 13:34:24,104 [INFO] WebApp:491 - Direct internet connection detected
2025-09-30 13:34:24,123 [INFO] WebApp:900 - Register for checkConnection events
2025-09-30 13:34:24,123 [INFO] WebApp:463 - Apply proxy settings
2025-09-30 13:34:24,123 [INFO] WebApp:548 - Chromium requires no authentication
2025-09-30 13:34:24,124 [INFO] WebApp:491 - Direct internet connection detected
2025-09-30 13:34:24,247 [INFO] WebApp:225 - Starting web application
2025-09-30 13:34:24,247 [INFO] WebApp:593 - Web application path used C:\ST\STM32CubeIDE_1.19.0\STM32CubeIDE\plugins\com.st.stm32cube.common.mx_6.15.0.202507011659\db\plugins\mcufinder\reactClient1\index.html
2025-09-30 13:34:24,350 [INFO] UserAuth:487 - Internet connection configuration mode: 1
2025-09-30 13:34:24,524 [WARN] PackLoader:240 - Cannot read IP mode file for STMicroelectronics.FP-SNS-MOTENVWB1.1.4.0
2025-09-30 13:34:24,530 [WARN] PackLoader:240 - Cannot read IP mode file for STMicroelectronics.FP-ATR-ASTRA1.2.0.2
2025-09-30 13:34:24,533 [WARN] PackLoader:240 - Cannot read IP mode file for STMicroelectronics.FP-ATR-ASTRA1.2.0.1
2025-09-30 13:34:24,539 [WARN] PackLoader:240 - Cannot read IP mode file for STMicroelectronics.X-CUBE-SMBUS.2.1.0
2025-09-30 13:34:24,545 [WARN] PackLoader:240 - Cannot read IP mode file for STMicroelectronics.X-CUBE-WB05N.1.1.0
2025-09-30 13:34:24,550 [WARN] PackLoader:240 - Cannot read IP mode file for STMicroelectronics.X-CUBE-ST60.1.0.0
2025-09-30 13:34:24,554 [INFO] WebApp:191 - Connection restablished
2025-09-30 13:34:24,570 [WARN] PackLoader:240 - Cannot read IP mode file for STMicroelectronics.X-CUBE-AZRTOS-F7.1.1.0
2025-09-30 13:34:24,576 [WARN] PackLoader:240 - Cannot read IP mode file for STMicroelectronics.FP-SNS-FLIGHT1.5.0.2
2025-09-30 13:34:24,591 [WARN] PackLoader:240 - Cannot read IP mode file for Infineon.AIROC-Wi-Fi-Bluetooth-STM32.1.7.0
2025-09-30 13:34:24,614 [WARN] PackLoader:240 - Cannot read IP mode file for STMicroelectronics.X-CUBE-AZRTOS-H7.3.4.0
2025-09-30 13:34:24,626 [WARN] PackLoader:240 - Cannot read IP mode file for STMicroelectronics.X-CUBE-DISPLAY.3.0.0
2025-09-30 13:34:24,636 [WARN] PackLoader:240 - Cannot read IP mode file for STMicroelectronics.X-CUBE-NFC10.1.0.0
2025-09-30 13:34:24,646 [WARN] PackLoader:240 - Cannot read IP mode file for STMicroelectronics.X-CUBE-BLEMGR.4.0.0
2025-09-30 13:34:24,654 [WARN] PackLoader:240 - Cannot read IP mode file for emotas.I-CUBE-CANOPEN.1.3.0
2025-09-30 13:34:24,659 [WARN] ConditionMgr:438 - getConditionDescription Invalid condition id : Cortex-A Device cause : null
2025-09-30 13:34:24,670 [WARN] ConditionMgr:1044 - genDependencies : Invalid condition id : Cortex-A Device cause : null
2025-09-30 13:34:24,670 [WARN] ConditionMgr:1044 - genDependencies : Invalid condition id : Cortex-A Device cause : null
2025-09-30 13:34:24,684 [WARN] ConditionMgr:1044 - genDependencies : Invalid condition id : Cortex-A Device cause : null
2025-09-30 13:34:24,690 [WARN] PackLoader:240 - Cannot read IP mode file for STMicroelectronics.X-CUBE-AI.10.0.0
2025-09-30 13:34:24,696 [WARN] PackLoader:240 - Cannot read IP mode file for STMicroelectronics.FP-SNS-STBOX1.2.1.0
2025-09-30 13:34:24,704 [WARN] PackLoader:240 - Cannot read IP mode file for STMicroelectronics.FP-SNS-SMARTAG2.1.2.0
2025-09-30 13:34:24,708 [WARN] PackLoader:240 - Cannot read IP mode file for STMicroelectronics.FP-SNS-FLIGHT1.5.1.0
2025-09-30 13:34:24,718 [INFO] LogOutputStream:77 - [STDOUT_REDIRECT] 1 : Invalid condition id : UX_CORESTACK_Condition cause : null
2025-09-30 13:34:24,719 [INFO] LogOutputStream:77 - [STDOUT_REDIRECT] 1 : Invalid condition id : UX_CORESTACK_Condition cause : null
2025-09-30 13:34:24,720 [INFO] LogOutputStream:77 - [STDOUT_REDIRECT] 1 : Invalid condition id : UX_CORESTACK_Condition cause : null
2025-09-30 13:34:24,721 [INFO] LogOutputStream:77 - [STDOUT_REDIRECT] 1 : Invalid condition id : UX_CORESTACK_Condition cause : null
2025-09-30 13:34:24,722 [INFO] LogOutputStream:77 - [STDOUT_REDIRECT] 1 : Invalid condition id : UX_CORESTACK_Condition cause : null
2025-09-30 13:34:24,725 [WARN] PackLoader:240 - Cannot read IP mode file for STMicroelectronics.X-CUBE-AZRTOS-WL.2.0.0
2025-09-30 13:34:24,731 [WARN] PackLoader:240 - Cannot read IP mode file for STMicroelectronics.FP-SNS-MOTENV1.5.0.0
2025-09-30 13:34:24,739 [WARN] PackLoader:240 - Cannot read IP mode file for WES.I-CUBE-Cesium.1.3.0
2025-09-30 13:34:24,744 [WARN] PackLoader:240 - Cannot read IP mode file for STMicroelectronics.X-CUBE-BLE2.3.3.0
2025-09-30 13:34:24,749 [WARN] PackLoader:240 - Cannot read IP mode file for STMicroelectronics.X-CUBE-NFC9.1.0.0
2025-09-30 13:34:24,755 [WARN] PackLoader:240 - Cannot read IP mode file for STMicroelectronics.X-CUBE-BLE1.7.1.0
2025-09-30 13:34:24,758 [WARN] PackLoader:240 - Cannot read IP mode file for wolfSSL.I-CUBE-wolfMQTT.1.19.2
2025-09-30 13:34:24,763 [WARN] PackLoader:240 - Cannot read IP mode file for STMicroelectronics.X-CUBE-EEPRMA1.5.2.0
2025-09-30 13:34:24,766 [WARN] PackLoader:240 - Cannot read IP mode file for STMicroelectronics.X-CUBE-AI.10.1.0
2025-09-30 13:34:24,806 [WARN] PackLoader:240 - Cannot read IP mode file for STMicroelectronics.X-CUBE-MEMS1.11.2.0
2025-09-30 13:34:24,905 [WARN] PackLoader:240 - Cannot read IP mode file for STMicroelectronics.X-CUBE-AZRTOS-G0.1.1.0
2025-09-30 13:34:24,912 [WARN] PackLoader:240 - Cannot read IP mode file for STMicroelectronics.X-CUBE-SAFEA1.1.2.2
2025-09-30 13:34:24,917 [WARN] PackLoader:240 - Cannot read IP mode file for STMicroelectronics.X-CUBE-NFC4.3.0.0
2025-09-30 13:34:24,923 [WARN] PackLoader:240 - Cannot read IP mode file for EmbeddedOffice.I-CUBE-FS-RTOS.1.0.1
2025-09-30 13:34:24,927 [WARN] PackLoader:240 - Cannot read IP mode file for STMicroelectronics.X-CUBE-WB05N.2.0.0
2025-09-30 13:34:24,931 [WARN] PackLoader:240 - Cannot read IP mode file for wolfSSL.I-CUBE-wolfTPM.3.8.0
2025-09-30 13:34:24,935 [WARN] PackLoader:240 - Cannot read IP mode file for STMicroelectronics.X-CUBE-TCPP.4.2.0
2025-09-30 13:34:24,940 [WARN] PackLoader:240 - Cannot read IP mode file for RealThread.X-CUBE-RT-Thread_Nano.4.1.1
2025-09-30 13:34:24,943 [WARN] PackLoader:240 - Cannot read IP mode file for STMicroelectronics.FP-ATR-SIGFOX1.3.2.0
2025-09-30 13:34:24,947 [WARN] PackLoader:240 - Cannot read IP mode file for STMicroelectronics.X-CUBE-EEPRMA1.5.1.0
2025-09-30 13:34:24,951 [WARN] PackLoader:240 - Cannot read IP mode file for wolfSSL.I-CUBE-wolfSSL.5.7.6
2025-09-30 13:34:24,955 [WARN] PackLoader:240 - Cannot read IP mode file for ITTIA_DB.I-CUBE-ITTIADB.8.9.0
2025-09-30 13:34:24,960 [WARN] PackLoader:240 - Cannot read IP mode file for STMicroelectronics.X-CUBE-ST67W61.1.0.0
2025-09-30 13:34:24,963 [WARN] PackLoader:240 - Cannot read IP mode file for STMicroelectronics.X-CUBE-AI.10.2.0
2025-09-30 13:34:24,980 [WARN] PackLoader:240 - Cannot read IP mode file for SEGGER.I-CUBE-embOS.1.3.1
2025-09-30 13:34:25,008 [WARN] PackLoader:240 - Cannot read IP mode file for STMicroelectronics.X-CUBE-ALGOBUILD.1.4.0
2025-09-30 13:34:25,037 [WARN] PackLoader:240 - Cannot read IP mode file for STMicroelectronics.X-CUBE-MEMS1.11.3.0
2025-09-30 13:34:25,095 [WARN] PackLoader:240 - Cannot read IP mode file for STMicroelectronics.X-CUBE-PM33A1.1.0.0
2025-09-30 13:34:25,103 [WARN] PackLoader:240 - Cannot read IP mode file for STMicroelectronics.X-CUBE-AZRTOS-F4.1.1.0
2025-09-30 13:34:25,107 [WARN] PackLoader:240 - Cannot read IP mode file for Avnet-IotConnect.X-CUBE-IoTC-DA16k-PMOD.1.0.0
2025-09-30 13:34:25,114 [WARN] PackLoader:240 - Cannot read IP mode file for STMicroelectronics.X-CUBE-ISPU.2.1.0
2025-09-30 13:34:25,120 [WARN] PackLoader:240 - Cannot read IP mode file for STMicroelectronics.X-CUBE-NFC12.1.0.0
2025-09-30 13:34:25,132 [WARN] PackLoader:240 - Cannot read IP mode file for STMicroelectronics.X-CUBE-AZRTOS-L5.2.0.0
2025-09-30 13:34:25,140 [WARN] PackLoader:240 - Cannot read IP mode file for STMicroelectronics.X-CUBE-NFC6.3.1.0
2025-09-30 13:34:25,146 [WARN] PackLoader:240 - Cannot read IP mode file for STMicroelectronics.X-CUBE-FREERTOS.1.3.1
2025-09-30 13:34:25,149 [WARN] PackLoader:240 - Cannot read IP mode file for STMicroelectronics.X-CUBE-FREERTOS.1.3.0
2025-09-30 13:34:25,154 [WARN] PackLoader:240 - Cannot read IP mode file for STMicroelectronics.X-CUBE-NFC7.1.0.1
2025-09-30 13:34:25,159 [WARN] PackLoader:240 - Cannot read IP mode file for STMicroelectronics.FP-SNS-STAIOTCFT.1.0.0
2025-09-30 13:34:25,164 [WARN] PackLoader:240 - Cannot read IP mode file for STMicroelectronics.X-CUBE-DPower.1.3.0
2025-09-30 13:34:25,185 [WARN] ConditionMgr:438 - getConditionDescription Invalid condition id : LAN8742 Phy interface Condition cause : null
2025-09-30 13:34:25,186 [WARN] PackLoader:240 - Cannot read IP mode file for STMicroelectronics.X-CUBE-AZRTOS-L4.2.0.0
2025-09-30 13:34:25,187 [WARN] ConditionMgr:1044 - genDependencies : Invalid condition id : LAN8742 Phy interface Condition cause : null
2025-09-30 13:34:25,187 [WARN] ConditionMgr:1044 - genDependencies : Invalid condition id : LAN8742 Phy interface Condition cause : null
2025-09-30 13:34:25,187 [WARN] ConditionMgr:1044 - genDependencies : Invalid condition id : LAN8742 Phy interface Condition cause : null
2025-09-30 13:34:25,194 [WARN] PackLoader:240 - Cannot read IP mode file for STMicroelectronics.X-CUBE-SFXS2LP1.4.0.0
2025-09-30 13:34:25,203 [WARN] PackLoader:240 - Cannot read IP mode file for STMicroelectronics.X-CUBE-AZRTOS-H7.3.3.0
2025-09-30 13:34:25,210 [WARN] PackLoader:240 - Cannot read IP mode file for STMicroelectronics.X-CUBE-BLEMGR.4.1.0
2025-09-30 13:34:25,217 [WARN] ConditionMgr:438 - getConditionDescription Invalid condition id : UX DEVICE CLASS RTOS Condition cause : null
2025-09-30 13:34:25,217 [WARN] ConditionMgr:438 - getConditionDescription Invalid condition id : UX DEVICE CLASS RTOS Condition cause : null
2025-09-30 13:34:25,218 [WARN] PackLoader:240 - Cannot read IP mode file for STMicroelectronics.X-CUBE-AZRTOS-WB.2.0.0
2025-09-30 13:34:25,218 [WARN] ConditionMgr:1044 - genDependencies : Invalid condition id : UX DEVICE CLASS RTOS Condition cause : null
2025-09-30 13:34:25,218 [WARN] ConditionMgr:1044 - genDependencies : Invalid condition id : UX DEVICE CLASS RTOS Condition cause : null
2025-09-30 13:34:25,218 [WARN] ConditionMgr:1044 - genDependencies : Invalid condition id : UX DEVICE CLASS RTOS Condition cause : null
2025-09-30 13:34:25,219 [WARN] ConditionMgr:1044 - genDependencies : Invalid condition id : UX DEVICE CLASS RTOS Condition cause : null
2025-09-30 13:34:25,219 [WARN] ConditionMgr:1044 - genDependencies : Invalid condition id : UX DEVICE CLASS RTOS Condition cause : null
2025-09-30 13:34:25,222 [WARN] PackLoader:240 - Cannot read IP mode file for STMicroelectronics.X-CUBE-GNSS1.7.0.1
2025-09-30 13:34:25,226 [WARN] PackLoader:240 - Cannot read IP mode file for STMicroelectronics.X-CUBE-TOUCHGFX.4.25.0
2025-09-30 13:34:25,229 [WARN] PackLoader:240 - Cannot read IP mode file for STMicroelectronics.FP-SNS-STBOX1.2.0.0
2025-09-30 13:34:25,235 [WARN] PackLoader:240 - Cannot read IP mode file for STMicroelectronics.X-CUBE-SUBG2.5.0.0
2025-09-30 13:34:25,246 [WARN] PackLoader:240 - Cannot read IP mode file for STMicroelectronics.X-CUBE-AZRTOS-H7RS.1.1.0
2025-09-30 13:34:25,251 [WARN] PackLoader:240 - Cannot read IP mode file for Cesanta.I-CUBE-Mongoose.7.13.0
2025-09-30 13:34:25,259 [WARN] PackLoader:240 - Cannot read IP mode file for STMicroelectronics.X-CUBE-AZRTOS-G4.2.0.0
2025-09-30 13:34:25,262 [WARN] PackLoader:240 - Cannot read IP mode file for wolfSSL.I-CUBE-wolfSSH.1.4.20
2025-09-30 13:34:25,265 [WARN] PackLoader:240 - Cannot read IP mode file for STMicroelectronics.X-CUBE-NFC7.2.0.0
2025-09-30 13:34:25,271 [WARN] PackLoader:240 - Cannot read IP mode file for STMicroelectronics.X-CUBE-IPS.3.1.0
2025-09-30 13:34:25,277 [WARN] PackLoader:240 - Cannot read IP mode file for STMicroelectronics.X-CUBE-ALS.1.0.2
2025-09-30 13:34:25,281 [WARN] PackLoader:240 - Cannot read IP mode file for STMicroelectronics.X-CUBE-STSE01.1.0.0
2025-09-30 13:34:25,285 [WARN] PackLoader:240 - Cannot read IP mode file for portGmbH.I-Cube-SoM-uGOAL.1.1.0
2025-09-30 13:34:25,290 [WARN] PackLoader:240 - Cannot read IP mode file for STMicroelectronics.X-CUBE-TOF1.3.4.3
2025-09-30 13:34:25,294 [INFO] ThirdParty:978 - Integrity check success = true
2025-09-30 13:34:25,294 [INFO] IntegrityCheckThread:100 - exiting critical section [integrity check]
2025-09-30 13:34:25,295 [INFO] IntegrityCheckThread:103 - End integrity checks thread
2025-09-30 14:41:37,896 [ERROR] LogOutputStream:75 - [STDERR_REDIRECT] 
