2025-07-22 04:24:10,440 [INFO] NvicIntPanel:101 - NVIC parent = com.st.microxplorer.plugins.ip.nvic.MultiNvicIntPanel[,0,0,0x0,invalid,layout=javax.swing.BoxLayout,alignmentX=0.0,alignmentY=0.0,border=,flags=9,maximumSize=,minimumSize=,preferredSize=]
2025-07-22 04:24:20,519 [INFO] MainUpdater:2872 - connection check result : 10
2025-07-22 04:24:20,519 [INFO] MainUpdater:2872 - connection check result : 10
2025-07-22 04:24:20,532 [ERROR] IocParser:95 - Exception caught: Cannot invoke "java.lang.CharSequence.length()" because "this.text" is null
2025-07-22 04:24:20,672 [INFO] MicroXplorer:468 - Change Database Path : 
2025-07-22 04:24:20,672 [INFO] MicroXplorer:498 - Change Database Version : DB.6.0.150
2025-07-22 04:24:20,690 [ERROR] ProjectManagerView:395 - 
java.lang.NullPointerException: Cannot invoke "javax.swing.JTextField.getText()" because the return value of "java.util.List.get(int)" is null
	at com.st.microxplorer.plugins.projectmanager.gui.ProjectChoiceTab$9.caretUpdate(ProjectChoiceTab.java:2706) ~[filemanager.jar:?]
	at javax.swing.text.JTextComponent.fireCaretUpdate(JTextComponent.java:408) ~[?:?]
	at javax.swing.text.JTextComponent$MutableCaretEvent.fire(JTextComponent.java:4484) ~[?:?]
	at javax.swing.text.JTextComponent$MutableCaretEvent.stateChanged(JTextComponent.java:4506) ~[?:?]
	at javax.swing.text.DefaultCaret.fireStateChanged(DefaultCaret.java:857) ~[?:?]
	at javax.swing.text.DefaultCaret.changeCaretPosition(DefaultCaret.java:1343) ~[?:?]
	at javax.swing.text.DefaultCaret.handleSetDot(DefaultCaret.java:1242) ~[?:?]
	at javax.swing.text.DefaultCaret.setDot(DefaultCaret.java:1223) ~[?:?]
	at javax.swing.text.DefaultCaret$Handler.insertUpdate(DefaultCaret.java:1819) ~[?:?]
	at javax.swing.text.AbstractDocument.fireInsertUpdate(AbstractDocument.java:227) ~[?:?]
	at javax.swing.text.AbstractDocument.handleInsertString(AbstractDocument.java:781) ~[?:?]
	at javax.swing.text.AbstractDocument.insertString(AbstractDocument.java:740) ~[?:?]
	at javax.swing.text.PlainDocument.insertString(PlainDocument.java:131) ~[?:?]
	at javax.swing.text.AbstractDocument.replace(AbstractDocument.java:699) ~[?:?]
	at javax.swing.text.JTextComponent.setText(JTextComponent.java:1725) ~[?:?]
	at com.st.microxplorer.plugins.projectmanager.gui.ProjectChoiceTab.createHeapStackFields(ProjectChoiceTab.java:993) ~[filemanager.jar:?]
	at com.st.microxplorer.plugins.projectmanager.gui.ProjectChoiceTab.buildLinkSettingsPanel(ProjectChoiceTab.java:3813) ~[filemanager.jar:?]
	at com.st.microxplorer.plugins.projectmanager.gui.ProjectChoiceTab.defineWindowsFields(ProjectChoiceTab.java:1987) ~[filemanager.jar:?]
	at com.st.microxplorer.plugins.projectmanager.gui.ProjectChoiceTab.updateSettings(ProjectChoiceTab.java:558) ~[filemanager.jar:?]
	at com.st.microxplorer.plugins.projectmanager.gui.ProjectSettingsPanel.UpdateDialog(ProjectSettingsPanel.java:247) ~[filemanager.jar:?]
	at com.st.microxplorer.plugins.projectmanager.ProjectManagerView.propertyChange(ProjectManagerView.java:392) ~[filemanager.jar:?]
	at java.beans.PropertyChangeSupport.fire(PropertyChangeSupport.java:343) ~[?:?]
	at java.beans.PropertyChangeSupport.firePropertyChange(PropertyChangeSupport.java:335) ~[?:?]
	at java.beans.PropertyChangeSupport.firePropertyChange(PropertyChangeSupport.java:268) ~[?:?]
	at com.st.microxplorer.util.MXPropertyChangeSupport.firePropertyChange(MXPropertyChangeSupport.java:54) ~[STM32CubeMX.jar:?]
	at com.st.microxplorer.mxsystem.MxSystem.closeConfig(MxSystem.java:899) ~[STM32CubeMX.jar:?]
	at com.st.microxplorer.maingui.MainPanel.closeConfig(MainPanel.java:792) ~[STM32CubeMX.jar:?]
	at com.st.microxplorer.plugins.filemanager.engine.OpenFileManager.loadConfigurationFile(OpenFileManager.java:288) ~[filemanager.jar:?]
	at com.st.microxplorer.plugins.filemanager.engine.MainFileManager.userLoadConfig(MainFileManager.java:364) ~[filemanager.jar:?]
	at com.st.microxplorer.plugins.filemanager.engine.MainFileManager.userLoadConfig(MainFileManager.java:342) ~[filemanager.jar:?]
	at com.st.microxplorer.plugins.filemanager.FileManagerView.getSpecificTask(FileManagerView.java:264) ~[filemanager.jar:?]
	at com.st.stm32cube.common.mx.editor.CubeMxEditor.getMxTabbedPaneInstance(CubeMxEditor.java:1198) ~[com.st.stm32cube.common.mx_6.15.0.202507011659/:?]
	at com.st.stm32cube.common.mx.editor.CubeMxEditor$12$1.createSwingComponent(CubeMxEditor.java:1068) ~[com.st.stm32cube.common.mx_6.15.0.202507011659/:?]
	at com.st.stm32cube.common.mx.oss.core.awtswtbridge.EmbeddedSwingComposite.doComponentCreation(EmbeddedSwingComposite.java:492) ~[com.st.stm32cube.common.mx.oss_6.15.0.202507011659/:?]
	at com.st.stm32cube.common.mx.oss.core.awtswtbridge.EmbeddedSwingComposite$4.run(EmbeddedSwingComposite.java:291) ~[com.st.stm32cube.common.mx.oss_6.15.0.202507011659/:?]
	at com.st.stm32cube.common.mx.oss.core.awtswtbridge.AwtEnvironment$2.run(AwtEnvironment.java:166) ~[com.st.stm32cube.common.mx.oss_6.15.0.202507011659/:?]
	at java.awt.event.InvocationEvent.dispatch(InvocationEvent.java:318) ~[?:?]
	at java.awt.EventQueue.dispatchEventImpl(EventQueue.java:773) ~[?:?]
	at java.awt.EventQueue$4.run(EventQueue.java:720) ~[?:?]
	at java.awt.EventQueue$4.run(EventQueue.java:714) ~[?:?]
	at java.security.AccessController.doPrivileged(AccessController.java:400) ~[?:?]
	at java.security.ProtectionDomain$JavaSecurityAccessImpl.doIntersectionPrivilege(ProtectionDomain.java:87) ~[?:?]
	at java.awt.EventQueue.dispatchEvent(EventQueue.java:742) ~[?:?]
	at java.awt.EventDispatchThread.pumpOneEventForFilters(EventDispatchThread.java:203) ~[?:?]
	at java.awt.EventDispatchThread.pumpEventsForFilter(EventDispatchThread.java:124) ~[?:?]
	at java.awt.EventDispatchThread.pumpEventsForHierarchy(EventDispatchThread.java:113) ~[?:?]
	at java.awt.EventDispatchThread.pumpEvents(EventDispatchThread.java:109) ~[?:?]
	at java.awt.EventDispatchThread.pumpEvents(EventDispatchThread.java:101) ~[?:?]
	at java.awt.EventDispatchThread.run(EventDispatchThread.java:90) ~[?:?]
2025-07-22 04:24:20,697 [WARN] ThirdParty:871 - waiting for thirdparty lock release [close project]
2025-07-22 04:24:20,698 [INFO] ThirdParty:873 - entering critical section [close project]
2025-07-22 04:24:20,698 [INFO] ThirdParty:883 - exiting critical section [close project]
2025-07-22 04:24:20,701 [INFO] PinOutPanel:1589 - setPackage(No Configuration,No Configuration)
2025-07-22 04:24:20,709 [WARN] IpParametersView:155 - Warning: This peripheral hasn't parameters
2025-07-22 04:24:20,717 [WARN] MainPanel:289 - <html><b><center>Warning: This peripheral has no parameters to be configured<br></b></html>
2025-07-22 04:24:20,723 [WARN] IpParametersView:155 - Warning: This peripheral hasn't parameters
2025-07-22 04:24:20,730 [WARN] MainPanel:289 - <html><b><center>Warning: This peripheral has no parameters to be configured<br></b></html>
2025-07-22 04:24:20,741 [INFO] UtilMem:75 - Begin LoadConfig() Used Memory: 711526688 Bytes (1030750208)
2025-07-22 04:24:20,742 [INFO] MicroXplorer:468 - Change Database Path : 
2025-07-22 04:24:20,742 [INFO] MicroXplorer:498 - Change Database Version : DB.6.0.150
2025-07-22 04:24:20,742 [INFO] OpenFileManager:355 - Change cursor
2025-07-22 04:24:20,759 [INFO] Mcu:2029 - Initializing MCU STM32H755ZITx STM32H755ZITx STM32H755ZIT6
2025-07-22 04:24:22,621 [INFO] Context:786 - Trying to add GPIOservice into a context  which must be forbidden
2025-07-22 04:24:22,621 [INFO] Context:786 - Trying to add GPIOservice into a context  which must be forbidden
2025-07-22 04:24:24,041 [INFO] ApiDbMcu:532 - Load IP Config File for NUCLEO-H755ZI-Q
2025-07-22 04:24:24,148 [INFO] Context:786 - Trying to add GPIOservice into a context  which must be forbidden
2025-07-22 04:24:24,156 [INFO] Context:786 - Trying to add GPIOservice into a context  which must be forbidden
2025-07-22 04:24:24,158 [INFO] ImportTextPane:234 - (OptionalMessage_ERROR) Pin33 (VP_RIF_VS_RIF1) cannot be retrieved for this MCU
2025-07-22 04:24:24,166 [INFO] ImportTextPane:234 - (OptionalMessage_ERROR) Unable to find key (Mcu.IP13) in loaded IOC file
2025-07-22 04:24:24,166 [INFO] ImportTextPane:234 - (OptionalMessage_ERROR) Unknown IP (dummy)
2025-07-22 04:24:24,276 [INFO] RtosManager:558 - Registered RTOS mode: class=CMSIS, group=RTOS, mode=CMSIS_V1, owner=FREERTOS_M7
2025-07-22 04:24:24,276 [INFO] RtosManager:558 - Registered RTOS mode: class=CMSIS, group=RTOS2, mode=CMSIS_V2, owner=FREERTOS_M7
2025-07-22 04:24:24,276 [INFO] RtosManager:558 - Registered RTOS mode: class=RTOS, group=Core, mode=CMSIS_V1, owner=FREERTOS_M7
2025-07-22 04:24:24,276 [INFO] RtosManager:558 - Registered RTOS mode: class=RTOS, group=Core, mode=CMSIS_V2, owner=FREERTOS_M7
2025-07-22 04:24:24,276 [WARN] ModelIntegratedComponent:184 - Missing modes for component STMicroelectronics:FreeRTOS:0.0.1:STMicroelectronics:RTOS:FreeRTOS:Core:::10.2.0:
2025-07-22 04:24:24,284 [WARN] ModelIntegratedComponent:63 - No mode defined for component null
2025-07-22 04:24:24,284 [WARN] ModelIntegratedComponent:63 - No mode defined for component null
2025-07-22 04:24:24,284 [WARN] ModelIntegratedComponent:63 - No mode defined for component null
2025-07-22 04:24:24,284 [WARN] ModelIntegratedComponent:63 - No mode defined for component null
2025-07-22 04:24:24,284 [WARN] ModelIntegratedComponent:63 - No mode defined for component null
2025-07-22 04:24:24,284 [WARN] ModelIntegratedComponent:63 - No mode defined for component null
2025-07-22 04:24:24,285 [WARN] ModelIntegratedComponent:63 - No mode defined for component null
2025-07-22 04:24:24,285 [WARN] ModelIntegratedComponent:63 - No mode defined for component null
2025-07-22 04:24:24,285 [WARN] ModelIntegratedComponent:63 - No mode defined for component null
2025-07-22 04:24:24,285 [WARN] ModelIntegratedComponent:63 - No mode defined for component null
2025-07-22 04:24:24,285 [WARN] ModelIntegratedComponent:63 - No mode defined for component null
2025-07-22 04:24:24,285 [WARN] ModelIntegratedComponent:63 - No mode defined for component null
2025-07-22 04:24:24,285 [WARN] ModelIntegratedComponent:63 - No mode defined for component null
2025-07-22 04:24:24,285 [WARN] ModelIntegratedComponent:63 - No mode defined for component null
2025-07-22 04:24:24,285 [WARN] ModelIntegratedComponent:63 - No mode defined for component null
2025-07-22 04:24:24,285 [WARN] ModelIntegratedComponent:63 - No mode defined for component null
2025-07-22 04:24:24,285 [WARN] ModelIntegratedComponent:63 - No mode defined for component null
2025-07-22 04:24:24,285 [WARN] ModelIntegratedComponent:63 - No mode defined for component null
2025-07-22 04:24:24,285 [WARN] ModelIntegratedComponent:63 - No mode defined for component null
2025-07-22 04:24:24,285 [WARN] ModelIntegratedComponent:63 - No mode defined for component null
2025-07-22 04:24:24,285 [WARN] ModelIntegratedComponent:63 - No mode defined for component null
2025-07-22 04:24:24,285 [WARN] ModelIntegratedComponent:63 - No mode defined for component null
2025-07-22 04:24:24,285 [WARN] ModelIntegratedComponent:63 - No mode defined for component null
2025-07-22 04:24:24,285 [WARN] ModelIntegratedComponent:63 - No mode defined for component null
2025-07-22 04:24:24,285 [WARN] ModelIntegratedComponent:63 - No mode defined for component null
2025-07-22 04:24:24,286 [WARN] ModelIntegratedComponent:63 - No mode defined for component null
2025-07-22 04:24:24,286 [WARN] ModelIntegratedComponent:63 - No mode defined for component null
2025-07-22 04:24:24,286 [WARN] ModelIntegratedComponent:63 - No mode defined for component null
2025-07-22 04:24:24,286 [WARN] ModelIntegratedComponent:63 - No mode defined for component null
2025-07-22 04:24:24,286 [WARN] ModelIntegratedComponent:63 - No mode defined for component null
2025-07-22 04:24:24,286 [WARN] ModelIntegratedComponent:63 - No mode defined for component null
2025-07-22 04:24:24,286 [WARN] ModelIntegratedComponent:63 - No mode defined for component null
2025-07-22 04:24:24,286 [WARN] ModelIntegratedComponent:63 - No mode defined for component null
2025-07-22 04:24:24,286 [WARN] ModelIntegratedComponent:63 - No mode defined for component null
2025-07-22 04:24:24,286 [WARN] ModelIntegratedComponent:63 - No mode defined for component null
2025-07-22 04:24:24,286 [WARN] ModelPack:524 - Component already loaded: STMicroelectronics:HAL Drivers:0.0.0:STMicroelectronics:Device:STMicro_Driver:XSPI:HAL::0.0.1:HAL_XSPI
2025-07-22 04:24:24,394 [INFO] RtosManager:558 - Registered RTOS mode: class=CMSIS, group=RTOS, mode=CMSIS_V1, owner=FREERTOS_M4
2025-07-22 04:24:24,394 [INFO] RtosManager:558 - Registered RTOS mode: class=CMSIS, group=RTOS2, mode=CMSIS_V2, owner=FREERTOS_M4
2025-07-22 04:24:24,394 [INFO] RtosManager:558 - Registered RTOS mode: class=RTOS, group=Core, mode=CMSIS_V1, owner=FREERTOS_M4
2025-07-22 04:24:24,394 [INFO] RtosManager:558 - Registered RTOS mode: class=RTOS, group=Core, mode=CMSIS_V2, owner=FREERTOS_M4
2025-07-22 04:24:24,395 [WARN] ModelIntegratedComponent:184 - Missing modes for component STMicroelectronics:FreeRTOS:0.0.1:STMicroelectronics:RTOS:FreeRTOS:Core:::10.2.0:
2025-07-22 04:24:24,400 [WARN] ModelIntegratedComponent:63 - No mode defined for component null
2025-07-22 04:24:24,401 [WARN] ModelIntegratedComponent:63 - No mode defined for component null
2025-07-22 04:24:24,401 [WARN] ModelIntegratedComponent:63 - No mode defined for component null
2025-07-22 04:24:24,401 [WARN] ModelIntegratedComponent:63 - No mode defined for component null
2025-07-22 04:24:24,402 [WARN] ModelIntegratedComponent:63 - No mode defined for component null
2025-07-22 04:24:24,402 [WARN] ModelIntegratedComponent:63 - No mode defined for component null
2025-07-22 04:24:24,402 [WARN] ModelIntegratedComponent:63 - No mode defined for component null
2025-07-22 04:24:24,402 [WARN] ModelIntegratedComponent:63 - No mode defined for component null
2025-07-22 04:24:24,402 [WARN] ModelIntegratedComponent:63 - No mode defined for component null
2025-07-22 04:24:24,402 [WARN] ModelIntegratedComponent:63 - No mode defined for component null
2025-07-22 04:24:24,402 [WARN] ModelIntegratedComponent:63 - No mode defined for component null
2025-07-22 04:24:24,402 [WARN] ModelIntegratedComponent:63 - No mode defined for component null
2025-07-22 04:24:24,402 [WARN] ModelIntegratedComponent:63 - No mode defined for component null
2025-07-22 04:24:24,402 [WARN] ModelIntegratedComponent:63 - No mode defined for component null
2025-07-22 04:24:24,402 [WARN] ModelIntegratedComponent:63 - No mode defined for component null
2025-07-22 04:24:24,402 [WARN] ModelIntegratedComponent:63 - No mode defined for component null
2025-07-22 04:24:24,402 [WARN] ModelIntegratedComponent:63 - No mode defined for component null
2025-07-22 04:24:24,402 [WARN] ModelIntegratedComponent:63 - No mode defined for component null
2025-07-22 04:24:24,402 [WARN] ModelIntegratedComponent:63 - No mode defined for component null
2025-07-22 04:24:24,402 [WARN] ModelIntegratedComponent:63 - No mode defined for component null
2025-07-22 04:24:24,402 [WARN] ModelIntegratedComponent:63 - No mode defined for component null
2025-07-22 04:24:24,403 [WARN] ModelIntegratedComponent:63 - No mode defined for component null
2025-07-22 04:24:24,403 [WARN] ModelIntegratedComponent:63 - No mode defined for component null
2025-07-22 04:24:24,403 [WARN] ModelIntegratedComponent:63 - No mode defined for component null
2025-07-22 04:24:24,403 [WARN] ModelIntegratedComponent:63 - No mode defined for component null
2025-07-22 04:24:24,403 [WARN] ModelIntegratedComponent:63 - No mode defined for component null
2025-07-22 04:24:24,403 [WARN] ModelIntegratedComponent:63 - No mode defined for component null
2025-07-22 04:24:24,403 [WARN] ModelIntegratedComponent:63 - No mode defined for component null
2025-07-22 04:24:24,403 [WARN] ModelIntegratedComponent:63 - No mode defined for component null
2025-07-22 04:24:24,403 [WARN] ModelIntegratedComponent:63 - No mode defined for component null
2025-07-22 04:24:24,403 [WARN] ModelIntegratedComponent:63 - No mode defined for component null
2025-07-22 04:24:24,403 [WARN] ModelIntegratedComponent:63 - No mode defined for component null
2025-07-22 04:24:24,403 [WARN] ModelIntegratedComponent:63 - No mode defined for component null
2025-07-22 04:24:24,404 [WARN] ModelIntegratedComponent:63 - No mode defined for component null
2025-07-22 04:24:24,404 [WARN] ModelIntegratedComponent:63 - No mode defined for component null
2025-07-22 04:24:24,404 [WARN] ModelPack:524 - Component already loaded: STMicroelectronics:HAL Drivers:0.0.0:STMicroelectronics:Device:STMicro_Driver:XSPI:HAL::0.0.1:HAL_XSPI
2025-07-22 04:24:24,470 [INFO] ThirdPartyModel:298 - Start build external matchings
2025-07-22 04:24:24,910 [INFO] ThirdPartyModel:316 - End build external matchings
2025-07-22 04:24:24,925 [INFO] ThirdPartyModel:298 - Start build external matchings
2025-07-22 04:24:25,326 [INFO] ThirdPartyModel:316 - End build external matchings
2025-07-22 04:24:25,335 [INFO] RtosManager:1018 - Current active RTOS is FREERTOS_M4 [CortexM4]
2025-07-22 04:24:25,336 [INFO] RtosManager:1018 - Current active RTOS is FREERTOS_M7 [CortexM7]
2025-07-22 04:24:25,339 [INFO] ImportTextPane:234 - (OptionalMessage_ERROR) IP (DMA) : Parameter (Instance) has Id (USART2_RX) currently not set
2025-07-22 04:24:25,339 [INFO] ImportTextPane:234 - (OptionalMessage_ERROR) IP (DMA) : Parameter (Request) has Id (USART2_RX) currently not set
2025-07-22 04:24:25,339 [INFO] ImportTextPane:234 - (OptionalMessage_ERROR) IP (DMA) : Parameter (Direction) has Id (USART2_RX) currently not set
2025-07-22 04:24:25,339 [INFO] ImportTextPane:234 - (OptionalMessage_ERROR) IP (DMA) : Parameter (PeriphInc) has Id (USART2_RX) currently not set
2025-07-22 04:24:25,340 [INFO] ImportTextPane:234 - (OptionalMessage_ERROR) IP (DMA) : Parameter (MemInc) has Id (USART2_RX) currently not set
2025-07-22 04:24:25,340 [INFO] ImportTextPane:234 - (OptionalMessage_ERROR) IP (DMA) : Parameter (PeriphDataAlignment) has Id (USART2_RX) currently not set
2025-07-22 04:24:25,340 [INFO] ImportTextPane:234 - (OptionalMessage_ERROR) IP (DMA) : Parameter (MemDataAlignment) has Id (USART2_RX) currently not set
2025-07-22 04:24:25,340 [INFO] ImportTextPane:234 - (OptionalMessage_ERROR) IP (DMA) : Parameter (Mode) has Id (USART2_RX) currently not set
2025-07-22 04:24:25,340 [INFO] ImportTextPane:234 - (OptionalMessage_ERROR) IP (DMA) : Parameter (Priority) has Id (USART2_RX) currently not set
2025-07-22 04:24:25,340 [INFO] ImportTextPane:234 - (OptionalMessage_ERROR) IP (DMA) : Parameter (FIFOMode) has Id (USART2_RX) currently not set
2025-07-22 04:24:25,340 [INFO] ImportTextPane:234 - (OptionalMessage_ERROR) IP (DMA) : Parameter (SignalID) has Id (USART2_RX) currently not set
2025-07-22 04:24:25,340 [INFO] ImportTextPane:234 - (OptionalMessage_ERROR) IP (DMA) : Parameter (Polarity) has Id (USART2_RX) currently not set
2025-07-22 04:24:25,340 [INFO] ImportTextPane:234 - (OptionalMessage_ERROR) IP (DMA) : Parameter (RequestNumber) has Id (USART2_RX) currently not set
2025-07-22 04:24:25,340 [INFO] ImportTextPane:234 - (OptionalMessage_ERROR) IP (DMA) : Parameter (SyncSignalID) has Id (USART2_RX) currently not set
2025-07-22 04:24:25,340 [INFO] ImportTextPane:234 - (OptionalMessage_ERROR) IP (DMA) : Parameter (SyncPolarity) has Id (USART2_RX) currently not set
2025-07-22 04:24:25,340 [INFO] ImportTextPane:234 - (OptionalMessage_ERROR) IP (DMA) : Parameter (SyncEnable) has Id (USART2_RX) currently not set
2025-07-22 04:24:25,340 [INFO] ImportTextPane:234 - (OptionalMessage_ERROR) IP (DMA) : Parameter (EventEnable) has Id (USART2_RX) currently not set
2025-07-22 04:24:25,340 [INFO] ImportTextPane:234 - (OptionalMessage_ERROR) IP (DMA) : Parameter (SyncRequestNumber) has Id (USART2_RX) currently not set
2025-07-22 04:24:25,481 [INFO] UtilMem:75 - End LoadConfig() Used Memory: 817424488 Bytes (1034944512)
2025-07-22 04:24:25,502 [WARN] ThirdParty:833 - waiting for thirdparty lock release [change project]
2025-07-22 04:24:25,502 [INFO] ThirdParty:835 - entering critical section [change project]
2025-07-22 04:24:25,502 [INFO] ThirdParty:1030 - CMSIS Pack Vendor :STMicroelectronics X-CUBE-PM33A1 1.0.0
2025-07-22 04:24:25,502 [INFO] ThirdParty:1030 - CMSIS Pack Vendor :STMicroelectronics USBPD 4.1
2025-07-22 04:24:25,503 [INFO] ThirdParty:1030 - CMSIS Pack Vendor :STMicroelectronics X-CUBE-AZRTOS-H7 3.3.0
2025-07-22 04:24:25,503 [INFO] ThirdParty:1030 - CMSIS Pack Vendor :STMicroelectronics X-CUBE-NFC9 1.0.0
2025-07-22 04:24:25,503 [INFO] ThirdParty:1030 - CMSIS Pack Vendor :STMicroelectronics USB_HOST 2.0.0
2025-07-22 04:24:25,503 [INFO] ThirdParty:1030 - CMSIS Pack Vendor :STMicroelectronics FP-SNS-MOTENVWB1 1.4.0
2025-07-22 04:24:25,503 [INFO] ThirdParty:1030 - CMSIS Pack Vendor :STMicroelectronics X-CUBE-AZRTOS-F4 1.1.0
2025-07-22 04:24:25,503 [INFO] ThirdParty:1030 - CMSIS Pack Vendor :STMicroelectronics LIBJPEG 8.0.0
2025-07-22 04:24:25,503 [INFO] ThirdParty:1030 - CMSIS Pack Vendor :STMicroelectronics FP-ATR-ASTRA1 2.0.2
2025-07-22 04:24:25,503 [INFO] ThirdParty:1030 - CMSIS Pack Vendor :STMicroelectronics FP-ATR-ASTRA1 2.0.1
2025-07-22 04:24:25,503 [INFO] ThirdParty:1030 - CMSIS Pack Vendor :STMicroelectronics X-CUBE-BLE1 7.1.0
2025-07-22 04:24:25,503 [INFO] ThirdParty:1030 - CMSIS Pack Vendor :Avnet-IotConnect X-CUBE-IoTC-DA16k-PMOD 1.0.0
2025-07-22 04:24:25,503 [INFO] ThirdParty:1030 - CMSIS Pack Vendor :STMicroelectronics X-CUBE-SMBUS 2.1.0
2025-07-22 04:24:25,503 [INFO] ThirdParty:1030 - CMSIS Pack Vendor :STMicroelectronics X-CUBE-WB05N 1.1.0
2025-07-22 04:24:25,503 [INFO] ThirdParty:1030 - CMSIS Pack Vendor :wolfSSL I-CUBE-wolfMQTT 1.19.2
2025-07-22 04:24:25,503 [INFO] ThirdParty:1030 - CMSIS Pack Vendor :STMicroelectronics USB_DEVICE 3.0.0
2025-07-22 04:24:25,503 [INFO] ThirdParty:1030 - CMSIS Pack Vendor :STMicroelectronics X-CUBE-ISPU 2.1.0
2025-07-22 04:24:25,503 [INFO] ThirdParty:1030 - CMSIS Pack Vendor :STMicroelectronics X-CUBE-EEPRMA1 5.2.0
2025-07-22 04:24:25,503 [INFO] ThirdParty:1030 - CMSIS Pack Vendor :STMicroelectronics X-CUBE-BLEMGR 4.1.0
2025-07-22 04:24:25,503 [INFO] ThirdParty:1030 - CMSIS Pack Vendor :STMicroelectronics X-CUBE-AZRTOS-WB 2.0.0
2025-07-22 04:24:25,503 [INFO] ThirdParty:1030 - CMSIS Pack Vendor :STMicroelectronics X-CUBE-ST60 1.0.0
2025-07-22 04:24:25,503 [INFO] ThirdParty:1030 - CMSIS Pack Vendor :STMicroelectronics X-CUBE-GNSS1 7.0.1
2025-07-22 04:24:25,503 [INFO] ThirdParty:1030 - CMSIS Pack Vendor :STMicroelectronics X-CUBE-NFC12 1.0.0
2025-07-22 04:24:25,503 [INFO] ThirdParty:1030 - CMSIS Pack Vendor :STMicroelectronics X-CUBE-AZRTOS-F7 1.1.0
2025-07-22 04:24:25,503 [INFO] ThirdParty:1030 - CMSIS Pack Vendor :STMicroelectronics X-CUBE-AZRTOS-L5 2.0.0
2025-07-22 04:24:25,503 [INFO] ThirdParty:1030 - CMSIS Pack Vendor :STMicroelectronics X-CUBE-TOUCHGFX 4.25.0
2025-07-22 04:24:25,503 [INFO] ThirdParty:1030 - CMSIS Pack Vendor :STMicroelectronics USB_DEVICE 2.0.0
2025-07-22 04:24:25,503 [INFO] ThirdParty:1030 - CMSIS Pack Vendor :STMicroelectronics X-CUBE-NFC6 3.1.0
2025-07-22 04:24:25,503 [INFO] ThirdParty:1030 - CMSIS Pack Vendor :STMicroelectronics X-CUBE-AI 10.1.0
2025-07-22 04:24:25,503 [INFO] ThirdParty:1030 - CMSIS Pack Vendor :STMicroelectronics X-CUBE-MEMS1 11.2.0
2025-07-22 04:24:25,503 [INFO] ThirdParty:1030 - CMSIS Pack Vendor :STMicroelectronics FreeRTOS 0.0.1
2025-07-22 04:24:25,503 [INFO] ThirdParty:1030 - CMSIS Pack Vendor :STMicroelectronics X-CUBE-AZRTOS-G0 1.1.0
2025-07-22 04:24:25,503 [INFO] ThirdParty:1030 - CMSIS Pack Vendor :STMicroelectronics X-CUBE-SAFEA1 1.2.2
2025-07-22 04:24:25,503 [INFO] ThirdParty:1030 - CMSIS Pack Vendor :STMicroelectronics X-CUBE-NFC4 3.0.0
2025-07-22 04:24:25,503 [INFO] ThirdParty:1030 - CMSIS Pack Vendor :STMicroelectronics X-CUBE-SUBG2 5.0.0
2025-07-22 04:24:25,503 [INFO] ThirdParty:1030 - CMSIS Pack Vendor :STMicroelectronics X-CUBE-AZRTOS-H7RS 1.1.0
2025-07-22 04:24:25,503 [INFO] ThirdParty:1030 - CMSIS Pack Vendor :STMicroelectronics STM32_WPAN 1.0.0
2025-07-22 04:24:25,503 [INFO] ThirdParty:1030 - CMSIS Pack Vendor :EmbeddedOffice I-CUBE-FS-RTOS 1.0.1
2025-07-22 04:24:25,503 [INFO] ThirdParty:1030 - CMSIS Pack Vendor :STMicroelectronics lwIP 2.0.3
2025-07-22 04:24:25,503 [INFO] ThirdParty:1030 - CMSIS Pack Vendor :STMicroelectronics FP-SNS-FLIGHT1 5.0.2
2025-07-22 04:24:25,503 [INFO] ThirdParty:1030 - CMSIS Pack Vendor :Cesanta I-CUBE-Mongoose 7.13.0
2025-07-22 04:24:25,503 [INFO] ThirdParty:1030 - CMSIS Pack Vendor :STMicroelectronics USB_HOST 1.0.0
2025-07-22 04:24:25,503 [INFO] ThirdParty:1030 - CMSIS Pack Vendor :Infineon AIROC-Wi-Fi-Bluetooth-STM32 1.7.0
2025-07-22 04:24:25,503 [INFO] ThirdParty:1030 - CMSIS Pack Vendor :STMicroelectronics X-CUBE-AZRTOS-G4 2.0.0
2025-07-22 04:24:25,503 [INFO] ThirdParty:1030 - CMSIS Pack Vendor :STMicroelectronics X-CUBE-WB05N 2.0.0
2025-07-22 04:24:25,503 [INFO] ThirdParty:1030 - CMSIS Pack Vendor :STMicroelectronics PDM2PCM 3.1.0
2025-07-22 04:24:25,503 [INFO] ThirdParty:1030 - CMSIS Pack Vendor :STMicroelectronics PDM2PCM 3.3.0
2025-07-22 04:24:25,504 [INFO] ThirdParty:1030 - CMSIS Pack Vendor :wolfSSL I-CUBE-wolfTPM 3.8.0
2025-07-22 04:24:25,504 [INFO] ThirdParty:1030 - CMSIS Pack Vendor :STMicroelectronics X-CUBE-AZRTOS-H7 3.4.0
2025-07-22 04:24:25,504 [INFO] ThirdParty:1030 - CMSIS Pack Vendor :STMicroelectronics X-CUBE-DISPLAY 3.0.0
2025-07-22 04:24:25,504 [INFO] ThirdParty:1030 - CMSIS Pack Vendor :wolfSSL I-CUBE-wolfSSH 1.4.20
2025-07-22 04:24:25,504 [INFO] ThirdParty:1030 - CMSIS Pack Vendor :STMicroelectronics X-CUBE-NFC7 2.0.0
2025-07-22 04:24:25,504 [INFO] ThirdParty:1030 - CMSIS Pack Vendor :STMicroelectronics X-CUBE-TCPP 4.2.0
2025-07-22 04:24:25,504 [INFO] ThirdParty:1030 - CMSIS Pack Vendor :RealThread X-CUBE-RT-Thread_Nano 4.1.1
2025-07-22 04:24:25,504 [INFO] ThirdParty:1030 - CMSIS Pack Vendor :STMicroelectronics FP-ATR-SIGFOX1 3.2.0
2025-07-22 04:24:25,504 [INFO] ThirdParty:1030 - CMSIS Pack Vendor :STMicroelectronics X-CUBE-NFC10 1.0.0
2025-07-22 04:24:25,504 [INFO] ThirdParty:1030 - CMSIS Pack Vendor :STMicroelectronics X-CUBE-BLEMGR 4.0.0
2025-07-22 04:24:25,504 [INFO] ThirdParty:1030 - CMSIS Pack Vendor :STMicroelectronics X-CUBE-EEPRMA1 5.1.0
2025-07-22 04:24:25,504 [INFO] ThirdParty:1030 - CMSIS Pack Vendor :STMicroelectronics X-CUBE-FREERTOS 1.3.1
2025-07-22 04:24:25,504 [INFO] ThirdParty:1030 - CMSIS Pack Vendor :STMicroelectronics HAL Drivers 0.0.0
2025-07-22 04:24:25,504 [INFO] ThirdParty:1030 - CMSIS Pack Vendor :STMicroelectronics MBEDTLS 2.16.2
2025-07-22 04:24:25,504 [INFO] ThirdParty:1030 - CMSIS Pack Vendor :STMicroelectronics X-CUBE-IPS 3.1.0
2025-07-22 04:24:25,504 [INFO] ThirdParty:1030 - CMSIS Pack Vendor :STMicroelectronics X-CUBE-ALS 1.0.2
2025-07-22 04:24:25,504 [INFO] ThirdParty:1030 - CMSIS Pack Vendor :emotas I-CUBE-CANOPEN 1.3.0
2025-07-22 04:24:25,504 [INFO] ThirdParty:1030 - CMSIS Pack Vendor :STMicroelectronics X-CUBE-FREERTOS 1.3.0
2025-07-22 04:24:25,504 [INFO] ThirdParty:1030 - CMSIS Pack Vendor :STMicroelectronics X-CUBE-NFC7 1.0.1
2025-07-22 04:24:25,504 [INFO] ThirdParty:1030 - CMSIS Pack Vendor :STMicroelectronics MBEDTLS 2.14.1
2025-07-22 04:24:25,504 [INFO] ThirdParty:1030 - CMSIS Pack Vendor :wolfSSL I-CUBE-wolfSSL 5.7.6
2025-07-22 04:24:25,504 [INFO] ThirdParty:1030 - CMSIS Pack Vendor :ITTIA_DB I-CUBE-ITTIADB 8.9.0
2025-07-22 04:24:25,504 [INFO] ThirdParty:1030 - CMSIS Pack Vendor :portGmbH I-Cube-SoM-uGOAL 1.1.0
2025-07-22 04:24:25,504 [INFO] ThirdParty:1030 - CMSIS Pack Vendor :quantropi X-CUBE-qispace-sdk-base 2.0.0
2025-07-22 04:24:25,504 [INFO] ThirdParty:1030 - CMSIS Pack Vendor :STMicroelectronics X-CUBE-AI 10.0.0
2025-07-22 04:24:25,504 [INFO] ThirdParty:1030 - CMSIS Pack Vendor :STMicroelectronics X-CUBE-ST67W61 1.0.0
2025-07-22 04:24:25,504 [INFO] ThirdParty:1030 - CMSIS Pack Vendor :STMicroelectronics FP-SNS-STAIOTCFT 1.0.0
2025-07-22 04:24:25,504 [INFO] ThirdParty:1030 - CMSIS Pack Vendor :STMicroelectronics ThreadX 1.0.0
2025-07-22 04:24:25,504 [INFO] ThirdParty:1030 - CMSIS Pack Vendor :STMicroelectronics FP-SNS-SMARTAG2 1.2.0
2025-07-22 04:24:25,504 [INFO] ThirdParty:1030 - CMSIS Pack Vendor :STMicroelectronics FP-SNS-FLIGHT1 5.1.0
2025-07-22 04:24:25,504 [INFO] ThirdParty:1030 - CMSIS Pack Vendor :STMicroelectronics X-CUBE-AZRTOS-WL 2.0.0
2025-07-22 04:24:25,504 [INFO] ThirdParty:1030 - CMSIS Pack Vendor :SEGGER I-CUBE-embOS 1.3.1
2025-07-22 04:24:25,504 [INFO] ThirdParty:1030 - CMSIS Pack Vendor :STMicroelectronics X-CUBE-ALGOBUILD 1.4.0
2025-07-22 04:24:25,504 [INFO] ThirdParty:1030 - CMSIS Pack Vendor :STMicroelectronics X-CUBE-DPower 1.3.0
2025-07-22 04:24:25,504 [INFO] ThirdParty:1030 - CMSIS Pack Vendor :STMicroelectronics X-CUBE-MEMS1 11.3.0
2025-07-22 04:24:25,504 [INFO] ThirdParty:1030 - CMSIS Pack Vendor :STMicroelectronics FP-SNS-MOTENV1 5.0.0
2025-07-22 04:24:25,504 [INFO] ThirdParty:1030 - CMSIS Pack Vendor :STMicroelectronics USB_DEVICE 1.0.0
2025-07-22 04:24:25,504 [INFO] ThirdParty:1030 - CMSIS Pack Vendor :STMicroelectronics X-CUBE-AZRTOS-L4 2.0.0
2025-07-22 04:24:25,505 [INFO] ThirdParty:1030 - CMSIS Pack Vendor :STMicroelectronics ThreadX 0.0.2
2025-07-22 04:24:25,505 [INFO] ThirdParty:1030 - CMSIS Pack Vendor :WES I-CUBE-Cesium 1.3.0
2025-07-22 04:24:25,505 [INFO] ThirdParty:1030 - CMSIS Pack Vendor :STMicroelectronics lwIP 2.1.2
2025-07-22 04:24:25,505 [INFO] ThirdParty:1030 - CMSIS Pack Vendor :STMicroelectronics X-CUBE-SFXS2LP1 4.0.0
2025-07-22 04:24:25,505 [INFO] ThirdParty:1030 - CMSIS Pack Vendor :STMicroelectronics X-CUBE-BLE2 3.3.0
2025-07-22 04:24:25,505 [INFO] ThirdParty:1030 - CMSIS Pack Vendor :STMicroelectronics X-CUBE-TOF1 3.4.3
2025-07-22 04:24:25,505 [INFO] ThirdParty:1030 - CMSIS Pack Vendor :STMicroelectronics PDM2PCM 3.2.0
2025-07-22 04:24:25,505 [INFO] ThirdParty:841 - exiting critical section [change project]
2025-07-22 04:24:25,790 [INFO] PinOutPanel:1589 - setPackage(No Configuration,No Configuration)
2025-07-22 04:24:25,791 [INFO] PinOutPanel:1589 - setPackage(STM32H755ZITx,LQFP144)
2025-07-22 04:24:26,148 [INFO] UtilMem:75 - Before build in PCC Used Memory: 685590592 Bytes (1034944512)
2025-07-22 04:24:26,406 [INFO] UtilMem:75 - After build in PCC Used Memory: 807225408 Bytes (1034944512)
2025-07-22 04:24:26,410 [INFO] ApiDbMcu:532 - Load IP Config File for FREERTOS_M4
2025-07-22 04:24:26,413 [INFO] ApiDbMcu:532 - Load IP Config File for FREERTOS_M7
2025-07-22 04:24:26,429 [INFO] IPUIPlugin:80 - create IPUIPlugin
2025-07-22 04:24:26,429 [INFO] IPUIPlugin:80 - create IPUIPlugin
2025-07-22 04:24:26,429 [INFO] IPUIPlugin:80 - create IPUIPlugin
2025-07-22 04:24:26,429 [INFO] IPUIPlugin:80 - create IPUIPlugin
2025-07-22 04:24:26,429 [INFO] IPUIPlugin:80 - create IPUIPlugin
2025-07-22 04:24:26,429 [INFO] IPUIPlugin:80 - create IPUIPlugin
2025-07-22 04:24:26,429 [INFO] IPUIPlugin:80 - create IPUIPlugin
2025-07-22 04:24:26,429 [INFO] IPUIPlugin:80 - create IPUIPlugin
2025-07-22 04:24:26,430 [INFO] IPUIPlugin:80 - create IPUIPlugin
2025-07-22 04:24:26,430 [INFO] IPUIPlugin:80 - create IPUIPlugin
2025-07-22 04:24:26,430 [INFO] IPUIPlugin:80 - create IPUIPlugin
2025-07-22 04:24:26,430 [INFO] IPUIPlugin:80 - create IPUIPlugin
2025-07-22 04:24:26,430 [INFO] IPUIPlugin:80 - create IPUIPlugin
2025-07-22 04:24:26,430 [INFO] IPUIPlugin:80 - create IPUIPlugin
2025-07-22 04:24:26,430 [INFO] IPUIPlugin:80 - create IPUIPlugin
2025-07-22 04:24:26,430 [INFO] IPUIPlugin:80 - create IPUIPlugin
2025-07-22 04:24:26,430 [INFO] IPUIPlugin:80 - create IPUIPlugin
2025-07-22 04:24:26,430 [INFO] IPUIPlugin:80 - create IPUIPlugin
2025-07-22 04:24:26,430 [INFO] IPUIPlugin:80 - create IPUIPlugin
2025-07-22 04:24:26,430 [INFO] IPUIPlugin:80 - create IPUIPlugin
2025-07-22 04:24:26,430 [INFO] IPUIPlugin:80 - create IPUIPlugin
2025-07-22 04:24:26,430 [INFO] IPUIPlugin:80 - create IPUIPlugin
2025-07-22 04:24:26,431 [INFO] IPUIPlugin:80 - create IPUIPlugin
2025-07-22 04:24:26,431 [INFO] IPUIPlugin:80 - create IPUIPlugin
2025-07-22 04:24:26,431 [INFO] IPUIPlugin:80 - create IPUIPlugin
2025-07-22 04:24:26,431 [INFO] IPUIPlugin:80 - create IPUIPlugin
2025-07-22 04:24:26,431 [INFO] IPUIPlugin:80 - create IPUIPlugin
2025-07-22 04:24:26,431 [INFO] IPUIPlugin:80 - create IPUIPlugin
2025-07-22 04:24:26,431 [INFO] IPUIPlugin:80 - create IPUIPlugin
2025-07-22 04:24:26,431 [INFO] IPUIPlugin:80 - create IPUIPlugin
2025-07-22 04:24:26,431 [INFO] IPUIPlugin:80 - create IPUIPlugin
2025-07-22 04:24:26,431 [INFO] IPUIPlugin:80 - create IPUIPlugin
2025-07-22 04:24:26,431 [INFO] IPUIPlugin:80 - create IPUIPlugin
2025-07-22 04:24:26,431 [INFO] IPUIPlugin:80 - create IPUIPlugin
2025-07-22 04:24:26,431 [INFO] IPUIPlugin:80 - create IPUIPlugin
2025-07-22 04:24:26,432 [INFO] IPUIPlugin:80 - create IPUIPlugin
2025-07-22 04:24:26,432 [INFO] IPUIPlugin:80 - create IPUIPlugin
2025-07-22 04:24:26,432 [INFO] IPUIPlugin:80 - create IPUIPlugin
2025-07-22 04:24:26,432 [INFO] IPUIPlugin:80 - create IPUIPlugin
2025-07-22 04:24:26,432 [INFO] IPUIPlugin:80 - create IPUIPlugin
2025-07-22 04:24:26,432 [INFO] IPUIPlugin:80 - create IPUIPlugin
2025-07-22 04:24:26,432 [INFO] IPUIPlugin:80 - create IPUIPlugin
2025-07-22 04:24:26,432 [INFO] IPUIPlugin:80 - create IPUIPlugin
2025-07-22 04:24:26,433 [INFO] IPUIPlugin:80 - create IPUIPlugin
2025-07-22 04:24:26,433 [INFO] IPUIPlugin:80 - create IPUIPlugin
2025-07-22 04:24:26,433 [INFO] IPUIPlugin:80 - create IPUIPlugin
2025-07-22 04:24:26,433 [INFO] IPUIPlugin:80 - create IPUIPlugin
2025-07-22 04:24:26,433 [INFO] IPUIPlugin:80 - create IPUIPlugin
2025-07-22 04:24:26,433 [INFO] IPUIPlugin:80 - create IPUIPlugin
2025-07-22 04:24:26,433 [INFO] IPUIPlugin:80 - create IPUIPlugin
2025-07-22 04:24:26,434 [INFO] IPUIPlugin:80 - create IPUIPlugin
2025-07-22 04:24:26,434 [INFO] IPUIPlugin:80 - create IPUIPlugin
2025-07-22 04:24:26,434 [INFO] IPUIPlugin:80 - create IPUIPlugin
2025-07-22 04:24:26,434 [INFO] IPUIPlugin:80 - create IPUIPlugin
2025-07-22 04:24:26,434 [INFO] IPUIPlugin:80 - create IPUIPlugin
2025-07-22 04:24:26,434 [INFO] IPUIPlugin:80 - create IPUIPlugin
2025-07-22 04:24:26,434 [INFO] IPUIPlugin:80 - create IPUIPlugin
2025-07-22 04:24:26,435 [INFO] IPUIPlugin:80 - create IPUIPlugin
2025-07-22 04:24:26,435 [INFO] IPUIPlugin:80 - create IPUIPlugin
2025-07-22 04:24:26,435 [INFO] IPUIPlugin:80 - create IPUIPlugin
2025-07-22 04:24:26,435 [INFO] IPUIPlugin:80 - create IPUIPlugin
2025-07-22 04:24:26,435 [INFO] IPUIPlugin:80 - create IPUIPlugin
2025-07-22 04:24:26,436 [INFO] IPUIPlugin:80 - create IPUIPlugin
2025-07-22 04:24:26,436 [INFO] IPUIPlugin:80 - create IPUIPlugin
2025-07-22 04:24:26,436 [INFO] IPUIPlugin:80 - create IPUIPlugin
2025-07-22 04:24:26,436 [INFO] IPUIPlugin:80 - create IPUIPlugin
2025-07-22 04:24:26,436 [INFO] IPUIPlugin:80 - create IPUIPlugin
2025-07-22 04:24:26,436 [INFO] IPUIPlugin:80 - create IPUIPlugin
2025-07-22 04:24:26,437 [INFO] IPUIPlugin:80 - create IPUIPlugin
2025-07-22 04:24:26,437 [INFO] IPUIPlugin:80 - create IPUIPlugin
2025-07-22 04:24:26,437 [INFO] IPUIPlugin:80 - create IPUIPlugin
2025-07-22 04:24:26,437 [INFO] IPUIPlugin:80 - create IPUIPlugin
2025-07-22 04:24:26,437 [INFO] IPUIPlugin:80 - create IPUIPlugin
2025-07-22 04:24:26,438 [INFO] IPUIPlugin:80 - create IPUIPlugin
2025-07-22 04:24:26,438 [INFO] IPUIPlugin:80 - create IPUIPlugin
2025-07-22 04:24:26,438 [INFO] IPUIPlugin:80 - create IPUIPlugin
2025-07-22 04:24:26,438 [INFO] IPUIPlugin:80 - create IPUIPlugin
2025-07-22 04:24:26,438 [INFO] IPUIPlugin:80 - create IPUIPlugin
2025-07-22 04:24:26,438 [INFO] IPUIPlugin:80 - create IPUIPlugin
2025-07-22 04:24:26,439 [INFO] IPUIPlugin:80 - create IPUIPlugin
2025-07-22 04:24:26,439 [INFO] IPUIPlugin:80 - create IPUIPlugin
2025-07-22 04:24:26,439 [INFO] IPUIPlugin:80 - create IPUIPlugin
2025-07-22 04:24:26,439 [INFO] IPUIPlugin:80 - create IPUIPlugin
2025-07-22 04:24:26,440 [INFO] IPUIPlugin:80 - create IPUIPlugin
2025-07-22 04:24:26,440 [INFO] IPUIPlugin:80 - create IPUIPlugin
2025-07-22 04:24:26,440 [INFO] IPUIPlugin:80 - create IPUIPlugin
2025-07-22 04:24:26,440 [INFO] IPUIPlugin:80 - create IPUIPlugin
2025-07-22 04:24:26,440 [INFO] IPUIPlugin:80 - create IPUIPlugin
2025-07-22 04:24:26,441 [INFO] IPUIPlugin:80 - create IPUIPlugin
2025-07-22 04:24:26,441 [INFO] IPUIPlugin:80 - create IPUIPlugin
2025-07-22 04:24:26,441 [INFO] IPUIPlugin:80 - create IPUIPlugin
2025-07-22 04:24:26,441 [INFO] IPUIPlugin:80 - create IPUIPlugin
2025-07-22 04:24:26,441 [INFO] IPUIPlugin:80 - create IPUIPlugin
2025-07-22 04:24:26,442 [INFO] IPUIPlugin:80 - create IPUIPlugin
2025-07-22 04:24:26,442 [INFO] IPUIPlugin:80 - create IPUIPlugin
2025-07-22 04:24:26,442 [INFO] IPUIPlugin:80 - create IPUIPlugin
2025-07-22 04:24:26,442 [INFO] IPUIPlugin:80 - create IPUIPlugin
2025-07-22 04:24:26,443 [INFO] IPUIPlugin:80 - create IPUIPlugin
2025-07-22 04:24:26,443 [INFO] IPUIPlugin:80 - create IPUIPlugin
2025-07-22 04:24:26,443 [INFO] IPUIPlugin:80 - create IPUIPlugin
2025-07-22 04:24:26,443 [INFO] IPUIPlugin:80 - create IPUIPlugin
2025-07-22 04:24:26,444 [INFO] IPUIPlugin:80 - create IPUIPlugin
2025-07-22 04:24:26,444 [INFO] IPUIPlugin:80 - create IPUIPlugin
2025-07-22 04:24:26,444 [INFO] IPUIPlugin:80 - create IPUIPlugin
2025-07-22 04:24:26,445 [INFO] IPUIPlugin:80 - create IPUIPlugin
2025-07-22 04:24:26,445 [INFO] IPUIPlugin:80 - create IPUIPlugin
2025-07-22 04:24:26,445 [INFO] IPUIPlugin:80 - create IPUIPlugin
2025-07-22 04:24:26,446 [INFO] IPUIPlugin:80 - create IPUIPlugin
2025-07-22 04:24:26,446 [INFO] IPUIPlugin:80 - create IPUIPlugin
2025-07-22 04:24:26,446 [INFO] IPUIPlugin:80 - create IPUIPlugin
2025-07-22 04:24:26,447 [INFO] IPUIPlugin:80 - create IPUIPlugin
2025-07-22 04:24:26,447 [INFO] IPUIPlugin:80 - create IPUIPlugin
2025-07-22 04:24:26,447 [INFO] IPUIPlugin:80 - create IPUIPlugin
2025-07-22 04:24:26,448 [INFO] IPUIPlugin:80 - create IPUIPlugin
2025-07-22 04:24:26,449 [INFO] ApiDbMcu:532 - Load IP Config File for PDM2PCM_M7
2025-07-22 04:24:26,451 [INFO] ApiDbMcu:532 - Load IP Config File for PDM2PCM_M4
2025-07-22 04:24:26,462 [WARN] FreeRTOS:1023 - Null or empty value: should not occur! (nothing added to the table)
2025-07-22 04:24:26,465 [WARN] FreeRTOS:1023 - Null or empty value: should not occur! (nothing added to the table)
2025-07-22 04:24:26,500 [INFO] CADModel:165 - CPN selected for project levelSTM32H755ZIT6
2025-07-22 04:24:26,500 [INFO] CADModel:114 - Register for checkConnection events
2025-07-22 04:24:26,502 [INFO] RtosManager:728 - Active RTOS found at IOC load: FREERTOS_M4 [CortexM4]
2025-07-22 04:24:26,504 [INFO] RtosManager:728 - Active RTOS found at IOC load: FREERTOS_M7 [CortexM7]
2025-07-22 04:24:26,551 [INFO] OpenFileManager:386 - Restore cursor
2025-07-22 04:24:44,613 [INFO] NvicIntPanel:101 - NVIC parent = com.st.microxplorer.plugins.ip.nvic.MultiNvicIntPanel[,0,0,0x0,invalid,layout=javax.swing.BoxLayout,alignmentX=0.0,alignmentY=0.0,border=,flags=9,maximumSize=,minimumSize=,preferredSize=]
2025-07-22 04:24:55,829 [INFO] UtilMem:75 - End SaveConfig() Used Memory: 515907688 Bytes (1034944512)
2025-07-22 04:24:55,908 [INFO] UtilMem:75 - End SaveConfig() Used Memory: 536469920 Bytes (1034944512)
2025-07-22 04:24:56,742 [INFO] UtilMem:75 - End SaveConfig() Used Memory: 675815520 Bytes (1034944512)
2025-07-22 04:24:57,889 [ERROR] IocParser:95 - Exception caught: Cannot invoke "java.lang.CharSequence.length()" because "this.text" is null
2025-07-22 04:24:58,891 [INFO] BlockDiagram:2775 - set Specific Code input for plugin: FREERTOS
2025-07-22 04:24:58,891 [INFO] BlockDiagram:2775 - set Specific Code input for plugin: FREERTOS
2025-07-22 04:24:58,891 [INFO] BlockDiagram:2775 - set Specific Code input for plugin: RCC
2025-07-22 04:24:58,891 [INFO] BlockDiagram:2775 - set Specific Code input for plugin: USART
2025-07-22 04:24:58,891 [INFO] BlockDiagram:2775 - set Specific Code input for plugin: MEMORYMAP
2025-07-22 04:24:58,891 [INFO] BlockDiagram:2775 - set Specific Code input for plugin: SYS
2025-07-22 04:24:58,891 [INFO] BlockDiagram:2775 - set Specific Code input for plugin: DMA
2025-07-22 04:24:58,891 [INFO] BlockDiagram:2775 - set Specific Code input for plugin: NVIC2
2025-07-22 04:24:58,892 [INFO] BlockDiagram:2775 - set Specific Code input for plugin: GPIO
2025-07-22 04:24:58,892 [INFO] BlockDiagram:2775 - set Specific Code input for plugin: SYS_M4
2025-07-22 04:24:58,892 [INFO] BlockDiagram:2775 - set Specific Code input for plugin: NUCLEO-H755ZI-Q
2025-07-22 04:24:58,892 [INFO] BlockDiagram:2775 - set Specific Code input for plugin: NVIC1
2025-07-22 04:24:58,893 [INFO] CodeGenerator:892 - code generatio: config db path: C:\ST\STM32CubeIDE_1.19.0\STM32CubeIDE\plugins\com.st.stm32cube.common.mx_6.15.0.202507011659\\db\
2025-07-22 04:24:58,935 [ERROR] CodeGenerator:10662 - The current RTOS owner has not been found in the list of IPs
2025-07-22 04:24:58,935 [ERROR] CodeGenerator:10662 - The current RTOS owner has not been found in the list of IPs
2025-07-22 04:24:58,936 [INFO] CodeGenerator:1619 - *******************Project context M7 selected
2025-07-22 04:24:58,998 [INFO] CodeEngine:265 - oldGeneratedFile, C:\Users\nicks\STM32CubeIDE\workspace_1.19.0\AFR\WAYPOINTIFICATION\MXTmpFiles\license.tmp_save
2025-07-22 04:24:59,244 [INFO] CodeEngine:289 - Generated code: C:\Users\nicks\STM32CubeIDE\workspace_1.19.0\AFR\WAYPOINTIFICATION\MXTmpFiles\license.tmp
2025-07-22 04:24:59,334 [INFO] CodeEngine:265 - oldGeneratedFile, C:\Users\nicks\STM32CubeIDE\workspace_1.19.0\AFR\WAYPOINTIFICATION\CM7\MXTmpFiles\gpio.tmp_save
2025-07-22 04:24:59,452 [INFO] CodeEngine:289 - Generated code: C:\Users\nicks\STM32CubeIDE\workspace_1.19.0\AFR\WAYPOINTIFICATION\CM7\MXTmpFiles\gpio.tmp
2025-07-22 04:24:59,579 [WARN] IPConfigManager:103 - WARNING: Missing Config File for MEMORYMAP ip!!
2025-07-22 04:24:59,661 [WARN] IPConfigManager:103 - WARNING: Missing Config File for NVIC1 ip!!
2025-07-22 04:24:59,801 [ERROR] CodeGenerator:10662 - The current RTOS owner has not been found in the list of IPs
2025-07-22 04:24:59,808 [INFO] CodeEngine:265 - oldGeneratedFile, C:\Users\nicks\STM32CubeIDE\workspace_1.19.0\AFR\WAYPOINTIFICATION\CM7\MXTmpFiles\cortex.tmp_save
2025-07-22 04:24:59,871 [INFO] CodeEngine:289 - Generated code: C:\Users\nicks\STM32CubeIDE\workspace_1.19.0\AFR\WAYPOINTIFICATION\CM7\MXTmpFiles\cortex.tmp
2025-07-22 04:24:59,898 [INFO] CodeEngine:265 - oldGeneratedFile, C:\Users\nicks\STM32CubeIDE\workspace_1.19.0\AFR\WAYPOINTIFICATION\CM7\MXTmpFiles\dma.tmp_save
2025-07-22 04:24:59,951 [INFO] CodeEngine:289 - Generated code: C:\Users\nicks\STM32CubeIDE\workspace_1.19.0\AFR\WAYPOINTIFICATION\CM7\MXTmpFiles\dma.tmp
2025-07-22 04:24:59,956 [INFO] CodeEngine:265 - oldGeneratedFile, C:\Users\nicks\STM32CubeIDE\workspace_1.19.0\AFR\WAYPOINTIFICATION\CM7\MXTmpFiles\dma_GV.tmp_save
2025-07-22 04:24:59,998 [INFO] CodeEngine:289 - Generated code: C:\Users\nicks\STM32CubeIDE\workspace_1.19.0\AFR\WAYPOINTIFICATION\CM7\MXTmpFiles\dma_GV.tmp
2025-07-22 04:25:00,017 [INFO] Middleware:1452 - No code input for Bsp Dependency
2025-07-22 04:25:00,024 [INFO] CodeEngine:265 - oldGeneratedFile, C:\Users\nicks\STM32CubeIDE\workspace_1.19.0\AFR\WAYPOINTIFICATION\CM7\MXTmpFiles\rtos_inc.tmp_save
2025-07-22 04:25:00,070 [INFO] CodeEngine:289 - Generated code: C:\Users\nicks\STM32CubeIDE\workspace_1.19.0\AFR\WAYPOINTIFICATION\CM7\MXTmpFiles\rtos_inc.tmp
2025-07-22 04:25:00,075 [INFO] CodeEngine:265 - oldGeneratedFile, C:\Users\nicks\STM32CubeIDE\workspace_1.19.0\AFR\WAYPOINTIFICATION\CM7\MXTmpFiles\rtos_kernelInit.tmp_save
2025-07-22 04:25:00,129 [INFO] CodeEngine:289 - Generated code: C:\Users\nicks\STM32CubeIDE\workspace_1.19.0\AFR\WAYPOINTIFICATION\CM7\MXTmpFiles\rtos_kernelInit.tmp
2025-07-22 04:25:00,134 [INFO] CodeEngine:265 - oldGeneratedFile, C:\Users\nicks\STM32CubeIDE\workspace_1.19.0\AFR\WAYPOINTIFICATION\CM7\MXTmpFiles\rtos_kernelStart.tmp_save
2025-07-22 04:25:00,183 [INFO] CodeEngine:289 - Generated code: C:\Users\nicks\STM32CubeIDE\workspace_1.19.0\AFR\WAYPOINTIFICATION\CM7\MXTmpFiles\rtos_kernelStart.tmp
2025-07-22 04:25:00,189 [INFO] CodeEngine:265 - oldGeneratedFile, C:\Users\nicks\STM32CubeIDE\workspace_1.19.0\AFR\WAYPOINTIFICATION\CM7\MXTmpFiles\rtos_typedefs.tmp_save
2025-07-22 04:25:00,231 [INFO] CodeEngine:289 - Generated code: C:\Users\nicks\STM32CubeIDE\workspace_1.19.0\AFR\WAYPOINTIFICATION\CM7\MXTmpFiles\rtos_typedefs.tmp
2025-07-22 04:25:00,235 [INFO] CodeEngine:265 - oldGeneratedFile, C:\Users\nicks\STM32CubeIDE\workspace_1.19.0\AFR\WAYPOINTIFICATION\CM7\MXTmpFiles\rtos_vars.tmp_save
2025-07-22 04:25:00,278 [INFO] CodeEngine:289 - Generated code: C:\Users\nicks\STM32CubeIDE\workspace_1.19.0\AFR\WAYPOINTIFICATION\CM7\MXTmpFiles\rtos_vars.tmp
2025-07-22 04:25:00,283 [INFO] CodeEngine:265 - oldGeneratedFile, C:\Users\nicks\STM32CubeIDE\workspace_1.19.0\AFR\WAYPOINTIFICATION\CM7\MXTmpFiles\rtos_pfp.tmp_save
2025-07-22 04:25:00,324 [INFO] CodeEngine:289 - Generated code: C:\Users\nicks\STM32CubeIDE\workspace_1.19.0\AFR\WAYPOINTIFICATION\CM7\MXTmpFiles\rtos_pfp.tmp
2025-07-22 04:25:00,329 [INFO] CodeEngine:265 - oldGeneratedFile, C:\Users\nicks\STM32CubeIDE\workspace_1.19.0\AFR\WAYPOINTIFICATION\CM7\MXTmpFiles\rtos_obj_creat.tmp_save
2025-07-22 04:25:00,373 [INFO] CodeEngine:289 - Generated code: C:\Users\nicks\STM32CubeIDE\workspace_1.19.0\AFR\WAYPOINTIFICATION\CM7\MXTmpFiles\rtos_obj_creat.tmp
2025-07-22 04:25:00,378 [INFO] CodeEngine:265 - oldGeneratedFile, C:\Users\nicks\STM32CubeIDE\workspace_1.19.0\AFR\WAYPOINTIFICATION\CM7\MXTmpFiles\rtos_default_thread.tmp_save
2025-07-22 04:25:00,424 [INFO] CodeEngine:289 - Generated code: C:\Users\nicks\STM32CubeIDE\workspace_1.19.0\AFR\WAYPOINTIFICATION\CM7\MXTmpFiles\rtos_default_thread.tmp
2025-07-22 04:25:00,429 [INFO] CodeEngine:265 - oldGeneratedFile, C:\Users\nicks\STM32CubeIDE\workspace_1.19.0\AFR\WAYPOINTIFICATION\CM7\MXTmpFiles\rtos_threads.tmp_save
2025-07-22 04:25:00,471 [INFO] CodeEngine:289 - Generated code: C:\Users\nicks\STM32CubeIDE\workspace_1.19.0\AFR\WAYPOINTIFICATION\CM7\MXTmpFiles\rtos_threads.tmp
2025-07-22 04:25:00,478 [INFO] CodeEngine:265 - oldGeneratedFile, C:\Users\nicks\STM32CubeIDE\workspace_1.19.0\AFR\WAYPOINTIFICATION\CM7\Core\Inc\FreeRTOSConfig.h_save
2025-07-22 04:25:00,538 [INFO] CodeEngine:289 - Generated code: C:\Users\nicks\STM32CubeIDE\workspace_1.19.0\AFR\WAYPOINTIFICATION\CM7\Core\Inc\FreeRTOSConfig.h
2025-07-22 04:25:00,545 [INFO] CodeEngine:265 - oldGeneratedFile, C:\Users\nicks\STM32CubeIDE\workspace_1.19.0\AFR\WAYPOINTIFICATION\CM7\Core\Src\freertos.c_save
2025-07-22 04:25:00,592 [INFO] CodeEngine:289 - Generated code: C:\Users\nicks\STM32CubeIDE\workspace_1.19.0\AFR\WAYPOINTIFICATION\CM7\Core\Src\freertos.c
2025-07-22 04:25:00,615 [INFO] CodeEngine:265 - oldGeneratedFile, C:\Users\nicks\STM32CubeIDE\workspace_1.19.0\AFR\WAYPOINTIFICATION\CM7\Core\Inc\stm32h7xx_nucleo_conf.h_save
2025-07-22 04:25:00,659 [INFO] CodeEngine:289 - Generated code: C:\Users\nicks\STM32CubeIDE\workspace_1.19.0\AFR\WAYPOINTIFICATION\CM7\Core\Inc\stm32h7xx_nucleo_conf.h
2025-07-22 04:25:00,665 [INFO] CodeEngine:265 - oldGeneratedFile, C:\Users\nicks\STM32CubeIDE\workspace_1.19.0\AFR\WAYPOINTIFICATION\CM7\MXTmpFiles\bsp_inc.tmp_save
2025-07-22 04:25:00,708 [INFO] CodeEngine:289 - Generated code: C:\Users\nicks\STM32CubeIDE\workspace_1.19.0\AFR\WAYPOINTIFICATION\CM7\MXTmpFiles\bsp_inc.tmp
2025-07-22 04:25:00,713 [INFO] CodeEngine:265 - oldGeneratedFile, C:\Users\nicks\STM32CubeIDE\workspace_1.19.0\AFR\WAYPOINTIFICATION\CM7\MXTmpFiles\bsp_common_vars.tmp_save
2025-07-22 04:25:00,752 [INFO] CodeEngine:289 - Generated code: C:\Users\nicks\STM32CubeIDE\workspace_1.19.0\AFR\WAYPOINTIFICATION\CM7\MXTmpFiles\bsp_common_vars.tmp
2025-07-22 04:25:00,757 [INFO] CodeEngine:265 - oldGeneratedFile, C:\Users\nicks\STM32CubeIDE\workspace_1.19.0\AFR\WAYPOINTIFICATION\CM7\MXTmpFiles\bsp_common_init.tmp_save
2025-07-22 04:25:00,796 [INFO] CodeEngine:289 - Generated code: C:\Users\nicks\STM32CubeIDE\workspace_1.19.0\AFR\WAYPOINTIFICATION\CM7\MXTmpFiles\bsp_common_init.tmp
2025-07-22 04:25:00,801 [INFO] CodeEngine:265 - oldGeneratedFile, C:\Users\nicks\STM32CubeIDE\workspace_1.19.0\AFR\WAYPOINTIFICATION\CM7\MXTmpFiles\bsp_common_demo_before_while.tmp_save
2025-07-22 04:25:00,842 [INFO] CodeEngine:289 - Generated code: C:\Users\nicks\STM32CubeIDE\workspace_1.19.0\AFR\WAYPOINTIFICATION\CM7\MXTmpFiles\bsp_common_demo_before_while.tmp
2025-07-22 04:25:00,847 [INFO] CodeEngine:265 - oldGeneratedFile, C:\Users\nicks\STM32CubeIDE\workspace_1.19.0\AFR\WAYPOINTIFICATION\CM7\MXTmpFiles\bsp_common_demo_inside_while.tmp_save
2025-07-22 04:25:00,888 [INFO] CodeEngine:289 - Generated code: C:\Users\nicks\STM32CubeIDE\workspace_1.19.0\AFR\WAYPOINTIFICATION\CM7\MXTmpFiles\bsp_common_demo_inside_while.tmp
2025-07-22 04:25:00,893 [INFO] CodeEngine:265 - oldGeneratedFile, C:\Users\nicks\STM32CubeIDE\workspace_1.19.0\AFR\WAYPOINTIFICATION\CM7\MXTmpFiles\bsp_common_demo_fct.tmp_save
2025-07-22 04:25:00,931 [INFO] CodeEngine:289 - Generated code: C:\Users\nicks\STM32CubeIDE\workspace_1.19.0\AFR\WAYPOINTIFICATION\CM7\MXTmpFiles\bsp_common_demo_fct.tmp
2025-07-22 04:25:00,953 [INFO] CodeEngine:265 - oldGeneratedFile, C:\Users\nicks\STM32CubeIDE\workspace_1.19.0\AFR\WAYPOINTIFICATION\CM7\Core\Src\stm32h7xx_it.c_save
2025-07-22 04:25:01,028 [INFO] CodeEngine:289 - Generated code: C:\Users\nicks\STM32CubeIDE\workspace_1.19.0\AFR\WAYPOINTIFICATION\CM7\Core\Src\stm32h7xx_it.c
2025-07-22 04:25:01,034 [INFO] CodeEngine:265 - oldGeneratedFile, C:\Users\nicks\STM32CubeIDE\workspace_1.19.0\AFR\WAYPOINTIFICATION\CM7\Core\Inc\stm32h7xx_it.h_save
2025-07-22 04:25:01,081 [INFO] CodeEngine:289 - Generated code: C:\Users\nicks\STM32CubeIDE\workspace_1.19.0\AFR\WAYPOINTIFICATION\CM7\Core\Inc\stm32h7xx_it.h
2025-07-22 04:25:01,177 [INFO] CodeEngine:265 - oldGeneratedFile, C:\Users\nicks\STM32CubeIDE\workspace_1.19.0\AFR\WAYPOINTIFICATION\CM7\Core\Src\stm32h7xx_hal_msp.c_save
2025-07-22 04:25:01,257 [INFO] CodeEngine:289 - Generated code: C:\Users\nicks\STM32CubeIDE\workspace_1.19.0\AFR\WAYPOINTIFICATION\CM7\Core\Src\stm32h7xx_hal_msp.c
2025-07-22 04:25:01,263 [INFO] CodeEngine:265 - oldGeneratedFile, C:\Users\nicks\STM32CubeIDE\workspace_1.19.0\AFR\WAYPOINTIFICATION\CM7\MXTmpFiles\system.tmp_save
2025-07-22 04:25:01,305 [INFO] CodeEngine:289 - Generated code: C:\Users\nicks\STM32CubeIDE\workspace_1.19.0\AFR\WAYPOINTIFICATION\CM7\MXTmpFiles\system.tmp
2025-07-22 04:25:01,316 [INFO] CodeEngine:321 - oldGeneratedFile, C:\Users\nicks\STM32CubeIDE\workspace_1.19.0\AFR\WAYPOINTIFICATION\CM7\Core\Inc\stm32h7xx_hal_conf.h_save
2025-07-22 04:25:01,369 [INFO] CodeEngine:345 - Generated code: C:\Users\nicks\STM32CubeIDE\workspace_1.19.0\AFR\WAYPOINTIFICATION\CM7\Core\Inc\stm32h7xx_hal_conf.h
2025-07-22 04:25:01,412 [INFO] ApiDbMcu:532 - Load IP Config File for USART2
2025-07-22 04:25:01,414 [INFO] ApiDbMcu:532 - Load IP Config File for RCC
2025-07-22 04:25:01,416 [WARN] IPConfigManager:3811 - IP not found : NVIC
2025-07-22 04:25:01,417 [WARN] CodeGenerator:4259 - IP not found : null
2025-07-22 04:25:01,424 [INFO] CodeEngine:265 - oldGeneratedFile, C:\Users\nicks\STM32CubeIDE\workspace_1.19.0\AFR\WAYPOINTIFICATION\CM7\Core\Inc\main.h_save
2025-07-22 04:25:01,486 [INFO] CodeEngine:289 - Generated code: C:\Users\nicks\STM32CubeIDE\workspace_1.19.0\AFR\WAYPOINTIFICATION\CM7\Core\Inc\main.h
2025-07-22 04:25:01,493 [INFO] CodeEngine:265 - oldGeneratedFile, C:\Users\nicks\STM32CubeIDE\workspace_1.19.0\AFR\WAYPOINTIFICATION\CM7\Core\Src\main.c_save
2025-07-22 04:25:01,606 [INFO] CodeEngine:289 - Generated code: C:\Users\nicks\STM32CubeIDE\workspace_1.19.0\AFR\WAYPOINTIFICATION\CM7\Core\Src\main.c
2025-07-22 04:25:01,673 [INFO] CodeGenerator:1619 - *******************Project context M4 selected
2025-07-22 04:25:01,739 [INFO] CodeEngine:265 - oldGeneratedFile, C:\Users\nicks\STM32CubeIDE\workspace_1.19.0\AFR\WAYPOINTIFICATION\MXTmpFiles\license.tmp_save
2025-07-22 04:25:01,784 [INFO] CodeEngine:289 - Generated code: C:\Users\nicks\STM32CubeIDE\workspace_1.19.0\AFR\WAYPOINTIFICATION\MXTmpFiles\license.tmp
2025-07-22 04:25:01,806 [WARN] IPConfigManager:103 - WARNING: Missing Config File for NVIC2 ip!!
2025-07-22 04:25:01,810 [ERROR] CodeGenerator:10662 - The current RTOS owner has not been found in the list of IPs
2025-07-22 04:25:01,817 [INFO] CodeEngine:265 - oldGeneratedFile, C:\Users\nicks\STM32CubeIDE\workspace_1.19.0\AFR\WAYPOINTIFICATION\CM4\MXTmpFiles\cortex.tmp_save
2025-07-22 04:25:01,858 [INFO] CodeEngine:289 - Generated code: C:\Users\nicks\STM32CubeIDE\workspace_1.19.0\AFR\WAYPOINTIFICATION\CM4\MXTmpFiles\cortex.tmp
2025-07-22 04:25:01,868 [INFO] CodeEngine:265 - oldGeneratedFile, C:\Users\nicks\STM32CubeIDE\workspace_1.19.0\AFR\WAYPOINTIFICATION\CM4\MXTmpFiles\dma.tmp_save
2025-07-22 04:25:01,910 [INFO] CodeEngine:289 - Generated code: C:\Users\nicks\STM32CubeIDE\workspace_1.19.0\AFR\WAYPOINTIFICATION\CM4\MXTmpFiles\dma.tmp
2025-07-22 04:25:01,915 [INFO] CodeEngine:265 - oldGeneratedFile, C:\Users\nicks\STM32CubeIDE\workspace_1.19.0\AFR\WAYPOINTIFICATION\CM4\MXTmpFiles\dma_GV.tmp_save
2025-07-22 04:25:01,957 [INFO] CodeEngine:289 - Generated code: C:\Users\nicks\STM32CubeIDE\workspace_1.19.0\AFR\WAYPOINTIFICATION\CM4\MXTmpFiles\dma_GV.tmp
2025-07-22 04:25:01,977 [INFO] Middleware:1452 - No code input for Bsp Dependency
2025-07-22 04:25:01,982 [INFO] CodeEngine:265 - oldGeneratedFile, C:\Users\nicks\STM32CubeIDE\workspace_1.19.0\AFR\WAYPOINTIFICATION\CM4\MXTmpFiles\rtos_inc.tmp_save
2025-07-22 04:25:02,027 [INFO] CodeEngine:289 - Generated code: C:\Users\nicks\STM32CubeIDE\workspace_1.19.0\AFR\WAYPOINTIFICATION\CM4\MXTmpFiles\rtos_inc.tmp
2025-07-22 04:25:02,032 [INFO] CodeEngine:265 - oldGeneratedFile, C:\Users\nicks\STM32CubeIDE\workspace_1.19.0\AFR\WAYPOINTIFICATION\CM4\MXTmpFiles\rtos_kernelInit.tmp_save
2025-07-22 04:25:02,071 [INFO] CodeEngine:289 - Generated code: C:\Users\nicks\STM32CubeIDE\workspace_1.19.0\AFR\WAYPOINTIFICATION\CM4\MXTmpFiles\rtos_kernelInit.tmp
2025-07-22 04:25:02,077 [INFO] CodeEngine:265 - oldGeneratedFile, C:\Users\nicks\STM32CubeIDE\workspace_1.19.0\AFR\WAYPOINTIFICATION\CM4\MXTmpFiles\rtos_kernelStart.tmp_save
2025-07-22 04:25:02,116 [INFO] CodeEngine:289 - Generated code: C:\Users\nicks\STM32CubeIDE\workspace_1.19.0\AFR\WAYPOINTIFICATION\CM4\MXTmpFiles\rtos_kernelStart.tmp
2025-07-22 04:25:02,121 [INFO] CodeEngine:265 - oldGeneratedFile, C:\Users\nicks\STM32CubeIDE\workspace_1.19.0\AFR\WAYPOINTIFICATION\CM4\MXTmpFiles\rtos_typedefs.tmp_save
2025-07-22 04:25:02,163 [INFO] CodeEngine:289 - Generated code: C:\Users\nicks\STM32CubeIDE\workspace_1.19.0\AFR\WAYPOINTIFICATION\CM4\MXTmpFiles\rtos_typedefs.tmp
2025-07-22 04:25:02,167 [INFO] CodeEngine:265 - oldGeneratedFile, C:\Users\nicks\STM32CubeIDE\workspace_1.19.0\AFR\WAYPOINTIFICATION\CM4\MXTmpFiles\rtos_vars.tmp_save
2025-07-22 04:25:02,209 [INFO] CodeEngine:289 - Generated code: C:\Users\nicks\STM32CubeIDE\workspace_1.19.0\AFR\WAYPOINTIFICATION\CM4\MXTmpFiles\rtos_vars.tmp
2025-07-22 04:25:02,214 [INFO] CodeEngine:265 - oldGeneratedFile, C:\Users\nicks\STM32CubeIDE\workspace_1.19.0\AFR\WAYPOINTIFICATION\CM4\MXTmpFiles\rtos_pfp.tmp_save
2025-07-22 04:25:02,255 [INFO] CodeEngine:289 - Generated code: C:\Users\nicks\STM32CubeIDE\workspace_1.19.0\AFR\WAYPOINTIFICATION\CM4\MXTmpFiles\rtos_pfp.tmp
2025-07-22 04:25:02,259 [INFO] CodeEngine:265 - oldGeneratedFile, C:\Users\nicks\STM32CubeIDE\workspace_1.19.0\AFR\WAYPOINTIFICATION\CM4\MXTmpFiles\rtos_obj_creat.tmp_save
2025-07-22 04:25:02,305 [INFO] CodeEngine:289 - Generated code: C:\Users\nicks\STM32CubeIDE\workspace_1.19.0\AFR\WAYPOINTIFICATION\CM4\MXTmpFiles\rtos_obj_creat.tmp
2025-07-22 04:25:02,310 [INFO] CodeEngine:265 - oldGeneratedFile, C:\Users\nicks\STM32CubeIDE\workspace_1.19.0\AFR\WAYPOINTIFICATION\CM4\MXTmpFiles\rtos_default_thread.tmp_save
2025-07-22 04:25:02,352 [INFO] CodeEngine:289 - Generated code: C:\Users\nicks\STM32CubeIDE\workspace_1.19.0\AFR\WAYPOINTIFICATION\CM4\MXTmpFiles\rtos_default_thread.tmp
2025-07-22 04:25:02,356 [INFO] CodeEngine:265 - oldGeneratedFile, C:\Users\nicks\STM32CubeIDE\workspace_1.19.0\AFR\WAYPOINTIFICATION\CM4\MXTmpFiles\rtos_threads.tmp_save
2025-07-22 04:25:02,401 [INFO] CodeEngine:289 - Generated code: C:\Users\nicks\STM32CubeIDE\workspace_1.19.0\AFR\WAYPOINTIFICATION\CM4\MXTmpFiles\rtos_threads.tmp
2025-07-22 04:25:02,407 [INFO] CodeEngine:265 - oldGeneratedFile, C:\Users\nicks\STM32CubeIDE\workspace_1.19.0\AFR\WAYPOINTIFICATION\CM4\Core\Inc\FreeRTOSConfig.h_save
2025-07-22 04:25:02,462 [INFO] CodeEngine:289 - Generated code: C:\Users\nicks\STM32CubeIDE\workspace_1.19.0\AFR\WAYPOINTIFICATION\CM4\Core\Inc\FreeRTOSConfig.h
2025-07-22 04:25:02,468 [INFO] CodeEngine:265 - oldGeneratedFile, C:\Users\nicks\STM32CubeIDE\workspace_1.19.0\AFR\WAYPOINTIFICATION\CM4\Core\Src\freertos.c_save
2025-07-22 04:25:02,517 [INFO] CodeEngine:289 - Generated code: C:\Users\nicks\STM32CubeIDE\workspace_1.19.0\AFR\WAYPOINTIFICATION\CM4\Core\Src\freertos.c
2025-07-22 04:25:02,542 [INFO] CodeEngine:265 - oldGeneratedFile, C:\Users\nicks\STM32CubeIDE\workspace_1.19.0\AFR\WAYPOINTIFICATION\CM4\Core\Inc\stm32h7xx_nucleo_conf.h_save
2025-07-22 04:25:02,587 [INFO] CodeEngine:289 - Generated code: C:\Users\nicks\STM32CubeIDE\workspace_1.19.0\AFR\WAYPOINTIFICATION\CM4\Core\Inc\stm32h7xx_nucleo_conf.h
2025-07-22 04:25:02,593 [INFO] CodeEngine:265 - oldGeneratedFile, C:\Users\nicks\STM32CubeIDE\workspace_1.19.0\AFR\WAYPOINTIFICATION\CM4\MXTmpFiles\bsp_inc.tmp_save
2025-07-22 04:25:02,638 [INFO] CodeEngine:289 - Generated code: C:\Users\nicks\STM32CubeIDE\workspace_1.19.0\AFR\WAYPOINTIFICATION\CM4\MXTmpFiles\bsp_inc.tmp
2025-07-22 04:25:02,657 [INFO] CodeEngine:265 - oldGeneratedFile, C:\Users\nicks\STM32CubeIDE\workspace_1.19.0\AFR\WAYPOINTIFICATION\CM4\Core\Src\stm32h7xx_it.c_save
2025-07-22 04:25:02,704 [INFO] CodeEngine:289 - Generated code: C:\Users\nicks\STM32CubeIDE\workspace_1.19.0\AFR\WAYPOINTIFICATION\CM4\Core\Src\stm32h7xx_it.c
2025-07-22 04:25:02,711 [INFO] CodeEngine:265 - oldGeneratedFile, C:\Users\nicks\STM32CubeIDE\workspace_1.19.0\AFR\WAYPOINTIFICATION\CM4\Core\Inc\stm32h7xx_it.h_save
2025-07-22 04:25:02,756 [INFO] CodeEngine:289 - Generated code: C:\Users\nicks\STM32CubeIDE\workspace_1.19.0\AFR\WAYPOINTIFICATION\CM4\Core\Inc\stm32h7xx_it.h
2025-07-22 04:25:02,784 [INFO] CodeEngine:265 - oldGeneratedFile, C:\Users\nicks\STM32CubeIDE\workspace_1.19.0\AFR\WAYPOINTIFICATION\CM4\Core\Src\stm32h7xx_hal_msp.c_save
2025-07-22 04:25:02,848 [INFO] CodeEngine:289 - Generated code: C:\Users\nicks\STM32CubeIDE\workspace_1.19.0\AFR\WAYPOINTIFICATION\CM4\Core\Src\stm32h7xx_hal_msp.c
2025-07-22 04:25:02,853 [INFO] CodeEngine:265 - oldGeneratedFile, C:\Users\nicks\STM32CubeIDE\workspace_1.19.0\AFR\WAYPOINTIFICATION\CM4\MXTmpFiles\system.tmp_save
2025-07-22 04:25:02,894 [INFO] CodeEngine:289 - Generated code: C:\Users\nicks\STM32CubeIDE\workspace_1.19.0\AFR\WAYPOINTIFICATION\CM4\MXTmpFiles\system.tmp
2025-07-22 04:25:02,904 [INFO] CodeEngine:321 - oldGeneratedFile, C:\Users\nicks\STM32CubeIDE\workspace_1.19.0\AFR\WAYPOINTIFICATION\CM4\Core\Inc\stm32h7xx_hal_conf.h_save
2025-07-22 04:25:02,958 [INFO] CodeEngine:345 - Generated code: C:\Users\nicks\STM32CubeIDE\workspace_1.19.0\AFR\WAYPOINTIFICATION\CM4\Core\Inc\stm32h7xx_hal_conf.h
2025-07-22 04:25:02,971 [WARN] IPConfigManager:3811 - IP not found : NVIC
2025-07-22 04:25:02,972 [WARN] CodeGenerator:4259 - IP not found : null
2025-07-22 04:25:02,979 [INFO] CodeEngine:265 - oldGeneratedFile, C:\Users\nicks\STM32CubeIDE\workspace_1.19.0\AFR\WAYPOINTIFICATION\CM4\Core\Inc\main.h_save
2025-07-22 04:25:03,031 [INFO] CodeEngine:289 - Generated code: C:\Users\nicks\STM32CubeIDE\workspace_1.19.0\AFR\WAYPOINTIFICATION\CM4\Core\Inc\main.h
2025-07-22 04:25:03,037 [INFO] CodeEngine:265 - oldGeneratedFile, C:\Users\nicks\STM32CubeIDE\workspace_1.19.0\AFR\WAYPOINTIFICATION\CM4\Core\Src\main.c_save
2025-07-22 04:25:03,116 [INFO] CodeEngine:289 - Generated code: C:\Users\nicks\STM32CubeIDE\workspace_1.19.0\AFR\WAYPOINTIFICATION\CM4\Core\Src\main.c
2025-07-22 04:25:03,639 [INFO] ProjectBuilder:3606 - Time for Copy HAL[1] : 342mS.
2025-07-22 04:25:03,660 [INFO] ProjectBuilder:5216 - Project Generator version: 4.7.0-B52
2025-07-22 04:25:03,720 [INFO] ConfigFileManager:1595 - The Die is : DIE450
