16:11:11 **** Incremental Build of configuration Debug for project AFR_PIL_CM7 ****
make -j16 all 
arm-none-eabi-gcc "../Core/Src/trajectory.c" -mcpu=cortex-m7 -std=gnu11 -g3 -DDEBUG -DCORE_CM7 -DUSE_HAL_DRIVER -DSTM32H755xx -DUSE_PWR_DIRECT_SMPS_SUPPLY -DUSE_NUCLEO_64 -DSTM32_THREAD_SAFE_STRATEGY=4 -c -I../Core/Inc -I../../Drivers/STM32H7xx_HAL_Driver/Inc -I../../Drivers/STM32H7xx_HAL_Driver/Inc/Legacy -I../../Drivers/BSP/STM32H7xx_Nucleo -I../../Drivers/CMSIS/Device/ST/STM32H7xx/Include -I../../Drivers/CMSIS/Include -I../../Middlewares/Third_Party/FreeRTOS/Source/include -I../../Middlewares/Third_Party/FreeRTOS/Source/CMSIS_RTOS_V2 -I../../Middlewares/Third_Party/FreeRTOS/Source/portable/GCC/ARM_CM4F -I"C:/Users/nicks/STM32CubeIDE/workspace_1.19.0/AFR_PIL/CM7/Core/Src/control_update_MPC" -I"C:/Users/nicks/STM32CubeIDE/workspace_1.19.0/AFR_PIL/CM7/Core/Src/control_update_MPC/qpoases" -I"C:/Users/nicks/STM32CubeIDE/workspace_1.19.0/AFR_PIL/CM7/Core/Src/control_update_MPC/qpoases/SRC" -I"C:/Users/nicks/STM32CubeIDE/workspace_1.19.0/AFR_PIL/CM7/Core/Src/control_update_MPC/qpoases/INCLUDE" -I../Core/ThreadSafe -I"C:/Users/nicks/STM32CubeIDE/workspace_1.19.0/AFR_PIL/CM7/Core/Include" -I"C:/Users/nicks/STM32CubeIDE/workspace_1.19.0/AFR_PIL/CM7/Core/Include/dsp" -O0 -ffunction-sections -fdata-sections -Wall -fstack-usage -fcyclomatic-complexity -MMD -MP -MF"Core/Src/trajectory.d" -MT"Core/Src/trajectory.o" --specs=nano.specs -mfpu=fpv5-d16 -mfloat-abi=hard -mthumb -o "Core/Src/trajectory.o"
../Core/Src/trajectory.c:51: warning: "SET_BIT" redefined
   51 | #define SET_BIT(arr,i)  ((arr)[(i)>>3] |=  (1U<<((i)&7)))
      | 
In file included from ../../Drivers/STM32H7xx_HAL_Driver/Inc/stm32h7xx_hal_def.h:29,
                 from ../../Drivers/STM32H7xx_HAL_Driver/Inc/stm32h7xx_hal_rcc.h:27,
                 from ../Core/Inc/stm32h7xx_hal_conf.h:246,
                 from ../../Drivers/STM32H7xx_HAL_Driver/Inc/stm32h7xx_hal.h:29,
                 from ../Core/Inc/main.h:30,
                 from ../Core/Inc/trajectory.h:7,
                 from ../Core/Src/trajectory.c:8:
../../Drivers/CMSIS/Device/ST/STM32H7xx/Include/stm32h7xx.h:207: note: this is the location of the previous definition
  207 | #define SET_BIT(REG, BIT)     ((REG) |= (BIT))
      | 
../Core/Src/trajectory.c: In function 'near_waypoint':
../Core/Src/trajectory.c:195:30: error: 'waypoints' undeclared (first use in this function)
  195 |         float dx = fabsf(x - waypoints[0].x);
      |                              ^~~~~~~~~
../Core/Src/trajectory.c:195:30: note: each undeclared identifier is reported only once for each function it appears in
../Core/Src/trajectory.c: In function 'trajectory':
../Core/Src/trajectory.c:290:32: error: 'waypoints' undeclared (first use in this function)
  290 |     plan_local_trajectory(pos, waypoints, waypoint_count, occ_map);
      |                                ^~~~~~~~~
make: *** [Core/Src/subdir.mk:40: Core/Src/trajectory.o] Error 1
"make -j16 all" terminated with exit code 2. Build might be incomplete.

16:11:12 Build Failed. 3 errors, 1 warnings. (took 843ms)

