00:04:39 **** Incremental Build of configuration Debug for project AFR_CM7 ****
make -j16 all 
arm-none-eabi-gcc "../Core/Src/trajectory.c" -mcpu=cortex-m7 -std=gnu11 -g3 -DDEBUG -DCORE_CM7 -DUSE_HAL_DRIVER -DSTM32H755xx -DUSE_PWR_DIRECT_SMPS_SUPPLY -DUSE_NUCLEO_64 -DSTM32_THREAD_SAFE_STRATEGY=4 -c -I../Core/Inc -I../../Drivers/STM32H7xx_HAL_Driver/Inc -I../../Drivers/STM32H7xx_HAL_Driver/Inc/Legacy -I../../Middlewares/Third_Party/FreeRTOS/Source/include -I../../Middlewares/Third_Party/FreeRTOS/Source/CMSIS_RTOS_V2 -I../../Middlewares/Third_Party/FreeRTOS/Source/portable/GCC/ARM_CM4F -I../../Drivers/BSP/STM32H7xx_Nucleo -I../../Drivers/CMSIS/Device/ST/STM32H7xx/Include -I../../Drivers/CMSIS/Include -I../Core/ThreadSafe -I"C:/Users/nicks/STM32CubeIDE/workspace_1.19.0/AFR/AFR/CM7/Core/Include" -I"C:/Users/nicks/STM32CubeIDE/workspace_1.19.0/AFR/AFR/CM7/Core/Include/dsp" -I"C:/Users/nicks/STM32CubeIDE/workspace_1.19.0/AFR/AFR/CM7/Core/Src/control_update_MPC" -I"C:/Users/nicks/STM32CubeIDE/workspace_1.19.0/AFR/AFR/CM7/Core/Src/control_update_MPC/qpoases" -I"C:/Users/nicks/STM32CubeIDE/workspace_1.19.0/AFR/AFR/CM7/Core/Src/control_update_MPC/qpoases/INCLUDE" -I"C:/Users/nicks/STM32CubeIDE/workspace_1.19.0/AFR/AFR/CM7/Core/Src/control_update_MPC/qpoases/SRC" -O0 -ffunction-sections -fdata-sections -Wall -fstack-usage -fcyclomatic-complexity -MMD -MP -MF"Core/Src/trajectory.d" -MT"Core/Src/trajectory.o" --specs=nano.specs -mfpu=fpv5-d16 -mfloat-abi=hard -mthumb -o "Core/Src/trajectory.o"
../Core/Src/trajectory.c:55: warning: "SET_BIT" redefined
   55 | #define SET_BIT(arr,i)  ((arr)[(i)>>3] |=  (1U<<((i)&7)))
      | 
In file included from ../../Drivers/STM32H7xx_HAL_Driver/Inc/stm32h7xx_hal_def.h:29,
                 from ../../Drivers/STM32H7xx_HAL_Driver/Inc/stm32h7xx_hal_rcc.h:27,
                 from ../Core/Inc/stm32h7xx_hal_conf.h:246,
                 from ../../Drivers/STM32H7xx_HAL_Driver/Inc/stm32h7xx_hal.h:29,
                 from ../Core/Inc/main.h:30,
                 from ../Core/Inc/trajectory.h:7,
                 from ../Core/Src/trajectory.c:8:
../../Drivers/CMSIS/Device/ST/STM32H7xx/Include/stm32h7xx.h:207: note: this is the location of the previous definition
  207 | #define SET_BIT(REG, BIT)     ((REG) |= (BIT))
      | 
../Core/Inc/main.h:80:15: warning: 'rtotag' defined but not used [-Wunused-variable]
   80 | static double rtotag = 0.6;             // min. radius to tag
      |               ^~~~~~
../Core/Inc/main.h:79:15: warning: 'rtoothers' defined but not used [-Wunused-variable]
   79 | static double rtoothers = 0.6;  // min. radius to other waypoints
      |               ^~~~~~~~~
arm-none-eabi-g++ -o "AFR_CM7.elf" @"objects.list"   -mcpu=cortex-m7 -T"C:\Users\nicks\STM32CubeIDE\workspace_1.19.0\AFR\AFR\CM7\STM32H755ZITX_FLASH.ld" -Wl,-Map="AFR_CM7.map" -Wl,--gc-sections -static -Wl,-Map=AFR_CM7.map,--print-memory-usage --specs=nano.specs -mfpu=fpv5-d16 -mfloat-abi=hard -mthumb -u _printf_float -u _scanf_float -Wl,--start-group -lc -lm -lstdc++ -lsupc++ -Wl,--end-group
Memory region         Used Size  Region Size  %age Used
          RAM_D1:      306384 B       512 KB     58.44%
           FLASH:      405672 B         1 MB     38.69%
         DTCMRAM:        2502 B       128 KB      1.91%
          SHARED:           0 B        256 B      0.00%
         SHARED2:           0 B        256 B      0.00%
          RAM_D2:       40000 B     163328 B     24.49%
          RAM_D3:           0 B        64 KB      0.00%
         ITCMRAM:           0 B        64 KB      0.00%
Finished building target: AFR_CM7.elf
 
arm-none-eabi-size  AFR_CM7.elf 
arm-none-eabi-objdump -h -S AFR_CM7.elf  > "AFR_CM7.list"
   text	   data	    bss	    dec	    hex	filename
 284848	 120812	 228070	 633730	  9ab82	AFR_CM7.elf
Finished building: default.size.stdout
 
Finished building: AFR_CM7.list
 

00:04:44 Build Finished. 0 errors, 3 warnings. (took 4s.596ms)

