23:58:13 **** Incremental Build of configuration Debug for project AFR_SENSHORRS_CM7 ****
make -j16 all 
arm-none-eabi-gcc "../Core/Src/main.c" -mcpu=cortex-m7 -std=gnu11 -g3 -DDEBUG -DCORE_CM7 -DUSE_HAL_DRIVER -DSTM32H755xx -DUSE_PWR_DIRECT_SMPS_SUPPLY -DUSE_NUCLEO_64 -DSTM32_THREAD_SAFE_STRATEGY=4 -c -I../Core/Inc -I../../Drivers/STM32H7xx_HAL_Driver/Inc -I../../Drivers/STM32H7xx_HAL_Driver/Inc/Legacy -I../../Drivers/BSP/STM32H7xx_Nucleo -I../../Drivers/CMSIS/Device/ST/STM32H7xx/Include -I../../Drivers/CMSIS/Include -I../../Middlewares/Third_Party/FreeRTOS/Source/include -I../../Middlewares/Third_Party/FreeRTOS/Source/CMSIS_RTOS_V2 -I../../Middlewares/Third_Party/FreeRTOS/Source/portable/GCC/ARM_CM4F -I../Core/ThreadSafe -O0 -ffunction-sections -fdata-sections -Wall -fstack-usage -fcyclomatic-complexity -MMD -MP -MF"Core/Src/main.d" -MT"Core/Src/main.o" --specs=nano.specs -mfpu=fpv5-d16 -mfloat-abi=hard -mthumb -o "Core/Src/main.o"
arm-none-eabi-gcc -o "AFR_SENSHORRS_CM7.elf" @"objects.list"   -mcpu=cortex-m7 -T"C:\Users\nicks\STM32CubeIDE\workspace_1.19.0\AFR\AFR_SENSHORRS\CM7\STM32H755ZITX_FLASH.ld" --specs=nosys.specs -Wl,-Map="AFR_SENSHORRS_CM7.map" -Wl,--gc-sections -static --specs=nano.specs -mfpu=fpv5-d16 -mfloat-abi=hard -mthumb -u _printf_float -u _scanf_float -Wl,--start-group -lc -lm -Wl,--end-group
Finished building target: AFR_SENSHORRS_CM7.elf
 
arm-none-eabi-size  AFR_SENSHORRS_CM7.elf 
arm-none-eabi-objdump -h -S AFR_SENSHORRS_CM7.elf  > "AFR_SENSHORRS_CM7.list"
   text	   data	    bss	    dec	    hex	filename
  68880	    508	  21300	  90688	  16240	AFR_SENSHORRS_CM7.elf
Finished building: default.size.stdout
 
Finished building: AFR_SENSHORRS_CM7.list
 

23:58:15 Build Finished. 0 errors, 0 warnings. (took 1s.143ms)

