18:35:45 **** Incremental Build of configuration Debug for project AFR_CM4 ****
make -j16 all 
arm-none-eabi-gcc "../Core/Src/PWM.c" -mcpu=cortex-m4 -std=gnu11 -g3 -DDEBUG -DCORE_CM4 -DUSE_HAL_DRIVER -DSTM32H755xx -DUSE_PWR_DIRECT_SMPS_SUPPLY -DUSE_NUCLEO_64 -DSTM32_THREAD_SAFE_STRATEGY=4 -c -I../Core/Inc -I../../Drivers/STM32H7xx_HAL_Driver/Inc -I../../Drivers/STM32H7xx_HAL_Driver/Inc/Legacy -I../../Drivers/BSP/STM32H7xx_Nucleo -I../../Drivers/CMSIS/Device/ST/STM32H7xx/Include -I../../Drivers/CMSIS/Include -I../../Middlewares/Third_Party/FreeRTOS/Source/include -I../../Middlewares/Third_Party/FreeRTOS/Source/CMSIS_RTOS_V2 -I../../Middlewares/Third_Party/FreeRTOS/Source/portable/GCC/ARM_CM4F -I../Core/ThreadSafe -O0 -ffunction-sections -fdata-sections -Wall -fstack-usage -fcyclomatic-complexity -MMD -MP -MF"Core/Src/PWM.d" -MT"Core/Src/PWM.o" --specs=nano.specs -mfpu=fpv4-sp-d16 -mfloat-abi=hard -mthumb -o "Core/Src/PWM.o"
../Core/Src/PWM.c: In function 'pwmgo':
../Core/Src/PWM.c:104:34: warning: passing argument 2 of 'memcpy' discards 'volatile' qualifier from pointer target type [-Wdiscarded-qualifiers]
  104 |                   memcpy(counts, encoder_count, sizeof counts);
      |                                  ^~~~~~~~~~~~~
In file included from ../Core/Src/PWM.c:11:
C:\ST\STM32CubeIDE_1.19.0\STM32CubeIDE\plugins\com.st.stm32cube.ide.mcu.externaltools.gnu-tools-for-stm32.13.3.rel1.win32_1.0.0.202411081344\tools\bin/../lib/gcc/arm-none-eabi/13.3.1/../../../../arm-none-eabi/include/string.h:31:36: note: expected 'const void * restrict' but argument is of type 'volatile int32_t *' {aka 'volatile long int *'}
   31 | void *   memcpy (void *__restrict, const void *__restrict, size_t);
      |                                    ^
arm-none-eabi-gcc -o "AFR_CM4.elf" @"objects.list"   -mcpu=cortex-m4 -T"C:\Users\nicks\STM32CubeIDE\workspace_1.19.0\AFR\AFR\CM4\STM32H755ZITX_FLASH.ld" --specs=nosys.specs -Wl,-Map="AFR_CM4.map" -Wl,--gc-sections -static --specs=nano.specs -mfpu=fpv4-sp-d16 -mfloat-abi=hard -mthumb -u _printf_float -u _scanf_float -Wl,--start-group -lc -lm -Wl,--end-group
Finished building target: AFR_CM4.elf
 
arm-none-eabi-size  AFR_CM4.elf 
arm-none-eabi-objdump -h -S AFR_CM4.elf  > "AFR_CM4.list"
   text	   data	    bss	    dec	    hex	filename
  95780	    560	  21792	 118132	  1cd74	AFR_CM4.elf
Finished building: default.size.stdout
 
Finished building: AFR_CM4.list
 

18:35:48 Build Finished. 0 errors, 1 warnings. (took 3s.143ms)

