13:52:47 **** Build of configuration Debug for project AFR_PIL_CM7 ****
make -j16 all 
arm-none-eabi-gcc "C:/Users/nicks/STM32CubeIDE/workspace_1.19.0/AFR_PIL/Middlewares/Third_Party/FreeRTOS/Source/CMSIS_RTOS_V2/cmsis_os2.c" -mcpu=cortex-m7 -std=gnu11 -g3 -DDEBUG -DCORE_CM7 -DUSE_HAL_DRIVER -DSTM32H755xx -DUSE_PWR_DIRECT_SMPS_SUPPLY -DUSE_NUCLEO_64 -DSTM32_THREAD_SAFE_STRATEGY=4 -c -I../Core/Inc -I../../Drivers/STM32H7xx_HAL_Driver/Inc -I../../Drivers/STM32H7xx_HAL_Driver/Inc/Legacy -I../../Drivers/BSP/STM32H7xx_Nucleo -I../../Drivers/CMSIS/Device/ST/STM32H7xx/Include -I../../Drivers/CMSIS/Include -I../../Middlewares/Third_Party/FreeRTOS/Source/include -I../../Middlewares/Third_Party/FreeRTOS/Source/CMSIS_RTOS_V2 -I../../Middlewares/Third_Party/FreeRTOS/Source/portable/GCC/ARM_CM4F -I"C:/Users/nicks/STM32CubeIDE/workspace_1.19.0/AFR_PIL/CM7/Core/Src/control_update_MPC" -I"C:/Users/nicks/STM32CubeIDE/workspace_1.19.0/AFR_PIL/CM7/Core/Src/control_update_MPC/qpoases" -I"C:/Users/nicks/STM32CubeIDE/workspace_1.19.0/AFR_PIL/CM7/Core/Src/control_update_MPC/qpoases/SRC" -I"C:/Users/nicks/STM32CubeIDE/workspace_1.19.0/AFR_PIL/CM7/Core/Src/control_update_MPC/qpoases/INCLUDE" -I../Core/ThreadSafe -I"C:/Users/nicks/STM32CubeIDE/workspace_1.19.0/AFR_PIL/CM7/Core/Include" -I"C:/Users/nicks/STM32CubeIDE/workspace_1.19.0/AFR_PIL/CM7/Core/Include/dsp" -O0 -ffunction-sections -fdata-sections -Wall -fstack-usage -fcyclomatic-complexity -MMD -MP -MF"Middlewares/Third_Party/FreeRTOS/cmsis_os2.d" -MT"Middlewares/Third_Party/FreeRTOS/cmsis_os2.o" --specs=nano.specs -mfpu=fpv5-d16 -mfloat-abi=hard -mthumb -o "Middlewares/Third_Party/FreeRTOS/cmsis_os2.o"
arm-none-eabi-gcc "C:/Users/nicks/STM32CubeIDE/workspace_1.19.0/AFR_PIL/Middlewares/Third_Party/FreeRTOS/Source/croutine.c" -mcpu=cortex-m7 -std=gnu11 -g3 -DDEBUG -DCORE_CM7 -DUSE_HAL_DRIVER -DSTM32H755xx -DUSE_PWR_DIRECT_SMPS_SUPPLY -DUSE_NUCLEO_64 -DSTM32_THREAD_SAFE_STRATEGY=4 -c -I../Core/Inc -I../../Drivers/STM32H7xx_HAL_Driver/Inc -I../../Drivers/STM32H7xx_HAL_Driver/Inc/Legacy -I../../Drivers/BSP/STM32H7xx_Nucleo -I../../Drivers/CMSIS/Device/ST/STM32H7xx/Include -I../../Drivers/CMSIS/Include -I../../Middlewares/Third_Party/FreeRTOS/Source/include -I../../Middlewares/Third_Party/FreeRTOS/Source/CMSIS_RTOS_V2 -I../../Middlewares/Third_Party/FreeRTOS/Source/portable/GCC/ARM_CM4F -I"C:/Users/nicks/STM32CubeIDE/workspace_1.19.0/AFR_PIL/CM7/Core/Src/control_update_MPC" -I"C:/Users/nicks/STM32CubeIDE/workspace_1.19.0/AFR_PIL/CM7/Core/Src/control_update_MPC/qpoases" -I"C:/Users/nicks/STM32CubeIDE/workspace_1.19.0/AFR_PIL/CM7/Core/Src/control_update_MPC/qpoases/SRC" -I"C:/Users/nicks/STM32CubeIDE/workspace_1.19.0/AFR_PIL/CM7/Core/Src/control_update_MPC/qpoases/INCLUDE" -I../Core/ThreadSafe -I"C:/Users/nicks/STM32CubeIDE/workspace_1.19.0/AFR_PIL/CM7/Core/Include" -I"C:/Users/nicks/STM32CubeIDE/workspace_1.19.0/AFR_PIL/CM7/Core/Include/dsp" -O0 -ffunction-sections -fdata-sections -Wall -fstack-usage -fcyclomatic-complexity -MMD -MP -MF"Middlewares/Third_Party/FreeRTOS/croutine.d" -MT"Middlewares/Third_Party/FreeRTOS/croutine.o" --specs=nano.specs -mfpu=fpv5-d16 -mfloat-abi=hard -mthumb -o "Middlewares/Third_Party/FreeRTOS/croutine.o"
arm-none-eabi-gcc "C:/Users/nicks/STM32CubeIDE/workspace_1.19.0/AFR_PIL/Middlewares/Third_Party/FreeRTOS/Source/event_groups.c" -mcpu=cortex-m7 -std=gnu11 -g3 -DDEBUG -DCORE_CM7 -DUSE_HAL_DRIVER -DSTM32H755xx -DUSE_PWR_DIRECT_SMPS_SUPPLY -DUSE_NUCLEO_64 -DSTM32_THREAD_SAFE_STRATEGY=4 -c -I../Core/Inc -I../../Drivers/STM32H7xx_HAL_Driver/Inc -I../../Drivers/STM32H7xx_HAL_Driver/Inc/Legacy -I../../Drivers/BSP/STM32H7xx_Nucleo -I../../Drivers/CMSIS/Device/ST/STM32H7xx/Include -I../../Drivers/CMSIS/Include -I../../Middlewares/Third_Party/FreeRTOS/Source/include -I../../Middlewares/Third_Party/FreeRTOS/Source/CMSIS_RTOS_V2 -I../../Middlewares/Third_Party/FreeRTOS/Source/portable/GCC/ARM_CM4F -I"C:/Users/nicks/STM32CubeIDE/workspace_1.19.0/AFR_PIL/CM7/Core/Src/control_update_MPC" -I"C:/Users/nicks/STM32CubeIDE/workspace_1.19.0/AFR_PIL/CM7/Core/Src/control_update_MPC/qpoases" -I"C:/Users/nicks/STM32CubeIDE/workspace_1.19.0/AFR_PIL/CM7/Core/Src/control_update_MPC/qpoases/SRC" -I"C:/Users/nicks/STM32CubeIDE/workspace_1.19.0/AFR_PIL/CM7/Core/Src/control_update_MPC/qpoases/INCLUDE" -I../Core/ThreadSafe -I"C:/Users/nicks/STM32CubeIDE/workspace_1.19.0/AFR_PIL/CM7/Core/Include" -I"C:/Users/nicks/STM32CubeIDE/workspace_1.19.0/AFR_PIL/CM7/Core/Include/dsp" -O0 -ffunction-sections -fdata-sections -Wall -fstack-usage -fcyclomatic-complexity -MMD -MP -MF"Middlewares/Third_Party/FreeRTOS/event_groups.d" -MT"Middlewares/Third_Party/FreeRTOS/event_groups.o" --specs=nano.specs -mfpu=fpv5-d16 -mfloat-abi=hard -mthumb -o "Middlewares/Third_Party/FreeRTOS/event_groups.o"
arm-none-eabi-gcc "C:/Users/nicks/STM32CubeIDE/workspace_1.19.0/AFR_PIL/Middlewares/Third_Party/FreeRTOS/Source/portable/MemMang/heap_4.c" -mcpu=cortex-m7 -std=gnu11 -g3 -DDEBUG -DCORE_CM7 -DUSE_HAL_DRIVER -DSTM32H755xx -DUSE_PWR_DIRECT_SMPS_SUPPLY -DUSE_NUCLEO_64 -DSTM32_THREAD_SAFE_STRATEGY=4 -c -I../Core/Inc -I../../Drivers/STM32H7xx_HAL_Driver/Inc -I../../Drivers/STM32H7xx_HAL_Driver/Inc/Legacy -I../../Drivers/BSP/STM32H7xx_Nucleo -I../../Drivers/CMSIS/Device/ST/STM32H7xx/Include -I../../Drivers/CMSIS/Include -I../../Middlewares/Third_Party/FreeRTOS/Source/include -I../../Middlewares/Third_Party/FreeRTOS/Source/CMSIS_RTOS_V2 -I../../Middlewares/Third_Party/FreeRTOS/Source/portable/GCC/ARM_CM4F -I"C:/Users/nicks/STM32CubeIDE/workspace_1.19.0/AFR_PIL/CM7/Core/Src/control_update_MPC" -I"C:/Users/nicks/STM32CubeIDE/workspace_1.19.0/AFR_PIL/CM7/Core/Src/control_update_MPC/qpoases" -I"C:/Users/nicks/STM32CubeIDE/workspace_1.19.0/AFR_PIL/CM7/Core/Src/control_update_MPC/qpoases/SRC" -I"C:/Users/nicks/STM32CubeIDE/workspace_1.19.0/AFR_PIL/CM7/Core/Src/control_update_MPC/qpoases/INCLUDE" -I../Core/ThreadSafe -I"C:/Users/nicks/STM32CubeIDE/workspace_1.19.0/AFR_PIL/CM7/Core/Include" -I"C:/Users/nicks/STM32CubeIDE/workspace_1.19.0/AFR_PIL/CM7/Core/Include/dsp" -O0 -ffunction-sections -fdata-sections -Wall -fstack-usage -fcyclomatic-complexity -MMD -MP -MF"Middlewares/Third_Party/FreeRTOS/heap_4.d" -MT"Middlewares/Third_Party/FreeRTOS/heap_4.o" --specs=nano.specs -mfpu=fpv5-d16 -mfloat-abi=hard -mthumb -o "Middlewares/Third_Party/FreeRTOS/heap_4.o"
arm-none-eabi-gcc "C:/Users/nicks/STM32CubeIDE/workspace_1.19.0/AFR_PIL/Middlewares/Third_Party/FreeRTOS/Source/list.c" -mcpu=cortex-m7 -std=gnu11 -g3 -DDEBUG -DCORE_CM7 -DUSE_HAL_DRIVER -DSTM32H755xx -DUSE_PWR_DIRECT_SMPS_SUPPLY -DUSE_NUCLEO_64 -DSTM32_THREAD_SAFE_STRATEGY=4 -c -I../Core/Inc -I../../Drivers/STM32H7xx_HAL_Driver/Inc -I../../Drivers/STM32H7xx_HAL_Driver/Inc/Legacy -I../../Drivers/BSP/STM32H7xx_Nucleo -I../../Drivers/CMSIS/Device/ST/STM32H7xx/Include -I../../Drivers/CMSIS/Include -I../../Middlewares/Third_Party/FreeRTOS/Source/include -I../../Middlewares/Third_Party/FreeRTOS/Source/CMSIS_RTOS_V2 -I../../Middlewares/Third_Party/FreeRTOS/Source/portable/GCC/ARM_CM4F -I"C:/Users/nicks/STM32CubeIDE/workspace_1.19.0/AFR_PIL/CM7/Core/Src/control_update_MPC" -I"C:/Users/nicks/STM32CubeIDE/workspace_1.19.0/AFR_PIL/CM7/Core/Src/control_update_MPC/qpoases" -I"C:/Users/nicks/STM32CubeIDE/workspace_1.19.0/AFR_PIL/CM7/Core/Src/control_update_MPC/qpoases/SRC" -I"C:/Users/nicks/STM32CubeIDE/workspace_1.19.0/AFR_PIL/CM7/Core/Src/control_update_MPC/qpoases/INCLUDE" -I../Core/ThreadSafe -I"C:/Users/nicks/STM32CubeIDE/workspace_1.19.0/AFR_PIL/CM7/Core/Include" -I"C:/Users/nicks/STM32CubeIDE/workspace_1.19.0/AFR_PIL/CM7/Core/Include/dsp" -O0 -ffunction-sections -fdata-sections -Wall -fstack-usage -fcyclomatic-complexity -MMD -MP -MF"Middlewares/Third_Party/FreeRTOS/list.d" -MT"Middlewares/Third_Party/FreeRTOS/list.o" --specs=nano.specs -mfpu=fpv5-d16 -mfloat-abi=hard -mthumb -o "Middlewares/Third_Party/FreeRTOS/list.o"
arm-none-eabi-gcc "C:/Users/nicks/STM32CubeIDE/workspace_1.19.0/AFR_PIL/Middlewares/Third_Party/FreeRTOS/Source/portable/GCC/ARM_CM4F/port.c" -mcpu=cortex-m7 -std=gnu11 -g3 -DDEBUG -DCORE_CM7 -DUSE_HAL_DRIVER -DSTM32H755xx -DUSE_PWR_DIRECT_SMPS_SUPPLY -DUSE_NUCLEO_64 -DSTM32_THREAD_SAFE_STRATEGY=4 -c -I../Core/Inc -I../../Drivers/STM32H7xx_HAL_Driver/Inc -I../../Drivers/STM32H7xx_HAL_Driver/Inc/Legacy -I../../Drivers/BSP/STM32H7xx_Nucleo -I../../Drivers/CMSIS/Device/ST/STM32H7xx/Include -I../../Drivers/CMSIS/Include -I../../Middlewares/Third_Party/FreeRTOS/Source/include -I../../Middlewares/Third_Party/FreeRTOS/Source/CMSIS_RTOS_V2 -I../../Middlewares/Third_Party/FreeRTOS/Source/portable/GCC/ARM_CM4F -I"C:/Users/nicks/STM32CubeIDE/workspace_1.19.0/AFR_PIL/CM7/Core/Src/control_update_MPC" -I"C:/Users/nicks/STM32CubeIDE/workspace_1.19.0/AFR_PIL/CM7/Core/Src/control_update_MPC/qpoases" -I"C:/Users/nicks/STM32CubeIDE/workspace_1.19.0/AFR_PIL/CM7/Core/Src/control_update_MPC/qpoases/SRC" -I"C:/Users/nicks/STM32CubeIDE/workspace_1.19.0/AFR_PIL/CM7/Core/Src/control_update_MPC/qpoases/INCLUDE" -I../Core/ThreadSafe -I"C:/Users/nicks/STM32CubeIDE/workspace_1.19.0/AFR_PIL/CM7/Core/Include" -I"C:/Users/nicks/STM32CubeIDE/workspace_1.19.0/AFR_PIL/CM7/Core/Include/dsp" -O0 -ffunction-sections -fdata-sections -Wall -fstack-usage -fcyclomatic-complexity -MMD -MP -MF"Middlewares/Third_Party/FreeRTOS/port.d" -MT"Middlewares/Third_Party/FreeRTOS/port.o" --specs=nano.specs -mfpu=fpv5-d16 -mfloat-abi=hard -mthumb -o "Middlewares/Third_Party/FreeRTOS/port.o"
arm-none-eabi-gcc "C:/Users/nicks/STM32CubeIDE/workspace_1.19.0/AFR_PIL/Middlewares/Third_Party/FreeRTOS/Source/queue.c" -mcpu=cortex-m7 -std=gnu11 -g3 -DDEBUG -DCORE_CM7 -DUSE_HAL_DRIVER -DSTM32H755xx -DUSE_PWR_DIRECT_SMPS_SUPPLY -DUSE_NUCLEO_64 -DSTM32_THREAD_SAFE_STRATEGY=4 -c -I../Core/Inc -I../../Drivers/STM32H7xx_HAL_Driver/Inc -I../../Drivers/STM32H7xx_HAL_Driver/Inc/Legacy -I../../Drivers/BSP/STM32H7xx_Nucleo -I../../Drivers/CMSIS/Device/ST/STM32H7xx/Include -I../../Drivers/CMSIS/Include -I../../Middlewares/Third_Party/FreeRTOS/Source/include -I../../Middlewares/Third_Party/FreeRTOS/Source/CMSIS_RTOS_V2 -I../../Middlewares/Third_Party/FreeRTOS/Source/portable/GCC/ARM_CM4F -I"C:/Users/nicks/STM32CubeIDE/workspace_1.19.0/AFR_PIL/CM7/Core/Src/control_update_MPC" -I"C:/Users/nicks/STM32CubeIDE/workspace_1.19.0/AFR_PIL/CM7/Core/Src/control_update_MPC/qpoases" -I"C:/Users/nicks/STM32CubeIDE/workspace_1.19.0/AFR_PIL/CM7/Core/Src/control_update_MPC/qpoases/SRC" -I"C:/Users/nicks/STM32CubeIDE/workspace_1.19.0/AFR_PIL/CM7/Core/Src/control_update_MPC/qpoases/INCLUDE" -I../Core/ThreadSafe -I"C:/Users/nicks/STM32CubeIDE/workspace_1.19.0/AFR_PIL/CM7/Core/Include" -I"C:/Users/nicks/STM32CubeIDE/workspace_1.19.0/AFR_PIL/CM7/Core/Include/dsp" -O0 -ffunction-sections -fdata-sections -Wall -fstack-usage -fcyclomatic-complexity -MMD -MP -MF"Middlewares/Third_Party/FreeRTOS/queue.d" -MT"Middlewares/Third_Party/FreeRTOS/queue.o" --specs=nano.specs -mfpu=fpv5-d16 -mfloat-abi=hard -mthumb -o "Middlewares/Third_Party/FreeRTOS/queue.o"
arm-none-eabi-gcc "C:/Users/nicks/STM32CubeIDE/workspace_1.19.0/AFR_PIL/Middlewares/Third_Party/FreeRTOS/Source/stream_buffer.c" -mcpu=cortex-m7 -std=gnu11 -g3 -DDEBUG -DCORE_CM7 -DUSE_HAL_DRIVER -DSTM32H755xx -DUSE_PWR_DIRECT_SMPS_SUPPLY -DUSE_NUCLEO_64 -DSTM32_THREAD_SAFE_STRATEGY=4 -c -I../Core/Inc -I../../Drivers/STM32H7xx_HAL_Driver/Inc -I../../Drivers/STM32H7xx_HAL_Driver/Inc/Legacy -I../../Drivers/BSP/STM32H7xx_Nucleo -I../../Drivers/CMSIS/Device/ST/STM32H7xx/Include -I../../Drivers/CMSIS/Include -I../../Middlewares/Third_Party/FreeRTOS/Source/include -I../../Middlewares/Third_Party/FreeRTOS/Source/CMSIS_RTOS_V2 -I../../Middlewares/Third_Party/FreeRTOS/Source/portable/GCC/ARM_CM4F -I"C:/Users/nicks/STM32CubeIDE/workspace_1.19.0/AFR_PIL/CM7/Core/Src/control_update_MPC" -I"C:/Users/nicks/STM32CubeIDE/workspace_1.19.0/AFR_PIL/CM7/Core/Src/control_update_MPC/qpoases" -I"C:/Users/nicks/STM32CubeIDE/workspace_1.19.0/AFR_PIL/CM7/Core/Src/control_update_MPC/qpoases/SRC" -I"C:/Users/nicks/STM32CubeIDE/workspace_1.19.0/AFR_PIL/CM7/Core/Src/control_update_MPC/qpoases/INCLUDE" -I../Core/ThreadSafe -I"C:/Users/nicks/STM32CubeIDE/workspace_1.19.0/AFR_PIL/CM7/Core/Include" -I"C:/Users/nicks/STM32CubeIDE/workspace_1.19.0/AFR_PIL/CM7/Core/Include/dsp" -O0 -ffunction-sections -fdata-sections -Wall -fstack-usage -fcyclomatic-complexity -MMD -MP -MF"Middlewares/Third_Party/FreeRTOS/stream_buffer.d" -MT"Middlewares/Third_Party/FreeRTOS/stream_buffer.o" --specs=nano.specs -mfpu=fpv5-d16 -mfloat-abi=hard -mthumb -o "Middlewares/Third_Party/FreeRTOS/stream_buffer.o"
arm-none-eabi-gcc "C:/Users/nicks/STM32CubeIDE/workspace_1.19.0/AFR_PIL/Middlewares/Third_Party/FreeRTOS/Source/tasks.c" -mcpu=cortex-m7 -std=gnu11 -g3 -DDEBUG -DCORE_CM7 -DUSE_HAL_DRIVER -DSTM32H755xx -DUSE_PWR_DIRECT_SMPS_SUPPLY -DUSE_NUCLEO_64 -DSTM32_THREAD_SAFE_STRATEGY=4 -c -I../Core/Inc -I../../Drivers/STM32H7xx_HAL_Driver/Inc -I../../Drivers/STM32H7xx_HAL_Driver/Inc/Legacy -I../../Drivers/BSP/STM32H7xx_Nucleo -I../../Drivers/CMSIS/Device/ST/STM32H7xx/Include -I../../Drivers/CMSIS/Include -I../../Middlewares/Third_Party/FreeRTOS/Source/include -I../../Middlewares/Third_Party/FreeRTOS/Source/CMSIS_RTOS_V2 -I../../Middlewares/Third_Party/FreeRTOS/Source/portable/GCC/ARM_CM4F -I"C:/Users/nicks/STM32CubeIDE/workspace_1.19.0/AFR_PIL/CM7/Core/Src/control_update_MPC" -I"C:/Users/nicks/STM32CubeIDE/workspace_1.19.0/AFR_PIL/CM7/Core/Src/control_update_MPC/qpoases" -I"C:/Users/nicks/STM32CubeIDE/workspace_1.19.0/AFR_PIL/CM7/Core/Src/control_update_MPC/qpoases/SRC" -I"C:/Users/nicks/STM32CubeIDE/workspace_1.19.0/AFR_PIL/CM7/Core/Src/control_update_MPC/qpoases/INCLUDE" -I../Core/ThreadSafe -I"C:/Users/nicks/STM32CubeIDE/workspace_1.19.0/AFR_PIL/CM7/Core/Include" -I"C:/Users/nicks/STM32CubeIDE/workspace_1.19.0/AFR_PIL/CM7/Core/Include/dsp" -O0 -ffunction-sections -fdata-sections -Wall -fstack-usage -fcyclomatic-complexity -MMD -MP -MF"Middlewares/Third_Party/FreeRTOS/tasks.d" -MT"Middlewares/Third_Party/FreeRTOS/tasks.o" --specs=nano.specs -mfpu=fpv5-d16 -mfloat-abi=hard -mthumb -o "Middlewares/Third_Party/FreeRTOS/tasks.o"
arm-none-eabi-gcc "C:/Users/nicks/STM32CubeIDE/workspace_1.19.0/AFR_PIL/Middlewares/Third_Party/FreeRTOS/Source/timers.c" -mcpu=cortex-m7 -std=gnu11 -g3 -DDEBUG -DCORE_CM7 -DUSE_HAL_DRIVER -DSTM32H755xx -DUSE_PWR_DIRECT_SMPS_SUPPLY -DUSE_NUCLEO_64 -DSTM32_THREAD_SAFE_STRATEGY=4 -c -I../Core/Inc -I../../Drivers/STM32H7xx_HAL_Driver/Inc -I../../Drivers/STM32H7xx_HAL_Driver/Inc/Legacy -I../../Drivers/BSP/STM32H7xx_Nucleo -I../../Drivers/CMSIS/Device/ST/STM32H7xx/Include -I../../Drivers/CMSIS/Include -I../../Middlewares/Third_Party/FreeRTOS/Source/include -I../../Middlewares/Third_Party/FreeRTOS/Source/CMSIS_RTOS_V2 -I../../Middlewares/Third_Party/FreeRTOS/Source/portable/GCC/ARM_CM4F -I"C:/Users/nicks/STM32CubeIDE/workspace_1.19.0/AFR_PIL/CM7/Core/Src/control_update_MPC" -I"C:/Users/nicks/STM32CubeIDE/workspace_1.19.0/AFR_PIL/CM7/Core/Src/control_update_MPC/qpoases" -I"C:/Users/nicks/STM32CubeIDE/workspace_1.19.0/AFR_PIL/CM7/Core/Src/control_update_MPC/qpoases/SRC" -I"C:/Users/nicks/STM32CubeIDE/workspace_1.19.0/AFR_PIL/CM7/Core/Src/control_update_MPC/qpoases/INCLUDE" -I../Core/ThreadSafe -I"C:/Users/nicks/STM32CubeIDE/workspace_1.19.0/AFR_PIL/CM7/Core/Include" -I"C:/Users/nicks/STM32CubeIDE/workspace_1.19.0/AFR_PIL/CM7/Core/Include/dsp" -O0 -ffunction-sections -fdata-sections -Wall -fstack-usage -fcyclomatic-complexity -MMD -MP -MF"Middlewares/Third_Party/FreeRTOS/timers.d" -MT"Middlewares/Third_Party/FreeRTOS/timers.o" --specs=nano.specs -mfpu=fpv5-d16 -mfloat-abi=hard -mthumb -o "Middlewares/Third_Party/FreeRTOS/timers.o"
arm-none-eabi-gcc "C:/Users/nicks/STM32CubeIDE/workspace_1.19.0/AFR_PIL/Drivers/STM32H7xx_HAL_Driver/Src/stm32h7xx_hal.c" -mcpu=cortex-m7 -std=gnu11 -g3 -DDEBUG -DCORE_CM7 -DUSE_HAL_DRIVER -DSTM32H755xx -DUSE_PWR_DIRECT_SMPS_SUPPLY -DUSE_NUCLEO_64 -DSTM32_THREAD_SAFE_STRATEGY=4 -c -I../Core/Inc -I../../Drivers/STM32H7xx_HAL_Driver/Inc -I../../Drivers/STM32H7xx_HAL_Driver/Inc/Legacy -I../../Drivers/BSP/STM32H7xx_Nucleo -I../../Drivers/CMSIS/Device/ST/STM32H7xx/Include -I../../Drivers/CMSIS/Include -I../../Middlewares/Third_Party/FreeRTOS/Source/include -I../../Middlewares/Third_Party/FreeRTOS/Source/CMSIS_RTOS_V2 -I../../Middlewares/Third_Party/FreeRTOS/Source/portable/GCC/ARM_CM4F -I"C:/Users/nicks/STM32CubeIDE/workspace_1.19.0/AFR_PIL/CM7/Core/Src/control_update_MPC" -I"C:/Users/nicks/STM32CubeIDE/workspace_1.19.0/AFR_PIL/CM7/Core/Src/control_update_MPC/qpoases" -I"C:/Users/nicks/STM32CubeIDE/workspace_1.19.0/AFR_PIL/CM7/Core/Src/control_update_MPC/qpoases/SRC" -I"C:/Users/nicks/STM32CubeIDE/workspace_1.19.0/AFR_PIL/CM7/Core/Src/control_update_MPC/qpoases/INCLUDE" -I../Core/ThreadSafe -I"C:/Users/nicks/STM32CubeIDE/workspace_1.19.0/AFR_PIL/CM7/Core/Include" -I"C:/Users/nicks/STM32CubeIDE/workspace_1.19.0/AFR_PIL/CM7/Core/Include/dsp" -O0 -ffunction-sections -fdata-sections -Wall -fstack-usage -fcyclomatic-complexity -MMD -MP -MF"Drivers/STM32H7xx_HAL_Driver/stm32h7xx_hal.d" -MT"Drivers/STM32H7xx_HAL_Driver/stm32h7xx_hal.o" --specs=nano.specs -mfpu=fpv5-d16 -mfloat-abi=hard -mthumb -o "Drivers/STM32H7xx_HAL_Driver/stm32h7xx_hal.o"
arm-none-eabi-gcc "C:/Users/nicks/STM32CubeIDE/workspace_1.19.0/AFR_PIL/Drivers/STM32H7xx_HAL_Driver/Src/stm32h7xx_hal_cortex.c" -mcpu=cortex-m7 -std=gnu11 -g3 -DDEBUG -DCORE_CM7 -DUSE_HAL_DRIVER -DSTM32H755xx -DUSE_PWR_DIRECT_SMPS_SUPPLY -DUSE_NUCLEO_64 -DSTM32_THREAD_SAFE_STRATEGY=4 -c -I../Core/Inc -I../../Drivers/STM32H7xx_HAL_Driver/Inc -I../../Drivers/STM32H7xx_HAL_Driver/Inc/Legacy -I../../Drivers/BSP/STM32H7xx_Nucleo -I../../Drivers/CMSIS/Device/ST/STM32H7xx/Include -I../../Drivers/CMSIS/Include -I../../Middlewares/Third_Party/FreeRTOS/Source/include -I../../Middlewares/Third_Party/FreeRTOS/Source/CMSIS_RTOS_V2 -I../../Middlewares/Third_Party/FreeRTOS/Source/portable/GCC/ARM_CM4F -I"C:/Users/nicks/STM32CubeIDE/workspace_1.19.0/AFR_PIL/CM7/Core/Src/control_update_MPC" -I"C:/Users/nicks/STM32CubeIDE/workspace_1.19.0/AFR_PIL/CM7/Core/Src/control_update_MPC/qpoases" -I"C:/Users/nicks/STM32CubeIDE/workspace_1.19.0/AFR_PIL/CM7/Core/Src/control_update_MPC/qpoases/SRC" -I"C:/Users/nicks/STM32CubeIDE/workspace_1.19.0/AFR_PIL/CM7/Core/Src/control_update_MPC/qpoases/INCLUDE" -I../Core/ThreadSafe -I"C:/Users/nicks/STM32CubeIDE/workspace_1.19.0/AFR_PIL/CM7/Core/Include" -I"C:/Users/nicks/STM32CubeIDE/workspace_1.19.0/AFR_PIL/CM7/Core/Include/dsp" -O0 -ffunction-sections -fdata-sections -Wall -fstack-usage -fcyclomatic-complexity -MMD -MP -MF"Drivers/STM32H7xx_HAL_Driver/stm32h7xx_hal_cortex.d" -MT"Drivers/STM32H7xx_HAL_Driver/stm32h7xx_hal_cortex.o" --specs=nano.specs -mfpu=fpv5-d16 -mfloat-abi=hard -mthumb -o "Drivers/STM32H7xx_HAL_Driver/stm32h7xx_hal_cortex.o"
arm-none-eabi-gcc "C:/Users/nicks/STM32CubeIDE/workspace_1.19.0/AFR_PIL/Drivers/STM32H7xx_HAL_Driver/Src/stm32h7xx_hal_dma.c" -mcpu=cortex-m7 -std=gnu11 -g3 -DDEBUG -DCORE_CM7 -DUSE_HAL_DRIVER -DSTM32H755xx -DUSE_PWR_DIRECT_SMPS_SUPPLY -DUSE_NUCLEO_64 -DSTM32_THREAD_SAFE_STRATEGY=4 -c -I../Core/Inc -I../../Drivers/STM32H7xx_HAL_Driver/Inc -I../../Drivers/STM32H7xx_HAL_Driver/Inc/Legacy -I../../Drivers/BSP/STM32H7xx_Nucleo -I../../Drivers/CMSIS/Device/ST/STM32H7xx/Include -I../../Drivers/CMSIS/Include -I../../Middlewares/Third_Party/FreeRTOS/Source/include -I../../Middlewares/Third_Party/FreeRTOS/Source/CMSIS_RTOS_V2 -I../../Middlewares/Third_Party/FreeRTOS/Source/portable/GCC/ARM_CM4F -I"C:/Users/nicks/STM32CubeIDE/workspace_1.19.0/AFR_PIL/CM7/Core/Src/control_update_MPC" -I"C:/Users/nicks/STM32CubeIDE/workspace_1.19.0/AFR_PIL/CM7/Core/Src/control_update_MPC/qpoases" -I"C:/Users/nicks/STM32CubeIDE/workspace_1.19.0/AFR_PIL/CM7/Core/Src/control_update_MPC/qpoases/SRC" -I"C:/Users/nicks/STM32CubeIDE/workspace_1.19.0/AFR_PIL/CM7/Core/Src/control_update_MPC/qpoases/INCLUDE" -I../Core/ThreadSafe -I"C:/Users/nicks/STM32CubeIDE/workspace_1.19.0/AFR_PIL/CM7/Core/Include" -I"C:/Users/nicks/STM32CubeIDE/workspace_1.19.0/AFR_PIL/CM7/Core/Include/dsp" -O0 -ffunction-sections -fdata-sections -Wall -fstack-usage -fcyclomatic-complexity -MMD -MP -MF"Drivers/STM32H7xx_HAL_Driver/stm32h7xx_hal_dma.d" -MT"Drivers/STM32H7xx_HAL_Driver/stm32h7xx_hal_dma.o" --specs=nano.specs -mfpu=fpv5-d16 -mfloat-abi=hard -mthumb -o "Drivers/STM32H7xx_HAL_Driver/stm32h7xx_hal_dma.o"
arm-none-eabi-gcc "C:/Users/nicks/STM32CubeIDE/workspace_1.19.0/AFR_PIL/Drivers/STM32H7xx_HAL_Driver/Src/stm32h7xx_hal_dma_ex.c" -mcpu=cortex-m7 -std=gnu11 -g3 -DDEBUG -DCORE_CM7 -DUSE_HAL_DRIVER -DSTM32H755xx -DUSE_PWR_DIRECT_SMPS_SUPPLY -DUSE_NUCLEO_64 -DSTM32_THREAD_SAFE_STRATEGY=4 -c -I../Core/Inc -I../../Drivers/STM32H7xx_HAL_Driver/Inc -I../../Drivers/STM32H7xx_HAL_Driver/Inc/Legacy -I../../Drivers/BSP/STM32H7xx_Nucleo -I../../Drivers/CMSIS/Device/ST/STM32H7xx/Include -I../../Drivers/CMSIS/Include -I../../Middlewares/Third_Party/FreeRTOS/Source/include -I../../Middlewares/Third_Party/FreeRTOS/Source/CMSIS_RTOS_V2 -I../../Middlewares/Third_Party/FreeRTOS/Source/portable/GCC/ARM_CM4F -I"C:/Users/nicks/STM32CubeIDE/workspace_1.19.0/AFR_PIL/CM7/Core/Src/control_update_MPC" -I"C:/Users/nicks/STM32CubeIDE/workspace_1.19.0/AFR_PIL/CM7/Core/Src/control_update_MPC/qpoases" -I"C:/Users/nicks/STM32CubeIDE/workspace_1.19.0/AFR_PIL/CM7/Core/Src/control_update_MPC/qpoases/SRC" -I"C:/Users/nicks/STM32CubeIDE/workspace_1.19.0/AFR_PIL/CM7/Core/Src/control_update_MPC/qpoases/INCLUDE" -I../Core/ThreadSafe -I"C:/Users/nicks/STM32CubeIDE/workspace_1.19.0/AFR_PIL/CM7/Core/Include" -I"C:/Users/nicks/STM32CubeIDE/workspace_1.19.0/AFR_PIL/CM7/Core/Include/dsp" -O0 -ffunction-sections -fdata-sections -Wall -fstack-usage -fcyclomatic-complexity -MMD -MP -MF"Drivers/STM32H7xx_HAL_Driver/stm32h7xx_hal_dma_ex.d" -MT"Drivers/STM32H7xx_HAL_Driver/stm32h7xx_hal_dma_ex.o" --specs=nano.specs -mfpu=fpv5-d16 -mfloat-abi=hard -mthumb -o "Drivers/STM32H7xx_HAL_Driver/stm32h7xx_hal_dma_ex.o"
arm-none-eabi-gcc "C:/Users/nicks/STM32CubeIDE/workspace_1.19.0/AFR_PIL/Drivers/STM32H7xx_HAL_Driver/Src/stm32h7xx_hal_exti.c" -mcpu=cortex-m7 -std=gnu11 -g3 -DDEBUG -DCORE_CM7 -DUSE_HAL_DRIVER -DSTM32H755xx -DUSE_PWR_DIRECT_SMPS_SUPPLY -DUSE_NUCLEO_64 -DSTM32_THREAD_SAFE_STRATEGY=4 -c -I../Core/Inc -I../../Drivers/STM32H7xx_HAL_Driver/Inc -I../../Drivers/STM32H7xx_HAL_Driver/Inc/Legacy -I../../Drivers/BSP/STM32H7xx_Nucleo -I../../Drivers/CMSIS/Device/ST/STM32H7xx/Include -I../../Drivers/CMSIS/Include -I../../Middlewares/Third_Party/FreeRTOS/Source/include -I../../Middlewares/Third_Party/FreeRTOS/Source/CMSIS_RTOS_V2 -I../../Middlewares/Third_Party/FreeRTOS/Source/portable/GCC/ARM_CM4F -I"C:/Users/nicks/STM32CubeIDE/workspace_1.19.0/AFR_PIL/CM7/Core/Src/control_update_MPC" -I"C:/Users/nicks/STM32CubeIDE/workspace_1.19.0/AFR_PIL/CM7/Core/Src/control_update_MPC/qpoases" -I"C:/Users/nicks/STM32CubeIDE/workspace_1.19.0/AFR_PIL/CM7/Core/Src/control_update_MPC/qpoases/SRC" -I"C:/Users/nicks/STM32CubeIDE/workspace_1.19.0/AFR_PIL/CM7/Core/Src/control_update_MPC/qpoases/INCLUDE" -I../Core/ThreadSafe -I"C:/Users/nicks/STM32CubeIDE/workspace_1.19.0/AFR_PIL/CM7/Core/Include" -I"C:/Users/nicks/STM32CubeIDE/workspace_1.19.0/AFR_PIL/CM7/Core/Include/dsp" -O0 -ffunction-sections -fdata-sections -Wall -fstack-usage -fcyclomatic-complexity -MMD -MP -MF"Drivers/STM32H7xx_HAL_Driver/stm32h7xx_hal_exti.d" -MT"Drivers/STM32H7xx_HAL_Driver/stm32h7xx_hal_exti.o" --specs=nano.specs -mfpu=fpv5-d16 -mfloat-abi=hard -mthumb -o "Drivers/STM32H7xx_HAL_Driver/stm32h7xx_hal_exti.o"
arm-none-eabi-gcc "C:/Users/nicks/STM32CubeIDE/workspace_1.19.0/AFR_PIL/Drivers/STM32H7xx_HAL_Driver/Src/stm32h7xx_hal_flash.c" -mcpu=cortex-m7 -std=gnu11 -g3 -DDEBUG -DCORE_CM7 -DUSE_HAL_DRIVER -DSTM32H755xx -DUSE_PWR_DIRECT_SMPS_SUPPLY -DUSE_NUCLEO_64 -DSTM32_THREAD_SAFE_STRATEGY=4 -c -I../Core/Inc -I../../Drivers/STM32H7xx_HAL_Driver/Inc -I../../Drivers/STM32H7xx_HAL_Driver/Inc/Legacy -I../../Drivers/BSP/STM32H7xx_Nucleo -I../../Drivers/CMSIS/Device/ST/STM32H7xx/Include -I../../Drivers/CMSIS/Include -I../../Middlewares/Third_Party/FreeRTOS/Source/include -I../../Middlewares/Third_Party/FreeRTOS/Source/CMSIS_RTOS_V2 -I../../Middlewares/Third_Party/FreeRTOS/Source/portable/GCC/ARM_CM4F -I"C:/Users/nicks/STM32CubeIDE/workspace_1.19.0/AFR_PIL/CM7/Core/Src/control_update_MPC" -I"C:/Users/nicks/STM32CubeIDE/workspace_1.19.0/AFR_PIL/CM7/Core/Src/control_update_MPC/qpoases" -I"C:/Users/nicks/STM32CubeIDE/workspace_1.19.0/AFR_PIL/CM7/Core/Src/control_update_MPC/qpoases/SRC" -I"C:/Users/nicks/STM32CubeIDE/workspace_1.19.0/AFR_PIL/CM7/Core/Src/control_update_MPC/qpoases/INCLUDE" -I../Core/ThreadSafe -I"C:/Users/nicks/STM32CubeIDE/workspace_1.19.0/AFR_PIL/CM7/Core/Include" -I"C:/Users/nicks/STM32CubeIDE/workspace_1.19.0/AFR_PIL/CM7/Core/Include/dsp" -O0 -ffunction-sections -fdata-sections -Wall -fstack-usage -fcyclomatic-complexity -MMD -MP -MF"Drivers/STM32H7xx_HAL_Driver/stm32h7xx_hal_flash.d" -MT"Drivers/STM32H7xx_HAL_Driver/stm32h7xx_hal_flash.o" --specs=nano.specs -mfpu=fpv5-d16 -mfloat-abi=hard -mthumb -o "Drivers/STM32H7xx_HAL_Driver/stm32h7xx_hal_flash.o"
arm-none-eabi-gcc "C:/Users/nicks/STM32CubeIDE/workspace_1.19.0/AFR_PIL/Drivers/STM32H7xx_HAL_Driver/Src/stm32h7xx_hal_flash_ex.c" -mcpu=cortex-m7 -std=gnu11 -g3 -DDEBUG -DCORE_CM7 -DUSE_HAL_DRIVER -DSTM32H755xx -DUSE_PWR_DIRECT_SMPS_SUPPLY -DUSE_NUCLEO_64 -DSTM32_THREAD_SAFE_STRATEGY=4 -c -I../Core/Inc -I../../Drivers/STM32H7xx_HAL_Driver/Inc -I../../Drivers/STM32H7xx_HAL_Driver/Inc/Legacy -I../../Drivers/BSP/STM32H7xx_Nucleo -I../../Drivers/CMSIS/Device/ST/STM32H7xx/Include -I../../Drivers/CMSIS/Include -I../../Middlewares/Third_Party/FreeRTOS/Source/include -I../../Middlewares/Third_Party/FreeRTOS/Source/CMSIS_RTOS_V2 -I../../Middlewares/Third_Party/FreeRTOS/Source/portable/GCC/ARM_CM4F -I"C:/Users/nicks/STM32CubeIDE/workspace_1.19.0/AFR_PIL/CM7/Core/Src/control_update_MPC" -I"C:/Users/nicks/STM32CubeIDE/workspace_1.19.0/AFR_PIL/CM7/Core/Src/control_update_MPC/qpoases" -I"C:/Users/nicks/STM32CubeIDE/workspace_1.19.0/AFR_PIL/CM7/Core/Src/control_update_MPC/qpoases/SRC" -I"C:/Users/nicks/STM32CubeIDE/workspace_1.19.0/AFR_PIL/CM7/Core/Src/control_update_MPC/qpoases/INCLUDE" -I../Core/ThreadSafe -I"C:/Users/nicks/STM32CubeIDE/workspace_1.19.0/AFR_PIL/CM7/Core/Include" -I"C:/Users/nicks/STM32CubeIDE/workspace_1.19.0/AFR_PIL/CM7/Core/Include/dsp" -O0 -ffunction-sections -fdata-sections -Wall -fstack-usage -fcyclomatic-complexity -MMD -MP -MF"Drivers/STM32H7xx_HAL_Driver/stm32h7xx_hal_flash_ex.d" -MT"Drivers/STM32H7xx_HAL_Driver/stm32h7xx_hal_flash_ex.o" --specs=nano.specs -mfpu=fpv5-d16 -mfloat-abi=hard -mthumb -o "Drivers/STM32H7xx_HAL_Driver/stm32h7xx_hal_flash_ex.o"
arm-none-eabi-gcc "C:/Users/nicks/STM32CubeIDE/workspace_1.19.0/AFR_PIL/Drivers/STM32H7xx_HAL_Driver/Src/stm32h7xx_hal_gpio.c" -mcpu=cortex-m7 -std=gnu11 -g3 -DDEBUG -DCORE_CM7 -DUSE_HAL_DRIVER -DSTM32H755xx -DUSE_PWR_DIRECT_SMPS_SUPPLY -DUSE_NUCLEO_64 -DSTM32_THREAD_SAFE_STRATEGY=4 -c -I../Core/Inc -I../../Drivers/STM32H7xx_HAL_Driver/Inc -I../../Drivers/STM32H7xx_HAL_Driver/Inc/Legacy -I../../Drivers/BSP/STM32H7xx_Nucleo -I../../Drivers/CMSIS/Device/ST/STM32H7xx/Include -I../../Drivers/CMSIS/Include -I../../Middlewares/Third_Party/FreeRTOS/Source/include -I../../Middlewares/Third_Party/FreeRTOS/Source/CMSIS_RTOS_V2 -I../../Middlewares/Third_Party/FreeRTOS/Source/portable/GCC/ARM_CM4F -I"C:/Users/nicks/STM32CubeIDE/workspace_1.19.0/AFR_PIL/CM7/Core/Src/control_update_MPC" -I"C:/Users/nicks/STM32CubeIDE/workspace_1.19.0/AFR_PIL/CM7/Core/Src/control_update_MPC/qpoases" -I"C:/Users/nicks/STM32CubeIDE/workspace_1.19.0/AFR_PIL/CM7/Core/Src/control_update_MPC/qpoases/SRC" -I"C:/Users/nicks/STM32CubeIDE/workspace_1.19.0/AFR_PIL/CM7/Core/Src/control_update_MPC/qpoases/INCLUDE" -I../Core/ThreadSafe -I"C:/Users/nicks/STM32CubeIDE/workspace_1.19.0/AFR_PIL/CM7/Core/Include" -I"C:/Users/nicks/STM32CubeIDE/workspace_1.19.0/AFR_PIL/CM7/Core/Include/dsp" -O0 -ffunction-sections -fdata-sections -Wall -fstack-usage -fcyclomatic-complexity -MMD -MP -MF"Drivers/STM32H7xx_HAL_Driver/stm32h7xx_hal_gpio.d" -MT"Drivers/STM32H7xx_HAL_Driver/stm32h7xx_hal_gpio.o" --specs=nano.specs -mfpu=fpv5-d16 -mfloat-abi=hard -mthumb -o "Drivers/STM32H7xx_HAL_Driver/stm32h7xx_hal_gpio.o"
arm-none-eabi-gcc "C:/Users/nicks/STM32CubeIDE/workspace_1.19.0/AFR_PIL/Drivers/STM32H7xx_HAL_Driver/Src/stm32h7xx_hal_hsem.c" -mcpu=cortex-m7 -std=gnu11 -g3 -DDEBUG -DCORE_CM7 -DUSE_HAL_DRIVER -DSTM32H755xx -DUSE_PWR_DIRECT_SMPS_SUPPLY -DUSE_NUCLEO_64 -DSTM32_THREAD_SAFE_STRATEGY=4 -c -I../Core/Inc -I../../Drivers/STM32H7xx_HAL_Driver/Inc -I../../Drivers/STM32H7xx_HAL_Driver/Inc/Legacy -I../../Drivers/BSP/STM32H7xx_Nucleo -I../../Drivers/CMSIS/Device/ST/STM32H7xx/Include -I../../Drivers/CMSIS/Include -I../../Middlewares/Third_Party/FreeRTOS/Source/include -I../../Middlewares/Third_Party/FreeRTOS/Source/CMSIS_RTOS_V2 -I../../Middlewares/Third_Party/FreeRTOS/Source/portable/GCC/ARM_CM4F -I"C:/Users/nicks/STM32CubeIDE/workspace_1.19.0/AFR_PIL/CM7/Core/Src/control_update_MPC" -I"C:/Users/nicks/STM32CubeIDE/workspace_1.19.0/AFR_PIL/CM7/Core/Src/control_update_MPC/qpoases" -I"C:/Users/nicks/STM32CubeIDE/workspace_1.19.0/AFR_PIL/CM7/Core/Src/control_update_MPC/qpoases/SRC" -I"C:/Users/nicks/STM32CubeIDE/workspace_1.19.0/AFR_PIL/CM7/Core/Src/control_update_MPC/qpoases/INCLUDE" -I../Core/ThreadSafe -I"C:/Users/nicks/STM32CubeIDE/workspace_1.19.0/AFR_PIL/CM7/Core/Include" -I"C:/Users/nicks/STM32CubeIDE/workspace_1.19.0/AFR_PIL/CM7/Core/Include/dsp" -O0 -ffunction-sections -fdata-sections -Wall -fstack-usage -fcyclomatic-complexity -MMD -MP -MF"Drivers/STM32H7xx_HAL_Driver/stm32h7xx_hal_hsem.d" -MT"Drivers/STM32H7xx_HAL_Driver/stm32h7xx_hal_hsem.o" --specs=nano.specs -mfpu=fpv5-d16 -mfloat-abi=hard -mthumb -o "Drivers/STM32H7xx_HAL_Driver/stm32h7xx_hal_hsem.o"
arm-none-eabi-gcc "C:/Users/nicks/STM32CubeIDE/workspace_1.19.0/AFR_PIL/Drivers/STM32H7xx_HAL_Driver/Src/stm32h7xx_hal_i2c.c" -mcpu=cortex-m7 -std=gnu11 -g3 -DDEBUG -DCORE_CM7 -DUSE_HAL_DRIVER -DSTM32H755xx -DUSE_PWR_DIRECT_SMPS_SUPPLY -DUSE_NUCLEO_64 -DSTM32_THREAD_SAFE_STRATEGY=4 -c -I../Core/Inc -I../../Drivers/STM32H7xx_HAL_Driver/Inc -I../../Drivers/STM32H7xx_HAL_Driver/Inc/Legacy -I../../Drivers/BSP/STM32H7xx_Nucleo -I../../Drivers/CMSIS/Device/ST/STM32H7xx/Include -I../../Drivers/CMSIS/Include -I../../Middlewares/Third_Party/FreeRTOS/Source/include -I../../Middlewares/Third_Party/FreeRTOS/Source/CMSIS_RTOS_V2 -I../../Middlewares/Third_Party/FreeRTOS/Source/portable/GCC/ARM_CM4F -I"C:/Users/nicks/STM32CubeIDE/workspace_1.19.0/AFR_PIL/CM7/Core/Src/control_update_MPC" -I"C:/Users/nicks/STM32CubeIDE/workspace_1.19.0/AFR_PIL/CM7/Core/Src/control_update_MPC/qpoases" -I"C:/Users/nicks/STM32CubeIDE/workspace_1.19.0/AFR_PIL/CM7/Core/Src/control_update_MPC/qpoases/SRC" -I"C:/Users/nicks/STM32CubeIDE/workspace_1.19.0/AFR_PIL/CM7/Core/Src/control_update_MPC/qpoases/INCLUDE" -I../Core/ThreadSafe -I"C:/Users/nicks/STM32CubeIDE/workspace_1.19.0/AFR_PIL/CM7/Core/Include" -I"C:/Users/nicks/STM32CubeIDE/workspace_1.19.0/AFR_PIL/CM7/Core/Include/dsp" -O0 -ffunction-sections -fdata-sections -Wall -fstack-usage -fcyclomatic-complexity -MMD -MP -MF"Drivers/STM32H7xx_HAL_Driver/stm32h7xx_hal_i2c.d" -MT"Drivers/STM32H7xx_HAL_Driver/stm32h7xx_hal_i2c.o" --specs=nano.specs -mfpu=fpv5-d16 -mfloat-abi=hard -mthumb -o "Drivers/STM32H7xx_HAL_Driver/stm32h7xx_hal_i2c.o"
arm-none-eabi-gcc "C:/Users/nicks/STM32CubeIDE/workspace_1.19.0/AFR_PIL/Drivers/STM32H7xx_HAL_Driver/Src/stm32h7xx_hal_i2c_ex.c" -mcpu=cortex-m7 -std=gnu11 -g3 -DDEBUG -DCORE_CM7 -DUSE_HAL_DRIVER -DSTM32H755xx -DUSE_PWR_DIRECT_SMPS_SUPPLY -DUSE_NUCLEO_64 -DSTM32_THREAD_SAFE_STRATEGY=4 -c -I../Core/Inc -I../../Drivers/STM32H7xx_HAL_Driver/Inc -I../../Drivers/STM32H7xx_HAL_Driver/Inc/Legacy -I../../Drivers/BSP/STM32H7xx_Nucleo -I../../Drivers/CMSIS/Device/ST/STM32H7xx/Include -I../../Drivers/CMSIS/Include -I../../Middlewares/Third_Party/FreeRTOS/Source/include -I../../Middlewares/Third_Party/FreeRTOS/Source/CMSIS_RTOS_V2 -I../../Middlewares/Third_Party/FreeRTOS/Source/portable/GCC/ARM_CM4F -I"C:/Users/nicks/STM32CubeIDE/workspace_1.19.0/AFR_PIL/CM7/Core/Src/control_update_MPC" -I"C:/Users/nicks/STM32CubeIDE/workspace_1.19.0/AFR_PIL/CM7/Core/Src/control_update_MPC/qpoases" -I"C:/Users/nicks/STM32CubeIDE/workspace_1.19.0/AFR_PIL/CM7/Core/Src/control_update_MPC/qpoases/SRC" -I"C:/Users/nicks/STM32CubeIDE/workspace_1.19.0/AFR_PIL/CM7/Core/Src/control_update_MPC/qpoases/INCLUDE" -I../Core/ThreadSafe -I"C:/Users/nicks/STM32CubeIDE/workspace_1.19.0/AFR_PIL/CM7/Core/Include" -I"C:/Users/nicks/STM32CubeIDE/workspace_1.19.0/AFR_PIL/CM7/Core/Include/dsp" -O0 -ffunction-sections -fdata-sections -Wall -fstack-usage -fcyclomatic-complexity -MMD -MP -MF"Drivers/STM32H7xx_HAL_Driver/stm32h7xx_hal_i2c_ex.d" -MT"Drivers/STM32H7xx_HAL_Driver/stm32h7xx_hal_i2c_ex.o" --specs=nano.specs -mfpu=fpv5-d16 -mfloat-abi=hard -mthumb -o "Drivers/STM32H7xx_HAL_Driver/stm32h7xx_hal_i2c_ex.o"
arm-none-eabi-gcc "C:/Users/nicks/STM32CubeIDE/workspace_1.19.0/AFR_PIL/Drivers/STM32H7xx_HAL_Driver/Src/stm32h7xx_hal_mdma.c" -mcpu=cortex-m7 -std=gnu11 -g3 -DDEBUG -DCORE_CM7 -DUSE_HAL_DRIVER -DSTM32H755xx -DUSE_PWR_DIRECT_SMPS_SUPPLY -DUSE_NUCLEO_64 -DSTM32_THREAD_SAFE_STRATEGY=4 -c -I../Core/Inc -I../../Drivers/STM32H7xx_HAL_Driver/Inc -I../../Drivers/STM32H7xx_HAL_Driver/Inc/Legacy -I../../Drivers/BSP/STM32H7xx_Nucleo -I../../Drivers/CMSIS/Device/ST/STM32H7xx/Include -I../../Drivers/CMSIS/Include -I../../Middlewares/Third_Party/FreeRTOS/Source/include -I../../Middlewares/Third_Party/FreeRTOS/Source/CMSIS_RTOS_V2 -I../../Middlewares/Third_Party/FreeRTOS/Source/portable/GCC/ARM_CM4F -I"C:/Users/nicks/STM32CubeIDE/workspace_1.19.0/AFR_PIL/CM7/Core/Src/control_update_MPC" -I"C:/Users/nicks/STM32CubeIDE/workspace_1.19.0/AFR_PIL/CM7/Core/Src/control_update_MPC/qpoases" -I"C:/Users/nicks/STM32CubeIDE/workspace_1.19.0/AFR_PIL/CM7/Core/Src/control_update_MPC/qpoases/SRC" -I"C:/Users/nicks/STM32CubeIDE/workspace_1.19.0/AFR_PIL/CM7/Core/Src/control_update_MPC/qpoases/INCLUDE" -I../Core/ThreadSafe -I"C:/Users/nicks/STM32CubeIDE/workspace_1.19.0/AFR_PIL/CM7/Core/Include" -I"C:/Users/nicks/STM32CubeIDE/workspace_1.19.0/AFR_PIL/CM7/Core/Include/dsp" -O0 -ffunction-sections -fdata-sections -Wall -fstack-usage -fcyclomatic-complexity -MMD -MP -MF"Drivers/STM32H7xx_HAL_Driver/stm32h7xx_hal_mdma.d" -MT"Drivers/STM32H7xx_HAL_Driver/stm32h7xx_hal_mdma.o" --specs=nano.specs -mfpu=fpv5-d16 -mfloat-abi=hard -mthumb -o "Drivers/STM32H7xx_HAL_Driver/stm32h7xx_hal_mdma.o"
arm-none-eabi-gcc "C:/Users/nicks/STM32CubeIDE/workspace_1.19.0/AFR_PIL/Drivers/STM32H7xx_HAL_Driver/Src/stm32h7xx_hal_pwr.c" -mcpu=cortex-m7 -std=gnu11 -g3 -DDEBUG -DCORE_CM7 -DUSE_HAL_DRIVER -DSTM32H755xx -DUSE_PWR_DIRECT_SMPS_SUPPLY -DUSE_NUCLEO_64 -DSTM32_THREAD_SAFE_STRATEGY=4 -c -I../Core/Inc -I../../Drivers/STM32H7xx_HAL_Driver/Inc -I../../Drivers/STM32H7xx_HAL_Driver/Inc/Legacy -I../../Drivers/BSP/STM32H7xx_Nucleo -I../../Drivers/CMSIS/Device/ST/STM32H7xx/Include -I../../Drivers/CMSIS/Include -I../../Middlewares/Third_Party/FreeRTOS/Source/include -I../../Middlewares/Third_Party/FreeRTOS/Source/CMSIS_RTOS_V2 -I../../Middlewares/Third_Party/FreeRTOS/Source/portable/GCC/ARM_CM4F -I"C:/Users/nicks/STM32CubeIDE/workspace_1.19.0/AFR_PIL/CM7/Core/Src/control_update_MPC" -I"C:/Users/nicks/STM32CubeIDE/workspace_1.19.0/AFR_PIL/CM7/Core/Src/control_update_MPC/qpoases" -I"C:/Users/nicks/STM32CubeIDE/workspace_1.19.0/AFR_PIL/CM7/Core/Src/control_update_MPC/qpoases/SRC" -I"C:/Users/nicks/STM32CubeIDE/workspace_1.19.0/AFR_PIL/CM7/Core/Src/control_update_MPC/qpoases/INCLUDE" -I../Core/ThreadSafe -I"C:/Users/nicks/STM32CubeIDE/workspace_1.19.0/AFR_PIL/CM7/Core/Include" -I"C:/Users/nicks/STM32CubeIDE/workspace_1.19.0/AFR_PIL/CM7/Core/Include/dsp" -O0 -ffunction-sections -fdata-sections -Wall -fstack-usage -fcyclomatic-complexity -MMD -MP -MF"Drivers/STM32H7xx_HAL_Driver/stm32h7xx_hal_pwr.d" -MT"Drivers/STM32H7xx_HAL_Driver/stm32h7xx_hal_pwr.o" --specs=nano.specs -mfpu=fpv5-d16 -mfloat-abi=hard -mthumb -o "Drivers/STM32H7xx_HAL_Driver/stm32h7xx_hal_pwr.o"
arm-none-eabi-gcc "C:/Users/nicks/STM32CubeIDE/workspace_1.19.0/AFR_PIL/Drivers/STM32H7xx_HAL_Driver/Src/stm32h7xx_hal_pwr_ex.c" -mcpu=cortex-m7 -std=gnu11 -g3 -DDEBUG -DCORE_CM7 -DUSE_HAL_DRIVER -DSTM32H755xx -DUSE_PWR_DIRECT_SMPS_SUPPLY -DUSE_NUCLEO_64 -DSTM32_THREAD_SAFE_STRATEGY=4 -c -I../Core/Inc -I../../Drivers/STM32H7xx_HAL_Driver/Inc -I../../Drivers/STM32H7xx_HAL_Driver/Inc/Legacy -I../../Drivers/BSP/STM32H7xx_Nucleo -I../../Drivers/CMSIS/Device/ST/STM32H7xx/Include -I../../Drivers/CMSIS/Include -I../../Middlewares/Third_Party/FreeRTOS/Source/include -I../../Middlewares/Third_Party/FreeRTOS/Source/CMSIS_RTOS_V2 -I../../Middlewares/Third_Party/FreeRTOS/Source/portable/GCC/ARM_CM4F -I"C:/Users/nicks/STM32CubeIDE/workspace_1.19.0/AFR_PIL/CM7/Core/Src/control_update_MPC" -I"C:/Users/nicks/STM32CubeIDE/workspace_1.19.0/AFR_PIL/CM7/Core/Src/control_update_MPC/qpoases" -I"C:/Users/nicks/STM32CubeIDE/workspace_1.19.0/AFR_PIL/CM7/Core/Src/control_update_MPC/qpoases/SRC" -I"C:/Users/nicks/STM32CubeIDE/workspace_1.19.0/AFR_PIL/CM7/Core/Src/control_update_MPC/qpoases/INCLUDE" -I../Core/ThreadSafe -I"C:/Users/nicks/STM32CubeIDE/workspace_1.19.0/AFR_PIL/CM7/Core/Include" -I"C:/Users/nicks/STM32CubeIDE/workspace_1.19.0/AFR_PIL/CM7/Core/Include/dsp" -O0 -ffunction-sections -fdata-sections -Wall -fstack-usage -fcyclomatic-complexity -MMD -MP -MF"Drivers/STM32H7xx_HAL_Driver/stm32h7xx_hal_pwr_ex.d" -MT"Drivers/STM32H7xx_HAL_Driver/stm32h7xx_hal_pwr_ex.o" --specs=nano.specs -mfpu=fpv5-d16 -mfloat-abi=hard -mthumb -o "Drivers/STM32H7xx_HAL_Driver/stm32h7xx_hal_pwr_ex.o"
arm-none-eabi-gcc "C:/Users/nicks/STM32CubeIDE/workspace_1.19.0/AFR_PIL/Drivers/STM32H7xx_HAL_Driver/Src/stm32h7xx_hal_rcc.c" -mcpu=cortex-m7 -std=gnu11 -g3 -DDEBUG -DCORE_CM7 -DUSE_HAL_DRIVER -DSTM32H755xx -DUSE_PWR_DIRECT_SMPS_SUPPLY -DUSE_NUCLEO_64 -DSTM32_THREAD_SAFE_STRATEGY=4 -c -I../Core/Inc -I../../Drivers/STM32H7xx_HAL_Driver/Inc -I../../Drivers/STM32H7xx_HAL_Driver/Inc/Legacy -I../../Drivers/BSP/STM32H7xx_Nucleo -I../../Drivers/CMSIS/Device/ST/STM32H7xx/Include -I../../Drivers/CMSIS/Include -I../../Middlewares/Third_Party/FreeRTOS/Source/include -I../../Middlewares/Third_Party/FreeRTOS/Source/CMSIS_RTOS_V2 -I../../Middlewares/Third_Party/FreeRTOS/Source/portable/GCC/ARM_CM4F -I"C:/Users/nicks/STM32CubeIDE/workspace_1.19.0/AFR_PIL/CM7/Core/Src/control_update_MPC" -I"C:/Users/nicks/STM32CubeIDE/workspace_1.19.0/AFR_PIL/CM7/Core/Src/control_update_MPC/qpoases" -I"C:/Users/nicks/STM32CubeIDE/workspace_1.19.0/AFR_PIL/CM7/Core/Src/control_update_MPC/qpoases/SRC" -I"C:/Users/nicks/STM32CubeIDE/workspace_1.19.0/AFR_PIL/CM7/Core/Src/control_update_MPC/qpoases/INCLUDE" -I../Core/ThreadSafe -I"C:/Users/nicks/STM32CubeIDE/workspace_1.19.0/AFR_PIL/CM7/Core/Include" -I"C:/Users/nicks/STM32CubeIDE/workspace_1.19.0/AFR_PIL/CM7/Core/Include/dsp" -O0 -ffunction-sections -fdata-sections -Wall -fstack-usage -fcyclomatic-complexity -MMD -MP -MF"Drivers/STM32H7xx_HAL_Driver/stm32h7xx_hal_rcc.d" -MT"Drivers/STM32H7xx_HAL_Driver/stm32h7xx_hal_rcc.o" --specs=nano.specs -mfpu=fpv5-d16 -mfloat-abi=hard -mthumb -o "Drivers/STM32H7xx_HAL_Driver/stm32h7xx_hal_rcc.o"
arm-none-eabi-gcc "C:/Users/nicks/STM32CubeIDE/workspace_1.19.0/AFR_PIL/Drivers/STM32H7xx_HAL_Driver/Src/stm32h7xx_hal_rcc_ex.c" -mcpu=cortex-m7 -std=gnu11 -g3 -DDEBUG -DCORE_CM7 -DUSE_HAL_DRIVER -DSTM32H755xx -DUSE_PWR_DIRECT_SMPS_SUPPLY -DUSE_NUCLEO_64 -DSTM32_THREAD_SAFE_STRATEGY=4 -c -I../Core/Inc -I../../Drivers/STM32H7xx_HAL_Driver/Inc -I../../Drivers/STM32H7xx_HAL_Driver/Inc/Legacy -I../../Drivers/BSP/STM32H7xx_Nucleo -I../../Drivers/CMSIS/Device/ST/STM32H7xx/Include -I../../Drivers/CMSIS/Include -I../../Middlewares/Third_Party/FreeRTOS/Source/include -I../../Middlewares/Third_Party/FreeRTOS/Source/CMSIS_RTOS_V2 -I../../Middlewares/Third_Party/FreeRTOS/Source/portable/GCC/ARM_CM4F -I"C:/Users/nicks/STM32CubeIDE/workspace_1.19.0/AFR_PIL/CM7/Core/Src/control_update_MPC" -I"C:/Users/nicks/STM32CubeIDE/workspace_1.19.0/AFR_PIL/CM7/Core/Src/control_update_MPC/qpoases" -I"C:/Users/nicks/STM32CubeIDE/workspace_1.19.0/AFR_PIL/CM7/Core/Src/control_update_MPC/qpoases/SRC" -I"C:/Users/nicks/STM32CubeIDE/workspace_1.19.0/AFR_PIL/CM7/Core/Src/control_update_MPC/qpoases/INCLUDE" -I../Core/ThreadSafe -I"C:/Users/nicks/STM32CubeIDE/workspace_1.19.0/AFR_PIL/CM7/Core/Include" -I"C:/Users/nicks/STM32CubeIDE/workspace_1.19.0/AFR_PIL/CM7/Core/Include/dsp" -O0 -ffunction-sections -fdata-sections -Wall -fstack-usage -fcyclomatic-complexity -MMD -MP -MF"Drivers/STM32H7xx_HAL_Driver/stm32h7xx_hal_rcc_ex.d" -MT"Drivers/STM32H7xx_HAL_Driver/stm32h7xx_hal_rcc_ex.o" --specs=nano.specs -mfpu=fpv5-d16 -mfloat-abi=hard -mthumb -o "Drivers/STM32H7xx_HAL_Driver/stm32h7xx_hal_rcc_ex.o"
arm-none-eabi-gcc "C:/Users/nicks/STM32CubeIDE/workspace_1.19.0/AFR_PIL/Drivers/STM32H7xx_HAL_Driver/Src/stm32h7xx_hal_tim.c" -mcpu=cortex-m7 -std=gnu11 -g3 -DDEBUG -DCORE_CM7 -DUSE_HAL_DRIVER -DSTM32H755xx -DUSE_PWR_DIRECT_SMPS_SUPPLY -DUSE_NUCLEO_64 -DSTM32_THREAD_SAFE_STRATEGY=4 -c -I../Core/Inc -I../../Drivers/STM32H7xx_HAL_Driver/Inc -I../../Drivers/STM32H7xx_HAL_Driver/Inc/Legacy -I../../Drivers/BSP/STM32H7xx_Nucleo -I../../Drivers/CMSIS/Device/ST/STM32H7xx/Include -I../../Drivers/CMSIS/Include -I../../Middlewares/Third_Party/FreeRTOS/Source/include -I../../Middlewares/Third_Party/FreeRTOS/Source/CMSIS_RTOS_V2 -I../../Middlewares/Third_Party/FreeRTOS/Source/portable/GCC/ARM_CM4F -I"C:/Users/nicks/STM32CubeIDE/workspace_1.19.0/AFR_PIL/CM7/Core/Src/control_update_MPC" -I"C:/Users/nicks/STM32CubeIDE/workspace_1.19.0/AFR_PIL/CM7/Core/Src/control_update_MPC/qpoases" -I"C:/Users/nicks/STM32CubeIDE/workspace_1.19.0/AFR_PIL/CM7/Core/Src/control_update_MPC/qpoases/SRC" -I"C:/Users/nicks/STM32CubeIDE/workspace_1.19.0/AFR_PIL/CM7/Core/Src/control_update_MPC/qpoases/INCLUDE" -I../Core/ThreadSafe -I"C:/Users/nicks/STM32CubeIDE/workspace_1.19.0/AFR_PIL/CM7/Core/Include" -I"C:/Users/nicks/STM32CubeIDE/workspace_1.19.0/AFR_PIL/CM7/Core/Include/dsp" -O0 -ffunction-sections -fdata-sections -Wall -fstack-usage -fcyclomatic-complexity -MMD -MP -MF"Drivers/STM32H7xx_HAL_Driver/stm32h7xx_hal_tim.d" -MT"Drivers/STM32H7xx_HAL_Driver/stm32h7xx_hal_tim.o" --specs=nano.specs -mfpu=fpv5-d16 -mfloat-abi=hard -mthumb -o "Drivers/STM32H7xx_HAL_Driver/stm32h7xx_hal_tim.o"
arm-none-eabi-gcc "C:/Users/nicks/STM32CubeIDE/workspace_1.19.0/AFR_PIL/Drivers/STM32H7xx_HAL_Driver/Src/stm32h7xx_hal_tim_ex.c" -mcpu=cortex-m7 -std=gnu11 -g3 -DDEBUG -DCORE_CM7 -DUSE_HAL_DRIVER -DSTM32H755xx -DUSE_PWR_DIRECT_SMPS_SUPPLY -DUSE_NUCLEO_64 -DSTM32_THREAD_SAFE_STRATEGY=4 -c -I../Core/Inc -I../../Drivers/STM32H7xx_HAL_Driver/Inc -I../../Drivers/STM32H7xx_HAL_Driver/Inc/Legacy -I../../Drivers/BSP/STM32H7xx_Nucleo -I../../Drivers/CMSIS/Device/ST/STM32H7xx/Include -I../../Drivers/CMSIS/Include -I../../Middlewares/Third_Party/FreeRTOS/Source/include -I../../Middlewares/Third_Party/FreeRTOS/Source/CMSIS_RTOS_V2 -I../../Middlewares/Third_Party/FreeRTOS/Source/portable/GCC/ARM_CM4F -I"C:/Users/nicks/STM32CubeIDE/workspace_1.19.0/AFR_PIL/CM7/Core/Src/control_update_MPC" -I"C:/Users/nicks/STM32CubeIDE/workspace_1.19.0/AFR_PIL/CM7/Core/Src/control_update_MPC/qpoases" -I"C:/Users/nicks/STM32CubeIDE/workspace_1.19.0/AFR_PIL/CM7/Core/Src/control_update_MPC/qpoases/SRC" -I"C:/Users/nicks/STM32CubeIDE/workspace_1.19.0/AFR_PIL/CM7/Core/Src/control_update_MPC/qpoases/INCLUDE" -I../Core/ThreadSafe -I"C:/Users/nicks/STM32CubeIDE/workspace_1.19.0/AFR_PIL/CM7/Core/Include" -I"C:/Users/nicks/STM32CubeIDE/workspace_1.19.0/AFR_PIL/CM7/Core/Include/dsp" -O0 -ffunction-sections -fdata-sections -Wall -fstack-usage -fcyclomatic-complexity -MMD -MP -MF"Drivers/STM32H7xx_HAL_Driver/stm32h7xx_hal_tim_ex.d" -MT"Drivers/STM32H7xx_HAL_Driver/stm32h7xx_hal_tim_ex.o" --specs=nano.specs -mfpu=fpv5-d16 -mfloat-abi=hard -mthumb -o "Drivers/STM32H7xx_HAL_Driver/stm32h7xx_hal_tim_ex.o"
arm-none-eabi-gcc "C:/Users/nicks/STM32CubeIDE/workspace_1.19.0/AFR_PIL/Drivers/STM32H7xx_HAL_Driver/Src/stm32h7xx_hal_uart.c" -mcpu=cortex-m7 -std=gnu11 -g3 -DDEBUG -DCORE_CM7 -DUSE_HAL_DRIVER -DSTM32H755xx -DUSE_PWR_DIRECT_SMPS_SUPPLY -DUSE_NUCLEO_64 -DSTM32_THREAD_SAFE_STRATEGY=4 -c -I../Core/Inc -I../../Drivers/STM32H7xx_HAL_Driver/Inc -I../../Drivers/STM32H7xx_HAL_Driver/Inc/Legacy -I../../Drivers/BSP/STM32H7xx_Nucleo -I../../Drivers/CMSIS/Device/ST/STM32H7xx/Include -I../../Drivers/CMSIS/Include -I../../Middlewares/Third_Party/FreeRTOS/Source/include -I../../Middlewares/Third_Party/FreeRTOS/Source/CMSIS_RTOS_V2 -I../../Middlewares/Third_Party/FreeRTOS/Source/portable/GCC/ARM_CM4F -I"C:/Users/nicks/STM32CubeIDE/workspace_1.19.0/AFR_PIL/CM7/Core/Src/control_update_MPC" -I"C:/Users/nicks/STM32CubeIDE/workspace_1.19.0/AFR_PIL/CM7/Core/Src/control_update_MPC/qpoases" -I"C:/Users/nicks/STM32CubeIDE/workspace_1.19.0/AFR_PIL/CM7/Core/Src/control_update_MPC/qpoases/SRC" -I"C:/Users/nicks/STM32CubeIDE/workspace_1.19.0/AFR_PIL/CM7/Core/Src/control_update_MPC/qpoases/INCLUDE" -I../Core/ThreadSafe -I"C:/Users/nicks/STM32CubeIDE/workspace_1.19.0/AFR_PIL/CM7/Core/Include" -I"C:/Users/nicks/STM32CubeIDE/workspace_1.19.0/AFR_PIL/CM7/Core/Include/dsp" -O0 -ffunction-sections -fdata-sections -Wall -fstack-usage -fcyclomatic-complexity -MMD -MP -MF"Drivers/STM32H7xx_HAL_Driver/stm32h7xx_hal_uart.d" -MT"Drivers/STM32H7xx_HAL_Driver/stm32h7xx_hal_uart.o" --specs=nano.specs -mfpu=fpv5-d16 -mfloat-abi=hard -mthumb -o "Drivers/STM32H7xx_HAL_Driver/stm32h7xx_hal_uart.o"
arm-none-eabi-gcc "C:/Users/nicks/STM32CubeIDE/workspace_1.19.0/AFR_PIL/Drivers/STM32H7xx_HAL_Driver/Src/stm32h7xx_hal_uart_ex.c" -mcpu=cortex-m7 -std=gnu11 -g3 -DDEBUG -DCORE_CM7 -DUSE_HAL_DRIVER -DSTM32H755xx -DUSE_PWR_DIRECT_SMPS_SUPPLY -DUSE_NUCLEO_64 -DSTM32_THREAD_SAFE_STRATEGY=4 -c -I../Core/Inc -I../../Drivers/STM32H7xx_HAL_Driver/Inc -I../../Drivers/STM32H7xx_HAL_Driver/Inc/Legacy -I../../Drivers/BSP/STM32H7xx_Nucleo -I../../Drivers/CMSIS/Device/ST/STM32H7xx/Include -I../../Drivers/CMSIS/Include -I../../Middlewares/Third_Party/FreeRTOS/Source/include -I../../Middlewares/Third_Party/FreeRTOS/Source/CMSIS_RTOS_V2 -I../../Middlewares/Third_Party/FreeRTOS/Source/portable/GCC/ARM_CM4F -I"C:/Users/nicks/STM32CubeIDE/workspace_1.19.0/AFR_PIL/CM7/Core/Src/control_update_MPC" -I"C:/Users/nicks/STM32CubeIDE/workspace_1.19.0/AFR_PIL/CM7/Core/Src/control_update_MPC/qpoases" -I"C:/Users/nicks/STM32CubeIDE/workspace_1.19.0/AFR_PIL/CM7/Core/Src/control_update_MPC/qpoases/SRC" -I"C:/Users/nicks/STM32CubeIDE/workspace_1.19.0/AFR_PIL/CM7/Core/Src/control_update_MPC/qpoases/INCLUDE" -I../Core/ThreadSafe -I"C:/Users/nicks/STM32CubeIDE/workspace_1.19.0/AFR_PIL/CM7/Core/Include" -I"C:/Users/nicks/STM32CubeIDE/workspace_1.19.0/AFR_PIL/CM7/Core/Include/dsp" -O0 -ffunction-sections -fdata-sections -Wall -fstack-usage -fcyclomatic-complexity -MMD -MP -MF"Drivers/STM32H7xx_HAL_Driver/stm32h7xx_hal_uart_ex.d" -MT"Drivers/STM32H7xx_HAL_Driver/stm32h7xx_hal_uart_ex.o" --specs=nano.specs -mfpu=fpv5-d16 -mfloat-abi=hard -mthumb -o "Drivers/STM32H7xx_HAL_Driver/stm32h7xx_hal_uart_ex.o"
arm-none-eabi-gcc "C:/Users/nicks/STM32CubeIDE/workspace_1.19.0/AFR_PIL/Drivers/STM32H7xx_HAL_Driver/Src/stm32h7xx_hal_usart.c" -mcpu=cortex-m7 -std=gnu11 -g3 -DDEBUG -DCORE_CM7 -DUSE_HAL_DRIVER -DSTM32H755xx -DUSE_PWR_DIRECT_SMPS_SUPPLY -DUSE_NUCLEO_64 -DSTM32_THREAD_SAFE_STRATEGY=4 -c -I../Core/Inc -I../../Drivers/STM32H7xx_HAL_Driver/Inc -I../../Drivers/STM32H7xx_HAL_Driver/Inc/Legacy -I../../Drivers/BSP/STM32H7xx_Nucleo -I../../Drivers/CMSIS/Device/ST/STM32H7xx/Include -I../../Drivers/CMSIS/Include -I../../Middlewares/Third_Party/FreeRTOS/Source/include -I../../Middlewares/Third_Party/FreeRTOS/Source/CMSIS_RTOS_V2 -I../../Middlewares/Third_Party/FreeRTOS/Source/portable/GCC/ARM_CM4F -I"C:/Users/nicks/STM32CubeIDE/workspace_1.19.0/AFR_PIL/CM7/Core/Src/control_update_MPC" -I"C:/Users/nicks/STM32CubeIDE/workspace_1.19.0/AFR_PIL/CM7/Core/Src/control_update_MPC/qpoases" -I"C:/Users/nicks/STM32CubeIDE/workspace_1.19.0/AFR_PIL/CM7/Core/Src/control_update_MPC/qpoases/SRC" -I"C:/Users/nicks/STM32CubeIDE/workspace_1.19.0/AFR_PIL/CM7/Core/Src/control_update_MPC/qpoases/INCLUDE" -I../Core/ThreadSafe -I"C:/Users/nicks/STM32CubeIDE/workspace_1.19.0/AFR_PIL/CM7/Core/Include" -I"C:/Users/nicks/STM32CubeIDE/workspace_1.19.0/AFR_PIL/CM7/Core/Include/dsp" -O0 -ffunction-sections -fdata-sections -Wall -fstack-usage -fcyclomatic-complexity -MMD -MP -MF"Drivers/STM32H7xx_HAL_Driver/stm32h7xx_hal_usart.d" -MT"Drivers/STM32H7xx_HAL_Driver/stm32h7xx_hal_usart.o" --specs=nano.specs -mfpu=fpv5-d16 -mfloat-abi=hard -mthumb -o "Drivers/STM32H7xx_HAL_Driver/stm32h7xx_hal_usart.o"
arm-none-eabi-gcc "C:/Users/nicks/STM32CubeIDE/workspace_1.19.0/AFR_PIL/Drivers/STM32H7xx_HAL_Driver/Src/stm32h7xx_hal_usart_ex.c" -mcpu=cortex-m7 -std=gnu11 -g3 -DDEBUG -DCORE_CM7 -DUSE_HAL_DRIVER -DSTM32H755xx -DUSE_PWR_DIRECT_SMPS_SUPPLY -DUSE_NUCLEO_64 -DSTM32_THREAD_SAFE_STRATEGY=4 -c -I../Core/Inc -I../../Drivers/STM32H7xx_HAL_Driver/Inc -I../../Drivers/STM32H7xx_HAL_Driver/Inc/Legacy -I../../Drivers/BSP/STM32H7xx_Nucleo -I../../Drivers/CMSIS/Device/ST/STM32H7xx/Include -I../../Drivers/CMSIS/Include -I../../Middlewares/Third_Party/FreeRTOS/Source/include -I../../Middlewares/Third_Party/FreeRTOS/Source/CMSIS_RTOS_V2 -I../../Middlewares/Third_Party/FreeRTOS/Source/portable/GCC/ARM_CM4F -I"C:/Users/nicks/STM32CubeIDE/workspace_1.19.0/AFR_PIL/CM7/Core/Src/control_update_MPC" -I"C:/Users/nicks/STM32CubeIDE/workspace_1.19.0/AFR_PIL/CM7/Core/Src/control_update_MPC/qpoases" -I"C:/Users/nicks/STM32CubeIDE/workspace_1.19.0/AFR_PIL/CM7/Core/Src/control_update_MPC/qpoases/SRC" -I"C:/Users/nicks/STM32CubeIDE/workspace_1.19.0/AFR_PIL/CM7/Core/Src/control_update_MPC/qpoases/INCLUDE" -I../Core/ThreadSafe -I"C:/Users/nicks/STM32CubeIDE/workspace_1.19.0/AFR_PIL/CM7/Core/Include" -I"C:/Users/nicks/STM32CubeIDE/workspace_1.19.0/AFR_PIL/CM7/Core/Include/dsp" -O0 -ffunction-sections -fdata-sections -Wall -fstack-usage -fcyclomatic-complexity -MMD -MP -MF"Drivers/STM32H7xx_HAL_Driver/stm32h7xx_hal_usart_ex.d" -MT"Drivers/STM32H7xx_HAL_Driver/stm32h7xx_hal_usart_ex.o" --specs=nano.specs -mfpu=fpv5-d16 -mfloat-abi=hard -mthumb -o "Drivers/STM32H7xx_HAL_Driver/stm32h7xx_hal_usart_ex.o"
arm-none-eabi-gcc "C:/Users/nicks/STM32CubeIDE/workspace_1.19.0/AFR_PIL/Drivers/BSP/STM32H7xx_Nucleo/stm32h7xx_nucleo.c" -mcpu=cortex-m7 -std=gnu11 -g3 -DDEBUG -DCORE_CM7 -DUSE_HAL_DRIVER -DSTM32H755xx -DUSE_PWR_DIRECT_SMPS_SUPPLY -DUSE_NUCLEO_64 -DSTM32_THREAD_SAFE_STRATEGY=4 -c -I../Core/Inc -I../../Drivers/STM32H7xx_HAL_Driver/Inc -I../../Drivers/STM32H7xx_HAL_Driver/Inc/Legacy -I../../Drivers/BSP/STM32H7xx_Nucleo -I../../Drivers/CMSIS/Device/ST/STM32H7xx/Include -I../../Drivers/CMSIS/Include -I../../Middlewares/Third_Party/FreeRTOS/Source/include -I../../Middlewares/Third_Party/FreeRTOS/Source/CMSIS_RTOS_V2 -I../../Middlewares/Third_Party/FreeRTOS/Source/portable/GCC/ARM_CM4F -I"C:/Users/nicks/STM32CubeIDE/workspace_1.19.0/AFR_PIL/CM7/Core/Src/control_update_MPC" -I"C:/Users/nicks/STM32CubeIDE/workspace_1.19.0/AFR_PIL/CM7/Core/Src/control_update_MPC/qpoases" -I"C:/Users/nicks/STM32CubeIDE/workspace_1.19.0/AFR_PIL/CM7/Core/Src/control_update_MPC/qpoases/SRC" -I"C:/Users/nicks/STM32CubeIDE/workspace_1.19.0/AFR_PIL/CM7/Core/Src/control_update_MPC/qpoases/INCLUDE" -I../Core/ThreadSafe -I"C:/Users/nicks/STM32CubeIDE/workspace_1.19.0/AFR_PIL/CM7/Core/Include" -I"C:/Users/nicks/STM32CubeIDE/workspace_1.19.0/AFR_PIL/CM7/Core/Include/dsp" -O0 -ffunction-sections -fdata-sections -Wall -fstack-usage -fcyclomatic-complexity -MMD -MP -MF"Drivers/BSP/STM32H7xx_Nucleo/stm32h7xx_nucleo.d" -MT"Drivers/BSP/STM32H7xx_Nucleo/stm32h7xx_nucleo.o" --specs=nano.specs -mfpu=fpv5-d16 -mfloat-abi=hard -mthumb -o "Drivers/BSP/STM32H7xx_Nucleo/stm32h7xx_nucleo.o"
arm-none-eabi-gcc "C:/Users/nicks/STM32CubeIDE/workspace_1.19.0/AFR_PIL/ThreadSafe/newlib_lock_glue.c" -mcpu=cortex-m7 -std=gnu11 -g3 -DDEBUG -DCORE_CM7 -DUSE_HAL_DRIVER -DSTM32H755xx -DUSE_PWR_DIRECT_SMPS_SUPPLY -DUSE_NUCLEO_64 -DSTM32_THREAD_SAFE_STRATEGY=4 -c -I../Core/Inc -I../../Drivers/STM32H7xx_HAL_Driver/Inc -I../../Drivers/STM32H7xx_HAL_Driver/Inc/Legacy -I../../Drivers/BSP/STM32H7xx_Nucleo -I../../Drivers/CMSIS/Device/ST/STM32H7xx/Include -I../../Drivers/CMSIS/Include -I../../Middlewares/Third_Party/FreeRTOS/Source/include -I../../Middlewares/Third_Party/FreeRTOS/Source/CMSIS_RTOS_V2 -I../../Middlewares/Third_Party/FreeRTOS/Source/portable/GCC/ARM_CM4F -I"C:/Users/nicks/STM32CubeIDE/workspace_1.19.0/AFR_PIL/CM7/Core/Src/control_update_MPC" -I"C:/Users/nicks/STM32CubeIDE/workspace_1.19.0/AFR_PIL/CM7/Core/Src/control_update_MPC/qpoases" -I"C:/Users/nicks/STM32CubeIDE/workspace_1.19.0/AFR_PIL/CM7/Core/Src/control_update_MPC/qpoases/SRC" -I"C:/Users/nicks/STM32CubeIDE/workspace_1.19.0/AFR_PIL/CM7/Core/Src/control_update_MPC/qpoases/INCLUDE" -I../Core/ThreadSafe -I"C:/Users/nicks/STM32CubeIDE/workspace_1.19.0/AFR_PIL/CM7/Core/Include" -I"C:/Users/nicks/STM32CubeIDE/workspace_1.19.0/AFR_PIL/CM7/Core/Include/dsp" -O0 -ffunction-sections -fdata-sections -Wall -fstack-usage -fcyclomatic-complexity -MMD -MP -MF"Core/ThreadSafe/newlib_lock_glue.d" -MT"Core/ThreadSafe/newlib_lock_glue.o" --specs=nano.specs -mfpu=fpv5-d16 -mfloat-abi=hard -mthumb -o "Core/ThreadSafe/newlib_lock_glue.o"
arm-none-eabi-gcc -mcpu=cortex-m7 -g3 -DDEBUG -c -I../Core/Inc -I../../Drivers/STM32H7xx_HAL_Driver/Inc -I../../Drivers/STM32H7xx_HAL_Driver/Inc/Legacy -I../../Middlewares/Third_Party/FreeRTOS/Source/include -I../../Middlewares/Third_Party/FreeRTOS/Source/CMSIS_RTOS_V2 -I../../Middlewares/Third_Party/FreeRTOS/Source/portable/GCC/ARM_CM4F -I../../Drivers/BSP/STM32H7xx_Nucleo -I../../Drivers/CMSIS/Device/ST/STM32H7xx/Include -I../../Drivers/CMSIS/Include -I"C:/Users/nicks/STM32CubeIDE/workspace_1.19.0/AFR_PIL/CM7/Core/Src/control_update_MPC" -I"C:/Users/nicks/STM32CubeIDE/workspace_1.19.0/AFR_PIL/CM7/Core/Src/control_update_MPC/qpoases" -I"C:/Users/nicks/STM32CubeIDE/workspace_1.19.0/AFR_PIL/CM7/Core/Src/control_update_MPC/qpoases/SRC" -I"C:/Users/nicks/STM32CubeIDE/workspace_1.19.0/AFR_PIL/CM7/Core/Src/control_update_MPC/qpoases/INCLUDE" -I"C:/Users/nicks/STM32CubeIDE/workspace_1.19.0/AFR_PIL/CM7/Core/Include" -I"C:/Users/nicks/STM32CubeIDE/workspace_1.19.0/AFR_PIL/CM7/Core/Include/dsp" -x assembler-with-cpp -MMD -MP -MF"Core/Startup/startup_stm32h755zitx.d" -MT"Core/Startup/startup_stm32h755zitx.o" --specs=nano.specs -mfpu=fpv5-d16 -mfloat-abi=hard -mthumb -o "Core/Startup/startup_stm32h755zitx.o" "../Core/Startup/startup_stm32h755zitx.s"
arm-none-eabi-g++ "../Core/Src/control_update_MPC/qpoases/SRC/EXTRAS/SolutionAnalysis.cpp" -mcpu=cortex-m7 -std=gnu++14 -g3 -DDEBUG -DCORE_CM7 -DUSE_HAL_DRIVER -DSTM32H755xx -DUSE_PWR_DIRECT_SMPS_SUPPLY -DUSE_NUCLEO_64 -DSTM32_THREAD_SAFE_STRATEGY=4 -c -I../Core/Inc -I../../Drivers/STM32H7xx_HAL_Driver/Inc -I../../Drivers/STM32H7xx_HAL_Driver/Inc/Legacy -I../../Drivers/BSP/STM32H7xx_Nucleo -I../../Drivers/CMSIS/Device/ST/STM32H7xx/Include -I../../Drivers/CMSIS/Include -I../../Middlewares/Third_Party/FreeRTOS/Source/include -I../../Middlewares/Third_Party/FreeRTOS/Source/CMSIS_RTOS_V2 -I../../Middlewares/Third_Party/FreeRTOS/Source/portable/GCC/ARM_CM4F -I"C:/Users/nicks/STM32CubeIDE/workspace_1.19.0/AFR_PIL/CM7/Core/Src/control_update_MPC" -I"C:/Users/nicks/STM32CubeIDE/workspace_1.19.0/AFR_PIL/CM7/Core/Src/control_update_MPC/qpoases" -I"C:/Users/nicks/STM32CubeIDE/workspace_1.19.0/AFR_PIL/CM7/Core/Src/control_update_MPC/qpoases/SRC" -I"C:/Users/nicks/STM32CubeIDE/workspace_1.19.0/AFR_PIL/CM7/Core/Src/control_update_MPC/qpoases/INCLUDE" -I../Core/ThreadSafe -I"C:/Users/nicks/STM32CubeIDE/workspace_1.19.0/AFR_PIL/CM7/Core/Include" -I"C:/Users/nicks/STM32CubeIDE/workspace_1.19.0/AFR_PIL/CM7/Core/Include/dsp" -O0 -ffunction-sections -fdata-sections -fno-exceptions -fno-rtti -fno-use-cxa-atexit -Wall -fstack-usage -fcyclomatic-complexity -MMD -MP -MF"Core/Src/control_update_MPC/qpoases/SRC/EXTRAS/SolutionAnalysis.d" -MT"Core/Src/control_update_MPC/qpoases/SRC/EXTRAS/SolutionAnalysis.o" --specs=nano.specs -mfpu=fpv5-d16 -mfloat-abi=hard -mthumb -o "Core/Src/control_update_MPC/qpoases/SRC/EXTRAS/SolutionAnalysis.o"
arm-none-eabi-g++ "../Core/Src/control_update_MPC/qpoases/SRC/Bounds.cpp" -mcpu=cortex-m7 -std=gnu++14 -g3 -DDEBUG -DCORE_CM7 -DUSE_HAL_DRIVER -DSTM32H755xx -DUSE_PWR_DIRECT_SMPS_SUPPLY -DUSE_NUCLEO_64 -DSTM32_THREAD_SAFE_STRATEGY=4 -c -I../Core/Inc -I../../Drivers/STM32H7xx_HAL_Driver/Inc -I../../Drivers/STM32H7xx_HAL_Driver/Inc/Legacy -I../../Drivers/BSP/STM32H7xx_Nucleo -I../../Drivers/CMSIS/Device/ST/STM32H7xx/Include -I../../Drivers/CMSIS/Include -I../../Middlewares/Third_Party/FreeRTOS/Source/include -I../../Middlewares/Third_Party/FreeRTOS/Source/CMSIS_RTOS_V2 -I../../Middlewares/Third_Party/FreeRTOS/Source/portable/GCC/ARM_CM4F -I"C:/Users/nicks/STM32CubeIDE/workspace_1.19.0/AFR_PIL/CM7/Core/Src/control_update_MPC" -I"C:/Users/nicks/STM32CubeIDE/workspace_1.19.0/AFR_PIL/CM7/Core/Src/control_update_MPC/qpoases" -I"C:/Users/nicks/STM32CubeIDE/workspace_1.19.0/AFR_PIL/CM7/Core/Src/control_update_MPC/qpoases/SRC" -I"C:/Users/nicks/STM32CubeIDE/workspace_1.19.0/AFR_PIL/CM7/Core/Src/control_update_MPC/qpoases/INCLUDE" -I../Core/ThreadSafe -I"C:/Users/nicks/STM32CubeIDE/workspace_1.19.0/AFR_PIL/CM7/Core/Include" -I"C:/Users/nicks/STM32CubeIDE/workspace_1.19.0/AFR_PIL/CM7/Core/Include/dsp" -O0 -ffunction-sections -fdata-sections -fno-exceptions -fno-rtti -fno-use-cxa-atexit -Wall -fstack-usage -fcyclomatic-complexity -MMD -MP -MF"Core/Src/control_update_MPC/qpoases/SRC/Bounds.d" -MT"Core/Src/control_update_MPC/qpoases/SRC/Bounds.o" --specs=nano.specs -mfpu=fpv5-d16 -mfloat-abi=hard -mthumb -o "Core/Src/control_update_MPC/qpoases/SRC/Bounds.o"
arm-none-eabi-g++ "../Core/Src/control_update_MPC/qpoases/SRC/Constraints.cpp" -mcpu=cortex-m7 -std=gnu++14 -g3 -DDEBUG -DCORE_CM7 -DUSE_HAL_DRIVER -DSTM32H755xx -DUSE_PWR_DIRECT_SMPS_SUPPLY -DUSE_NUCLEO_64 -DSTM32_THREAD_SAFE_STRATEGY=4 -c -I../Core/Inc -I../../Drivers/STM32H7xx_HAL_Driver/Inc -I../../Drivers/STM32H7xx_HAL_Driver/Inc/Legacy -I../../Drivers/BSP/STM32H7xx_Nucleo -I../../Drivers/CMSIS/Device/ST/STM32H7xx/Include -I../../Drivers/CMSIS/Include -I../../Middlewares/Third_Party/FreeRTOS/Source/include -I../../Middlewares/Third_Party/FreeRTOS/Source/CMSIS_RTOS_V2 -I../../Middlewares/Third_Party/FreeRTOS/Source/portable/GCC/ARM_CM4F -I"C:/Users/nicks/STM32CubeIDE/workspace_1.19.0/AFR_PIL/CM7/Core/Src/control_update_MPC" -I"C:/Users/nicks/STM32CubeIDE/workspace_1.19.0/AFR_PIL/CM7/Core/Src/control_update_MPC/qpoases" -I"C:/Users/nicks/STM32CubeIDE/workspace_1.19.0/AFR_PIL/CM7/Core/Src/control_update_MPC/qpoases/SRC" -I"C:/Users/nicks/STM32CubeIDE/workspace_1.19.0/AFR_PIL/CM7/Core/Src/control_update_MPC/qpoases/INCLUDE" -I../Core/ThreadSafe -I"C:/Users/nicks/STM32CubeIDE/workspace_1.19.0/AFR_PIL/CM7/Core/Include" -I"C:/Users/nicks/STM32CubeIDE/workspace_1.19.0/AFR_PIL/CM7/Core/Include/dsp" -O0 -ffunction-sections -fdata-sections -fno-exceptions -fno-rtti -fno-use-cxa-atexit -Wall -fstack-usage -fcyclomatic-complexity -MMD -MP -MF"Core/Src/control_update_MPC/qpoases/SRC/Constraints.d" -MT"Core/Src/control_update_MPC/qpoases/SRC/Constraints.o" --specs=nano.specs -mfpu=fpv5-d16 -mfloat-abi=hard -mthumb -o "Core/Src/control_update_MPC/qpoases/SRC/Constraints.o"
In file included from C:/Users/nicks/STM32CubeIDE/workspace_1.19.0/AFR_PIL/ThreadSafe/newlib_lock_glue.c:59:
C:/Users/nicks/STM32CubeIDE/workspace_1.19.0/AFR_PIL/ThreadSafe/stm32_lock.h:249:2: warning: #warning Please set configUSE_NEWLIB_REENTRANT to 1 in FreeRTOSConfig.h, otherwise newlib will not be thread-safe [-Wcpp]
  249 | #warning Please set configUSE_NEWLIB_REENTRANT to 1 in FreeRTOSConfig.h, otherwise newlib will not be thread-safe
      |  ^~~~~~~
arm-none-eabi-g++ "../Core/Src/control_update_MPC/qpoases/SRC/CyclingManager.cpp" -mcpu=cortex-m7 -std=gnu++14 -g3 -DDEBUG -DCORE_CM7 -DUSE_HAL_DRIVER -DSTM32H755xx -DUSE_PWR_DIRECT_SMPS_SUPPLY -DUSE_NUCLEO_64 -DSTM32_THREAD_SAFE_STRATEGY=4 -c -I../Core/Inc -I../../Drivers/STM32H7xx_HAL_Driver/Inc -I../../Drivers/STM32H7xx_HAL_Driver/Inc/Legacy -I../../Drivers/BSP/STM32H7xx_Nucleo -I../../Drivers/CMSIS/Device/ST/STM32H7xx/Include -I../../Drivers/CMSIS/Include -I../../Middlewares/Third_Party/FreeRTOS/Source/include -I../../Middlewares/Third_Party/FreeRTOS/Source/CMSIS_RTOS_V2 -I../../Middlewares/Third_Party/FreeRTOS/Source/portable/GCC/ARM_CM4F -I"C:/Users/nicks/STM32CubeIDE/workspace_1.19.0/AFR_PIL/CM7/Core/Src/control_update_MPC" -I"C:/Users/nicks/STM32CubeIDE/workspace_1.19.0/AFR_PIL/CM7/Core/Src/control_update_MPC/qpoases" -I"C:/Users/nicks/STM32CubeIDE/workspace_1.19.0/AFR_PIL/CM7/Core/Src/control_update_MPC/qpoases/SRC" -I"C:/Users/nicks/STM32CubeIDE/workspace_1.19.0/AFR_PIL/CM7/Core/Src/control_update_MPC/qpoases/INCLUDE" -I../Core/ThreadSafe -I"C:/Users/nicks/STM32CubeIDE/workspace_1.19.0/AFR_PIL/CM7/Core/Include" -I"C:/Users/nicks/STM32CubeIDE/workspace_1.19.0/AFR_PIL/CM7/Core/Include/dsp" -O0 -ffunction-sections -fdata-sections -fno-exceptions -fno-rtti -fno-use-cxa-atexit -Wall -fstack-usage -fcyclomatic-complexity -MMD -MP -MF"Core/Src/control_update_MPC/qpoases/SRC/CyclingManager.d" -MT"Core/Src/control_update_MPC/qpoases/SRC/CyclingManager.o" --specs=nano.specs -mfpu=fpv5-d16 -mfloat-abi=hard -mthumb -o "Core/Src/control_update_MPC/qpoases/SRC/CyclingManager.o"
arm-none-eabi-g++ "../Core/Src/control_update_MPC/qpoases/SRC/Indexlist.cpp" -mcpu=cortex-m7 -std=gnu++14 -g3 -DDEBUG -DCORE_CM7 -DUSE_HAL_DRIVER -DSTM32H755xx -DUSE_PWR_DIRECT_SMPS_SUPPLY -DUSE_NUCLEO_64 -DSTM32_THREAD_SAFE_STRATEGY=4 -c -I../Core/Inc -I../../Drivers/STM32H7xx_HAL_Driver/Inc -I../../Drivers/STM32H7xx_HAL_Driver/Inc/Legacy -I../../Drivers/BSP/STM32H7xx_Nucleo -I../../Drivers/CMSIS/Device/ST/STM32H7xx/Include -I../../Drivers/CMSIS/Include -I../../Middlewares/Third_Party/FreeRTOS/Source/include -I../../Middlewares/Third_Party/FreeRTOS/Source/CMSIS_RTOS_V2 -I../../Middlewares/Third_Party/FreeRTOS/Source/portable/GCC/ARM_CM4F -I"C:/Users/nicks/STM32CubeIDE/workspace_1.19.0/AFR_PIL/CM7/Core/Src/control_update_MPC" -I"C:/Users/nicks/STM32CubeIDE/workspace_1.19.0/AFR_PIL/CM7/Core/Src/control_update_MPC/qpoases" -I"C:/Users/nicks/STM32CubeIDE/workspace_1.19.0/AFR_PIL/CM7/Core/Src/control_update_MPC/qpoases/SRC" -I"C:/Users/nicks/STM32CubeIDE/workspace_1.19.0/AFR_PIL/CM7/Core/Src/control_update_MPC/qpoases/INCLUDE" -I../Core/ThreadSafe -I"C:/Users/nicks/STM32CubeIDE/workspace_1.19.0/AFR_PIL/CM7/Core/Include" -I"C:/Users/nicks/STM32CubeIDE/workspace_1.19.0/AFR_PIL/CM7/Core/Include/dsp" -O0 -ffunction-sections -fdata-sections -fno-exceptions -fno-rtti -fno-use-cxa-atexit -Wall -fstack-usage -fcyclomatic-complexity -MMD -MP -MF"Core/Src/control_update_MPC/qpoases/SRC/Indexlist.d" -MT"Core/Src/control_update_MPC/qpoases/SRC/Indexlist.o" --specs=nano.specs -mfpu=fpv5-d16 -mfloat-abi=hard -mthumb -o "Core/Src/control_update_MPC/qpoases/SRC/Indexlist.o"
arm-none-eabi-g++ "../Core/Src/control_update_MPC/qpoases/SRC/MessageHandling.cpp" -mcpu=cortex-m7 -std=gnu++14 -g3 -DDEBUG -DCORE_CM7 -DUSE_HAL_DRIVER -DSTM32H755xx -DUSE_PWR_DIRECT_SMPS_SUPPLY -DUSE_NUCLEO_64 -DSTM32_THREAD_SAFE_STRATEGY=4 -c -I../Core/Inc -I../../Drivers/STM32H7xx_HAL_Driver/Inc -I../../Drivers/STM32H7xx_HAL_Driver/Inc/Legacy -I../../Drivers/BSP/STM32H7xx_Nucleo -I../../Drivers/CMSIS/Device/ST/STM32H7xx/Include -I../../Drivers/CMSIS/Include -I../../Middlewares/Third_Party/FreeRTOS/Source/include -I../../Middlewares/Third_Party/FreeRTOS/Source/CMSIS_RTOS_V2 -I../../Middlewares/Third_Party/FreeRTOS/Source/portable/GCC/ARM_CM4F -I"C:/Users/nicks/STM32CubeIDE/workspace_1.19.0/AFR_PIL/CM7/Core/Src/control_update_MPC" -I"C:/Users/nicks/STM32CubeIDE/workspace_1.19.0/AFR_PIL/CM7/Core/Src/control_update_MPC/qpoases" -I"C:/Users/nicks/STM32CubeIDE/workspace_1.19.0/AFR_PIL/CM7/Core/Src/control_update_MPC/qpoases/SRC" -I"C:/Users/nicks/STM32CubeIDE/workspace_1.19.0/AFR_PIL/CM7/Core/Src/control_update_MPC/qpoases/INCLUDE" -I../Core/ThreadSafe -I"C:/Users/nicks/STM32CubeIDE/workspace_1.19.0/AFR_PIL/CM7/Core/Include" -I"C:/Users/nicks/STM32CubeIDE/workspace_1.19.0/AFR_PIL/CM7/Core/Include/dsp" -O0 -ffunction-sections -fdata-sections -fno-exceptions -fno-rtti -fno-use-cxa-atexit -Wall -fstack-usage -fcyclomatic-complexity -MMD -MP -MF"Core/Src/control_update_MPC/qpoases/SRC/MessageHandling.d" -MT"Core/Src/control_update_MPC/qpoases/SRC/MessageHandling.o" --specs=nano.specs -mfpu=fpv5-d16 -mfloat-abi=hard -mthumb -o "Core/Src/control_update_MPC/qpoases/SRC/MessageHandling.o"
arm-none-eabi-g++ "../Core/Src/control_update_MPC/qpoases/SRC/QProblem.cpp" -mcpu=cortex-m7 -std=gnu++14 -g3 -DDEBUG -DCORE_CM7 -DUSE_HAL_DRIVER -DSTM32H755xx -DUSE_PWR_DIRECT_SMPS_SUPPLY -DUSE_NUCLEO_64 -DSTM32_THREAD_SAFE_STRATEGY=4 -c -I../Core/Inc -I../../Drivers/STM32H7xx_HAL_Driver/Inc -I../../Drivers/STM32H7xx_HAL_Driver/Inc/Legacy -I../../Drivers/BSP/STM32H7xx_Nucleo -I../../Drivers/CMSIS/Device/ST/STM32H7xx/Include -I../../Drivers/CMSIS/Include -I../../Middlewares/Third_Party/FreeRTOS/Source/include -I../../Middlewares/Third_Party/FreeRTOS/Source/CMSIS_RTOS_V2 -I../../Middlewares/Third_Party/FreeRTOS/Source/portable/GCC/ARM_CM4F -I"C:/Users/nicks/STM32CubeIDE/workspace_1.19.0/AFR_PIL/CM7/Core/Src/control_update_MPC" -I"C:/Users/nicks/STM32CubeIDE/workspace_1.19.0/AFR_PIL/CM7/Core/Src/control_update_MPC/qpoases" -I"C:/Users/nicks/STM32CubeIDE/workspace_1.19.0/AFR_PIL/CM7/Core/Src/control_update_MPC/qpoases/SRC" -I"C:/Users/nicks/STM32CubeIDE/workspace_1.19.0/AFR_PIL/CM7/Core/Src/control_update_MPC/qpoases/INCLUDE" -I../Core/ThreadSafe -I"C:/Users/nicks/STM32CubeIDE/workspace_1.19.0/AFR_PIL/CM7/Core/Include" -I"C:/Users/nicks/STM32CubeIDE/workspace_1.19.0/AFR_PIL/CM7/Core/Include/dsp" -O0 -ffunction-sections -fdata-sections -fno-exceptions -fno-rtti -fno-use-cxa-atexit -Wall -fstack-usage -fcyclomatic-complexity -MMD -MP -MF"Core/Src/control_update_MPC/qpoases/SRC/QProblem.d" -MT"Core/Src/control_update_MPC/qpoases/SRC/QProblem.o" --specs=nano.specs -mfpu=fpv5-d16 -mfloat-abi=hard -mthumb -o "Core/Src/control_update_MPC/qpoases/SRC/QProblem.o"
arm-none-eabi-g++ "../Core/Src/control_update_MPC/qpoases/SRC/QProblemB.cpp" -mcpu=cortex-m7 -std=gnu++14 -g3 -DDEBUG -DCORE_CM7 -DUSE_HAL_DRIVER -DSTM32H755xx -DUSE_PWR_DIRECT_SMPS_SUPPLY -DUSE_NUCLEO_64 -DSTM32_THREAD_SAFE_STRATEGY=4 -c -I../Core/Inc -I../../Drivers/STM32H7xx_HAL_Driver/Inc -I../../Drivers/STM32H7xx_HAL_Driver/Inc/Legacy -I../../Drivers/BSP/STM32H7xx_Nucleo -I../../Drivers/CMSIS/Device/ST/STM32H7xx/Include -I../../Drivers/CMSIS/Include -I../../Middlewares/Third_Party/FreeRTOS/Source/include -I../../Middlewares/Third_Party/FreeRTOS/Source/CMSIS_RTOS_V2 -I../../Middlewares/Third_Party/FreeRTOS/Source/portable/GCC/ARM_CM4F -I"C:/Users/nicks/STM32CubeIDE/workspace_1.19.0/AFR_PIL/CM7/Core/Src/control_update_MPC" -I"C:/Users/nicks/STM32CubeIDE/workspace_1.19.0/AFR_PIL/CM7/Core/Src/control_update_MPC/qpoases" -I"C:/Users/nicks/STM32CubeIDE/workspace_1.19.0/AFR_PIL/CM7/Core/Src/control_update_MPC/qpoases/SRC" -I"C:/Users/nicks/STM32CubeIDE/workspace_1.19.0/AFR_PIL/CM7/Core/Src/control_update_MPC/qpoases/INCLUDE" -I../Core/ThreadSafe -I"C:/Users/nicks/STM32CubeIDE/workspace_1.19.0/AFR_PIL/CM7/Core/Include" -I"C:/Users/nicks/STM32CubeIDE/workspace_1.19.0/AFR_PIL/CM7/Core/Include/dsp" -O0 -ffunction-sections -fdata-sections -fno-exceptions -fno-rtti -fno-use-cxa-atexit -Wall -fstack-usage -fcyclomatic-complexity -MMD -MP -MF"Core/Src/control_update_MPC/qpoases/SRC/QProblemB.d" -MT"Core/Src/control_update_MPC/qpoases/SRC/QProblemB.o" --specs=nano.specs -mfpu=fpv5-d16 -mfloat-abi=hard -mthumb -o "Core/Src/control_update_MPC/qpoases/SRC/QProblemB.o"
arm-none-eabi-g++ "../Core/Src/control_update_MPC/qpoases/SRC/SubjectTo.cpp" -mcpu=cortex-m7 -std=gnu++14 -g3 -DDEBUG -DCORE_CM7 -DUSE_HAL_DRIVER -DSTM32H755xx -DUSE_PWR_DIRECT_SMPS_SUPPLY -DUSE_NUCLEO_64 -DSTM32_THREAD_SAFE_STRATEGY=4 -c -I../Core/Inc -I../../Drivers/STM32H7xx_HAL_Driver/Inc -I../../Drivers/STM32H7xx_HAL_Driver/Inc/Legacy -I../../Drivers/BSP/STM32H7xx_Nucleo -I../../Drivers/CMSIS/Device/ST/STM32H7xx/Include -I../../Drivers/CMSIS/Include -I../../Middlewares/Third_Party/FreeRTOS/Source/include -I../../Middlewares/Third_Party/FreeRTOS/Source/CMSIS_RTOS_V2 -I../../Middlewares/Third_Party/FreeRTOS/Source/portable/GCC/ARM_CM4F -I"C:/Users/nicks/STM32CubeIDE/workspace_1.19.0/AFR_PIL/CM7/Core/Src/control_update_MPC" -I"C:/Users/nicks/STM32CubeIDE/workspace_1.19.0/AFR_PIL/CM7/Core/Src/control_update_MPC/qpoases" -I"C:/Users/nicks/STM32CubeIDE/workspace_1.19.0/AFR_PIL/CM7/Core/Src/control_update_MPC/qpoases/SRC" -I"C:/Users/nicks/STM32CubeIDE/workspace_1.19.0/AFR_PIL/CM7/Core/Src/control_update_MPC/qpoases/INCLUDE" -I../Core/ThreadSafe -I"C:/Users/nicks/STM32CubeIDE/workspace_1.19.0/AFR_PIL/CM7/Core/Include" -I"C:/Users/nicks/STM32CubeIDE/workspace_1.19.0/AFR_PIL/CM7/Core/Include/dsp" -O0 -ffunction-sections -fdata-sections -fno-exceptions -fno-rtti -fno-use-cxa-atexit -Wall -fstack-usage -fcyclomatic-complexity -MMD -MP -MF"Core/Src/control_update_MPC/qpoases/SRC/SubjectTo.d" -MT"Core/Src/control_update_MPC/qpoases/SRC/SubjectTo.o" --specs=nano.specs -mfpu=fpv5-d16 -mfloat-abi=hard -mthumb -o "Core/Src/control_update_MPC/qpoases/SRC/SubjectTo.o"
arm-none-eabi-g++ "../Core/Src/control_update_MPC/qpoases/SRC/Utils.cpp" -mcpu=cortex-m7 -std=gnu++14 -g3 -DDEBUG -DCORE_CM7 -DUSE_HAL_DRIVER -DSTM32H755xx -DUSE_PWR_DIRECT_SMPS_SUPPLY -DUSE_NUCLEO_64 -DSTM32_THREAD_SAFE_STRATEGY=4 -c -I../Core/Inc -I../../Drivers/STM32H7xx_HAL_Driver/Inc -I../../Drivers/STM32H7xx_HAL_Driver/Inc/Legacy -I../../Drivers/BSP/STM32H7xx_Nucleo -I../../Drivers/CMSIS/Device/ST/STM32H7xx/Include -I../../Drivers/CMSIS/Include -I../../Middlewares/Third_Party/FreeRTOS/Source/include -I../../Middlewares/Third_Party/FreeRTOS/Source/CMSIS_RTOS_V2 -I../../Middlewares/Third_Party/FreeRTOS/Source/portable/GCC/ARM_CM4F -I"C:/Users/nicks/STM32CubeIDE/workspace_1.19.0/AFR_PIL/CM7/Core/Src/control_update_MPC" -I"C:/Users/nicks/STM32CubeIDE/workspace_1.19.0/AFR_PIL/CM7/Core/Src/control_update_MPC/qpoases" -I"C:/Users/nicks/STM32CubeIDE/workspace_1.19.0/AFR_PIL/CM7/Core/Src/control_update_MPC/qpoases/SRC" -I"C:/Users/nicks/STM32CubeIDE/workspace_1.19.0/AFR_PIL/CM7/Core/Src/control_update_MPC/qpoases/INCLUDE" -I../Core/ThreadSafe -I"C:/Users/nicks/STM32CubeIDE/workspace_1.19.0/AFR_PIL/CM7/Core/Include" -I"C:/Users/nicks/STM32CubeIDE/workspace_1.19.0/AFR_PIL/CM7/Core/Include/dsp" -O0 -ffunction-sections -fdata-sections -fno-exceptions -fno-rtti -fno-use-cxa-atexit -Wall -fstack-usage -fcyclomatic-complexity -MMD -MP -MF"Core/Src/control_update_MPC/qpoases/SRC/Utils.d" -MT"Core/Src/control_update_MPC/qpoases/SRC/Utils.o" --specs=nano.specs -mfpu=fpv5-d16 -mfloat-abi=hard -mthumb -o "Core/Src/control_update_MPC/qpoases/SRC/Utils.o"
arm-none-eabi-gcc "../Core/Src/control_update_MPC/acado_auxiliary_functions.c" -mcpu=cortex-m7 -std=gnu11 -g3 -DDEBUG -DCORE_CM7 -DUSE_HAL_DRIVER -DSTM32H755xx -DUSE_PWR_DIRECT_SMPS_SUPPLY -DUSE_NUCLEO_64 -DSTM32_THREAD_SAFE_STRATEGY=4 -c -I../Core/Inc -I../../Drivers/STM32H7xx_HAL_Driver/Inc -I../../Drivers/STM32H7xx_HAL_Driver/Inc/Legacy -I../../Drivers/BSP/STM32H7xx_Nucleo -I../../Drivers/CMSIS/Device/ST/STM32H7xx/Include -I../../Drivers/CMSIS/Include -I../../Middlewares/Third_Party/FreeRTOS/Source/include -I../../Middlewares/Third_Party/FreeRTOS/Source/CMSIS_RTOS_V2 -I../../Middlewares/Third_Party/FreeRTOS/Source/portable/GCC/ARM_CM4F -I"C:/Users/nicks/STM32CubeIDE/workspace_1.19.0/AFR_PIL/CM7/Core/Src/control_update_MPC" -I"C:/Users/nicks/STM32CubeIDE/workspace_1.19.0/AFR_PIL/CM7/Core/Src/control_update_MPC/qpoases" -I"C:/Users/nicks/STM32CubeIDE/workspace_1.19.0/AFR_PIL/CM7/Core/Src/control_update_MPC/qpoases/SRC" -I"C:/Users/nicks/STM32CubeIDE/workspace_1.19.0/AFR_PIL/CM7/Core/Src/control_update_MPC/qpoases/INCLUDE" -I../Core/ThreadSafe -I"C:/Users/nicks/STM32CubeIDE/workspace_1.19.0/AFR_PIL/CM7/Core/Include" -I"C:/Users/nicks/STM32CubeIDE/workspace_1.19.0/AFR_PIL/CM7/Core/Include/dsp" -O0 -ffunction-sections -fdata-sections -Wall -fstack-usage -fcyclomatic-complexity -MMD -MP -MF"Core/Src/control_update_MPC/acado_auxiliary_functions.d" -MT"Core/Src/control_update_MPC/acado_auxiliary_functions.o" --specs=nano.specs -mfpu=fpv5-d16 -mfloat-abi=hard -mthumb -o "Core/Src/control_update_MPC/acado_auxiliary_functions.o"
arm-none-eabi-gcc "../Core/Src/control_update_MPC/acado_integrator.c" -mcpu=cortex-m7 -std=gnu11 -g3 -DDEBUG -DCORE_CM7 -DUSE_HAL_DRIVER -DSTM32H755xx -DUSE_PWR_DIRECT_SMPS_SUPPLY -DUSE_NUCLEO_64 -DSTM32_THREAD_SAFE_STRATEGY=4 -c -I../Core/Inc -I../../Drivers/STM32H7xx_HAL_Driver/Inc -I../../Drivers/STM32H7xx_HAL_Driver/Inc/Legacy -I../../Drivers/BSP/STM32H7xx_Nucleo -I../../Drivers/CMSIS/Device/ST/STM32H7xx/Include -I../../Drivers/CMSIS/Include -I../../Middlewares/Third_Party/FreeRTOS/Source/include -I../../Middlewares/Third_Party/FreeRTOS/Source/CMSIS_RTOS_V2 -I../../Middlewares/Third_Party/FreeRTOS/Source/portable/GCC/ARM_CM4F -I"C:/Users/nicks/STM32CubeIDE/workspace_1.19.0/AFR_PIL/CM7/Core/Src/control_update_MPC" -I"C:/Users/nicks/STM32CubeIDE/workspace_1.19.0/AFR_PIL/CM7/Core/Src/control_update_MPC/qpoases" -I"C:/Users/nicks/STM32CubeIDE/workspace_1.19.0/AFR_PIL/CM7/Core/Src/control_update_MPC/qpoases/SRC" -I"C:/Users/nicks/STM32CubeIDE/workspace_1.19.0/AFR_PIL/CM7/Core/Src/control_update_MPC/qpoases/INCLUDE" -I../Core/ThreadSafe -I"C:/Users/nicks/STM32CubeIDE/workspace_1.19.0/AFR_PIL/CM7/Core/Include" -I"C:/Users/nicks/STM32CubeIDE/workspace_1.19.0/AFR_PIL/CM7/Core/Include/dsp" -O0 -ffunction-sections -fdata-sections -Wall -fstack-usage -fcyclomatic-complexity -MMD -MP -MF"Core/Src/control_update_MPC/acado_integrator.d" -MT"Core/Src/control_update_MPC/acado_integrator.o" --specs=nano.specs -mfpu=fpv5-d16 -mfloat-abi=hard -mthumb -o "Core/Src/control_update_MPC/acado_integrator.o"
arm-none-eabi-g++ "../Core/Src/control_update_MPC/acado_qpoases_interface.cpp" -mcpu=cortex-m7 -std=gnu++14 -g3 -DDEBUG -DCORE_CM7 -DUSE_HAL_DRIVER -DSTM32H755xx -DUSE_PWR_DIRECT_SMPS_SUPPLY -DUSE_NUCLEO_64 -DSTM32_THREAD_SAFE_STRATEGY=4 -c -I../Core/Inc -I../../Drivers/STM32H7xx_HAL_Driver/Inc -I../../Drivers/STM32H7xx_HAL_Driver/Inc/Legacy -I../../Drivers/BSP/STM32H7xx_Nucleo -I../../Drivers/CMSIS/Device/ST/STM32H7xx/Include -I../../Drivers/CMSIS/Include -I../../Middlewares/Third_Party/FreeRTOS/Source/include -I../../Middlewares/Third_Party/FreeRTOS/Source/CMSIS_RTOS_V2 -I../../Middlewares/Third_Party/FreeRTOS/Source/portable/GCC/ARM_CM4F -I"C:/Users/nicks/STM32CubeIDE/workspace_1.19.0/AFR_PIL/CM7/Core/Src/control_update_MPC" -I"C:/Users/nicks/STM32CubeIDE/workspace_1.19.0/AFR_PIL/CM7/Core/Src/control_update_MPC/qpoases" -I"C:/Users/nicks/STM32CubeIDE/workspace_1.19.0/AFR_PIL/CM7/Core/Src/control_update_MPC/qpoases/SRC" -I"C:/Users/nicks/STM32CubeIDE/workspace_1.19.0/AFR_PIL/CM7/Core/Src/control_update_MPC/qpoases/INCLUDE" -I../Core/ThreadSafe -I"C:/Users/nicks/STM32CubeIDE/workspace_1.19.0/AFR_PIL/CM7/Core/Include" -I"C:/Users/nicks/STM32CubeIDE/workspace_1.19.0/AFR_PIL/CM7/Core/Include/dsp" -O0 -ffunction-sections -fdata-sections -fno-exceptions -fno-rtti -fno-use-cxa-atexit -Wall -fstack-usage -fcyclomatic-complexity -MMD -MP -MF"Core/Src/control_update_MPC/acado_qpoases_interface.d" -MT"Core/Src/control_update_MPC/acado_qpoases_interface.o" --specs=nano.specs -mfpu=fpv5-d16 -mfloat-abi=hard -mthumb -o "Core/Src/control_update_MPC/acado_qpoases_interface.o"
arm-none-eabi-gcc "../Core/Src/control_update_MPC/acado_solver.c" -mcpu=cortex-m7 -std=gnu11 -g3 -DDEBUG -DCORE_CM7 -DUSE_HAL_DRIVER -DSTM32H755xx -DUSE_PWR_DIRECT_SMPS_SUPPLY -DUSE_NUCLEO_64 -DSTM32_THREAD_SAFE_STRATEGY=4 -c -I../Core/Inc -I../../Drivers/STM32H7xx_HAL_Driver/Inc -I../../Drivers/STM32H7xx_HAL_Driver/Inc/Legacy -I../../Drivers/BSP/STM32H7xx_Nucleo -I../../Drivers/CMSIS/Device/ST/STM32H7xx/Include -I../../Drivers/CMSIS/Include -I../../Middlewares/Third_Party/FreeRTOS/Source/include -I../../Middlewares/Third_Party/FreeRTOS/Source/CMSIS_RTOS_V2 -I../../Middlewares/Third_Party/FreeRTOS/Source/portable/GCC/ARM_CM4F -I"C:/Users/nicks/STM32CubeIDE/workspace_1.19.0/AFR_PIL/CM7/Core/Src/control_update_MPC" -I"C:/Users/nicks/STM32CubeIDE/workspace_1.19.0/AFR_PIL/CM7/Core/Src/control_update_MPC/qpoases" -I"C:/Users/nicks/STM32CubeIDE/workspace_1.19.0/AFR_PIL/CM7/Core/Src/control_update_MPC/qpoases/SRC" -I"C:/Users/nicks/STM32CubeIDE/workspace_1.19.0/AFR_PIL/CM7/Core/Src/control_update_MPC/qpoases/INCLUDE" -I../Core/ThreadSafe -I"C:/Users/nicks/STM32CubeIDE/workspace_1.19.0/AFR_PIL/CM7/Core/Include" -I"C:/Users/nicks/STM32CubeIDE/workspace_1.19.0/AFR_PIL/CM7/Core/Include/dsp" -O0 -ffunction-sections -fdata-sections -Wall -fstack-usage -fcyclomatic-complexity -MMD -MP -MF"Core/Src/control_update_MPC/acado_solver.d" -MT"Core/Src/control_update_MPC/acado_solver.o" --specs=nano.specs -mfpu=fpv5-d16 -mfloat-abi=hard -mthumb -o "Core/Src/control_update_MPC/acado_solver.o"
arm-none-eabi-gcc "../Core/Src/freertos.c" -mcpu=cortex-m7 -std=gnu11 -g3 -DDEBUG -DCORE_CM7 -DUSE_HAL_DRIVER -DSTM32H755xx -DUSE_PWR_DIRECT_SMPS_SUPPLY -DUSE_NUCLEO_64 -DSTM32_THREAD_SAFE_STRATEGY=4 -c -I../Core/Inc -I../../Drivers/STM32H7xx_HAL_Driver/Inc -I../../Drivers/STM32H7xx_HAL_Driver/Inc/Legacy -I../../Drivers/BSP/STM32H7xx_Nucleo -I../../Drivers/CMSIS/Device/ST/STM32H7xx/Include -I../../Drivers/CMSIS/Include -I../../Middlewares/Third_Party/FreeRTOS/Source/include -I../../Middlewares/Third_Party/FreeRTOS/Source/CMSIS_RTOS_V2 -I../../Middlewares/Third_Party/FreeRTOS/Source/portable/GCC/ARM_CM4F -I"C:/Users/nicks/STM32CubeIDE/workspace_1.19.0/AFR_PIL/CM7/Core/Src/control_update_MPC" -I"C:/Users/nicks/STM32CubeIDE/workspace_1.19.0/AFR_PIL/CM7/Core/Src/control_update_MPC/qpoases" -I"C:/Users/nicks/STM32CubeIDE/workspace_1.19.0/AFR_PIL/CM7/Core/Src/control_update_MPC/qpoases/SRC" -I"C:/Users/nicks/STM32CubeIDE/workspace_1.19.0/AFR_PIL/CM7/Core/Src/control_update_MPC/qpoases/INCLUDE" -I../Core/ThreadSafe -I"C:/Users/nicks/STM32CubeIDE/workspace_1.19.0/AFR_PIL/CM7/Core/Include" -I"C:/Users/nicks/STM32CubeIDE/workspace_1.19.0/AFR_PIL/CM7/Core/Include/dsp" -O0 -ffunction-sections -fdata-sections -Wall -fstack-usage -fcyclomatic-complexity -MMD -MP -MF"Core/Src/freertos.d" -MT"Core/Src/freertos.o" --specs=nano.specs -mfpu=fpv5-d16 -mfloat-abi=hard -mthumb -o "Core/Src/freertos.o"
arm-none-eabi-gcc "../Core/Src/main.c" -mcpu=cortex-m7 -std=gnu11 -g3 -DDEBUG -DCORE_CM7 -DUSE_HAL_DRIVER -DSTM32H755xx -DUSE_PWR_DIRECT_SMPS_SUPPLY -DUSE_NUCLEO_64 -DSTM32_THREAD_SAFE_STRATEGY=4 -c -I../Core/Inc -I../../Drivers/STM32H7xx_HAL_Driver/Inc -I../../Drivers/STM32H7xx_HAL_Driver/Inc/Legacy -I../../Drivers/BSP/STM32H7xx_Nucleo -I../../Drivers/CMSIS/Device/ST/STM32H7xx/Include -I../../Drivers/CMSIS/Include -I../../Middlewares/Third_Party/FreeRTOS/Source/include -I../../Middlewares/Third_Party/FreeRTOS/Source/CMSIS_RTOS_V2 -I../../Middlewares/Third_Party/FreeRTOS/Source/portable/GCC/ARM_CM4F -I"C:/Users/nicks/STM32CubeIDE/workspace_1.19.0/AFR_PIL/CM7/Core/Src/control_update_MPC" -I"C:/Users/nicks/STM32CubeIDE/workspace_1.19.0/AFR_PIL/CM7/Core/Src/control_update_MPC/qpoases" -I"C:/Users/nicks/STM32CubeIDE/workspace_1.19.0/AFR_PIL/CM7/Core/Src/control_update_MPC/qpoases/SRC" -I"C:/Users/nicks/STM32CubeIDE/workspace_1.19.0/AFR_PIL/CM7/Core/Src/control_update_MPC/qpoases/INCLUDE" -I../Core/ThreadSafe -I"C:/Users/nicks/STM32CubeIDE/workspace_1.19.0/AFR_PIL/CM7/Core/Include" -I"C:/Users/nicks/STM32CubeIDE/workspace_1.19.0/AFR_PIL/CM7/Core/Include/dsp" -O0 -ffunction-sections -fdata-sections -Wall -fstack-usage -fcyclomatic-complexity -MMD -MP -MF"Core/Src/main.d" -MT"Core/Src/main.o" --specs=nano.specs -mfpu=fpv5-d16 -mfloat-abi=hard -mthumb -o "Core/Src/main.o"
arm-none-eabi-gcc "../Core/Src/stm32h7xx_hal_msp.c" -mcpu=cortex-m7 -std=gnu11 -g3 -DDEBUG -DCORE_CM7 -DUSE_HAL_DRIVER -DSTM32H755xx -DUSE_PWR_DIRECT_SMPS_SUPPLY -DUSE_NUCLEO_64 -DSTM32_THREAD_SAFE_STRATEGY=4 -c -I../Core/Inc -I../../Drivers/STM32H7xx_HAL_Driver/Inc -I../../Drivers/STM32H7xx_HAL_Driver/Inc/Legacy -I../../Drivers/BSP/STM32H7xx_Nucleo -I../../Drivers/CMSIS/Device/ST/STM32H7xx/Include -I../../Drivers/CMSIS/Include -I../../Middlewares/Third_Party/FreeRTOS/Source/include -I../../Middlewares/Third_Party/FreeRTOS/Source/CMSIS_RTOS_V2 -I../../Middlewares/Third_Party/FreeRTOS/Source/portable/GCC/ARM_CM4F -I"C:/Users/nicks/STM32CubeIDE/workspace_1.19.0/AFR_PIL/CM7/Core/Src/control_update_MPC" -I"C:/Users/nicks/STM32CubeIDE/workspace_1.19.0/AFR_PIL/CM7/Core/Src/control_update_MPC/qpoases" -I"C:/Users/nicks/STM32CubeIDE/workspace_1.19.0/AFR_PIL/CM7/Core/Src/control_update_MPC/qpoases/SRC" -I"C:/Users/nicks/STM32CubeIDE/workspace_1.19.0/AFR_PIL/CM7/Core/Src/control_update_MPC/qpoases/INCLUDE" -I../Core/ThreadSafe -I"C:/Users/nicks/STM32CubeIDE/workspace_1.19.0/AFR_PIL/CM7/Core/Include" -I"C:/Users/nicks/STM32CubeIDE/workspace_1.19.0/AFR_PIL/CM7/Core/Include/dsp" -O0 -ffunction-sections -fdata-sections -Wall -fstack-usage -fcyclomatic-complexity -MMD -MP -MF"Core/Src/stm32h7xx_hal_msp.d" -MT"Core/Src/stm32h7xx_hal_msp.o" --specs=nano.specs -mfpu=fpv5-d16 -mfloat-abi=hard -mthumb -o "Core/Src/stm32h7xx_hal_msp.o"
arm-none-eabi-gcc "../Core/Src/stm32h7xx_it.c" -mcpu=cortex-m7 -std=gnu11 -g3 -DDEBUG -DCORE_CM7 -DUSE_HAL_DRIVER -DSTM32H755xx -DUSE_PWR_DIRECT_SMPS_SUPPLY -DUSE_NUCLEO_64 -DSTM32_THREAD_SAFE_STRATEGY=4 -c -I../Core/Inc -I../../Drivers/STM32H7xx_HAL_Driver/Inc -I../../Drivers/STM32H7xx_HAL_Driver/Inc/Legacy -I../../Drivers/BSP/STM32H7xx_Nucleo -I../../Drivers/CMSIS/Device/ST/STM32H7xx/Include -I../../Drivers/CMSIS/Include -I../../Middlewares/Third_Party/FreeRTOS/Source/include -I../../Middlewares/Third_Party/FreeRTOS/Source/CMSIS_RTOS_V2 -I../../Middlewares/Third_Party/FreeRTOS/Source/portable/GCC/ARM_CM4F -I"C:/Users/nicks/STM32CubeIDE/workspace_1.19.0/AFR_PIL/CM7/Core/Src/control_update_MPC" -I"C:/Users/nicks/STM32CubeIDE/workspace_1.19.0/AFR_PIL/CM7/Core/Src/control_update_MPC/qpoases" -I"C:/Users/nicks/STM32CubeIDE/workspace_1.19.0/AFR_PIL/CM7/Core/Src/control_update_MPC/qpoases/SRC" -I"C:/Users/nicks/STM32CubeIDE/workspace_1.19.0/AFR_PIL/CM7/Core/Src/control_update_MPC/qpoases/INCLUDE" -I../Core/ThreadSafe -I"C:/Users/nicks/STM32CubeIDE/workspace_1.19.0/AFR_PIL/CM7/Core/Include" -I"C:/Users/nicks/STM32CubeIDE/workspace_1.19.0/AFR_PIL/CM7/Core/Include/dsp" -O0 -ffunction-sections -fdata-sections -Wall -fstack-usage -fcyclomatic-complexity -MMD -MP -MF"Core/Src/stm32h7xx_it.d" -MT"Core/Src/stm32h7xx_it.o" --specs=nano.specs -mfpu=fpv5-d16 -mfloat-abi=hard -mthumb -o "Core/Src/stm32h7xx_it.o"
arm-none-eabi-gcc "../Core/Src/syscalls.c" -mcpu=cortex-m7 -std=gnu11 -g3 -DDEBUG -DCORE_CM7 -DUSE_HAL_DRIVER -DSTM32H755xx -DUSE_PWR_DIRECT_SMPS_SUPPLY -DUSE_NUCLEO_64 -DSTM32_THREAD_SAFE_STRATEGY=4 -c -I../Core/Inc -I../../Drivers/STM32H7xx_HAL_Driver/Inc -I../../Drivers/STM32H7xx_HAL_Driver/Inc/Legacy -I../../Drivers/BSP/STM32H7xx_Nucleo -I../../Drivers/CMSIS/Device/ST/STM32H7xx/Include -I../../Drivers/CMSIS/Include -I../../Middlewares/Third_Party/FreeRTOS/Source/include -I../../Middlewares/Third_Party/FreeRTOS/Source/CMSIS_RTOS_V2 -I../../Middlewares/Third_Party/FreeRTOS/Source/portable/GCC/ARM_CM4F -I"C:/Users/nicks/STM32CubeIDE/workspace_1.19.0/AFR_PIL/CM7/Core/Src/control_update_MPC" -I"C:/Users/nicks/STM32CubeIDE/workspace_1.19.0/AFR_PIL/CM7/Core/Src/control_update_MPC/qpoases" -I"C:/Users/nicks/STM32CubeIDE/workspace_1.19.0/AFR_PIL/CM7/Core/Src/control_update_MPC/qpoases/SRC" -I"C:/Users/nicks/STM32CubeIDE/workspace_1.19.0/AFR_PIL/CM7/Core/Src/control_update_MPC/qpoases/INCLUDE" -I../Core/ThreadSafe -I"C:/Users/nicks/STM32CubeIDE/workspace_1.19.0/AFR_PIL/CM7/Core/Include" -I"C:/Users/nicks/STM32CubeIDE/workspace_1.19.0/AFR_PIL/CM7/Core/Include/dsp" -O0 -ffunction-sections -fdata-sections -Wall -fstack-usage -fcyclomatic-complexity -MMD -MP -MF"Core/Src/syscalls.d" -MT"Core/Src/syscalls.o" --specs=nano.specs -mfpu=fpv5-d16 -mfloat-abi=hard -mthumb -o "Core/Src/syscalls.o"
arm-none-eabi-gcc "../Core/Src/sysmem.c" -mcpu=cortex-m7 -std=gnu11 -g3 -DDEBUG -DCORE_CM7 -DUSE_HAL_DRIVER -DSTM32H755xx -DUSE_PWR_DIRECT_SMPS_SUPPLY -DUSE_NUCLEO_64 -DSTM32_THREAD_SAFE_STRATEGY=4 -c -I../Core/Inc -I../../Drivers/STM32H7xx_HAL_Driver/Inc -I../../Drivers/STM32H7xx_HAL_Driver/Inc/Legacy -I../../Drivers/BSP/STM32H7xx_Nucleo -I../../Drivers/CMSIS/Device/ST/STM32H7xx/Include -I../../Drivers/CMSIS/Include -I../../Middlewares/Third_Party/FreeRTOS/Source/include -I../../Middlewares/Third_Party/FreeRTOS/Source/CMSIS_RTOS_V2 -I../../Middlewares/Third_Party/FreeRTOS/Source/portable/GCC/ARM_CM4F -I"C:/Users/nicks/STM32CubeIDE/workspace_1.19.0/AFR_PIL/CM7/Core/Src/control_update_MPC" -I"C:/Users/nicks/STM32CubeIDE/workspace_1.19.0/AFR_PIL/CM7/Core/Src/control_update_MPC/qpoases" -I"C:/Users/nicks/STM32CubeIDE/workspace_1.19.0/AFR_PIL/CM7/Core/Src/control_update_MPC/qpoases/SRC" -I"C:/Users/nicks/STM32CubeIDE/workspace_1.19.0/AFR_PIL/CM7/Core/Src/control_update_MPC/qpoases/INCLUDE" -I../Core/ThreadSafe -I"C:/Users/nicks/STM32CubeIDE/workspace_1.19.0/AFR_PIL/CM7/Core/Include" -I"C:/Users/nicks/STM32CubeIDE/workspace_1.19.0/AFR_PIL/CM7/Core/Include/dsp" -O0 -ffunction-sections -fdata-sections -Wall -fstack-usage -fcyclomatic-complexity -MMD -MP -MF"Core/Src/sysmem.d" -MT"Core/Src/sysmem.o" --specs=nano.specs -mfpu=fpv5-d16 -mfloat-abi=hard -mthumb -o "Core/Src/sysmem.o"
arm-none-eabi-gcc "../Core/Src/trajectory.c" -mcpu=cortex-m7 -std=gnu11 -g3 -DDEBUG -DCORE_CM7 -DUSE_HAL_DRIVER -DSTM32H755xx -DUSE_PWR_DIRECT_SMPS_SUPPLY -DUSE_NUCLEO_64 -DSTM32_THREAD_SAFE_STRATEGY=4 -c -I../Core/Inc -I../../Drivers/STM32H7xx_HAL_Driver/Inc -I../../Drivers/STM32H7xx_HAL_Driver/Inc/Legacy -I../../Drivers/BSP/STM32H7xx_Nucleo -I../../Drivers/CMSIS/Device/ST/STM32H7xx/Include -I../../Drivers/CMSIS/Include -I../../Middlewares/Third_Party/FreeRTOS/Source/include -I../../Middlewares/Third_Party/FreeRTOS/Source/CMSIS_RTOS_V2 -I../../Middlewares/Third_Party/FreeRTOS/Source/portable/GCC/ARM_CM4F -I"C:/Users/nicks/STM32CubeIDE/workspace_1.19.0/AFR_PIL/CM7/Core/Src/control_update_MPC" -I"C:/Users/nicks/STM32CubeIDE/workspace_1.19.0/AFR_PIL/CM7/Core/Src/control_update_MPC/qpoases" -I"C:/Users/nicks/STM32CubeIDE/workspace_1.19.0/AFR_PIL/CM7/Core/Src/control_update_MPC/qpoases/SRC" -I"C:/Users/nicks/STM32CubeIDE/workspace_1.19.0/AFR_PIL/CM7/Core/Src/control_update_MPC/qpoases/INCLUDE" -I../Core/ThreadSafe -I"C:/Users/nicks/STM32CubeIDE/workspace_1.19.0/AFR_PIL/CM7/Core/Include" -I"C:/Users/nicks/STM32CubeIDE/workspace_1.19.0/AFR_PIL/CM7/Core/Include/dsp" -O0 -ffunction-sections -fdata-sections -Wall -fstack-usage -fcyclomatic-complexity -MMD -MP -MF"Core/Src/trajectory.d" -MT"Core/Src/trajectory.o" --specs=nano.specs -mfpu=fpv5-d16 -mfloat-abi=hard -mthumb -o "Core/Src/trajectory.o"
arm-none-eabi-gcc "../Core/Src/ukf.c" -mcpu=cortex-m7 -std=gnu11 -g3 -DDEBUG -DCORE_CM7 -DUSE_HAL_DRIVER -DSTM32H755xx -DUSE_PWR_DIRECT_SMPS_SUPPLY -DUSE_NUCLEO_64 -DSTM32_THREAD_SAFE_STRATEGY=4 -c -I../Core/Inc -I../../Drivers/STM32H7xx_HAL_Driver/Inc -I../../Drivers/STM32H7xx_HAL_Driver/Inc/Legacy -I../../Drivers/BSP/STM32H7xx_Nucleo -I../../Drivers/CMSIS/Device/ST/STM32H7xx/Include -I../../Drivers/CMSIS/Include -I../../Middlewares/Third_Party/FreeRTOS/Source/include -I../../Middlewares/Third_Party/FreeRTOS/Source/CMSIS_RTOS_V2 -I../../Middlewares/Third_Party/FreeRTOS/Source/portable/GCC/ARM_CM4F -I"C:/Users/nicks/STM32CubeIDE/workspace_1.19.0/AFR_PIL/CM7/Core/Src/control_update_MPC" -I"C:/Users/nicks/STM32CubeIDE/workspace_1.19.0/AFR_PIL/CM7/Core/Src/control_update_MPC/qpoases" -I"C:/Users/nicks/STM32CubeIDE/workspace_1.19.0/AFR_PIL/CM7/Core/Src/control_update_MPC/qpoases/SRC" -I"C:/Users/nicks/STM32CubeIDE/workspace_1.19.0/AFR_PIL/CM7/Core/Src/control_update_MPC/qpoases/INCLUDE" -I../Core/ThreadSafe -I"C:/Users/nicks/STM32CubeIDE/workspace_1.19.0/AFR_PIL/CM7/Core/Include" -I"C:/Users/nicks/STM32CubeIDE/workspace_1.19.0/AFR_PIL/CM7/Core/Include/dsp" -O0 -ffunction-sections -fdata-sections -Wall -fstack-usage -fcyclomatic-complexity -MMD -MP -MF"Core/Src/ukf.d" -MT"Core/Src/ukf.o" --specs=nano.specs -mfpu=fpv5-d16 -mfloat-abi=hard -mthumb -o "Core/Src/ukf.o"
../Core/Src/control_update_MPC/acado_solver.c: In function 'acado_evaluatePathConstraints':
../Core/Src/control_update_MPC/acado_solver.c:847:15: warning: unused variable 'xd' [-Wunused-variable]
  847 | const real_t* xd = in;
      |               ^~
arm-none-eabi-gcc "../Core/Include/arm_mat_add_f32.c" -mcpu=cortex-m7 -std=gnu11 -g3 -DDEBUG -DCORE_CM7 -DUSE_HAL_DRIVER -DSTM32H755xx -DUSE_PWR_DIRECT_SMPS_SUPPLY -DUSE_NUCLEO_64 -DSTM32_THREAD_SAFE_STRATEGY=4 -c -I../Core/Inc -I../../Drivers/STM32H7xx_HAL_Driver/Inc -I../../Drivers/STM32H7xx_HAL_Driver/Inc/Legacy -I../../Drivers/BSP/STM32H7xx_Nucleo -I../../Drivers/CMSIS/Device/ST/STM32H7xx/Include -I../../Drivers/CMSIS/Include -I../../Middlewares/Third_Party/FreeRTOS/Source/include -I../../Middlewares/Third_Party/FreeRTOS/Source/CMSIS_RTOS_V2 -I../../Middlewares/Third_Party/FreeRTOS/Source/portable/GCC/ARM_CM4F -I"C:/Users/nicks/STM32CubeIDE/workspace_1.19.0/AFR_PIL/CM7/Core/Src/control_update_MPC" -I"C:/Users/nicks/STM32CubeIDE/workspace_1.19.0/AFR_PIL/CM7/Core/Src/control_update_MPC/qpoases" -I"C:/Users/nicks/STM32CubeIDE/workspace_1.19.0/AFR_PIL/CM7/Core/Src/control_update_MPC/qpoases/SRC" -I"C:/Users/nicks/STM32CubeIDE/workspace_1.19.0/AFR_PIL/CM7/Core/Src/control_update_MPC/qpoases/INCLUDE" -I../Core/ThreadSafe -I"C:/Users/nicks/STM32CubeIDE/workspace_1.19.0/AFR_PIL/CM7/Core/Include" -I"C:/Users/nicks/STM32CubeIDE/workspace_1.19.0/AFR_PIL/CM7/Core/Include/dsp" -O0 -ffunction-sections -fdata-sections -Wall -fstack-usage -fcyclomatic-complexity -MMD -MP -MF"Core/Include/arm_mat_add_f32.d" -MT"Core/Include/arm_mat_add_f32.o" --specs=nano.specs -mfpu=fpv5-d16 -mfloat-abi=hard -mthumb -o "Core/Include/arm_mat_add_f32.o"
arm-none-eabi-gcc "../Core/Include/arm_mat_inverse_f32.c" -mcpu=cortex-m7 -std=gnu11 -g3 -DDEBUG -DCORE_CM7 -DUSE_HAL_DRIVER -DSTM32H755xx -DUSE_PWR_DIRECT_SMPS_SUPPLY -DUSE_NUCLEO_64 -DSTM32_THREAD_SAFE_STRATEGY=4 -c -I../Core/Inc -I../../Drivers/STM32H7xx_HAL_Driver/Inc -I../../Drivers/STM32H7xx_HAL_Driver/Inc/Legacy -I../../Drivers/BSP/STM32H7xx_Nucleo -I../../Drivers/CMSIS/Device/ST/STM32H7xx/Include -I../../Drivers/CMSIS/Include -I../../Middlewares/Third_Party/FreeRTOS/Source/include -I../../Middlewares/Third_Party/FreeRTOS/Source/CMSIS_RTOS_V2 -I../../Middlewares/Third_Party/FreeRTOS/Source/portable/GCC/ARM_CM4F -I"C:/Users/nicks/STM32CubeIDE/workspace_1.19.0/AFR_PIL/CM7/Core/Src/control_update_MPC" -I"C:/Users/nicks/STM32CubeIDE/workspace_1.19.0/AFR_PIL/CM7/Core/Src/control_update_MPC/qpoases" -I"C:/Users/nicks/STM32CubeIDE/workspace_1.19.0/AFR_PIL/CM7/Core/Src/control_update_MPC/qpoases/SRC" -I"C:/Users/nicks/STM32CubeIDE/workspace_1.19.0/AFR_PIL/CM7/Core/Src/control_update_MPC/qpoases/INCLUDE" -I../Core/ThreadSafe -I"C:/Users/nicks/STM32CubeIDE/workspace_1.19.0/AFR_PIL/CM7/Core/Include" -I"C:/Users/nicks/STM32CubeIDE/workspace_1.19.0/AFR_PIL/CM7/Core/Include/dsp" -O0 -ffunction-sections -fdata-sections -Wall -fstack-usage -fcyclomatic-complexity -MMD -MP -MF"Core/Include/arm_mat_inverse_f32.d" -MT"Core/Include/arm_mat_inverse_f32.o" --specs=nano.specs -mfpu=fpv5-d16 -mfloat-abi=hard -mthumb -o "Core/Include/arm_mat_inverse_f32.o"
arm-none-eabi-gcc "../Core/Include/arm_mat_mult_f32.c" -mcpu=cortex-m7 -std=gnu11 -g3 -DDEBUG -DCORE_CM7 -DUSE_HAL_DRIVER -DSTM32H755xx -DUSE_PWR_DIRECT_SMPS_SUPPLY -DUSE_NUCLEO_64 -DSTM32_THREAD_SAFE_STRATEGY=4 -c -I../Core/Inc -I../../Drivers/STM32H7xx_HAL_Driver/Inc -I../../Drivers/STM32H7xx_HAL_Driver/Inc/Legacy -I../../Drivers/BSP/STM32H7xx_Nucleo -I../../Drivers/CMSIS/Device/ST/STM32H7xx/Include -I../../Drivers/CMSIS/Include -I../../Middlewares/Third_Party/FreeRTOS/Source/include -I../../Middlewares/Third_Party/FreeRTOS/Source/CMSIS_RTOS_V2 -I../../Middlewares/Third_Party/FreeRTOS/Source/portable/GCC/ARM_CM4F -I"C:/Users/nicks/STM32CubeIDE/workspace_1.19.0/AFR_PIL/CM7/Core/Src/control_update_MPC" -I"C:/Users/nicks/STM32CubeIDE/workspace_1.19.0/AFR_PIL/CM7/Core/Src/control_update_MPC/qpoases" -I"C:/Users/nicks/STM32CubeIDE/workspace_1.19.0/AFR_PIL/CM7/Core/Src/control_update_MPC/qpoases/SRC" -I"C:/Users/nicks/STM32CubeIDE/workspace_1.19.0/AFR_PIL/CM7/Core/Src/control_update_MPC/qpoases/INCLUDE" -I../Core/ThreadSafe -I"C:/Users/nicks/STM32CubeIDE/workspace_1.19.0/AFR_PIL/CM7/Core/Include" -I"C:/Users/nicks/STM32CubeIDE/workspace_1.19.0/AFR_PIL/CM7/Core/Include/dsp" -O0 -ffunction-sections -fdata-sections -Wall -fstack-usage -fcyclomatic-complexity -MMD -MP -MF"Core/Include/arm_mat_mult_f32.d" -MT"Core/Include/arm_mat_mult_f32.o" --specs=nano.specs -mfpu=fpv5-d16 -mfloat-abi=hard -mthumb -o "Core/Include/arm_mat_mult_f32.o"
arm-none-eabi-gcc "../Core/Include/arm_mat_scale_f32.c" -mcpu=cortex-m7 -std=gnu11 -g3 -DDEBUG -DCORE_CM7 -DUSE_HAL_DRIVER -DSTM32H755xx -DUSE_PWR_DIRECT_SMPS_SUPPLY -DUSE_NUCLEO_64 -DSTM32_THREAD_SAFE_STRATEGY=4 -c -I../Core/Inc -I../../Drivers/STM32H7xx_HAL_Driver/Inc -I../../Drivers/STM32H7xx_HAL_Driver/Inc/Legacy -I../../Drivers/BSP/STM32H7xx_Nucleo -I../../Drivers/CMSIS/Device/ST/STM32H7xx/Include -I../../Drivers/CMSIS/Include -I../../Middlewares/Third_Party/FreeRTOS/Source/include -I../../Middlewares/Third_Party/FreeRTOS/Source/CMSIS_RTOS_V2 -I../../Middlewares/Third_Party/FreeRTOS/Source/portable/GCC/ARM_CM4F -I"C:/Users/nicks/STM32CubeIDE/workspace_1.19.0/AFR_PIL/CM7/Core/Src/control_update_MPC" -I"C:/Users/nicks/STM32CubeIDE/workspace_1.19.0/AFR_PIL/CM7/Core/Src/control_update_MPC/qpoases" -I"C:/Users/nicks/STM32CubeIDE/workspace_1.19.0/AFR_PIL/CM7/Core/Src/control_update_MPC/qpoases/SRC" -I"C:/Users/nicks/STM32CubeIDE/workspace_1.19.0/AFR_PIL/CM7/Core/Src/control_update_MPC/qpoases/INCLUDE" -I../Core/ThreadSafe -I"C:/Users/nicks/STM32CubeIDE/workspace_1.19.0/AFR_PIL/CM7/Core/Include" -I"C:/Users/nicks/STM32CubeIDE/workspace_1.19.0/AFR_PIL/CM7/Core/Include/dsp" -O0 -ffunction-sections -fdata-sections -Wall -fstack-usage -fcyclomatic-complexity -MMD -MP -MF"Core/Include/arm_mat_scale_f32.d" -MT"Core/Include/arm_mat_scale_f32.o" --specs=nano.specs -mfpu=fpv5-d16 -mfloat-abi=hard -mthumb -o "Core/Include/arm_mat_scale_f32.o"
arm-none-eabi-gcc "C:/Users/nicks/STM32CubeIDE/workspace_1.19.0/AFR_PIL/Common/Src/system_stm32h7xx_dualcore_boot_cm4_cm7.c" -mcpu=cortex-m7 -std=gnu11 -g3 -DDEBUG -DCORE_CM7 -DUSE_HAL_DRIVER -DSTM32H755xx -DUSE_PWR_DIRECT_SMPS_SUPPLY -DUSE_NUCLEO_64 -DSTM32_THREAD_SAFE_STRATEGY=4 -c -I../Core/Inc -I../../Drivers/STM32H7xx_HAL_Driver/Inc -I../../Drivers/STM32H7xx_HAL_Driver/Inc/Legacy -I../../Drivers/BSP/STM32H7xx_Nucleo -I../../Drivers/CMSIS/Device/ST/STM32H7xx/Include -I../../Drivers/CMSIS/Include -I../../Middlewares/Third_Party/FreeRTOS/Source/include -I../../Middlewares/Third_Party/FreeRTOS/Source/CMSIS_RTOS_V2 -I../../Middlewares/Third_Party/FreeRTOS/Source/portable/GCC/ARM_CM4F -I"C:/Users/nicks/STM32CubeIDE/workspace_1.19.0/AFR_PIL/CM7/Core/Src/control_update_MPC" -I"C:/Users/nicks/STM32CubeIDE/workspace_1.19.0/AFR_PIL/CM7/Core/Src/control_update_MPC/qpoases" -I"C:/Users/nicks/STM32CubeIDE/workspace_1.19.0/AFR_PIL/CM7/Core/Src/control_update_MPC/qpoases/SRC" -I"C:/Users/nicks/STM32CubeIDE/workspace_1.19.0/AFR_PIL/CM7/Core/Src/control_update_MPC/qpoases/INCLUDE" -I../Core/ThreadSafe -I"C:/Users/nicks/STM32CubeIDE/workspace_1.19.0/AFR_PIL/CM7/Core/Include" -I"C:/Users/nicks/STM32CubeIDE/workspace_1.19.0/AFR_PIL/CM7/Core/Include/dsp" -O0 -ffunction-sections -fdata-sections -Wall -fstack-usage -fcyclomatic-complexity -MMD -MP -MF"Common/Src/system_stm32h7xx_dualcore_boot_cm4_cm7.d" -MT"Common/Src/system_stm32h7xx_dualcore_boot_cm4_cm7.o" --specs=nano.specs -mfpu=fpv5-d16 -mfloat-abi=hard -mthumb -o "Common/Src/system_stm32h7xx_dualcore_boot_cm4_cm7.o"
../Core/Src/main.c: In function 'handle_line':
../Core/Src/main.c:496:21: warning: unused variable 'wordsLeft1' [-Wunused-variable]
  496 |         UBaseType_t wordsLeft1 = uxTaskGetStackHighWaterMark( NULL );
      |                     ^~~~~~~~~~
../Core/Src/trajectory.c:51: warning: "SET_BIT" redefined
   51 | #define SET_BIT(arr,i)  ((arr)[(i)>>3] |=  (1U<<((i)&7)))
      | 
In file included from ../../Drivers/STM32H7xx_HAL_Driver/Inc/stm32h7xx_hal_def.h:29,
                 from ../../Drivers/STM32H7xx_HAL_Driver/Inc/stm32h7xx_hal_rcc.h:27,
                 from ../Core/Inc/stm32h7xx_hal_conf.h:246,
                 from ../../Drivers/STM32H7xx_HAL_Driver/Inc/stm32h7xx_hal.h:29,
                 from ../Core/Inc/main.h:30,
                 from ../Core/Inc/trajectory.h:7,
                 from ../Core/Src/trajectory.c:8:
../../Drivers/CMSIS/Device/ST/STM32H7xx/Include/stm32h7xx.h:207: note: this is the location of the previous definition
  207 | #define SET_BIT(REG, BIT)     ((REG) |= (BIT))
      | 
../Core/Src/ukf.c:40:13: warning: 'mat33_mul' defined but not used [-Wunused-function]
   40 | static void mat33_mul(const double A[NX][NX], const double B[NX][NX], double C[NX][NX])
      |             ^~~~~~~~~
../Core/Src/ukf.c:33:13: warning: 'mat33_sub' defined but not used [-Wunused-function]
   33 | static void mat33_sub(const double A[NX][NX], const double B[NX][NX], double C[NX][NX])
      |             ^~~~~~~~~
../Core/Src/ukf.c:26:13: warning: 'mat33_add' defined but not used [-Wunused-function]
   26 | static void mat33_add(const double A[NX][NX], const double B[NX][NX], double C[NX][NX])
      |             ^~~~~~~~~
arm-none-eabi-g++ -o "AFR_PIL_CM7.elf" @"objects.list"   -mcpu=cortex-m7 -T"C:\Users\nicks\STM32CubeIDE\workspace_1.19.0\AFR_PIL\CM7\STM32H755ZITX_FLASH.ld" --specs=nosys.specs -Wl,-Map="AFR_PIL_CM7.map" -Wl,--gc-sections -static --specs=nano.specs -mfpu=fpv5-d16 -mfloat-abi=hard -mthumb -u _printf_float -u _scanf_float -Wl,--start-group -lc -lm -lstdc++ -lsupc++ -Wl,--end-group
Finished building target: AFR_PIL_CM7.elf
 
arm-none-eabi-size  AFR_PIL_CM7.elf 
arm-none-eabi-objdump -h -S AFR_PIL_CM7.elf  > "AFR_PIL_CM7.list"
   text	   data	    bss	    dec	    hex	filename
 265816	  65760	 180600	 512176	  7d0b0	AFR_PIL_CM7.elf
Finished building: default.size.stdout
 
Finished building: AFR_PIL_CM7.list
 

13:52:51 Build Finished. 0 errors, 7 warnings. (took 3s.125ms)

