02:09:58 **** Incremental Build of configuration Debug for project AFR_PIL_CM7 ****
make -j16 all 
arm-none-eabi-size  AFR_PIL_CM7.elf 
   text	   data	    bss	    dec	    hex	filename
 261240	  65832	 178784	 505856	  7b800	AFR_PIL_CM7.elf
Finished building: default.size.stdout
 
02:10:01 **** Incremental Build of configuration Debug for project AFR_PIL_CM7 ****
make -j16 all 
arm-none-eabi-size  AFR_PIL_CM7.elf 
   text	   data	    bss	    dec	    hex	filename
 261240	  65832	 178784	 505856	  7b800	AFR_PIL_CM7.elf
Finished building: default.size.stdout
 
02:10:43 **** Incremental Build of configuration Debug for project AFR_PIL_CM7 ****
make -j16 all 
arm-none-eabi-size  AFR_PIL_CM7.elf 
   text	   data	    bss	    dec	    hex	filename
 261240	  65832	 178784	 505856	  7b800	AFR_PIL_CM7.elf
Finished building: default.size.stdout
 
02:12:50 **** Incremental Build of configuration Debug for project AFR_PIL_CM7 ****
make -j16 all 
arm-none-eabi-g++ "../Core/Src/control_update_MPC/qpoases/SRC/EXTRAS/SolutionAnalysis.cpp" -mcpu=cortex-m7 -std=gnu++14 -g3 -DDEBUG -DCORE_CM7 -DUSE_HAL_DRIVER -DSTM32H755xx -DUSE_PWR_DIRECT_SMPS_SUPPLY -DUSE_NUCLEO_64 -DSTM32_THREAD_SAFE_STRATEGY=4 -c -I../Core/Inc -I../../Drivers/STM32H7xx_HAL_Driver/Inc -I../../Drivers/STM32H7xx_HAL_Driver/Inc/Legacy -I../../Drivers/BSP/STM32H7xx_Nucleo -I../../Drivers/CMSIS/Device/ST/STM32H7xx/Include -I../../Drivers/CMSIS/Include -I../../Middlewares/Third_Party/FreeRTOS/Source/include -I../../Middlewares/Third_Party/FreeRTOS/Source/CMSIS_RTOS_V2 -I../../Middlewares/Third_Party/FreeRTOS/Source/portable/GCC/ARM_CM4F -I"C:/Users/nicks/STM32CubeIDE/workspace_1.19.0/AFR_PIL/CM7/Core/Src/control_update_MPC" -I"C:/Users/nicks/STM32CubeIDE/workspace_1.19.0/AFR_PIL/CM7/Core/Src/control_update_MPC/qpoases" -I"C:/Users/nicks/STM32CubeIDE/workspace_1.19.0/AFR_PIL/CM7/Core/Src/control_update_MPC/qpoases/SRC" -I"C:/Users/nicks/STM32CubeIDE/workspace_1.19.0/AFR_PIL/CM7/Core/Src/control_update_MPC/qpoases/INCLUDE" -I../Core/ThreadSafe -I"C:/Users/nicks/STM32CubeIDE/workspace_1.19.0/AFR_PIL/CM7/Core/Include" -I"C:/Users/nicks/STM32CubeIDE/workspace_1.19.0/AFR_PIL/CM7/Core/Include/dsp" -O0 -ffunction-sections -fdata-sections -fno-exceptions -fno-rtti -fno-use-cxa-atexit -Wall -fstack-usage -fcyclomatic-complexity -MMD -MP -MF"Core/Src/control_update_MPC/qpoases/SRC/EXTRAS/SolutionAnalysis.d" -MT"Core/Src/control_update_MPC/qpoases/SRC/EXTRAS/SolutionAnalysis.o" --specs=nano.specs -mfpu=fpv5-d16 -mfloat-abi=hard -mthumb -o "Core/Src/control_update_MPC/qpoases/SRC/EXTRAS/SolutionAnalysis.o"
arm-none-eabi-g++ "../Core/Src/control_update_MPC/qpoases/SRC/Bounds.cpp" -mcpu=cortex-m7 -std=gnu++14 -g3 -DDEBUG -DCORE_CM7 -DUSE_HAL_DRIVER -DSTM32H755xx -DUSE_PWR_DIRECT_SMPS_SUPPLY -DUSE_NUCLEO_64 -DSTM32_THREAD_SAFE_STRATEGY=4 -c -I../Core/Inc -I../../Drivers/STM32H7xx_HAL_Driver/Inc -I../../Drivers/STM32H7xx_HAL_Driver/Inc/Legacy -I../../Drivers/BSP/STM32H7xx_Nucleo -I../../Drivers/CMSIS/Device/ST/STM32H7xx/Include -I../../Drivers/CMSIS/Include -I../../Middlewares/Third_Party/FreeRTOS/Source/include -I../../Middlewares/Third_Party/FreeRTOS/Source/CMSIS_RTOS_V2 -I../../Middlewares/Third_Party/FreeRTOS/Source/portable/GCC/ARM_CM4F -I"C:/Users/nicks/STM32CubeIDE/workspace_1.19.0/AFR_PIL/CM7/Core/Src/control_update_MPC" -I"C:/Users/nicks/STM32CubeIDE/workspace_1.19.0/AFR_PIL/CM7/Core/Src/control_update_MPC/qpoases" -I"C:/Users/nicks/STM32CubeIDE/workspace_1.19.0/AFR_PIL/CM7/Core/Src/control_update_MPC/qpoases/SRC" -I"C:/Users/nicks/STM32CubeIDE/workspace_1.19.0/AFR_PIL/CM7/Core/Src/control_update_MPC/qpoases/INCLUDE" -I../Core/ThreadSafe -I"C:/Users/nicks/STM32CubeIDE/workspace_1.19.0/AFR_PIL/CM7/Core/Include" -I"C:/Users/nicks/STM32CubeIDE/workspace_1.19.0/AFR_PIL/CM7/Core/Include/dsp" -O0 -ffunction-sections -fdata-sections -fno-exceptions -fno-rtti -fno-use-cxa-atexit -Wall -fstack-usage -fcyclomatic-complexity -MMD -MP -MF"Core/Src/control_update_MPC/qpoases/SRC/Bounds.d" -MT"Core/Src/control_update_MPC/qpoases/SRC/Bounds.o" --specs=nano.specs -mfpu=fpv5-d16 -mfloat-abi=hard -mthumb -o "Core/Src/control_update_MPC/qpoases/SRC/Bounds.o"
arm-none-eabi-g++ "../Core/Src/control_update_MPC/qpoases/SRC/Constraints.cpp" -mcpu=cortex-m7 -std=gnu++14 -g3 -DDEBUG -DCORE_CM7 -DUSE_HAL_DRIVER -DSTM32H755xx -DUSE_PWR_DIRECT_SMPS_SUPPLY -DUSE_NUCLEO_64 -DSTM32_THREAD_SAFE_STRATEGY=4 -c -I../Core/Inc -I../../Drivers/STM32H7xx_HAL_Driver/Inc -I../../Drivers/STM32H7xx_HAL_Driver/Inc/Legacy -I../../Drivers/BSP/STM32H7xx_Nucleo -I../../Drivers/CMSIS/Device/ST/STM32H7xx/Include -I../../Drivers/CMSIS/Include -I../../Middlewares/Third_Party/FreeRTOS/Source/include -I../../Middlewares/Third_Party/FreeRTOS/Source/CMSIS_RTOS_V2 -I../../Middlewares/Third_Party/FreeRTOS/Source/portable/GCC/ARM_CM4F -I"C:/Users/nicks/STM32CubeIDE/workspace_1.19.0/AFR_PIL/CM7/Core/Src/control_update_MPC" -I"C:/Users/nicks/STM32CubeIDE/workspace_1.19.0/AFR_PIL/CM7/Core/Src/control_update_MPC/qpoases" -I"C:/Users/nicks/STM32CubeIDE/workspace_1.19.0/AFR_PIL/CM7/Core/Src/control_update_MPC/qpoases/SRC" -I"C:/Users/nicks/STM32CubeIDE/workspace_1.19.0/AFR_PIL/CM7/Core/Src/control_update_MPC/qpoases/INCLUDE" -I../Core/ThreadSafe -I"C:/Users/nicks/STM32CubeIDE/workspace_1.19.0/AFR_PIL/CM7/Core/Include" -I"C:/Users/nicks/STM32CubeIDE/workspace_1.19.0/AFR_PIL/CM7/Core/Include/dsp" -O0 -ffunction-sections -fdata-sections -fno-exceptions -fno-rtti -fno-use-cxa-atexit -Wall -fstack-usage -fcyclomatic-complexity -MMD -MP -MF"Core/Src/control_update_MPC/qpoases/SRC/Constraints.d" -MT"Core/Src/control_update_MPC/qpoases/SRC/Constraints.o" --specs=nano.specs -mfpu=fpv5-d16 -mfloat-abi=hard -mthumb -o "Core/Src/control_update_MPC/qpoases/SRC/Constraints.o"
arm-none-eabi-g++ "../Core/Src/control_update_MPC/qpoases/SRC/CyclingManager.cpp" -mcpu=cortex-m7 -std=gnu++14 -g3 -DDEBUG -DCORE_CM7 -DUSE_HAL_DRIVER -DSTM32H755xx -DUSE_PWR_DIRECT_SMPS_SUPPLY -DUSE_NUCLEO_64 -DSTM32_THREAD_SAFE_STRATEGY=4 -c -I../Core/Inc -I../../Drivers/STM32H7xx_HAL_Driver/Inc -I../../Drivers/STM32H7xx_HAL_Driver/Inc/Legacy -I../../Drivers/BSP/STM32H7xx_Nucleo -I../../Drivers/CMSIS/Device/ST/STM32H7xx/Include -I../../Drivers/CMSIS/Include -I../../Middlewares/Third_Party/FreeRTOS/Source/include -I../../Middlewares/Third_Party/FreeRTOS/Source/CMSIS_RTOS_V2 -I../../Middlewares/Third_Party/FreeRTOS/Source/portable/GCC/ARM_CM4F -I"C:/Users/nicks/STM32CubeIDE/workspace_1.19.0/AFR_PIL/CM7/Core/Src/control_update_MPC" -I"C:/Users/nicks/STM32CubeIDE/workspace_1.19.0/AFR_PIL/CM7/Core/Src/control_update_MPC/qpoases" -I"C:/Users/nicks/STM32CubeIDE/workspace_1.19.0/AFR_PIL/CM7/Core/Src/control_update_MPC/qpoases/SRC" -I"C:/Users/nicks/STM32CubeIDE/workspace_1.19.0/AFR_PIL/CM7/Core/Src/control_update_MPC/qpoases/INCLUDE" -I../Core/ThreadSafe -I"C:/Users/nicks/STM32CubeIDE/workspace_1.19.0/AFR_PIL/CM7/Core/Include" -I"C:/Users/nicks/STM32CubeIDE/workspace_1.19.0/AFR_PIL/CM7/Core/Include/dsp" -O0 -ffunction-sections -fdata-sections -fno-exceptions -fno-rtti -fno-use-cxa-atexit -Wall -fstack-usage -fcyclomatic-complexity -MMD -MP -MF"Core/Src/control_update_MPC/qpoases/SRC/CyclingManager.d" -MT"Core/Src/control_update_MPC/qpoases/SRC/CyclingManager.o" --specs=nano.specs -mfpu=fpv5-d16 -mfloat-abi=hard -mthumb -o "Core/Src/control_update_MPC/qpoases/SRC/CyclingManager.o"
arm-none-eabi-g++ "../Core/Src/control_update_MPC/qpoases/SRC/Indexlist.cpp" -mcpu=cortex-m7 -std=gnu++14 -g3 -DDEBUG -DCORE_CM7 -DUSE_HAL_DRIVER -DSTM32H755xx -DUSE_PWR_DIRECT_SMPS_SUPPLY -DUSE_NUCLEO_64 -DSTM32_THREAD_SAFE_STRATEGY=4 -c -I../Core/Inc -I../../Drivers/STM32H7xx_HAL_Driver/Inc -I../../Drivers/STM32H7xx_HAL_Driver/Inc/Legacy -I../../Drivers/BSP/STM32H7xx_Nucleo -I../../Drivers/CMSIS/Device/ST/STM32H7xx/Include -I../../Drivers/CMSIS/Include -I../../Middlewares/Third_Party/FreeRTOS/Source/include -I../../Middlewares/Third_Party/FreeRTOS/Source/CMSIS_RTOS_V2 -I../../Middlewares/Third_Party/FreeRTOS/Source/portable/GCC/ARM_CM4F -I"C:/Users/nicks/STM32CubeIDE/workspace_1.19.0/AFR_PIL/CM7/Core/Src/control_update_MPC" -I"C:/Users/nicks/STM32CubeIDE/workspace_1.19.0/AFR_PIL/CM7/Core/Src/control_update_MPC/qpoases" -I"C:/Users/nicks/STM32CubeIDE/workspace_1.19.0/AFR_PIL/CM7/Core/Src/control_update_MPC/qpoases/SRC" -I"C:/Users/nicks/STM32CubeIDE/workspace_1.19.0/AFR_PIL/CM7/Core/Src/control_update_MPC/qpoases/INCLUDE" -I../Core/ThreadSafe -I"C:/Users/nicks/STM32CubeIDE/workspace_1.19.0/AFR_PIL/CM7/Core/Include" -I"C:/Users/nicks/STM32CubeIDE/workspace_1.19.0/AFR_PIL/CM7/Core/Include/dsp" -O0 -ffunction-sections -fdata-sections -fno-exceptions -fno-rtti -fno-use-cxa-atexit -Wall -fstack-usage -fcyclomatic-complexity -MMD -MP -MF"Core/Src/control_update_MPC/qpoases/SRC/Indexlist.d" -MT"Core/Src/control_update_MPC/qpoases/SRC/Indexlist.o" --specs=nano.specs -mfpu=fpv5-d16 -mfloat-abi=hard -mthumb -o "Core/Src/control_update_MPC/qpoases/SRC/Indexlist.o"
arm-none-eabi-g++ "../Core/Src/control_update_MPC/qpoases/SRC/MessageHandling.cpp" -mcpu=cortex-m7 -std=gnu++14 -g3 -DDEBUG -DCORE_CM7 -DUSE_HAL_DRIVER -DSTM32H755xx -DUSE_PWR_DIRECT_SMPS_SUPPLY -DUSE_NUCLEO_64 -DSTM32_THREAD_SAFE_STRATEGY=4 -c -I../Core/Inc -I../../Drivers/STM32H7xx_HAL_Driver/Inc -I../../Drivers/STM32H7xx_HAL_Driver/Inc/Legacy -I../../Drivers/BSP/STM32H7xx_Nucleo -I../../Drivers/CMSIS/Device/ST/STM32H7xx/Include -I../../Drivers/CMSIS/Include -I../../Middlewares/Third_Party/FreeRTOS/Source/include -I../../Middlewares/Third_Party/FreeRTOS/Source/CMSIS_RTOS_V2 -I../../Middlewares/Third_Party/FreeRTOS/Source/portable/GCC/ARM_CM4F -I"C:/Users/nicks/STM32CubeIDE/workspace_1.19.0/AFR_PIL/CM7/Core/Src/control_update_MPC" -I"C:/Users/nicks/STM32CubeIDE/workspace_1.19.0/AFR_PIL/CM7/Core/Src/control_update_MPC/qpoases" -I"C:/Users/nicks/STM32CubeIDE/workspace_1.19.0/AFR_PIL/CM7/Core/Src/control_update_MPC/qpoases/SRC" -I"C:/Users/nicks/STM32CubeIDE/workspace_1.19.0/AFR_PIL/CM7/Core/Src/control_update_MPC/qpoases/INCLUDE" -I../Core/ThreadSafe -I"C:/Users/nicks/STM32CubeIDE/workspace_1.19.0/AFR_PIL/CM7/Core/Include" -I"C:/Users/nicks/STM32CubeIDE/workspace_1.19.0/AFR_PIL/CM7/Core/Include/dsp" -O0 -ffunction-sections -fdata-sections -fno-exceptions -fno-rtti -fno-use-cxa-atexit -Wall -fstack-usage -fcyclomatic-complexity -MMD -MP -MF"Core/Src/control_update_MPC/qpoases/SRC/MessageHandling.d" -MT"Core/Src/control_update_MPC/qpoases/SRC/MessageHandling.o" --specs=nano.specs -mfpu=fpv5-d16 -mfloat-abi=hard -mthumb -o "Core/Src/control_update_MPC/qpoases/SRC/MessageHandling.o"
arm-none-eabi-g++ "../Core/Src/control_update_MPC/qpoases/SRC/QProblem.cpp" -mcpu=cortex-m7 -std=gnu++14 -g3 -DDEBUG -DCORE_CM7 -DUSE_HAL_DRIVER -DSTM32H755xx -DUSE_PWR_DIRECT_SMPS_SUPPLY -DUSE_NUCLEO_64 -DSTM32_THREAD_SAFE_STRATEGY=4 -c -I../Core/Inc -I../../Drivers/STM32H7xx_HAL_Driver/Inc -I../../Drivers/STM32H7xx_HAL_Driver/Inc/Legacy -I../../Drivers/BSP/STM32H7xx_Nucleo -I../../Drivers/CMSIS/Device/ST/STM32H7xx/Include -I../../Drivers/CMSIS/Include -I../../Middlewares/Third_Party/FreeRTOS/Source/include -I../../Middlewares/Third_Party/FreeRTOS/Source/CMSIS_RTOS_V2 -I../../Middlewares/Third_Party/FreeRTOS/Source/portable/GCC/ARM_CM4F -I"C:/Users/nicks/STM32CubeIDE/workspace_1.19.0/AFR_PIL/CM7/Core/Src/control_update_MPC" -I"C:/Users/nicks/STM32CubeIDE/workspace_1.19.0/AFR_PIL/CM7/Core/Src/control_update_MPC/qpoases" -I"C:/Users/nicks/STM32CubeIDE/workspace_1.19.0/AFR_PIL/CM7/Core/Src/control_update_MPC/qpoases/SRC" -I"C:/Users/nicks/STM32CubeIDE/workspace_1.19.0/AFR_PIL/CM7/Core/Src/control_update_MPC/qpoases/INCLUDE" -I../Core/ThreadSafe -I"C:/Users/nicks/STM32CubeIDE/workspace_1.19.0/AFR_PIL/CM7/Core/Include" -I"C:/Users/nicks/STM32CubeIDE/workspace_1.19.0/AFR_PIL/CM7/Core/Include/dsp" -O0 -ffunction-sections -fdata-sections -fno-exceptions -fno-rtti -fno-use-cxa-atexit -Wall -fstack-usage -fcyclomatic-complexity -MMD -MP -MF"Core/Src/control_update_MPC/qpoases/SRC/QProblem.d" -MT"Core/Src/control_update_MPC/qpoases/SRC/QProblem.o" --specs=nano.specs -mfpu=fpv5-d16 -mfloat-abi=hard -mthumb -o "Core/Src/control_update_MPC/qpoases/SRC/QProblem.o"
arm-none-eabi-g++ "../Core/Src/control_update_MPC/qpoases/SRC/QProblemB.cpp" -mcpu=cortex-m7 -std=gnu++14 -g3 -DDEBUG -DCORE_CM7 -DUSE_HAL_DRIVER -DSTM32H755xx -DUSE_PWR_DIRECT_SMPS_SUPPLY -DUSE_NUCLEO_64 -DSTM32_THREAD_SAFE_STRATEGY=4 -c -I../Core/Inc -I../../Drivers/STM32H7xx_HAL_Driver/Inc -I../../Drivers/STM32H7xx_HAL_Driver/Inc/Legacy -I../../Drivers/BSP/STM32H7xx_Nucleo -I../../Drivers/CMSIS/Device/ST/STM32H7xx/Include -I../../Drivers/CMSIS/Include -I../../Middlewares/Third_Party/FreeRTOS/Source/include -I../../Middlewares/Third_Party/FreeRTOS/Source/CMSIS_RTOS_V2 -I../../Middlewares/Third_Party/FreeRTOS/Source/portable/GCC/ARM_CM4F -I"C:/Users/nicks/STM32CubeIDE/workspace_1.19.0/AFR_PIL/CM7/Core/Src/control_update_MPC" -I"C:/Users/nicks/STM32CubeIDE/workspace_1.19.0/AFR_PIL/CM7/Core/Src/control_update_MPC/qpoases" -I"C:/Users/nicks/STM32CubeIDE/workspace_1.19.0/AFR_PIL/CM7/Core/Src/control_update_MPC/qpoases/SRC" -I"C:/Users/nicks/STM32CubeIDE/workspace_1.19.0/AFR_PIL/CM7/Core/Src/control_update_MPC/qpoases/INCLUDE" -I../Core/ThreadSafe -I"C:/Users/nicks/STM32CubeIDE/workspace_1.19.0/AFR_PIL/CM7/Core/Include" -I"C:/Users/nicks/STM32CubeIDE/workspace_1.19.0/AFR_PIL/CM7/Core/Include/dsp" -O0 -ffunction-sections -fdata-sections -fno-exceptions -fno-rtti -fno-use-cxa-atexit -Wall -fstack-usage -fcyclomatic-complexity -MMD -MP -MF"Core/Src/control_update_MPC/qpoases/SRC/QProblemB.d" -MT"Core/Src/control_update_MPC/qpoases/SRC/QProblemB.o" --specs=nano.specs -mfpu=fpv5-d16 -mfloat-abi=hard -mthumb -o "Core/Src/control_update_MPC/qpoases/SRC/QProblemB.o"
arm-none-eabi-g++ "../Core/Src/control_update_MPC/qpoases/SRC/SubjectTo.cpp" -mcpu=cortex-m7 -std=gnu++14 -g3 -DDEBUG -DCORE_CM7 -DUSE_HAL_DRIVER -DSTM32H755xx -DUSE_PWR_DIRECT_SMPS_SUPPLY -DUSE_NUCLEO_64 -DSTM32_THREAD_SAFE_STRATEGY=4 -c -I../Core/Inc -I../../Drivers/STM32H7xx_HAL_Driver/Inc -I../../Drivers/STM32H7xx_HAL_Driver/Inc/Legacy -I../../Drivers/BSP/STM32H7xx_Nucleo -I../../Drivers/CMSIS/Device/ST/STM32H7xx/Include -I../../Drivers/CMSIS/Include -I../../Middlewares/Third_Party/FreeRTOS/Source/include -I../../Middlewares/Third_Party/FreeRTOS/Source/CMSIS_RTOS_V2 -I../../Middlewares/Third_Party/FreeRTOS/Source/portable/GCC/ARM_CM4F -I"C:/Users/nicks/STM32CubeIDE/workspace_1.19.0/AFR_PIL/CM7/Core/Src/control_update_MPC" -I"C:/Users/nicks/STM32CubeIDE/workspace_1.19.0/AFR_PIL/CM7/Core/Src/control_update_MPC/qpoases" -I"C:/Users/nicks/STM32CubeIDE/workspace_1.19.0/AFR_PIL/CM7/Core/Src/control_update_MPC/qpoases/SRC" -I"C:/Users/nicks/STM32CubeIDE/workspace_1.19.0/AFR_PIL/CM7/Core/Src/control_update_MPC/qpoases/INCLUDE" -I../Core/ThreadSafe -I"C:/Users/nicks/STM32CubeIDE/workspace_1.19.0/AFR_PIL/CM7/Core/Include" -I"C:/Users/nicks/STM32CubeIDE/workspace_1.19.0/AFR_PIL/CM7/Core/Include/dsp" -O0 -ffunction-sections -fdata-sections -fno-exceptions -fno-rtti -fno-use-cxa-atexit -Wall -fstack-usage -fcyclomatic-complexity -MMD -MP -MF"Core/Src/control_update_MPC/qpoases/SRC/SubjectTo.d" -MT"Core/Src/control_update_MPC/qpoases/SRC/SubjectTo.o" --specs=nano.specs -mfpu=fpv5-d16 -mfloat-abi=hard -mthumb -o "Core/Src/control_update_MPC/qpoases/SRC/SubjectTo.o"
arm-none-eabi-g++ "../Core/Src/control_update_MPC/qpoases/SRC/Utils.cpp" -mcpu=cortex-m7 -std=gnu++14 -g3 -DDEBUG -DCORE_CM7 -DUSE_HAL_DRIVER -DSTM32H755xx -DUSE_PWR_DIRECT_SMPS_SUPPLY -DUSE_NUCLEO_64 -DSTM32_THREAD_SAFE_STRATEGY=4 -c -I../Core/Inc -I../../Drivers/STM32H7xx_HAL_Driver/Inc -I../../Drivers/STM32H7xx_HAL_Driver/Inc/Legacy -I../../Drivers/BSP/STM32H7xx_Nucleo -I../../Drivers/CMSIS/Device/ST/STM32H7xx/Include -I../../Drivers/CMSIS/Include -I../../Middlewares/Third_Party/FreeRTOS/Source/include -I../../Middlewares/Third_Party/FreeRTOS/Source/CMSIS_RTOS_V2 -I../../Middlewares/Third_Party/FreeRTOS/Source/portable/GCC/ARM_CM4F -I"C:/Users/nicks/STM32CubeIDE/workspace_1.19.0/AFR_PIL/CM7/Core/Src/control_update_MPC" -I"C:/Users/nicks/STM32CubeIDE/workspace_1.19.0/AFR_PIL/CM7/Core/Src/control_update_MPC/qpoases" -I"C:/Users/nicks/STM32CubeIDE/workspace_1.19.0/AFR_PIL/CM7/Core/Src/control_update_MPC/qpoases/SRC" -I"C:/Users/nicks/STM32CubeIDE/workspace_1.19.0/AFR_PIL/CM7/Core/Src/control_update_MPC/qpoases/INCLUDE" -I../Core/ThreadSafe -I"C:/Users/nicks/STM32CubeIDE/workspace_1.19.0/AFR_PIL/CM7/Core/Include" -I"C:/Users/nicks/STM32CubeIDE/workspace_1.19.0/AFR_PIL/CM7/Core/Include/dsp" -O0 -ffunction-sections -fdata-sections -fno-exceptions -fno-rtti -fno-use-cxa-atexit -Wall -fstack-usage -fcyclomatic-complexity -MMD -MP -MF"Core/Src/control_update_MPC/qpoases/SRC/Utils.d" -MT"Core/Src/control_update_MPC/qpoases/SRC/Utils.o" --specs=nano.specs -mfpu=fpv5-d16 -mfloat-abi=hard -mthumb -o "Core/Src/control_update_MPC/qpoases/SRC/Utils.o"
arm-none-eabi-gcc "../Core/Src/control_update_MPC/acado_auxiliary_functions.c" -mcpu=cortex-m7 -std=gnu11 -g3 -DDEBUG -DCORE_CM7 -DUSE_HAL_DRIVER -DSTM32H755xx -DUSE_PWR_DIRECT_SMPS_SUPPLY -DUSE_NUCLEO_64 -DSTM32_THREAD_SAFE_STRATEGY=4 -c -I../Core/Inc -I../../Drivers/STM32H7xx_HAL_Driver/Inc -I../../Drivers/STM32H7xx_HAL_Driver/Inc/Legacy -I../../Drivers/BSP/STM32H7xx_Nucleo -I../../Drivers/CMSIS/Device/ST/STM32H7xx/Include -I../../Drivers/CMSIS/Include -I../../Middlewares/Third_Party/FreeRTOS/Source/include -I../../Middlewares/Third_Party/FreeRTOS/Source/CMSIS_RTOS_V2 -I../../Middlewares/Third_Party/FreeRTOS/Source/portable/GCC/ARM_CM4F -I"C:/Users/nicks/STM32CubeIDE/workspace_1.19.0/AFR_PIL/CM7/Core/Src/control_update_MPC" -I"C:/Users/nicks/STM32CubeIDE/workspace_1.19.0/AFR_PIL/CM7/Core/Src/control_update_MPC/qpoases" -I"C:/Users/nicks/STM32CubeIDE/workspace_1.19.0/AFR_PIL/CM7/Core/Src/control_update_MPC/qpoases/SRC" -I"C:/Users/nicks/STM32CubeIDE/workspace_1.19.0/AFR_PIL/CM7/Core/Src/control_update_MPC/qpoases/INCLUDE" -I../Core/ThreadSafe -I"C:/Users/nicks/STM32CubeIDE/workspace_1.19.0/AFR_PIL/CM7/Core/Include" -I"C:/Users/nicks/STM32CubeIDE/workspace_1.19.0/AFR_PIL/CM7/Core/Include/dsp" -O0 -ffunction-sections -fdata-sections -Wall -fstack-usage -fcyclomatic-complexity -MMD -MP -MF"Core/Src/control_update_MPC/acado_auxiliary_functions.d" -MT"Core/Src/control_update_MPC/acado_auxiliary_functions.o" --specs=nano.specs -mfpu=fpv5-d16 -mfloat-abi=hard -mthumb -o "Core/Src/control_update_MPC/acado_auxiliary_functions.o"
arm-none-eabi-gcc "../Core/Src/control_update_MPC/acado_integrator.c" -mcpu=cortex-m7 -std=gnu11 -g3 -DDEBUG -DCORE_CM7 -DUSE_HAL_DRIVER -DSTM32H755xx -DUSE_PWR_DIRECT_SMPS_SUPPLY -DUSE_NUCLEO_64 -DSTM32_THREAD_SAFE_STRATEGY=4 -c -I../Core/Inc -I../../Drivers/STM32H7xx_HAL_Driver/Inc -I../../Drivers/STM32H7xx_HAL_Driver/Inc/Legacy -I../../Drivers/BSP/STM32H7xx_Nucleo -I../../Drivers/CMSIS/Device/ST/STM32H7xx/Include -I../../Drivers/CMSIS/Include -I../../Middlewares/Third_Party/FreeRTOS/Source/include -I../../Middlewares/Third_Party/FreeRTOS/Source/CMSIS_RTOS_V2 -I../../Middlewares/Third_Party/FreeRTOS/Source/portable/GCC/ARM_CM4F -I"C:/Users/nicks/STM32CubeIDE/workspace_1.19.0/AFR_PIL/CM7/Core/Src/control_update_MPC" -I"C:/Users/nicks/STM32CubeIDE/workspace_1.19.0/AFR_PIL/CM7/Core/Src/control_update_MPC/qpoases" -I"C:/Users/nicks/STM32CubeIDE/workspace_1.19.0/AFR_PIL/CM7/Core/Src/control_update_MPC/qpoases/SRC" -I"C:/Users/nicks/STM32CubeIDE/workspace_1.19.0/AFR_PIL/CM7/Core/Src/control_update_MPC/qpoases/INCLUDE" -I../Core/ThreadSafe -I"C:/Users/nicks/STM32CubeIDE/workspace_1.19.0/AFR_PIL/CM7/Core/Include" -I"C:/Users/nicks/STM32CubeIDE/workspace_1.19.0/AFR_PIL/CM7/Core/Include/dsp" -O0 -ffunction-sections -fdata-sections -Wall -fstack-usage -fcyclomatic-complexity -MMD -MP -MF"Core/Src/control_update_MPC/acado_integrator.d" -MT"Core/Src/control_update_MPC/acado_integrator.o" --specs=nano.specs -mfpu=fpv5-d16 -mfloat-abi=hard -mthumb -o "Core/Src/control_update_MPC/acado_integrator.o"
arm-none-eabi-g++ "../Core/Src/control_update_MPC/acado_qpoases_interface.cpp" -mcpu=cortex-m7 -std=gnu++14 -g3 -DDEBUG -DCORE_CM7 -DUSE_HAL_DRIVER -DSTM32H755xx -DUSE_PWR_DIRECT_SMPS_SUPPLY -DUSE_NUCLEO_64 -DSTM32_THREAD_SAFE_STRATEGY=4 -c -I../Core/Inc -I../../Drivers/STM32H7xx_HAL_Driver/Inc -I../../Drivers/STM32H7xx_HAL_Driver/Inc/Legacy -I../../Drivers/BSP/STM32H7xx_Nucleo -I../../Drivers/CMSIS/Device/ST/STM32H7xx/Include -I../../Drivers/CMSIS/Include -I../../Middlewares/Third_Party/FreeRTOS/Source/include -I../../Middlewares/Third_Party/FreeRTOS/Source/CMSIS_RTOS_V2 -I../../Middlewares/Third_Party/FreeRTOS/Source/portable/GCC/ARM_CM4F -I"C:/Users/nicks/STM32CubeIDE/workspace_1.19.0/AFR_PIL/CM7/Core/Src/control_update_MPC" -I"C:/Users/nicks/STM32CubeIDE/workspace_1.19.0/AFR_PIL/CM7/Core/Src/control_update_MPC/qpoases" -I"C:/Users/nicks/STM32CubeIDE/workspace_1.19.0/AFR_PIL/CM7/Core/Src/control_update_MPC/qpoases/SRC" -I"C:/Users/nicks/STM32CubeIDE/workspace_1.19.0/AFR_PIL/CM7/Core/Src/control_update_MPC/qpoases/INCLUDE" -I../Core/ThreadSafe -I"C:/Users/nicks/STM32CubeIDE/workspace_1.19.0/AFR_PIL/CM7/Core/Include" -I"C:/Users/nicks/STM32CubeIDE/workspace_1.19.0/AFR_PIL/CM7/Core/Include/dsp" -O0 -ffunction-sections -fdata-sections -fno-exceptions -fno-rtti -fno-use-cxa-atexit -Wall -fstack-usage -fcyclomatic-complexity -MMD -MP -MF"Core/Src/control_update_MPC/acado_qpoases_interface.d" -MT"Core/Src/control_update_MPC/acado_qpoases_interface.o" --specs=nano.specs -mfpu=fpv5-d16 -mfloat-abi=hard -mthumb -o "Core/Src/control_update_MPC/acado_qpoases_interface.o"
arm-none-eabi-gcc "../Core/Src/control_update_MPC/acado_solver.c" -mcpu=cortex-m7 -std=gnu11 -g3 -DDEBUG -DCORE_CM7 -DUSE_HAL_DRIVER -DSTM32H755xx -DUSE_PWR_DIRECT_SMPS_SUPPLY -DUSE_NUCLEO_64 -DSTM32_THREAD_SAFE_STRATEGY=4 -c -I../Core/Inc -I../../Drivers/STM32H7xx_HAL_Driver/Inc -I../../Drivers/STM32H7xx_HAL_Driver/Inc/Legacy -I../../Drivers/BSP/STM32H7xx_Nucleo -I../../Drivers/CMSIS/Device/ST/STM32H7xx/Include -I../../Drivers/CMSIS/Include -I../../Middlewares/Third_Party/FreeRTOS/Source/include -I../../Middlewares/Third_Party/FreeRTOS/Source/CMSIS_RTOS_V2 -I../../Middlewares/Third_Party/FreeRTOS/Source/portable/GCC/ARM_CM4F -I"C:/Users/nicks/STM32CubeIDE/workspace_1.19.0/AFR_PIL/CM7/Core/Src/control_update_MPC" -I"C:/Users/nicks/STM32CubeIDE/workspace_1.19.0/AFR_PIL/CM7/Core/Src/control_update_MPC/qpoases" -I"C:/Users/nicks/STM32CubeIDE/workspace_1.19.0/AFR_PIL/CM7/Core/Src/control_update_MPC/qpoases/SRC" -I"C:/Users/nicks/STM32CubeIDE/workspace_1.19.0/AFR_PIL/CM7/Core/Src/control_update_MPC/qpoases/INCLUDE" -I../Core/ThreadSafe -I"C:/Users/nicks/STM32CubeIDE/workspace_1.19.0/AFR_PIL/CM7/Core/Include" -I"C:/Users/nicks/STM32CubeIDE/workspace_1.19.0/AFR_PIL/CM7/Core/Include/dsp" -O0 -ffunction-sections -fdata-sections -Wall -fstack-usage -fcyclomatic-complexity -MMD -MP -MF"Core/Src/control_update_MPC/acado_solver.d" -MT"Core/Src/control_update_MPC/acado_solver.o" --specs=nano.specs -mfpu=fpv5-d16 -mfloat-abi=hard -mthumb -o "Core/Src/control_update_MPC/acado_solver.o"
arm-none-eabi-gcc "../Core/Src/freertos.c" -mcpu=cortex-m7 -std=gnu11 -g3 -DDEBUG -DCORE_CM7 -DUSE_HAL_DRIVER -DSTM32H755xx -DUSE_PWR_DIRECT_SMPS_SUPPLY -DUSE_NUCLEO_64 -DSTM32_THREAD_SAFE_STRATEGY=4 -c -I../Core/Inc -I../../Drivers/STM32H7xx_HAL_Driver/Inc -I../../Drivers/STM32H7xx_HAL_Driver/Inc/Legacy -I../../Drivers/BSP/STM32H7xx_Nucleo -I../../Drivers/CMSIS/Device/ST/STM32H7xx/Include -I../../Drivers/CMSIS/Include -I../../Middlewares/Third_Party/FreeRTOS/Source/include -I../../Middlewares/Third_Party/FreeRTOS/Source/CMSIS_RTOS_V2 -I../../Middlewares/Third_Party/FreeRTOS/Source/portable/GCC/ARM_CM4F -I"C:/Users/nicks/STM32CubeIDE/workspace_1.19.0/AFR_PIL/CM7/Core/Src/control_update_MPC" -I"C:/Users/nicks/STM32CubeIDE/workspace_1.19.0/AFR_PIL/CM7/Core/Src/control_update_MPC/qpoases" -I"C:/Users/nicks/STM32CubeIDE/workspace_1.19.0/AFR_PIL/CM7/Core/Src/control_update_MPC/qpoases/SRC" -I"C:/Users/nicks/STM32CubeIDE/workspace_1.19.0/AFR_PIL/CM7/Core/Src/control_update_MPC/qpoases/INCLUDE" -I../Core/ThreadSafe -I"C:/Users/nicks/STM32CubeIDE/workspace_1.19.0/AFR_PIL/CM7/Core/Include" -I"C:/Users/nicks/STM32CubeIDE/workspace_1.19.0/AFR_PIL/CM7/Core/Include/dsp" -O0 -ffunction-sections -fdata-sections -Wall -fstack-usage -fcyclomatic-complexity -MMD -MP -MF"Core/Src/freertos.d" -MT"Core/Src/freertos.o" --specs=nano.specs -mfpu=fpv5-d16 -mfloat-abi=hard -mthumb -o "Core/Src/freertos.o"
arm-none-eabi-gcc "../Core/Src/main.c" -mcpu=cortex-m7 -std=gnu11 -g3 -DDEBUG -DCORE_CM7 -DUSE_HAL_DRIVER -DSTM32H755xx -DUSE_PWR_DIRECT_SMPS_SUPPLY -DUSE_NUCLEO_64 -DSTM32_THREAD_SAFE_STRATEGY=4 -c -I../Core/Inc -I../../Drivers/STM32H7xx_HAL_Driver/Inc -I../../Drivers/STM32H7xx_HAL_Driver/Inc/Legacy -I../../Drivers/BSP/STM32H7xx_Nucleo -I../../Drivers/CMSIS/Device/ST/STM32H7xx/Include -I../../Drivers/CMSIS/Include -I../../Middlewares/Third_Party/FreeRTOS/Source/include -I../../Middlewares/Third_Party/FreeRTOS/Source/CMSIS_RTOS_V2 -I../../Middlewares/Third_Party/FreeRTOS/Source/portable/GCC/ARM_CM4F -I"C:/Users/nicks/STM32CubeIDE/workspace_1.19.0/AFR_PIL/CM7/Core/Src/control_update_MPC" -I"C:/Users/nicks/STM32CubeIDE/workspace_1.19.0/AFR_PIL/CM7/Core/Src/control_update_MPC/qpoases" -I"C:/Users/nicks/STM32CubeIDE/workspace_1.19.0/AFR_PIL/CM7/Core/Src/control_update_MPC/qpoases/SRC" -I"C:/Users/nicks/STM32CubeIDE/workspace_1.19.0/AFR_PIL/CM7/Core/Src/control_update_MPC/qpoases/INCLUDE" -I../Core/ThreadSafe -I"C:/Users/nicks/STM32CubeIDE/workspace_1.19.0/AFR_PIL/CM7/Core/Include" -I"C:/Users/nicks/STM32CubeIDE/workspace_1.19.0/AFR_PIL/CM7/Core/Include/dsp" -O0 -ffunction-sections -fdata-sections -Wall -fstack-usage -fcyclomatic-complexity -MMD -MP -MF"Core/Src/main.d" -MT"Core/Src/main.o" --specs=nano.specs -mfpu=fpv5-d16 -mfloat-abi=hard -mthumb -o "Core/Src/main.o"
../Core/Src/control_update_MPC/acado_solver.c: In function 'acado_evaluatePathConstraints':
../Core/Src/control_update_MPC/acado_solver.c:847:15: warning: unused variable 'xd' [-Wunused-variable]
  847 | const real_t* xd = in;
      |               ^~
arm-none-eabi-gcc "../Core/Src/stm32h7xx_hal_msp.c" -mcpu=cortex-m7 -std=gnu11 -g3 -DDEBUG -DCORE_CM7 -DUSE_HAL_DRIVER -DSTM32H755xx -DUSE_PWR_DIRECT_SMPS_SUPPLY -DUSE_NUCLEO_64 -DSTM32_THREAD_SAFE_STRATEGY=4 -c -I../Core/Inc -I../../Drivers/STM32H7xx_HAL_Driver/Inc -I../../Drivers/STM32H7xx_HAL_Driver/Inc/Legacy -I../../Drivers/BSP/STM32H7xx_Nucleo -I../../Drivers/CMSIS/Device/ST/STM32H7xx/Include -I../../Drivers/CMSIS/Include -I../../Middlewares/Third_Party/FreeRTOS/Source/include -I../../Middlewares/Third_Party/FreeRTOS/Source/CMSIS_RTOS_V2 -I../../Middlewares/Third_Party/FreeRTOS/Source/portable/GCC/ARM_CM4F -I"C:/Users/nicks/STM32CubeIDE/workspace_1.19.0/AFR_PIL/CM7/Core/Src/control_update_MPC" -I"C:/Users/nicks/STM32CubeIDE/workspace_1.19.0/AFR_PIL/CM7/Core/Src/control_update_MPC/qpoases" -I"C:/Users/nicks/STM32CubeIDE/workspace_1.19.0/AFR_PIL/CM7/Core/Src/control_update_MPC/qpoases/SRC" -I"C:/Users/nicks/STM32CubeIDE/workspace_1.19.0/AFR_PIL/CM7/Core/Src/control_update_MPC/qpoases/INCLUDE" -I../Core/ThreadSafe -I"C:/Users/nicks/STM32CubeIDE/workspace_1.19.0/AFR_PIL/CM7/Core/Include" -I"C:/Users/nicks/STM32CubeIDE/workspace_1.19.0/AFR_PIL/CM7/Core/Include/dsp" -O0 -ffunction-sections -fdata-sections -Wall -fstack-usage -fcyclomatic-complexity -MMD -MP -MF"Core/Src/stm32h7xx_hal_msp.d" -MT"Core/Src/stm32h7xx_hal_msp.o" --specs=nano.specs -mfpu=fpv5-d16 -mfloat-abi=hard -mthumb -o "Core/Src/stm32h7xx_hal_msp.o"
arm-none-eabi-gcc "../Core/Src/stm32h7xx_it.c" -mcpu=cortex-m7 -std=gnu11 -g3 -DDEBUG -DCORE_CM7 -DUSE_HAL_DRIVER -DSTM32H755xx -DUSE_PWR_DIRECT_SMPS_SUPPLY -DUSE_NUCLEO_64 -DSTM32_THREAD_SAFE_STRATEGY=4 -c -I../Core/Inc -I../../Drivers/STM32H7xx_HAL_Driver/Inc -I../../Drivers/STM32H7xx_HAL_Driver/Inc/Legacy -I../../Drivers/BSP/STM32H7xx_Nucleo -I../../Drivers/CMSIS/Device/ST/STM32H7xx/Include -I../../Drivers/CMSIS/Include -I../../Middlewares/Third_Party/FreeRTOS/Source/include -I../../Middlewares/Third_Party/FreeRTOS/Source/CMSIS_RTOS_V2 -I../../Middlewares/Third_Party/FreeRTOS/Source/portable/GCC/ARM_CM4F -I"C:/Users/nicks/STM32CubeIDE/workspace_1.19.0/AFR_PIL/CM7/Core/Src/control_update_MPC" -I"C:/Users/nicks/STM32CubeIDE/workspace_1.19.0/AFR_PIL/CM7/Core/Src/control_update_MPC/qpoases" -I"C:/Users/nicks/STM32CubeIDE/workspace_1.19.0/AFR_PIL/CM7/Core/Src/control_update_MPC/qpoases/SRC" -I"C:/Users/nicks/STM32CubeIDE/workspace_1.19.0/AFR_PIL/CM7/Core/Src/control_update_MPC/qpoases/INCLUDE" -I../Core/ThreadSafe -I"C:/Users/nicks/STM32CubeIDE/workspace_1.19.0/AFR_PIL/CM7/Core/Include" -I"C:/Users/nicks/STM32CubeIDE/workspace_1.19.0/AFR_PIL/CM7/Core/Include/dsp" -O0 -ffunction-sections -fdata-sections -Wall -fstack-usage -fcyclomatic-complexity -MMD -MP -MF"Core/Src/stm32h7xx_it.d" -MT"Core/Src/stm32h7xx_it.o" --specs=nano.specs -mfpu=fpv5-d16 -mfloat-abi=hard -mthumb -o "Core/Src/stm32h7xx_it.o"
arm-none-eabi-gcc "../Core/Src/trajectory.c" -mcpu=cortex-m7 -std=gnu11 -g3 -DDEBUG -DCORE_CM7 -DUSE_HAL_DRIVER -DSTM32H755xx -DUSE_PWR_DIRECT_SMPS_SUPPLY -DUSE_NUCLEO_64 -DSTM32_THREAD_SAFE_STRATEGY=4 -c -I../Core/Inc -I../../Drivers/STM32H7xx_HAL_Driver/Inc -I../../Drivers/STM32H7xx_HAL_Driver/Inc/Legacy -I../../Drivers/BSP/STM32H7xx_Nucleo -I../../Drivers/CMSIS/Device/ST/STM32H7xx/Include -I../../Drivers/CMSIS/Include -I../../Middlewares/Third_Party/FreeRTOS/Source/include -I../../Middlewares/Third_Party/FreeRTOS/Source/CMSIS_RTOS_V2 -I../../Middlewares/Third_Party/FreeRTOS/Source/portable/GCC/ARM_CM4F -I"C:/Users/nicks/STM32CubeIDE/workspace_1.19.0/AFR_PIL/CM7/Core/Src/control_update_MPC" -I"C:/Users/nicks/STM32CubeIDE/workspace_1.19.0/AFR_PIL/CM7/Core/Src/control_update_MPC/qpoases" -I"C:/Users/nicks/STM32CubeIDE/workspace_1.19.0/AFR_PIL/CM7/Core/Src/control_update_MPC/qpoases/SRC" -I"C:/Users/nicks/STM32CubeIDE/workspace_1.19.0/AFR_PIL/CM7/Core/Src/control_update_MPC/qpoases/INCLUDE" -I../Core/ThreadSafe -I"C:/Users/nicks/STM32CubeIDE/workspace_1.19.0/AFR_PIL/CM7/Core/Include" -I"C:/Users/nicks/STM32CubeIDE/workspace_1.19.0/AFR_PIL/CM7/Core/Include/dsp" -O0 -ffunction-sections -fdata-sections -Wall -fstack-usage -fcyclomatic-complexity -MMD -MP -MF"Core/Src/trajectory.d" -MT"Core/Src/trajectory.o" --specs=nano.specs -mfpu=fpv5-d16 -mfloat-abi=hard -mthumb -o "Core/Src/trajectory.o"
arm-none-eabi-gcc "../Core/Src/ukf.c" -mcpu=cortex-m7 -std=gnu11 -g3 -DDEBUG -DCORE_CM7 -DUSE_HAL_DRIVER -DSTM32H755xx -DUSE_PWR_DIRECT_SMPS_SUPPLY -DUSE_NUCLEO_64 -DSTM32_THREAD_SAFE_STRATEGY=4 -c -I../Core/Inc -I../../Drivers/STM32H7xx_HAL_Driver/Inc -I../../Drivers/STM32H7xx_HAL_Driver/Inc/Legacy -I../../Drivers/BSP/STM32H7xx_Nucleo -I../../Drivers/CMSIS/Device/ST/STM32H7xx/Include -I../../Drivers/CMSIS/Include -I../../Middlewares/Third_Party/FreeRTOS/Source/include -I../../Middlewares/Third_Party/FreeRTOS/Source/CMSIS_RTOS_V2 -I../../Middlewares/Third_Party/FreeRTOS/Source/portable/GCC/ARM_CM4F -I"C:/Users/nicks/STM32CubeIDE/workspace_1.19.0/AFR_PIL/CM7/Core/Src/control_update_MPC" -I"C:/Users/nicks/STM32CubeIDE/workspace_1.19.0/AFR_PIL/CM7/Core/Src/control_update_MPC/qpoases" -I"C:/Users/nicks/STM32CubeIDE/workspace_1.19.0/AFR_PIL/CM7/Core/Src/control_update_MPC/qpoases/SRC" -I"C:/Users/nicks/STM32CubeIDE/workspace_1.19.0/AFR_PIL/CM7/Core/Src/control_update_MPC/qpoases/INCLUDE" -I../Core/ThreadSafe -I"C:/Users/nicks/STM32CubeIDE/workspace_1.19.0/AFR_PIL/CM7/Core/Include" -I"C:/Users/nicks/STM32CubeIDE/workspace_1.19.0/AFR_PIL/CM7/Core/Include/dsp" -O0 -ffunction-sections -fdata-sections -Wall -fstack-usage -fcyclomatic-complexity -MMD -MP -MF"Core/Src/ukf.d" -MT"Core/Src/ukf.o" --specs=nano.specs -mfpu=fpv5-d16 -mfloat-abi=hard -mthumb -o "Core/Src/ukf.o"
../Core/Src/main.c: In function 'handle_line':
../Core/Src/main.c:496:21: warning: unused variable 'wordsLeft1' [-Wunused-variable]
  496 |         UBaseType_t wordsLeft1 = uxTaskGetStackHighWaterMark( NULL );
      |                     ^~~~~~~~~~
../Core/Src/trajectory.c:51: warning: "SET_BIT" redefined
   51 | #define SET_BIT(arr,i)  ((arr)[(i)>>3] |=  (1U<<((i)&7)))
      | 
In file included from ../../Drivers/STM32H7xx_HAL_Driver/Inc/stm32h7xx_hal_def.h:29,
                 from ../../Drivers/STM32H7xx_HAL_Driver/Inc/stm32h7xx_hal_rcc.h:27,
                 from ../Core/Inc/stm32h7xx_hal_conf.h:246,
                 from ../../Drivers/STM32H7xx_HAL_Driver/Inc/stm32h7xx_hal.h:29,
                 from ../Core/Inc/main.h:30,
                 from ../Core/Inc/trajectory.h:7,
                 from ../Core/Src/trajectory.c:8:
../../Drivers/CMSIS/Device/ST/STM32H7xx/Include/stm32h7xx.h:207: note: this is the location of the previous definition
  207 | #define SET_BIT(REG, BIT)     ((REG) |= (BIT))
      | 
../Core/Src/ukf.c:40:13: warning: 'mat33_mul' defined but not used [-Wunused-function]
   40 | static void mat33_mul(const double A[NX][NX], const double B[NX][NX], double C[NX][NX])
      |             ^~~~~~~~~
../Core/Src/ukf.c:33:13: warning: 'mat33_sub' defined but not used [-Wunused-function]
   33 | static void mat33_sub(const double A[NX][NX], const double B[NX][NX], double C[NX][NX])
      |             ^~~~~~~~~
../Core/Src/ukf.c:26:13: warning: 'mat33_add' defined but not used [-Wunused-function]
   26 | static void mat33_add(const double A[NX][NX], const double B[NX][NX], double C[NX][NX])
      |             ^~~~~~~~~
arm-none-eabi-g++ -o "AFR_PIL_CM7.elf" @"objects.list"   -mcpu=cortex-m7 -T"C:\Users\nicks\STM32CubeIDE\workspace_1.19.0\AFR_PIL\CM7\STM32H755ZITX_FLASH.ld" --specs=nosys.specs -Wl,-Map="AFR_PIL_CM7.map" -Wl,--gc-sections -static --specs=nano.specs -mfpu=fpv5-d16 -mfloat-abi=hard -mthumb -u _printf_float -u _scanf_float -Wl,--start-group -lc -lm -lstdc++ -lsupc++ -Wl,--end-group
Finished building target: AFR_PIL_CM7.elf
 
arm-none-eabi-size  AFR_PIL_CM7.elf 
arm-none-eabi-objdump -h -S AFR_PIL_CM7.elf  > "AFR_PIL_CM7.list"
   text	   data	    bss	    dec	    hex	filename
 265896	  65832	 180600	 512328	  7d148	AFR_PIL_CM7.elf
Finished building: default.size.stdout
 
Finished building: AFR_PIL_CM7.list
 
02:16:21 **** Incremental Build of configuration Debug for project AFR_PIL_CM7 ****
make -j16 all 
arm-none-eabi-gcc "../Core/Src/trajectory.c" -mcpu=cortex-m7 -std=gnu11 -g3 -DDEBUG -DCORE_CM7 -DUSE_HAL_DRIVER -DSTM32H755xx -DUSE_PWR_DIRECT_SMPS_SUPPLY -DUSE_NUCLEO_64 -DSTM32_THREAD_SAFE_STRATEGY=4 -c -I../Core/Inc -I../../Drivers/STM32H7xx_HAL_Driver/Inc -I../../Drivers/STM32H7xx_HAL_Driver/Inc/Legacy -I../../Drivers/BSP/STM32H7xx_Nucleo -I../../Drivers/CMSIS/Device/ST/STM32H7xx/Include -I../../Drivers/CMSIS/Include -I../../Middlewares/Third_Party/FreeRTOS/Source/include -I../../Middlewares/Third_Party/FreeRTOS/Source/CMSIS_RTOS_V2 -I../../Middlewares/Third_Party/FreeRTOS/Source/portable/GCC/ARM_CM4F -I"C:/Users/nicks/STM32CubeIDE/workspace_1.19.0/AFR_PIL/CM7/Core/Src/control_update_MPC" -I"C:/Users/nicks/STM32CubeIDE/workspace_1.19.0/AFR_PIL/CM7/Core/Src/control_update_MPC/qpoases" -I"C:/Users/nicks/STM32CubeIDE/workspace_1.19.0/AFR_PIL/CM7/Core/Src/control_update_MPC/qpoases/SRC" -I"C:/Users/nicks/STM32CubeIDE/workspace_1.19.0/AFR_PIL/CM7/Core/Src/control_update_MPC/qpoases/INCLUDE" -I../Core/ThreadSafe -I"C:/Users/nicks/STM32CubeIDE/workspace_1.19.0/AFR_PIL/CM7/Core/Include" -I"C:/Users/nicks/STM32CubeIDE/workspace_1.19.0/AFR_PIL/CM7/Core/Include/dsp" -O0 -ffunction-sections -fdata-sections -Wall -fstack-usage -fcyclomatic-complexity -MMD -MP -MF"Core/Src/trajectory.d" -MT"Core/Src/trajectory.o" --specs=nano.specs -mfpu=fpv5-d16 -mfloat-abi=hard -mthumb -o "Core/Src/trajectory.o"
../Core/Src/trajectory.c:51: warning: "SET_BIT" redefined
   51 | #define SET_BIT(arr,i)  ((arr)[(i)>>3] |=  (1U<<((i)&7)))
      | 
In file included from ../../Drivers/STM32H7xx_HAL_Driver/Inc/stm32h7xx_hal_def.h:29,
                 from ../../Drivers/STM32H7xx_HAL_Driver/Inc/stm32h7xx_hal_rcc.h:27,
                 from ../Core/Inc/stm32h7xx_hal_conf.h:246,
                 from ../../Drivers/STM32H7xx_HAL_Driver/Inc/stm32h7xx_hal.h:29,
                 from ../Core/Inc/main.h:30,
                 from ../Core/Inc/trajectory.h:7,
                 from ../Core/Src/trajectory.c:8:
../../Drivers/CMSIS/Device/ST/STM32H7xx/Include/stm32h7xx.h:207: note: this is the location of the previous definition
  207 | #define SET_BIT(REG, BIT)     ((REG) |= (BIT))
      | 
arm-none-eabi-g++ -o "AFR_PIL_CM7.elf" @"objects.list"   -mcpu=cortex-m7 -T"C:\Users\nicks\STM32CubeIDE\workspace_1.19.0\AFR_PIL\CM7\STM32H755ZITX_FLASH.ld" --specs=nosys.specs -Wl,-Map="AFR_PIL_CM7.map" -Wl,--gc-sections -static --specs=nano.specs -mfpu=fpv5-d16 -mfloat-abi=hard -mthumb -u _printf_float -u _scanf_float -Wl,--start-group -lc -lm -lstdc++ -lsupc++ -Wl,--end-group
Finished building target: AFR_PIL_CM7.elf
 
arm-none-eabi-size  AFR_PIL_CM7.elf 
arm-none-eabi-objdump -h -S AFR_PIL_CM7.elf  > "AFR_PIL_CM7.list"
   text	   data	    bss	    dec	    hex	filename
 265896	  65832	 180600	 512328	  7d148	AFR_PIL_CM7.elf
Finished building: default.size.stdout
 
Finished building: AFR_PIL_CM7.list
 
02:18:56 **** Incremental Build of configuration Debug for project AFR_PIL_CM7 ****
make -j16 all 
arm-none-eabi-gcc "../Core/Src/trajectory.c" -mcpu=cortex-m7 -std=gnu11 -g3 -DDEBUG -DCORE_CM7 -DUSE_HAL_DRIVER -DSTM32H755xx -DUSE_PWR_DIRECT_SMPS_SUPPLY -DUSE_NUCLEO_64 -DSTM32_THREAD_SAFE_STRATEGY=4 -c -I../Core/Inc -I../../Drivers/STM32H7xx_HAL_Driver/Inc -I../../Drivers/STM32H7xx_HAL_Driver/Inc/Legacy -I../../Drivers/BSP/STM32H7xx_Nucleo -I../../Drivers/CMSIS/Device/ST/STM32H7xx/Include -I../../Drivers/CMSIS/Include -I../../Middlewares/Third_Party/FreeRTOS/Source/include -I../../Middlewares/Third_Party/FreeRTOS/Source/CMSIS_RTOS_V2 -I../../Middlewares/Third_Party/FreeRTOS/Source/portable/GCC/ARM_CM4F -I"C:/Users/nicks/STM32CubeIDE/workspace_1.19.0/AFR_PIL/CM7/Core/Src/control_update_MPC" -I"C:/Users/nicks/STM32CubeIDE/workspace_1.19.0/AFR_PIL/CM7/Core/Src/control_update_MPC/qpoases" -I"C:/Users/nicks/STM32CubeIDE/workspace_1.19.0/AFR_PIL/CM7/Core/Src/control_update_MPC/qpoases/SRC" -I"C:/Users/nicks/STM32CubeIDE/workspace_1.19.0/AFR_PIL/CM7/Core/Src/control_update_MPC/qpoases/INCLUDE" -I../Core/ThreadSafe -I"C:/Users/nicks/STM32CubeIDE/workspace_1.19.0/AFR_PIL/CM7/Core/Include" -I"C:/Users/nicks/STM32CubeIDE/workspace_1.19.0/AFR_PIL/CM7/Core/Include/dsp" -O0 -ffunction-sections -fdata-sections -Wall -fstack-usage -fcyclomatic-complexity -MMD -MP -MF"Core/Src/trajectory.d" -MT"Core/Src/trajectory.o" --specs=nano.specs -mfpu=fpv5-d16 -mfloat-abi=hard -mthumb -o "Core/Src/trajectory.o"
../Core/Src/trajectory.c:51: warning: "SET_BIT" redefined
   51 | #define SET_BIT(arr,i)  ((arr)[(i)>>3] |=  (1U<<((i)&7)))
      | 
In file included from ../../Drivers/STM32H7xx_HAL_Driver/Inc/stm32h7xx_hal_def.h:29,
                 from ../../Drivers/STM32H7xx_HAL_Driver/Inc/stm32h7xx_hal_rcc.h:27,
                 from ../Core/Inc/stm32h7xx_hal_conf.h:246,
                 from ../../Drivers/STM32H7xx_HAL_Driver/Inc/stm32h7xx_hal.h:29,
                 from ../Core/Inc/main.h:30,
                 from ../Core/Inc/trajectory.h:7,
                 from ../Core/Src/trajectory.c:8:
../../Drivers/CMSIS/Device/ST/STM32H7xx/Include/stm32h7xx.h:207: note: this is the location of the previous definition
  207 | #define SET_BIT(REG, BIT)     ((REG) |= (BIT))
      | 
arm-none-eabi-g++ -o "AFR_PIL_CM7.elf" @"objects.list"   -mcpu=cortex-m7 -T"C:\Users\nicks\STM32CubeIDE\workspace_1.19.0\AFR_PIL\CM7\STM32H755ZITX_FLASH.ld" --specs=nosys.specs -Wl,-Map="AFR_PIL_CM7.map" -Wl,--gc-sections -static --specs=nano.specs -mfpu=fpv5-d16 -mfloat-abi=hard -mthumb -u _printf_float -u _scanf_float -Wl,--start-group -lc -lm -lstdc++ -lsupc++ -Wl,--end-group
Finished building target: AFR_PIL_CM7.elf
 
arm-none-eabi-size  AFR_PIL_CM7.elf 
arm-none-eabi-objdump -h -S AFR_PIL_CM7.elf  > "AFR_PIL_CM7.list"
   text	   data	    bss	    dec	    hex	filename
 265896	  65832	 180600	 512328	  7d148	AFR_PIL_CM7.elf
Finished building: default.size.stdout
 
Finished building: AFR_PIL_CM7.list
 
02:20:42 **** Incremental Build of configuration Debug for project AFR_PIL_CM7 ****
make -j16 all 
arm-none-eabi-gcc "../Core/Src/main.c" -mcpu=cortex-m7 -std=gnu11 -g3 -DDEBUG -DCORE_CM7 -DUSE_HAL_DRIVER -DSTM32H755xx -DUSE_PWR_DIRECT_SMPS_SUPPLY -DUSE_NUCLEO_64 -DSTM32_THREAD_SAFE_STRATEGY=4 -c -I../Core/Inc -I../../Drivers/STM32H7xx_HAL_Driver/Inc -I../../Drivers/STM32H7xx_HAL_Driver/Inc/Legacy -I../../Drivers/BSP/STM32H7xx_Nucleo -I../../Drivers/CMSIS/Device/ST/STM32H7xx/Include -I../../Drivers/CMSIS/Include -I../../Middlewares/Third_Party/FreeRTOS/Source/include -I../../Middlewares/Third_Party/FreeRTOS/Source/CMSIS_RTOS_V2 -I../../Middlewares/Third_Party/FreeRTOS/Source/portable/GCC/ARM_CM4F -I"C:/Users/nicks/STM32CubeIDE/workspace_1.19.0/AFR_PIL/CM7/Core/Src/control_update_MPC" -I"C:/Users/nicks/STM32CubeIDE/workspace_1.19.0/AFR_PIL/CM7/Core/Src/control_update_MPC/qpoases" -I"C:/Users/nicks/STM32CubeIDE/workspace_1.19.0/AFR_PIL/CM7/Core/Src/control_update_MPC/qpoases/SRC" -I"C:/Users/nicks/STM32CubeIDE/workspace_1.19.0/AFR_PIL/CM7/Core/Src/control_update_MPC/qpoases/INCLUDE" -I../Core/ThreadSafe -I"C:/Users/nicks/STM32CubeIDE/workspace_1.19.0/AFR_PIL/CM7/Core/Include" -I"C:/Users/nicks/STM32CubeIDE/workspace_1.19.0/AFR_PIL/CM7/Core/Include/dsp" -O0 -ffunction-sections -fdata-sections -Wall -fstack-usage -fcyclomatic-complexity -MMD -MP -MF"Core/Src/main.d" -MT"Core/Src/main.o" --specs=nano.specs -mfpu=fpv5-d16 -mfloat-abi=hard -mthumb -o "Core/Src/main.o"
../Core/Src/main.c: In function 'handle_line':
../Core/Src/main.c:496:21: warning: unused variable 'wordsLeft1' [-Wunused-variable]
  496 |         UBaseType_t wordsLeft1 = uxTaskGetStackHighWaterMark( NULL );
      |                     ^~~~~~~~~~
arm-none-eabi-g++ -o "AFR_PIL_CM7.elf" @"objects.list"   -mcpu=cortex-m7 -T"C:\Users\nicks\STM32CubeIDE\workspace_1.19.0\AFR_PIL\CM7\STM32H755ZITX_FLASH.ld" --specs=nosys.specs -Wl,-Map="AFR_PIL_CM7.map" -Wl,--gc-sections -static --specs=nano.specs -mfpu=fpv5-d16 -mfloat-abi=hard -mthumb -u _printf_float -u _scanf_float -Wl,--start-group -lc -lm -lstdc++ -lsupc++ -Wl,--end-group
Finished building target: AFR_PIL_CM7.elf
 
arm-none-eabi-size  AFR_PIL_CM7.elf 
arm-none-eabi-objdump -h -S AFR_PIL_CM7.elf  > "AFR_PIL_CM7.list"
   text	   data	    bss	    dec	    hex	filename
 265896	  65832	 180600	 512328	  7d148	AFR_PIL_CM7.elf
Finished building: default.size.stdout
 
Finished building: AFR_PIL_CM7.list
 
02:21:21 **** Incremental Build of configuration Debug for project AFR_PIL_CM7 ****
make -j16 all 
arm-none-eabi-gcc "../Core/Src/main.c" -mcpu=cortex-m7 -std=gnu11 -g3 -DDEBUG -DCORE_CM7 -DUSE_HAL_DRIVER -DSTM32H755xx -DUSE_PWR_DIRECT_SMPS_SUPPLY -DUSE_NUCLEO_64 -DSTM32_THREAD_SAFE_STRATEGY=4 -c -I../Core/Inc -I../../Drivers/STM32H7xx_HAL_Driver/Inc -I../../Drivers/STM32H7xx_HAL_Driver/Inc/Legacy -I../../Drivers/BSP/STM32H7xx_Nucleo -I../../Drivers/CMSIS/Device/ST/STM32H7xx/Include -I../../Drivers/CMSIS/Include -I../../Middlewares/Third_Party/FreeRTOS/Source/include -I../../Middlewares/Third_Party/FreeRTOS/Source/CMSIS_RTOS_V2 -I../../Middlewares/Third_Party/FreeRTOS/Source/portable/GCC/ARM_CM4F -I"C:/Users/nicks/STM32CubeIDE/workspace_1.19.0/AFR_PIL/CM7/Core/Src/control_update_MPC" -I"C:/Users/nicks/STM32CubeIDE/workspace_1.19.0/AFR_PIL/CM7/Core/Src/control_update_MPC/qpoases" -I"C:/Users/nicks/STM32CubeIDE/workspace_1.19.0/AFR_PIL/CM7/Core/Src/control_update_MPC/qpoases/SRC" -I"C:/Users/nicks/STM32CubeIDE/workspace_1.19.0/AFR_PIL/CM7/Core/Src/control_update_MPC/qpoases/INCLUDE" -I../Core/ThreadSafe -I"C:/Users/nicks/STM32CubeIDE/workspace_1.19.0/AFR_PIL/CM7/Core/Include" -I"C:/Users/nicks/STM32CubeIDE/workspace_1.19.0/AFR_PIL/CM7/Core/Include/dsp" -O0 -ffunction-sections -fdata-sections -Wall -fstack-usage -fcyclomatic-complexity -MMD -MP -MF"Core/Src/main.d" -MT"Core/Src/main.o" --specs=nano.specs -mfpu=fpv5-d16 -mfloat-abi=hard -mthumb -o "Core/Src/main.o"
../Core/Src/main.c: In function 'handle_line':
../Core/Src/main.c:496:21: warning: unused variable 'wordsLeft1' [-Wunused-variable]
  496 |         UBaseType_t wordsLeft1 = uxTaskGetStackHighWaterMark( NULL );
      |                     ^~~~~~~~~~
arm-none-eabi-g++ -o "AFR_PIL_CM7.elf" @"objects.list"   -mcpu=cortex-m7 -T"C:\Users\nicks\STM32CubeIDE\workspace_1.19.0\AFR_PIL\CM7\STM32H755ZITX_FLASH.ld" --specs=nosys.specs -Wl,-Map="AFR_PIL_CM7.map" -Wl,--gc-sections -static --specs=nano.specs -mfpu=fpv5-d16 -mfloat-abi=hard -mthumb -u _printf_float -u _scanf_float -Wl,--start-group -lc -lm -lstdc++ -lsupc++ -Wl,--end-group
Finished building target: AFR_PIL_CM7.elf
 
arm-none-eabi-size  AFR_PIL_CM7.elf 
arm-none-eabi-objdump -h -S AFR_PIL_CM7.elf  > "AFR_PIL_CM7.list"
   text	   data	    bss	    dec	    hex	filename
 265896	  65832	 180600	 512328	  7d148	AFR_PIL_CM7.elf
Finished building: default.size.stdout
 
Finished building: AFR_PIL_CM7.list
 
02:22:03 **** Incremental Build of configuration Debug for project AFR_PIL_CM7 ****
make -j16 all 
arm-none-eabi-gcc "../Core/Src/main.c" -mcpu=cortex-m7 -std=gnu11 -g3 -DDEBUG -DCORE_CM7 -DUSE_HAL_DRIVER -DSTM32H755xx -DUSE_PWR_DIRECT_SMPS_SUPPLY -DUSE_NUCLEO_64 -DSTM32_THREAD_SAFE_STRATEGY=4 -c -I../Core/Inc -I../../Drivers/STM32H7xx_HAL_Driver/Inc -I../../Drivers/STM32H7xx_HAL_Driver/Inc/Legacy -I../../Drivers/BSP/STM32H7xx_Nucleo -I../../Drivers/CMSIS/Device/ST/STM32H7xx/Include -I../../Drivers/CMSIS/Include -I../../Middlewares/Third_Party/FreeRTOS/Source/include -I../../Middlewares/Third_Party/FreeRTOS/Source/CMSIS_RTOS_V2 -I../../Middlewares/Third_Party/FreeRTOS/Source/portable/GCC/ARM_CM4F -I"C:/Users/nicks/STM32CubeIDE/workspace_1.19.0/AFR_PIL/CM7/Core/Src/control_update_MPC" -I"C:/Users/nicks/STM32CubeIDE/workspace_1.19.0/AFR_PIL/CM7/Core/Src/control_update_MPC/qpoases" -I"C:/Users/nicks/STM32CubeIDE/workspace_1.19.0/AFR_PIL/CM7/Core/Src/control_update_MPC/qpoases/SRC" -I"C:/Users/nicks/STM32CubeIDE/workspace_1.19.0/AFR_PIL/CM7/Core/Src/control_update_MPC/qpoases/INCLUDE" -I../Core/ThreadSafe -I"C:/Users/nicks/STM32CubeIDE/workspace_1.19.0/AFR_PIL/CM7/Core/Include" -I"C:/Users/nicks/STM32CubeIDE/workspace_1.19.0/AFR_PIL/CM7/Core/Include/dsp" -O0 -ffunction-sections -fdata-sections -Wall -fstack-usage -fcyclomatic-complexity -MMD -MP -MF"Core/Src/main.d" -MT"Core/Src/main.o" --specs=nano.specs -mfpu=fpv5-d16 -mfloat-abi=hard -mthumb -o "Core/Src/main.o"
../Core/Src/main.c: In function 'handle_line':
../Core/Src/main.c:496:21: warning: unused variable 'wordsLeft1' [-Wunused-variable]
  496 |         UBaseType_t wordsLeft1 = uxTaskGetStackHighWaterMark( NULL );
      |                     ^~~~~~~~~~
arm-none-eabi-g++ -o "AFR_PIL_CM7.elf" @"objects.list"   -mcpu=cortex-m7 -T"C:\Users\nicks\STM32CubeIDE\workspace_1.19.0\AFR_PIL\CM7\STM32H755ZITX_FLASH.ld" --specs=nosys.specs -Wl,-Map="AFR_PIL_CM7.map" -Wl,--gc-sections -static --specs=nano.specs -mfpu=fpv5-d16 -mfloat-abi=hard -mthumb -u _printf_float -u _scanf_float -Wl,--start-group -lc -lm -lstdc++ -lsupc++ -Wl,--end-group
Finished building target: AFR_PIL_CM7.elf
 
arm-none-eabi-size  AFR_PIL_CM7.elf 
arm-none-eabi-objdump -h -S AFR_PIL_CM7.elf  > "AFR_PIL_CM7.list"
   text	   data	    bss	    dec	    hex	filename
 265896	  65832	 180600	 512328	  7d148	AFR_PIL_CM7.elf
Finished building: default.size.stdout
 
Finished building: AFR_PIL_CM7.list
 
02:23:10 **** Incremental Build of configuration Debug for project AFR_PIL_CM7 ****
make -j16 all 
arm-none-eabi-gcc "../Core/Src/main.c" -mcpu=cortex-m7 -std=gnu11 -g3 -DDEBUG -DCORE_CM7 -DUSE_HAL_DRIVER -DSTM32H755xx -DUSE_PWR_DIRECT_SMPS_SUPPLY -DUSE_NUCLEO_64 -DSTM32_THREAD_SAFE_STRATEGY=4 -c -I../Core/Inc -I../../Drivers/STM32H7xx_HAL_Driver/Inc -I../../Drivers/STM32H7xx_HAL_Driver/Inc/Legacy -I../../Drivers/BSP/STM32H7xx_Nucleo -I../../Drivers/CMSIS/Device/ST/STM32H7xx/Include -I../../Drivers/CMSIS/Include -I../../Middlewares/Third_Party/FreeRTOS/Source/include -I../../Middlewares/Third_Party/FreeRTOS/Source/CMSIS_RTOS_V2 -I../../Middlewares/Third_Party/FreeRTOS/Source/portable/GCC/ARM_CM4F -I"C:/Users/nicks/STM32CubeIDE/workspace_1.19.0/AFR_PIL/CM7/Core/Src/control_update_MPC" -I"C:/Users/nicks/STM32CubeIDE/workspace_1.19.0/AFR_PIL/CM7/Core/Src/control_update_MPC/qpoases" -I"C:/Users/nicks/STM32CubeIDE/workspace_1.19.0/AFR_PIL/CM7/Core/Src/control_update_MPC/qpoases/SRC" -I"C:/Users/nicks/STM32CubeIDE/workspace_1.19.0/AFR_PIL/CM7/Core/Src/control_update_MPC/qpoases/INCLUDE" -I../Core/ThreadSafe -I"C:/Users/nicks/STM32CubeIDE/workspace_1.19.0/AFR_PIL/CM7/Core/Include" -I"C:/Users/nicks/STM32CubeIDE/workspace_1.19.0/AFR_PIL/CM7/Core/Include/dsp" -O0 -ffunction-sections -fdata-sections -Wall -fstack-usage -fcyclomatic-complexity -MMD -MP -MF"Core/Src/main.d" -MT"Core/Src/main.o" --specs=nano.specs -mfpu=fpv5-d16 -mfloat-abi=hard -mthumb -o "Core/Src/main.o"
../Core/Src/main.c: In function 'handle_line':
../Core/Src/main.c:496:21: warning: unused variable 'wordsLeft1' [-Wunused-variable]
  496 |         UBaseType_t wordsLeft1 = uxTaskGetStackHighWaterMark( NULL );
      |                     ^~~~~~~~~~
arm-none-eabi-g++ -o "AFR_PIL_CM7.elf" @"objects.list"   -mcpu=cortex-m7 -T"C:\Users\nicks\STM32CubeIDE\workspace_1.19.0\AFR_PIL\CM7\STM32H755ZITX_FLASH.ld" --specs=nosys.specs -Wl,-Map="AFR_PIL_CM7.map" -Wl,--gc-sections -static --specs=nano.specs -mfpu=fpv5-d16 -mfloat-abi=hard -mthumb -u _printf_float -u _scanf_float -Wl,--start-group -lc -lm -lstdc++ -lsupc++ -Wl,--end-group
Finished building target: AFR_PIL_CM7.elf
 
arm-none-eabi-size  AFR_PIL_CM7.elf 
arm-none-eabi-objdump -h -S AFR_PIL_CM7.elf  > "AFR_PIL_CM7.list"
   text	   data	    bss	    dec	    hex	filename
 265896	  65832	 180600	 512328	  7d148	AFR_PIL_CM7.elf
Finished building: default.size.stdout
 
Finished building: AFR_PIL_CM7.list
 
02:23:57 **** Incremental Build of configuration Debug for project AFR_PIL_CM7 ****
make -j16 all 
arm-none-eabi-gcc "../Core/Src/main.c" -mcpu=cortex-m7 -std=gnu11 -g3 -DDEBUG -DCORE_CM7 -DUSE_HAL_DRIVER -DSTM32H755xx -DUSE_PWR_DIRECT_SMPS_SUPPLY -DUSE_NUCLEO_64 -DSTM32_THREAD_SAFE_STRATEGY=4 -c -I../Core/Inc -I../../Drivers/STM32H7xx_HAL_Driver/Inc -I../../Drivers/STM32H7xx_HAL_Driver/Inc/Legacy -I../../Drivers/BSP/STM32H7xx_Nucleo -I../../Drivers/CMSIS/Device/ST/STM32H7xx/Include -I../../Drivers/CMSIS/Include -I../../Middlewares/Third_Party/FreeRTOS/Source/include -I../../Middlewares/Third_Party/FreeRTOS/Source/CMSIS_RTOS_V2 -I../../Middlewares/Third_Party/FreeRTOS/Source/portable/GCC/ARM_CM4F -I"C:/Users/nicks/STM32CubeIDE/workspace_1.19.0/AFR_PIL/CM7/Core/Src/control_update_MPC" -I"C:/Users/nicks/STM32CubeIDE/workspace_1.19.0/AFR_PIL/CM7/Core/Src/control_update_MPC/qpoases" -I"C:/Users/nicks/STM32CubeIDE/workspace_1.19.0/AFR_PIL/CM7/Core/Src/control_update_MPC/qpoases/SRC" -I"C:/Users/nicks/STM32CubeIDE/workspace_1.19.0/AFR_PIL/CM7/Core/Src/control_update_MPC/qpoases/INCLUDE" -I../Core/ThreadSafe -I"C:/Users/nicks/STM32CubeIDE/workspace_1.19.0/AFR_PIL/CM7/Core/Include" -I"C:/Users/nicks/STM32CubeIDE/workspace_1.19.0/AFR_PIL/CM7/Core/Include/dsp" -O0 -ffunction-sections -fdata-sections -Wall -fstack-usage -fcyclomatic-complexity -MMD -MP -MF"Core/Src/main.d" -MT"Core/Src/main.o" --specs=nano.specs -mfpu=fpv5-d16 -mfloat-abi=hard -mthumb -o "Core/Src/main.o"
../Core/Src/main.c: In function 'handle_line':
../Core/Src/main.c:496:21: warning: unused variable 'wordsLeft1' [-Wunused-variable]
  496 |         UBaseType_t wordsLeft1 = uxTaskGetStackHighWaterMark( NULL );
      |                     ^~~~~~~~~~
arm-none-eabi-g++ -o "AFR_PIL_CM7.elf" @"objects.list"   -mcpu=cortex-m7 -T"C:\Users\nicks\STM32CubeIDE\workspace_1.19.0\AFR_PIL\CM7\STM32H755ZITX_FLASH.ld" --specs=nosys.specs -Wl,-Map="AFR_PIL_CM7.map" -Wl,--gc-sections -static --specs=nano.specs -mfpu=fpv5-d16 -mfloat-abi=hard -mthumb -u _printf_float -u _scanf_float -Wl,--start-group -lc -lm -lstdc++ -lsupc++ -Wl,--end-group
Finished building target: AFR_PIL_CM7.elf
 
arm-none-eabi-size  AFR_PIL_CM7.elf 
arm-none-eabi-objdump -h -S AFR_PIL_CM7.elf  > "AFR_PIL_CM7.list"
   text	   data	    bss	    dec	    hex	filename
 265896	  65832	 180600	 512328	  7d148	AFR_PIL_CM7.elf
Finished building: default.size.stdout
 
Finished building: AFR_PIL_CM7.list
 
02:25:05 **** Incremental Build of configuration Debug for project AFR_PIL_CM7 ****
make -j16 all 
arm-none-eabi-gcc "../Core/Src/main.c" -mcpu=cortex-m7 -std=gnu11 -g3 -DDEBUG -DCORE_CM7 -DUSE_HAL_DRIVER -DSTM32H755xx -DUSE_PWR_DIRECT_SMPS_SUPPLY -DUSE_NUCLEO_64 -DSTM32_THREAD_SAFE_STRATEGY=4 -c -I../Core/Inc -I../../Drivers/STM32H7xx_HAL_Driver/Inc -I../../Drivers/STM32H7xx_HAL_Driver/Inc/Legacy -I../../Drivers/BSP/STM32H7xx_Nucleo -I../../Drivers/CMSIS/Device/ST/STM32H7xx/Include -I../../Drivers/CMSIS/Include -I../../Middlewares/Third_Party/FreeRTOS/Source/include -I../../Middlewares/Third_Party/FreeRTOS/Source/CMSIS_RTOS_V2 -I../../Middlewares/Third_Party/FreeRTOS/Source/portable/GCC/ARM_CM4F -I"C:/Users/nicks/STM32CubeIDE/workspace_1.19.0/AFR_PIL/CM7/Core/Src/control_update_MPC" -I"C:/Users/nicks/STM32CubeIDE/workspace_1.19.0/AFR_PIL/CM7/Core/Src/control_update_MPC/qpoases" -I"C:/Users/nicks/STM32CubeIDE/workspace_1.19.0/AFR_PIL/CM7/Core/Src/control_update_MPC/qpoases/SRC" -I"C:/Users/nicks/STM32CubeIDE/workspace_1.19.0/AFR_PIL/CM7/Core/Src/control_update_MPC/qpoases/INCLUDE" -I../Core/ThreadSafe -I"C:/Users/nicks/STM32CubeIDE/workspace_1.19.0/AFR_PIL/CM7/Core/Include" -I"C:/Users/nicks/STM32CubeIDE/workspace_1.19.0/AFR_PIL/CM7/Core/Include/dsp" -O0 -ffunction-sections -fdata-sections -Wall -fstack-usage -fcyclomatic-complexity -MMD -MP -MF"Core/Src/main.d" -MT"Core/Src/main.o" --specs=nano.specs -mfpu=fpv5-d16 -mfloat-abi=hard -mthumb -o "Core/Src/main.o"
../Core/Src/main.c: In function 'handle_line':
../Core/Src/main.c:496:21: warning: unused variable 'wordsLeft1' [-Wunused-variable]
  496 |         UBaseType_t wordsLeft1 = uxTaskGetStackHighWaterMark( NULL );
      |                     ^~~~~~~~~~
arm-none-eabi-g++ -o "AFR_PIL_CM7.elf" @"objects.list"   -mcpu=cortex-m7 -T"C:\Users\nicks\STM32CubeIDE\workspace_1.19.0\AFR_PIL\CM7\STM32H755ZITX_FLASH.ld" --specs=nosys.specs -Wl,-Map="AFR_PIL_CM7.map" -Wl,--gc-sections -static --specs=nano.specs -mfpu=fpv5-d16 -mfloat-abi=hard -mthumb -u _printf_float -u _scanf_float -Wl,--start-group -lc -lm -lstdc++ -lsupc++ -Wl,--end-group
Finished building target: AFR_PIL_CM7.elf
 
arm-none-eabi-size  AFR_PIL_CM7.elf 
arm-none-eabi-objdump -h -S AFR_PIL_CM7.elf  > "AFR_PIL_CM7.list"
   text	   data	    bss	    dec	    hex	filename
 265896	  65832	 180600	 512328	  7d148	AFR_PIL_CM7.elf
Finished building: default.size.stdout
 
Finished building: AFR_PIL_CM7.list
 
02:25:45 **** Incremental Build of configuration Debug for project AFR_PIL_CM7 ****
make -j16 all 
arm-none-eabi-gcc "../Core/Src/main.c" -mcpu=cortex-m7 -std=gnu11 -g3 -DDEBUG -DCORE_CM7 -DUSE_HAL_DRIVER -DSTM32H755xx -DUSE_PWR_DIRECT_SMPS_SUPPLY -DUSE_NUCLEO_64 -DSTM32_THREAD_SAFE_STRATEGY=4 -c -I../Core/Inc -I../../Drivers/STM32H7xx_HAL_Driver/Inc -I../../Drivers/STM32H7xx_HAL_Driver/Inc/Legacy -I../../Drivers/BSP/STM32H7xx_Nucleo -I../../Drivers/CMSIS/Device/ST/STM32H7xx/Include -I../../Drivers/CMSIS/Include -I../../Middlewares/Third_Party/FreeRTOS/Source/include -I../../Middlewares/Third_Party/FreeRTOS/Source/CMSIS_RTOS_V2 -I../../Middlewares/Third_Party/FreeRTOS/Source/portable/GCC/ARM_CM4F -I"C:/Users/nicks/STM32CubeIDE/workspace_1.19.0/AFR_PIL/CM7/Core/Src/control_update_MPC" -I"C:/Users/nicks/STM32CubeIDE/workspace_1.19.0/AFR_PIL/CM7/Core/Src/control_update_MPC/qpoases" -I"C:/Users/nicks/STM32CubeIDE/workspace_1.19.0/AFR_PIL/CM7/Core/Src/control_update_MPC/qpoases/SRC" -I"C:/Users/nicks/STM32CubeIDE/workspace_1.19.0/AFR_PIL/CM7/Core/Src/control_update_MPC/qpoases/INCLUDE" -I../Core/ThreadSafe -I"C:/Users/nicks/STM32CubeIDE/workspace_1.19.0/AFR_PIL/CM7/Core/Include" -I"C:/Users/nicks/STM32CubeIDE/workspace_1.19.0/AFR_PIL/CM7/Core/Include/dsp" -O0 -ffunction-sections -fdata-sections -Wall -fstack-usage -fcyclomatic-complexity -MMD -MP -MF"Core/Src/main.d" -MT"Core/Src/main.o" --specs=nano.specs -mfpu=fpv5-d16 -mfloat-abi=hard -mthumb -o "Core/Src/main.o"
../Core/Src/main.c: In function 'handle_line':
../Core/Src/main.c:496:21: warning: unused variable 'wordsLeft1' [-Wunused-variable]
  496 |         UBaseType_t wordsLeft1 = uxTaskGetStackHighWaterMark( NULL );
      |                     ^~~~~~~~~~
arm-none-eabi-g++ -o "AFR_PIL_CM7.elf" @"objects.list"   -mcpu=cortex-m7 -T"C:\Users\nicks\STM32CubeIDE\workspace_1.19.0\AFR_PIL\CM7\STM32H755ZITX_FLASH.ld" --specs=nosys.specs -Wl,-Map="AFR_PIL_CM7.map" -Wl,--gc-sections -static --specs=nano.specs -mfpu=fpv5-d16 -mfloat-abi=hard -mthumb -u _printf_float -u _scanf_float -Wl,--start-group -lc -lm -lstdc++ -lsupc++ -Wl,--end-group
Finished building target: AFR_PIL_CM7.elf
 
arm-none-eabi-size  AFR_PIL_CM7.elf 
arm-none-eabi-objdump -h -S AFR_PIL_CM7.elf  > "AFR_PIL_CM7.list"
   text	   data	    bss	    dec	    hex	filename
 265896	  65832	 180600	 512328	  7d148	AFR_PIL_CM7.elf
Finished building: default.size.stdout
 
Finished building: AFR_PIL_CM7.list
 
02:27:17 **** Incremental Build of configuration Debug for project AFR_PIL_CM7 ****
make -j16 all 
arm-none-eabi-gcc "../Core/Src/main.c" -mcpu=cortex-m7 -std=gnu11 -g3 -DDEBUG -DCORE_CM7 -DUSE_HAL_DRIVER -DSTM32H755xx -DUSE_PWR_DIRECT_SMPS_SUPPLY -DUSE_NUCLEO_64 -DSTM32_THREAD_SAFE_STRATEGY=4 -c -I../Core/Inc -I../../Drivers/STM32H7xx_HAL_Driver/Inc -I../../Drivers/STM32H7xx_HAL_Driver/Inc/Legacy -I../../Drivers/BSP/STM32H7xx_Nucleo -I../../Drivers/CMSIS/Device/ST/STM32H7xx/Include -I../../Drivers/CMSIS/Include -I../../Middlewares/Third_Party/FreeRTOS/Source/include -I../../Middlewares/Third_Party/FreeRTOS/Source/CMSIS_RTOS_V2 -I../../Middlewares/Third_Party/FreeRTOS/Source/portable/GCC/ARM_CM4F -I"C:/Users/nicks/STM32CubeIDE/workspace_1.19.0/AFR_PIL/CM7/Core/Src/control_update_MPC" -I"C:/Users/nicks/STM32CubeIDE/workspace_1.19.0/AFR_PIL/CM7/Core/Src/control_update_MPC/qpoases" -I"C:/Users/nicks/STM32CubeIDE/workspace_1.19.0/AFR_PIL/CM7/Core/Src/control_update_MPC/qpoases/SRC" -I"C:/Users/nicks/STM32CubeIDE/workspace_1.19.0/AFR_PIL/CM7/Core/Src/control_update_MPC/qpoases/INCLUDE" -I../Core/ThreadSafe -I"C:/Users/nicks/STM32CubeIDE/workspace_1.19.0/AFR_PIL/CM7/Core/Include" -I"C:/Users/nicks/STM32CubeIDE/workspace_1.19.0/AFR_PIL/CM7/Core/Include/dsp" -O0 -ffunction-sections -fdata-sections -Wall -fstack-usage -fcyclomatic-complexity -MMD -MP -MF"Core/Src/main.d" -MT"Core/Src/main.o" --specs=nano.specs -mfpu=fpv5-d16 -mfloat-abi=hard -mthumb -o "Core/Src/main.o"
arm-none-eabi-gcc "../Core/Src/trajectory.c" -mcpu=cortex-m7 -std=gnu11 -g3 -DDEBUG -DCORE_CM7 -DUSE_HAL_DRIVER -DSTM32H755xx -DUSE_PWR_DIRECT_SMPS_SUPPLY -DUSE_NUCLEO_64 -DSTM32_THREAD_SAFE_STRATEGY=4 -c -I../Core/Inc -I../../Drivers/STM32H7xx_HAL_Driver/Inc -I../../Drivers/STM32H7xx_HAL_Driver/Inc/Legacy -I../../Drivers/BSP/STM32H7xx_Nucleo -I../../Drivers/CMSIS/Device/ST/STM32H7xx/Include -I../../Drivers/CMSIS/Include -I../../Middlewares/Third_Party/FreeRTOS/Source/include -I../../Middlewares/Third_Party/FreeRTOS/Source/CMSIS_RTOS_V2 -I../../Middlewares/Third_Party/FreeRTOS/Source/portable/GCC/ARM_CM4F -I"C:/Users/nicks/STM32CubeIDE/workspace_1.19.0/AFR_PIL/CM7/Core/Src/control_update_MPC" -I"C:/Users/nicks/STM32CubeIDE/workspace_1.19.0/AFR_PIL/CM7/Core/Src/control_update_MPC/qpoases" -I"C:/Users/nicks/STM32CubeIDE/workspace_1.19.0/AFR_PIL/CM7/Core/Src/control_update_MPC/qpoases/SRC" -I"C:/Users/nicks/STM32CubeIDE/workspace_1.19.0/AFR_PIL/CM7/Core/Src/control_update_MPC/qpoases/INCLUDE" -I../Core/ThreadSafe -I"C:/Users/nicks/STM32CubeIDE/workspace_1.19.0/AFR_PIL/CM7/Core/Include" -I"C:/Users/nicks/STM32CubeIDE/workspace_1.19.0/AFR_PIL/CM7/Core/Include/dsp" -O0 -ffunction-sections -fdata-sections -Wall -fstack-usage -fcyclomatic-complexity -MMD -MP -MF"Core/Src/trajectory.d" -MT"Core/Src/trajectory.o" --specs=nano.specs -mfpu=fpv5-d16 -mfloat-abi=hard -mthumb -o "Core/Src/trajectory.o"
../Core/Src/trajectory.c:51: warning: "SET_BIT" redefined
   51 | #define SET_BIT(arr,i)  ((arr)[(i)>>3] |=  (1U<<((i)&7)))
      | 
In file included from ../../Drivers/STM32H7xx_HAL_Driver/Inc/stm32h7xx_hal_def.h:29,
                 from ../../Drivers/STM32H7xx_HAL_Driver/Inc/stm32h7xx_hal_rcc.h:27,
                 from ../Core/Inc/stm32h7xx_hal_conf.h:246,
                 from ../../Drivers/STM32H7xx_HAL_Driver/Inc/stm32h7xx_hal.h:29,
                 from ../Core/Inc/main.h:30,
                 from ../Core/Inc/trajectory.h:7,
                 from ../Core/Src/trajectory.c:8:
../../Drivers/CMSIS/Device/ST/STM32H7xx/Include/stm32h7xx.h:207: note: this is the location of the previous definition
  207 | #define SET_BIT(REG, BIT)     ((REG) |= (BIT))
      | 
../Core/Src/main.c: In function 'handle_line':
../Core/Src/main.c:496:21: warning: unused variable 'wordsLeft1' [-Wunused-variable]
  496 |         UBaseType_t wordsLeft1 = uxTaskGetStackHighWaterMark( NULL );
      |                     ^~~~~~~~~~
arm-none-eabi-g++ -o "AFR_PIL_CM7.elf" @"objects.list"   -mcpu=cortex-m7 -T"C:\Users\nicks\STM32CubeIDE\workspace_1.19.0\AFR_PIL\CM7\STM32H755ZITX_FLASH.ld" --specs=nosys.specs -Wl,-Map="AFR_PIL_CM7.map" -Wl,--gc-sections -static --specs=nano.specs -mfpu=fpv5-d16 -mfloat-abi=hard -mthumb -u _printf_float -u _scanf_float -Wl,--start-group -lc -lm -lstdc++ -lsupc++ -Wl,--end-group
Finished building target: AFR_PIL_CM7.elf
 
arm-none-eabi-size  AFR_PIL_CM7.elf 
arm-none-eabi-objdump -h -S AFR_PIL_CM7.elf  > "AFR_PIL_CM7.list"
   text	   data	    bss	    dec	    hex	filename
 265896	  65832	 180600	 512328	  7d148	AFR_PIL_CM7.elf
Finished building: default.size.stdout
 
Finished building: AFR_PIL_CM7.list
 
02:28:46 **** Incremental Build of configuration Debug for project AFR_PIL_CM7 ****
make -j16 all 
arm-none-eabi-gcc "../Core/Src/main.c" -mcpu=cortex-m7 -std=gnu11 -g3 -DDEBUG -DCORE_CM7 -DUSE_HAL_DRIVER -DSTM32H755xx -DUSE_PWR_DIRECT_SMPS_SUPPLY -DUSE_NUCLEO_64 -DSTM32_THREAD_SAFE_STRATEGY=4 -c -I../Core/Inc -I../../Drivers/STM32H7xx_HAL_Driver/Inc -I../../Drivers/STM32H7xx_HAL_Driver/Inc/Legacy -I../../Drivers/BSP/STM32H7xx_Nucleo -I../../Drivers/CMSIS/Device/ST/STM32H7xx/Include -I../../Drivers/CMSIS/Include -I../../Middlewares/Third_Party/FreeRTOS/Source/include -I../../Middlewares/Third_Party/FreeRTOS/Source/CMSIS_RTOS_V2 -I../../Middlewares/Third_Party/FreeRTOS/Source/portable/GCC/ARM_CM4F -I"C:/Users/nicks/STM32CubeIDE/workspace_1.19.0/AFR_PIL/CM7/Core/Src/control_update_MPC" -I"C:/Users/nicks/STM32CubeIDE/workspace_1.19.0/AFR_PIL/CM7/Core/Src/control_update_MPC/qpoases" -I"C:/Users/nicks/STM32CubeIDE/workspace_1.19.0/AFR_PIL/CM7/Core/Src/control_update_MPC/qpoases/SRC" -I"C:/Users/nicks/STM32CubeIDE/workspace_1.19.0/AFR_PIL/CM7/Core/Src/control_update_MPC/qpoases/INCLUDE" -I../Core/ThreadSafe -I"C:/Users/nicks/STM32CubeIDE/workspace_1.19.0/AFR_PIL/CM7/Core/Include" -I"C:/Users/nicks/STM32CubeIDE/workspace_1.19.0/AFR_PIL/CM7/Core/Include/dsp" -O0 -ffunction-sections -fdata-sections -Wall -fstack-usage -fcyclomatic-complexity -MMD -MP -MF"Core/Src/main.d" -MT"Core/Src/main.o" --specs=nano.specs -mfpu=fpv5-d16 -mfloat-abi=hard -mthumb -o "Core/Src/main.o"
../Core/Src/main.c: In function 'handle_line':
../Core/Src/main.c:496:21: warning: unused variable 'wordsLeft1' [-Wunused-variable]
  496 |         UBaseType_t wordsLeft1 = uxTaskGetStackHighWaterMark( NULL );
      |                     ^~~~~~~~~~
arm-none-eabi-g++ -o "AFR_PIL_CM7.elf" @"objects.list"   -mcpu=cortex-m7 -T"C:\Users\nicks\STM32CubeIDE\workspace_1.19.0\AFR_PIL\CM7\STM32H755ZITX_FLASH.ld" --specs=nosys.specs -Wl,-Map="AFR_PIL_CM7.map" -Wl,--gc-sections -static --specs=nano.specs -mfpu=fpv5-d16 -mfloat-abi=hard -mthumb -u _printf_float -u _scanf_float -Wl,--start-group -lc -lm -lstdc++ -lsupc++ -Wl,--end-group
Finished building target: AFR_PIL_CM7.elf
 
arm-none-eabi-size  AFR_PIL_CM7.elf 
arm-none-eabi-objdump -h -S AFR_PIL_CM7.elf  > "AFR_PIL_CM7.list"
   text	   data	    bss	    dec	    hex	filename
 265896	  65832	 180600	 512328	  7d148	AFR_PIL_CM7.elf
Finished building: default.size.stdout
 
Finished building: AFR_PIL_CM7.list
 
02:29:59 **** Incremental Build of configuration Debug for project AFR_PIL_CM7 ****
make -j16 all 
arm-none-eabi-gcc "../Core/Src/trajectory.c" -mcpu=cortex-m7 -std=gnu11 -g3 -DDEBUG -DCORE_CM7 -DUSE_HAL_DRIVER -DSTM32H755xx -DUSE_PWR_DIRECT_SMPS_SUPPLY -DUSE_NUCLEO_64 -DSTM32_THREAD_SAFE_STRATEGY=4 -c -I../Core/Inc -I../../Drivers/STM32H7xx_HAL_Driver/Inc -I../../Drivers/STM32H7xx_HAL_Driver/Inc/Legacy -I../../Drivers/BSP/STM32H7xx_Nucleo -I../../Drivers/CMSIS/Device/ST/STM32H7xx/Include -I../../Drivers/CMSIS/Include -I../../Middlewares/Third_Party/FreeRTOS/Source/include -I../../Middlewares/Third_Party/FreeRTOS/Source/CMSIS_RTOS_V2 -I../../Middlewares/Third_Party/FreeRTOS/Source/portable/GCC/ARM_CM4F -I"C:/Users/nicks/STM32CubeIDE/workspace_1.19.0/AFR_PIL/CM7/Core/Src/control_update_MPC" -I"C:/Users/nicks/STM32CubeIDE/workspace_1.19.0/AFR_PIL/CM7/Core/Src/control_update_MPC/qpoases" -I"C:/Users/nicks/STM32CubeIDE/workspace_1.19.0/AFR_PIL/CM7/Core/Src/control_update_MPC/qpoases/SRC" -I"C:/Users/nicks/STM32CubeIDE/workspace_1.19.0/AFR_PIL/CM7/Core/Src/control_update_MPC/qpoases/INCLUDE" -I../Core/ThreadSafe -I"C:/Users/nicks/STM32CubeIDE/workspace_1.19.0/AFR_PIL/CM7/Core/Include" -I"C:/Users/nicks/STM32CubeIDE/workspace_1.19.0/AFR_PIL/CM7/Core/Include/dsp" -O0 -ffunction-sections -fdata-sections -Wall -fstack-usage -fcyclomatic-complexity -MMD -MP -MF"Core/Src/trajectory.d" -MT"Core/Src/trajectory.o" --specs=nano.specs -mfpu=fpv5-d16 -mfloat-abi=hard -mthumb -o "Core/Src/trajectory.o"
../Core/Src/trajectory.c:51: warning: "SET_BIT" redefined
   51 | #define SET_BIT(arr,i)  ((arr)[(i)>>3] |=  (1U<<((i)&7)))
      | 
In file included from ../../Drivers/STM32H7xx_HAL_Driver/Inc/stm32h7xx_hal_def.h:29,
                 from ../../Drivers/STM32H7xx_HAL_Driver/Inc/stm32h7xx_hal_rcc.h:27,
                 from ../Core/Inc/stm32h7xx_hal_conf.h:246,
                 from ../../Drivers/STM32H7xx_HAL_Driver/Inc/stm32h7xx_hal.h:29,
                 from ../Core/Inc/main.h:30,
                 from ../Core/Inc/trajectory.h:7,
                 from ../Core/Src/trajectory.c:8:
../../Drivers/CMSIS/Device/ST/STM32H7xx/Include/stm32h7xx.h:207: note: this is the location of the previous definition
  207 | #define SET_BIT(REG, BIT)     ((REG) |= (BIT))
      | 
arm-none-eabi-g++ -o "AFR_PIL_CM7.elf" @"objects.list"   -mcpu=cortex-m7 -T"C:\Users\nicks\STM32CubeIDE\workspace_1.19.0\AFR_PIL\CM7\STM32H755ZITX_FLASH.ld" --specs=nosys.specs -Wl,-Map="AFR_PIL_CM7.map" -Wl,--gc-sections -static --specs=nano.specs -mfpu=fpv5-d16 -mfloat-abi=hard -mthumb -u _printf_float -u _scanf_float -Wl,--start-group -lc -lm -lstdc++ -lsupc++ -Wl,--end-group
Finished building target: AFR_PIL_CM7.elf
 
arm-none-eabi-size  AFR_PIL_CM7.elf 
arm-none-eabi-objdump -h -S AFR_PIL_CM7.elf  > "AFR_PIL_CM7.list"
   text	   data	    bss	    dec	    hex	filename
 265896	  65832	 180600	 512328	  7d148	AFR_PIL_CM7.elf
Finished building: default.size.stdout
 
Finished building: AFR_PIL_CM7.list
 
02:31:10 **** Incremental Build of configuration Debug for project AFR_PIL_CM7 ****
make -j16 all 
arm-none-eabi-gcc "../Core/Src/trajectory.c" -mcpu=cortex-m7 -std=gnu11 -g3 -DDEBUG -DCORE_CM7 -DUSE_HAL_DRIVER -DSTM32H755xx -DUSE_PWR_DIRECT_SMPS_SUPPLY -DUSE_NUCLEO_64 -DSTM32_THREAD_SAFE_STRATEGY=4 -c -I../Core/Inc -I../../Drivers/STM32H7xx_HAL_Driver/Inc -I../../Drivers/STM32H7xx_HAL_Driver/Inc/Legacy -I../../Drivers/BSP/STM32H7xx_Nucleo -I../../Drivers/CMSIS/Device/ST/STM32H7xx/Include -I../../Drivers/CMSIS/Include -I../../Middlewares/Third_Party/FreeRTOS/Source/include -I../../Middlewares/Third_Party/FreeRTOS/Source/CMSIS_RTOS_V2 -I../../Middlewares/Third_Party/FreeRTOS/Source/portable/GCC/ARM_CM4F -I"C:/Users/nicks/STM32CubeIDE/workspace_1.19.0/AFR_PIL/CM7/Core/Src/control_update_MPC" -I"C:/Users/nicks/STM32CubeIDE/workspace_1.19.0/AFR_PIL/CM7/Core/Src/control_update_MPC/qpoases" -I"C:/Users/nicks/STM32CubeIDE/workspace_1.19.0/AFR_PIL/CM7/Core/Src/control_update_MPC/qpoases/SRC" -I"C:/Users/nicks/STM32CubeIDE/workspace_1.19.0/AFR_PIL/CM7/Core/Src/control_update_MPC/qpoases/INCLUDE" -I../Core/ThreadSafe -I"C:/Users/nicks/STM32CubeIDE/workspace_1.19.0/AFR_PIL/CM7/Core/Include" -I"C:/Users/nicks/STM32CubeIDE/workspace_1.19.0/AFR_PIL/CM7/Core/Include/dsp" -O0 -ffunction-sections -fdata-sections -Wall -fstack-usage -fcyclomatic-complexity -MMD -MP -MF"Core/Src/trajectory.d" -MT"Core/Src/trajectory.o" --specs=nano.specs -mfpu=fpv5-d16 -mfloat-abi=hard -mthumb -o "Core/Src/trajectory.o"
../Core/Src/trajectory.c:51: warning: "SET_BIT" redefined
   51 | #define SET_BIT(arr,i)  ((arr)[(i)>>3] |=  (1U<<((i)&7)))
      | 
In file included from ../../Drivers/STM32H7xx_HAL_Driver/Inc/stm32h7xx_hal_def.h:29,
                 from ../../Drivers/STM32H7xx_HAL_Driver/Inc/stm32h7xx_hal_rcc.h:27,
                 from ../Core/Inc/stm32h7xx_hal_conf.h:246,
                 from ../../Drivers/STM32H7xx_HAL_Driver/Inc/stm32h7xx_hal.h:29,
                 from ../Core/Inc/main.h:30,
                 from ../Core/Inc/trajectory.h:7,
                 from ../Core/Src/trajectory.c:8:
../../Drivers/CMSIS/Device/ST/STM32H7xx/Include/stm32h7xx.h:207: note: this is the location of the previous definition
  207 | #define SET_BIT(REG, BIT)     ((REG) |= (BIT))
      | 
arm-none-eabi-g++ -o "AFR_PIL_CM7.elf" @"objects.list"   -mcpu=cortex-m7 -T"C:\Users\nicks\STM32CubeIDE\workspace_1.19.0\AFR_PIL\CM7\STM32H755ZITX_FLASH.ld" --specs=nosys.specs -Wl,-Map="AFR_PIL_CM7.map" -Wl,--gc-sections -static --specs=nano.specs -mfpu=fpv5-d16 -mfloat-abi=hard -mthumb -u _printf_float -u _scanf_float -Wl,--start-group -lc -lm -lstdc++ -lsupc++ -Wl,--end-group
Finished building target: AFR_PIL_CM7.elf
 
arm-none-eabi-size  AFR_PIL_CM7.elf 
arm-none-eabi-objdump -h -S AFR_PIL_CM7.elf  > "AFR_PIL_CM7.list"
   text	   data	    bss	    dec	    hex	filename
 265896	  65832	 180600	 512328	  7d148	AFR_PIL_CM7.elf
Finished building: default.size.stdout
 
Finished building: AFR_PIL_CM7.list
 
02:32:28 **** Incremental Build of configuration Debug for project AFR_PIL_CM7 ****
make -j16 all 
arm-none-eabi-gcc "../Core/Src/main.c" -mcpu=cortex-m7 -std=gnu11 -g3 -DDEBUG -DCORE_CM7 -DUSE_HAL_DRIVER -DSTM32H755xx -DUSE_PWR_DIRECT_SMPS_SUPPLY -DUSE_NUCLEO_64 -DSTM32_THREAD_SAFE_STRATEGY=4 -c -I../Core/Inc -I../../Drivers/STM32H7xx_HAL_Driver/Inc -I../../Drivers/STM32H7xx_HAL_Driver/Inc/Legacy -I../../Drivers/BSP/STM32H7xx_Nucleo -I../../Drivers/CMSIS/Device/ST/STM32H7xx/Include -I../../Drivers/CMSIS/Include -I../../Middlewares/Third_Party/FreeRTOS/Source/include -I../../Middlewares/Third_Party/FreeRTOS/Source/CMSIS_RTOS_V2 -I../../Middlewares/Third_Party/FreeRTOS/Source/portable/GCC/ARM_CM4F -I"C:/Users/nicks/STM32CubeIDE/workspace_1.19.0/AFR_PIL/CM7/Core/Src/control_update_MPC" -I"C:/Users/nicks/STM32CubeIDE/workspace_1.19.0/AFR_PIL/CM7/Core/Src/control_update_MPC/qpoases" -I"C:/Users/nicks/STM32CubeIDE/workspace_1.19.0/AFR_PIL/CM7/Core/Src/control_update_MPC/qpoases/SRC" -I"C:/Users/nicks/STM32CubeIDE/workspace_1.19.0/AFR_PIL/CM7/Core/Src/control_update_MPC/qpoases/INCLUDE" -I../Core/ThreadSafe -I"C:/Users/nicks/STM32CubeIDE/workspace_1.19.0/AFR_PIL/CM7/Core/Include" -I"C:/Users/nicks/STM32CubeIDE/workspace_1.19.0/AFR_PIL/CM7/Core/Include/dsp" -O0 -ffunction-sections -fdata-sections -Wall -fstack-usage -fcyclomatic-complexity -MMD -MP -MF"Core/Src/main.d" -MT"Core/Src/main.o" --specs=nano.specs -mfpu=fpv5-d16 -mfloat-abi=hard -mthumb -o "Core/Src/main.o"
arm-none-eabi-gcc "../Core/Src/trajectory.c" -mcpu=cortex-m7 -std=gnu11 -g3 -DDEBUG -DCORE_CM7 -DUSE_HAL_DRIVER -DSTM32H755xx -DUSE_PWR_DIRECT_SMPS_SUPPLY -DUSE_NUCLEO_64 -DSTM32_THREAD_SAFE_STRATEGY=4 -c -I../Core/Inc -I../../Drivers/STM32H7xx_HAL_Driver/Inc -I../../Drivers/STM32H7xx_HAL_Driver/Inc/Legacy -I../../Drivers/BSP/STM32H7xx_Nucleo -I../../Drivers/CMSIS/Device/ST/STM32H7xx/Include -I../../Drivers/CMSIS/Include -I../../Middlewares/Third_Party/FreeRTOS/Source/include -I../../Middlewares/Third_Party/FreeRTOS/Source/CMSIS_RTOS_V2 -I../../Middlewares/Third_Party/FreeRTOS/Source/portable/GCC/ARM_CM4F -I"C:/Users/nicks/STM32CubeIDE/workspace_1.19.0/AFR_PIL/CM7/Core/Src/control_update_MPC" -I"C:/Users/nicks/STM32CubeIDE/workspace_1.19.0/AFR_PIL/CM7/Core/Src/control_update_MPC/qpoases" -I"C:/Users/nicks/STM32CubeIDE/workspace_1.19.0/AFR_PIL/CM7/Core/Src/control_update_MPC/qpoases/SRC" -I"C:/Users/nicks/STM32CubeIDE/workspace_1.19.0/AFR_PIL/CM7/Core/Src/control_update_MPC/qpoases/INCLUDE" -I../Core/ThreadSafe -I"C:/Users/nicks/STM32CubeIDE/workspace_1.19.0/AFR_PIL/CM7/Core/Include" -I"C:/Users/nicks/STM32CubeIDE/workspace_1.19.0/AFR_PIL/CM7/Core/Include/dsp" -O0 -ffunction-sections -fdata-sections -Wall -fstack-usage -fcyclomatic-complexity -MMD -MP -MF"Core/Src/trajectory.d" -MT"Core/Src/trajectory.o" --specs=nano.specs -mfpu=fpv5-d16 -mfloat-abi=hard -mthumb -o "Core/Src/trajectory.o"
../Core/Src/trajectory.c:51: warning: "SET_BIT" redefined
   51 | #define SET_BIT(arr,i)  ((arr)[(i)>>3] |=  (1U<<((i)&7)))
      | 
In file included from ../../Drivers/STM32H7xx_HAL_Driver/Inc/stm32h7xx_hal_def.h:29,
                 from ../../Drivers/STM32H7xx_HAL_Driver/Inc/stm32h7xx_hal_rcc.h:27,
                 from ../Core/Inc/stm32h7xx_hal_conf.h:246,
                 from ../../Drivers/STM32H7xx_HAL_Driver/Inc/stm32h7xx_hal.h:29,
                 from ../Core/Inc/main.h:30,
                 from ../Core/Inc/trajectory.h:7,
                 from ../Core/Src/trajectory.c:8:
../../Drivers/CMSIS/Device/ST/STM32H7xx/Include/stm32h7xx.h:207: note: this is the location of the previous definition
  207 | #define SET_BIT(REG, BIT)     ((REG) |= (BIT))
      | 
../Core/Src/main.c: In function 'handle_line':
../Core/Src/main.c:496:21: warning: unused variable 'wordsLeft1' [-Wunused-variable]
  496 |         UBaseType_t wordsLeft1 = uxTaskGetStackHighWaterMark( NULL );
      |                     ^~~~~~~~~~
arm-none-eabi-g++ -o "AFR_PIL_CM7.elf" @"objects.list"   -mcpu=cortex-m7 -T"C:\Users\nicks\STM32CubeIDE\workspace_1.19.0\AFR_PIL\CM7\STM32H755ZITX_FLASH.ld" --specs=nosys.specs -Wl,-Map="AFR_PIL_CM7.map" -Wl,--gc-sections -static --specs=nano.specs -mfpu=fpv5-d16 -mfloat-abi=hard -mthumb -u _printf_float -u _scanf_float -Wl,--start-group -lc -lm -lstdc++ -lsupc++ -Wl,--end-group
Finished building target: AFR_PIL_CM7.elf
 
arm-none-eabi-size  AFR_PIL_CM7.elf 
arm-none-eabi-objdump -h -S AFR_PIL_CM7.elf  > "AFR_PIL_CM7.list"
   text	   data	    bss	    dec	    hex	filename
 265896	  65832	 180600	 512328	  7d148	AFR_PIL_CM7.elf
Finished building: default.size.stdout
 
Finished building: AFR_PIL_CM7.list
 
02:33:00 **** Incremental Build of configuration Debug for project AFR_PIL_CM7 ****
make -j16 all 
arm-none-eabi-size  AFR_PIL_CM7.elf 
   text	   data	    bss	    dec	    hex	filename
 265896	  65832	 180600	 512328	  7d148	AFR_PIL_CM7.elf
Finished building: default.size.stdout
 
02:34:24 **** Incremental Build of configuration Debug for project AFR_PIL_CM7 ****
make -j16 all 
arm-none-eabi-gcc "../Core/Src/main.c" -mcpu=cortex-m7 -std=gnu11 -g3 -DDEBUG -DCORE_CM7 -DUSE_HAL_DRIVER -DSTM32H755xx -DUSE_PWR_DIRECT_SMPS_SUPPLY -DUSE_NUCLEO_64 -DSTM32_THREAD_SAFE_STRATEGY=4 -c -I../Core/Inc -I../../Drivers/STM32H7xx_HAL_Driver/Inc -I../../Drivers/STM32H7xx_HAL_Driver/Inc/Legacy -I../../Drivers/BSP/STM32H7xx_Nucleo -I../../Drivers/CMSIS/Device/ST/STM32H7xx/Include -I../../Drivers/CMSIS/Include -I../../Middlewares/Third_Party/FreeRTOS/Source/include -I../../Middlewares/Third_Party/FreeRTOS/Source/CMSIS_RTOS_V2 -I../../Middlewares/Third_Party/FreeRTOS/Source/portable/GCC/ARM_CM4F -I"C:/Users/nicks/STM32CubeIDE/workspace_1.19.0/AFR_PIL/CM7/Core/Src/control_update_MPC" -I"C:/Users/nicks/STM32CubeIDE/workspace_1.19.0/AFR_PIL/CM7/Core/Src/control_update_MPC/qpoases" -I"C:/Users/nicks/STM32CubeIDE/workspace_1.19.0/AFR_PIL/CM7/Core/Src/control_update_MPC/qpoases/SRC" -I"C:/Users/nicks/STM32CubeIDE/workspace_1.19.0/AFR_PIL/CM7/Core/Src/control_update_MPC/qpoases/INCLUDE" -I../Core/ThreadSafe -I"C:/Users/nicks/STM32CubeIDE/workspace_1.19.0/AFR_PIL/CM7/Core/Include" -I"C:/Users/nicks/STM32CubeIDE/workspace_1.19.0/AFR_PIL/CM7/Core/Include/dsp" -O0 -ffunction-sections -fdata-sections -Wall -fstack-usage -fcyclomatic-complexity -MMD -MP -MF"Core/Src/main.d" -MT"Core/Src/main.o" --specs=nano.specs -mfpu=fpv5-d16 -mfloat-abi=hard -mthumb -o "Core/Src/main.o"
../Core/Src/main.c: In function 'handle_line':
../Core/Src/main.c:496:21: warning: unused variable 'wordsLeft1' [-Wunused-variable]
  496 |         UBaseType_t wordsLeft1 = uxTaskGetStackHighWaterMark( NULL );
      |                     ^~~~~~~~~~
arm-none-eabi-g++ -o "AFR_PIL_CM7.elf" @"objects.list"   -mcpu=cortex-m7 -T"C:\Users\nicks\STM32CubeIDE\workspace_1.19.0\AFR_PIL\CM7\STM32H755ZITX_FLASH.ld" --specs=nosys.specs -Wl,-Map="AFR_PIL_CM7.map" -Wl,--gc-sections -static --specs=nano.specs -mfpu=fpv5-d16 -mfloat-abi=hard -mthumb -u _printf_float -u _scanf_float -Wl,--start-group -lc -lm -lstdc++ -lsupc++ -Wl,--end-group
Finished building target: AFR_PIL_CM7.elf
 
arm-none-eabi-size  AFR_PIL_CM7.elf 
arm-none-eabi-objdump -h -S AFR_PIL_CM7.elf  > "AFR_PIL_CM7.list"
   text	   data	    bss	    dec	    hex	filename
 265896	  65832	 180600	 512328	  7d148	AFR_PIL_CM7.elf
Finished building: default.size.stdout
 
Finished building: AFR_PIL_CM7.list
 
02:34:49 **** Incremental Build of configuration Debug for project AFR_PIL_CM7 ****
make -j16 all 
arm-none-eabi-size  AFR_PIL_CM7.elf 
   text	   data	    bss	    dec	    hex	filename
 265896	  65832	 180600	 512328	  7d148	AFR_PIL_CM7.elf
Finished building: default.size.stdout
 
02:34:56 **** Incremental Build of configuration Debug for project AFR_PIL_CM7 ****
make -j16 all 
arm-none-eabi-size  AFR_PIL_CM7.elf 
   text	   data	    bss	    dec	    hex	filename
 265896	  65832	 180600	 512328	  7d148	AFR_PIL_CM7.elf
Finished building: default.size.stdout
 
02:35:26 **** Incremental Build of configuration Debug for project AFR_PIL_CM7 ****
make -j16 all 
arm-none-eabi-size  AFR_PIL_CM7.elf 
   text	   data	    bss	    dec	    hex	filename
 265896	  65832	 180600	 512328	  7d148	AFR_PIL_CM7.elf
Finished building: default.size.stdout
 
02:36:27 **** Incremental Build of configuration Debug for project AFR_PIL_CM4 ****
make -j16 all 
arm-none-eabi-size  AFR_PIL_CM4.elf 
   text	   data	    bss	    dec	    hex	filename
   3448	     28	   1572	   5048	   13b8	AFR_PIL_CM4.elf
Finished building: default.size.stdout
 
02:36:53 **** Incremental Build of configuration Debug for project AFR_PIL_CM7 ****
make -j16 all 
[...]
../Core/Src/main.c: In function 'handle_line':
../Core/Src/main.c:496:21: warning: unused variable 'wordsLeft1' [-Wunused-variable]
  496 |         UBaseType_t wordsLeft1 = uxTaskGetStackHighWaterMark( NULL );
      |                     ^~~~~~~~~~
arm-none-eabi-g++ -o "AFR_PIL_CM7.elf" @"objects.list"   -mcpu=cortex-m7 -T"C:\Users\nicks\STM32CubeIDE\workspace_1.19.0\AFR_PIL\CM7\STM32H755ZITX_FLASH.ld" --specs=nosys.specs -Wl,-Map="AFR_PIL_CM7.map" -Wl,--gc-sections -static --specs=nano.specs -mfpu=fpv5-d16 -mfloat-abi=hard -mthumb -u _printf_float -u _scanf_float -Wl,--start-group -lc -lm -lstdc++ -lsupc++ -Wl,--end-group
Finished building target: AFR_PIL_CM7.elf
 
arm-none-eabi-size  AFR_PIL_CM7.elf 
arm-none-eabi-objdump -h -S AFR_PIL_CM7.elf  > "AFR_PIL_CM7.list"
   text	   data	    bss	    dec	    hex	filename
 265896	  65832	 180600	 512328	  7d148	AFR_PIL_CM7.elf
Finished building: default.size.stdout
 
Finished building: AFR_PIL_CM7.list
 
03:26:26 **** Incremental Build of configuration Debug for project AFR_PIL_CM7 ****
make -j16 all 
arm-none-eabi-gcc "../Core/Src/main.c" -mcpu=cortex-m7 -std=gnu11 -g3 -DDEBUG -DCORE_CM7 -DUSE_HAL_DRIVER -DSTM32H755xx -DUSE_PWR_DIRECT_SMPS_SUPPLY -DUSE_NUCLEO_64 -DSTM32_THREAD_SAFE_STRATEGY=4 -c -I../Core/Inc -I../../Drivers/STM32H7xx_HAL_Driver/Inc -I../../Drivers/STM32H7xx_HAL_Driver/Inc/Legacy -I../../Drivers/BSP/STM32H7xx_Nucleo -I../../Drivers/CMSIS/Device/ST/STM32H7xx/Include -I../../Drivers/CMSIS/Include -I../../Middlewares/Third_Party/FreeRTOS/Source/include -I../../Middlewares/Third_Party/FreeRTOS/Source/CMSIS_RTOS_V2 -I../../Middlewares/Third_Party/FreeRTOS/Source/portable/GCC/ARM_CM4F -I"C:/Users/nicks/STM32CubeIDE/workspace_1.19.0/AFR_PIL/CM7/Core/Src/control_update_MPC" -I"C:/Users/nicks/STM32CubeIDE/workspace_1.19.0/AFR_PIL/CM7/Core/Src/control_update_MPC/qpoases" -I"C:/Users/nicks/STM32CubeIDE/workspace_1.19.0/AFR_PIL/CM7/Core/Src/control_update_MPC/qpoases/SRC" -I"C:/Users/nicks/STM32CubeIDE/workspace_1.19.0/AFR_PIL/CM7/Core/Src/control_update_MPC/qpoases/INCLUDE" -I../Core/ThreadSafe -I"C:/Users/nicks/STM32CubeIDE/workspace_1.19.0/AFR_PIL/CM7/Core/Include" -I"C:/Users/nicks/STM32CubeIDE/workspace_1.19.0/AFR_PIL/CM7/Core/Include/dsp" -O0 -ffunction-sections -fdata-sections -Wall -fstack-usage -fcyclomatic-complexity -MMD -MP -MF"Core/Src/main.d" -MT"Core/Src/main.o" --specs=nano.specs -mfpu=fpv5-d16 -mfloat-abi=hard -mthumb -o "Core/Src/main.o"
../Core/Src/main.c: In function 'handle_line':
../Core/Src/main.c:496:21: warning: unused variable 'wordsLeft1' [-Wunused-variable]
  496 |         UBaseType_t wordsLeft1 = uxTaskGetStackHighWaterMark( NULL );
      |                     ^~~~~~~~~~
arm-none-eabi-g++ -o "AFR_PIL_CM7.elf" @"objects.list"   -mcpu=cortex-m7 -T"C:\Users\nicks\STM32CubeIDE\workspace_1.19.0\AFR_PIL\CM7\STM32H755ZITX_FLASH.ld" --specs=nosys.specs -Wl,-Map="AFR_PIL_CM7.map" -Wl,--gc-sections -static --specs=nano.specs -mfpu=fpv5-d16 -mfloat-abi=hard -mthumb -u _printf_float -u _scanf_float -Wl,--start-group -lc -lm -lstdc++ -lsupc++ -Wl,--end-group
Finished building target: AFR_PIL_CM7.elf
 
arm-none-eabi-size  AFR_PIL_CM7.elf 
arm-none-eabi-objdump -h -S AFR_PIL_CM7.elf  > "AFR_PIL_CM7.list"
   text	   data	    bss	    dec	    hex	filename
 265896	  65832	 180600	 512328	  7d148	AFR_PIL_CM7.elf
Finished building: default.size.stdout
 
Finished building: AFR_PIL_CM7.list
 
03:27:18 **** Incremental Build of configuration Debug for project AFR_PIL_CM7 ****
make -j16 all 
arm-none-eabi-gcc "../Core/Src/main.c" -mcpu=cortex-m7 -std=gnu11 -g3 -DDEBUG -DCORE_CM7 -DUSE_HAL_DRIVER -DSTM32H755xx -DUSE_PWR_DIRECT_SMPS_SUPPLY -DUSE_NUCLEO_64 -DSTM32_THREAD_SAFE_STRATEGY=4 -c -I../Core/Inc -I../../Drivers/STM32H7xx_HAL_Driver/Inc -I../../Drivers/STM32H7xx_HAL_Driver/Inc/Legacy -I../../Drivers/BSP/STM32H7xx_Nucleo -I../../Drivers/CMSIS/Device/ST/STM32H7xx/Include -I../../Drivers/CMSIS/Include -I../../Middlewares/Third_Party/FreeRTOS/Source/include -I../../Middlewares/Third_Party/FreeRTOS/Source/CMSIS_RTOS_V2 -I../../Middlewares/Third_Party/FreeRTOS/Source/portable/GCC/ARM_CM4F -I"C:/Users/nicks/STM32CubeIDE/workspace_1.19.0/AFR_PIL/CM7/Core/Src/control_update_MPC" -I"C:/Users/nicks/STM32CubeIDE/workspace_1.19.0/AFR_PIL/CM7/Core/Src/control_update_MPC/qpoases" -I"C:/Users/nicks/STM32CubeIDE/workspace_1.19.0/AFR_PIL/CM7/Core/Src/control_update_MPC/qpoases/SRC" -I"C:/Users/nicks/STM32CubeIDE/workspace_1.19.0/AFR_PIL/CM7/Core/Src/control_update_MPC/qpoases/INCLUDE" -I../Core/ThreadSafe -I"C:/Users/nicks/STM32CubeIDE/workspace_1.19.0/AFR_PIL/CM7/Core/Include" -I"C:/Users/nicks/STM32CubeIDE/workspace_1.19.0/AFR_PIL/CM7/Core/Include/dsp" -O0 -ffunction-sections -fdata-sections -Wall -fstack-usage -fcyclomatic-complexity -MMD -MP -MF"Core/Src/main.d" -MT"Core/Src/main.o" --specs=nano.specs -mfpu=fpv5-d16 -mfloat-abi=hard -mthumb -o "Core/Src/main.o"
../Core/Src/main.c: In function 'handle_line':
../Core/Src/main.c:496:21: warning: unused variable 'wordsLeft1' [-Wunused-variable]
  496 |         UBaseType_t wordsLeft1 = uxTaskGetStackHighWaterMark( NULL );
      |                     ^~~~~~~~~~
arm-none-eabi-g++ -o "AFR_PIL_CM7.elf" @"objects.list"   -mcpu=cortex-m7 -T"C:\Users\nicks\STM32CubeIDE\workspace_1.19.0\AFR_PIL\CM7\STM32H755ZITX_FLASH.ld" --specs=nosys.specs -Wl,-Map="AFR_PIL_CM7.map" -Wl,--gc-sections -static --specs=nano.specs -mfpu=fpv5-d16 -mfloat-abi=hard -mthumb -u _printf_float -u _scanf_float -Wl,--start-group -lc -lm -lstdc++ -lsupc++ -Wl,--end-group
Finished building target: AFR_PIL_CM7.elf
 
arm-none-eabi-size  AFR_PIL_CM7.elf 
arm-none-eabi-objdump -h -S AFR_PIL_CM7.elf  > "AFR_PIL_CM7.list"
   text	   data	    bss	    dec	    hex	filename
 265896	  65832	 180600	 512328	  7d148	AFR_PIL_CM7.elf
Finished building: default.size.stdout
 
Finished building: AFR_PIL_CM7.list
 
03:28:09 **** Incremental Build of configuration Debug for project AFR_PIL_CM7 ****
make -j16 all 
arm-none-eabi-gcc "../Core/Src/main.c" -mcpu=cortex-m7 -std=gnu11 -g3 -DDEBUG -DCORE_CM7 -DUSE_HAL_DRIVER -DSTM32H755xx -DUSE_PWR_DIRECT_SMPS_SUPPLY -DUSE_NUCLEO_64 -DSTM32_THREAD_SAFE_STRATEGY=4 -c -I../Core/Inc -I../../Drivers/STM32H7xx_HAL_Driver/Inc -I../../Drivers/STM32H7xx_HAL_Driver/Inc/Legacy -I../../Drivers/BSP/STM32H7xx_Nucleo -I../../Drivers/CMSIS/Device/ST/STM32H7xx/Include -I../../Drivers/CMSIS/Include -I../../Middlewares/Third_Party/FreeRTOS/Source/include -I../../Middlewares/Third_Party/FreeRTOS/Source/CMSIS_RTOS_V2 -I../../Middlewares/Third_Party/FreeRTOS/Source/portable/GCC/ARM_CM4F -I"C:/Users/nicks/STM32CubeIDE/workspace_1.19.0/AFR_PIL/CM7/Core/Src/control_update_MPC" -I"C:/Users/nicks/STM32CubeIDE/workspace_1.19.0/AFR_PIL/CM7/Core/Src/control_update_MPC/qpoases" -I"C:/Users/nicks/STM32CubeIDE/workspace_1.19.0/AFR_PIL/CM7/Core/Src/control_update_MPC/qpoases/SRC" -I"C:/Users/nicks/STM32CubeIDE/workspace_1.19.0/AFR_PIL/CM7/Core/Src/control_update_MPC/qpoases/INCLUDE" -I../Core/ThreadSafe -I"C:/Users/nicks/STM32CubeIDE/workspace_1.19.0/AFR_PIL/CM7/Core/Include" -I"C:/Users/nicks/STM32CubeIDE/workspace_1.19.0/AFR_PIL/CM7/Core/Include/dsp" -O0 -ffunction-sections -fdata-sections -Wall -fstack-usage -fcyclomatic-complexity -MMD -MP -MF"Core/Src/main.d" -MT"Core/Src/main.o" --specs=nano.specs -mfpu=fpv5-d16 -mfloat-abi=hard -mthumb -o "Core/Src/main.o"
../Core/Src/main.c: In function 'handle_line':
../Core/Src/main.c:496:21: warning: unused variable 'wordsLeft1' [-Wunused-variable]
  496 |         UBaseType_t wordsLeft1 = uxTaskGetStackHighWaterMark( NULL );
      |                     ^~~~~~~~~~
arm-none-eabi-g++ -o "AFR_PIL_CM7.elf" @"objects.list"   -mcpu=cortex-m7 -T"C:\Users\nicks\STM32CubeIDE\workspace_1.19.0\AFR_PIL\CM7\STM32H755ZITX_FLASH.ld" --specs=nosys.specs -Wl,-Map="AFR_PIL_CM7.map" -Wl,--gc-sections -static --specs=nano.specs -mfpu=fpv5-d16 -mfloat-abi=hard -mthumb -u _printf_float -u _scanf_float -Wl,--start-group -lc -lm -lstdc++ -lsupc++ -Wl,--end-group
Finished building target: AFR_PIL_CM7.elf
 
arm-none-eabi-size  AFR_PIL_CM7.elf 
arm-none-eabi-objdump -h -S AFR_PIL_CM7.elf  > "AFR_PIL_CM7.list"
   text	   data	    bss	    dec	    hex	filename
 265896	  65832	 180600	 512328	  7d148	AFR_PIL_CM7.elf
Finished building: default.size.stdout
 
Finished building: AFR_PIL_CM7.list
 
03:29:43 **** Incremental Build of configuration Debug for project AFR_PIL_CM7 ****
make -j16 all 
arm-none-eabi-gcc "../Core/Src/main.c" -mcpu=cortex-m7 -std=gnu11 -g3 -DDEBUG -DCORE_CM7 -DUSE_HAL_DRIVER -DSTM32H755xx -DUSE_PWR_DIRECT_SMPS_SUPPLY -DUSE_NUCLEO_64 -DSTM32_THREAD_SAFE_STRATEGY=4 -c -I../Core/Inc -I../../Drivers/STM32H7xx_HAL_Driver/Inc -I../../Drivers/STM32H7xx_HAL_Driver/Inc/Legacy -I../../Drivers/BSP/STM32H7xx_Nucleo -I../../Drivers/CMSIS/Device/ST/STM32H7xx/Include -I../../Drivers/CMSIS/Include -I../../Middlewares/Third_Party/FreeRTOS/Source/include -I../../Middlewares/Third_Party/FreeRTOS/Source/CMSIS_RTOS_V2 -I../../Middlewares/Third_Party/FreeRTOS/Source/portable/GCC/ARM_CM4F -I"C:/Users/nicks/STM32CubeIDE/workspace_1.19.0/AFR_PIL/CM7/Core/Src/control_update_MPC" -I"C:/Users/nicks/STM32CubeIDE/workspace_1.19.0/AFR_PIL/CM7/Core/Src/control_update_MPC/qpoases" -I"C:/Users/nicks/STM32CubeIDE/workspace_1.19.0/AFR_PIL/CM7/Core/Src/control_update_MPC/qpoases/SRC" -I"C:/Users/nicks/STM32CubeIDE/workspace_1.19.0/AFR_PIL/CM7/Core/Src/control_update_MPC/qpoases/INCLUDE" -I../Core/ThreadSafe -I"C:/Users/nicks/STM32CubeIDE/workspace_1.19.0/AFR_PIL/CM7/Core/Include" -I"C:/Users/nicks/STM32CubeIDE/workspace_1.19.0/AFR_PIL/CM7/Core/Include/dsp" -O0 -ffunction-sections -fdata-sections -Wall -fstack-usage -fcyclomatic-complexity -MMD -MP -MF"Core/Src/main.d" -MT"Core/Src/main.o" --specs=nano.specs -mfpu=fpv5-d16 -mfloat-abi=hard -mthumb -o "Core/Src/main.o"
../Core/Src/main.c: In function 'handle_line':
../Core/Src/main.c:496:21: warning: unused variable 'wordsLeft1' [-Wunused-variable]
  496 |         UBaseType_t wordsLeft1 = uxTaskGetStackHighWaterMark( NULL );
      |                     ^~~~~~~~~~
arm-none-eabi-g++ -o "AFR_PIL_CM7.elf" @"objects.list"   -mcpu=cortex-m7 -T"C:\Users\nicks\STM32CubeIDE\workspace_1.19.0\AFR_PIL\CM7\STM32H755ZITX_FLASH.ld" --specs=nosys.specs -Wl,-Map="AFR_PIL_CM7.map" -Wl,--gc-sections -static --specs=nano.specs -mfpu=fpv5-d16 -mfloat-abi=hard -mthumb -u _printf_float -u _scanf_float -Wl,--start-group -lc -lm -lstdc++ -lsupc++ -Wl,--end-group
Finished building target: AFR_PIL_CM7.elf
 
arm-none-eabi-size  AFR_PIL_CM7.elf 
arm-none-eabi-objdump -h -S AFR_PIL_CM7.elf  > "AFR_PIL_CM7.list"
   text	   data	    bss	    dec	    hex	filename
 265896	  65832	 180600	 512328	  7d148	AFR_PIL_CM7.elf
Finished building: default.size.stdout
 
Finished building: AFR_PIL_CM7.list
 
03:33:09 **** Incremental Build of configuration Debug for project AFR_PIL_CM7 ****
make -j16 all 
arm-none-eabi-size  AFR_PIL_CM7.elf 
   text	   data	    bss	    dec	    hex	filename
 265896	  65832	 180600	 512328	  7d148	AFR_PIL_CM7.elf
Finished building: default.size.stdout
 
03:35:27 **** Incremental Build of configuration Debug for project AFR_PIL_CM7 ****
make -j16 all 
arm-none-eabi-gcc "../Core/Src/main.c" -mcpu=cortex-m7 -std=gnu11 -g3 -DDEBUG -DCORE_CM7 -DUSE_HAL_DRIVER -DSTM32H755xx -DUSE_PWR_DIRECT_SMPS_SUPPLY -DUSE_NUCLEO_64 -DSTM32_THREAD_SAFE_STRATEGY=4 -c -I../Core/Inc -I../../Drivers/STM32H7xx_HAL_Driver/Inc -I../../Drivers/STM32H7xx_HAL_Driver/Inc/Legacy -I../../Drivers/BSP/STM32H7xx_Nucleo -I../../Drivers/CMSIS/Device/ST/STM32H7xx/Include -I../../Drivers/CMSIS/Include -I../../Middlewares/Third_Party/FreeRTOS/Source/include -I../../Middlewares/Third_Party/FreeRTOS/Source/CMSIS_RTOS_V2 -I../../Middlewares/Third_Party/FreeRTOS/Source/portable/GCC/ARM_CM4F -I"C:/Users/nicks/STM32CubeIDE/workspace_1.19.0/AFR_PIL/CM7/Core/Src/control_update_MPC" -I"C:/Users/nicks/STM32CubeIDE/workspace_1.19.0/AFR_PIL/CM7/Core/Src/control_update_MPC/qpoases" -I"C:/Users/nicks/STM32CubeIDE/workspace_1.19.0/AFR_PIL/CM7/Core/Src/control_update_MPC/qpoases/SRC" -I"C:/Users/nicks/STM32CubeIDE/workspace_1.19.0/AFR_PIL/CM7/Core/Src/control_update_MPC/qpoases/INCLUDE" -I../Core/ThreadSafe -I"C:/Users/nicks/STM32CubeIDE/workspace_1.19.0/AFR_PIL/CM7/Core/Include" -I"C:/Users/nicks/STM32CubeIDE/workspace_1.19.0/AFR_PIL/CM7/Core/Include/dsp" -O0 -ffunction-sections -fdata-sections -Wall -fstack-usage -fcyclomatic-complexity -MMD -MP -MF"Core/Src/main.d" -MT"Core/Src/main.o" --specs=nano.specs -mfpu=fpv5-d16 -mfloat-abi=hard -mthumb -o "Core/Src/main.o"
../Core/Src/main.c: In function 'handle_line':
../Core/Src/main.c:496:21: warning: unused variable 'wordsLeft1' [-Wunused-variable]
  496 |         UBaseType_t wordsLeft1 = uxTaskGetStackHighWaterMark( NULL );
      |                     ^~~~~~~~~~
arm-none-eabi-g++ -o "AFR_PIL_CM7.elf" @"objects.list"   -mcpu=cortex-m7 -T"C:\Users\nicks\STM32CubeIDE\workspace_1.19.0\AFR_PIL\CM7\STM32H755ZITX_FLASH.ld" --specs=nosys.specs -Wl,-Map="AFR_PIL_CM7.map" -Wl,--gc-sections -static --specs=nano.specs -mfpu=fpv5-d16 -mfloat-abi=hard -mthumb -u _printf_float -u _scanf_float -Wl,--start-group -lc -lm -lstdc++ -lsupc++ -Wl,--end-group
Finished building target: AFR_PIL_CM7.elf
 
arm-none-eabi-size  AFR_PIL_CM7.elf 
arm-none-eabi-objdump -h -S AFR_PIL_CM7.elf  > "AFR_PIL_CM7.list"
   text	   data	    bss	    dec	    hex	filename
 265896	  65832	 180600	 512328	  7d148	AFR_PIL_CM7.elf
Finished building: default.size.stdout
 
Finished building: AFR_PIL_CM7.list
 
03:36:38 **** Incremental Build of configuration Debug for project AFR_PIL_CM7 ****
make -j16 all 
arm-none-eabi-size  AFR_PIL_CM7.elf 
   text	   data	    bss	    dec	    hex	filename
 265896	  65832	 180600	 512328	  7d148	AFR_PIL_CM7.elf
Finished building: default.size.stdout
 
03:38:56 **** Incremental Build of configuration Debug for project AFR_PIL_CM7 ****
make -j16 all 
arm-none-eabi-gcc "../Core/Src/main.c" -mcpu=cortex-m7 -std=gnu11 -g3 -DDEBUG -DCORE_CM7 -DUSE_HAL_DRIVER -DSTM32H755xx -DUSE_PWR_DIRECT_SMPS_SUPPLY -DUSE_NUCLEO_64 -DSTM32_THREAD_SAFE_STRATEGY=4 -c -I../Core/Inc -I../../Drivers/STM32H7xx_HAL_Driver/Inc -I../../Drivers/STM32H7xx_HAL_Driver/Inc/Legacy -I../../Drivers/BSP/STM32H7xx_Nucleo -I../../Drivers/CMSIS/Device/ST/STM32H7xx/Include -I../../Drivers/CMSIS/Include -I../../Middlewares/Third_Party/FreeRTOS/Source/include -I../../Middlewares/Third_Party/FreeRTOS/Source/CMSIS_RTOS_V2 -I../../Middlewares/Third_Party/FreeRTOS/Source/portable/GCC/ARM_CM4F -I"C:/Users/nicks/STM32CubeIDE/workspace_1.19.0/AFR_PIL/CM7/Core/Src/control_update_MPC" -I"C:/Users/nicks/STM32CubeIDE/workspace_1.19.0/AFR_PIL/CM7/Core/Src/control_update_MPC/qpoases" -I"C:/Users/nicks/STM32CubeIDE/workspace_1.19.0/AFR_PIL/CM7/Core/Src/control_update_MPC/qpoases/SRC" -I"C:/Users/nicks/STM32CubeIDE/workspace_1.19.0/AFR_PIL/CM7/Core/Src/control_update_MPC/qpoases/INCLUDE" -I../Core/ThreadSafe -I"C:/Users/nicks/STM32CubeIDE/workspace_1.19.0/AFR_PIL/CM7/Core/Include" -I"C:/Users/nicks/STM32CubeIDE/workspace_1.19.0/AFR_PIL/CM7/Core/Include/dsp" -O0 -ffunction-sections -fdata-sections -Wall -fstack-usage -fcyclomatic-complexity -MMD -MP -MF"Core/Src/main.d" -MT"Core/Src/main.o" --specs=nano.specs -mfpu=fpv5-d16 -mfloat-abi=hard -mthumb -o "Core/Src/main.o"
../Core/Src/main.c: In function 'handle_line':
../Core/Src/main.c:496:21: warning: unused variable 'wordsLeft1' [-Wunused-variable]
  496 |         UBaseType_t wordsLeft1 = uxTaskGetStackHighWaterMark( NULL );
      |                     ^~~~~~~~~~
arm-none-eabi-g++ -o "AFR_PIL_CM7.elf" @"objects.list"   -mcpu=cortex-m7 -T"C:\Users\nicks\STM32CubeIDE\workspace_1.19.0\AFR_PIL\CM7\STM32H755ZITX_FLASH.ld" --specs=nosys.specs -Wl,-Map="AFR_PIL_CM7.map" -Wl,--gc-sections -static --specs=nano.specs -mfpu=fpv5-d16 -mfloat-abi=hard -mthumb -u _printf_float -u _scanf_float -Wl,--start-group -lc -lm -lstdc++ -lsupc++ -Wl,--end-group
Finished building target: AFR_PIL_CM7.elf
 
arm-none-eabi-size  AFR_PIL_CM7.elf 
arm-none-eabi-objdump -h -S AFR_PIL_CM7.elf  > "AFR_PIL_CM7.list"
   text	   data	    bss	    dec	    hex	filename
 265896	  65832	 180600	 512328	  7d148	AFR_PIL_CM7.elf
Finished building: default.size.stdout
 
Finished building: AFR_PIL_CM7.list
 
03:39:37 **** Incremental Build of configuration Debug for project AFR_PIL_CM7 ****
make -j16 all 
arm-none-eabi-gcc "../Core/Src/main.c" -mcpu=cortex-m7 -std=gnu11 -g3 -DDEBUG -DCORE_CM7 -DUSE_HAL_DRIVER -DSTM32H755xx -DUSE_PWR_DIRECT_SMPS_SUPPLY -DUSE_NUCLEO_64 -DSTM32_THREAD_SAFE_STRATEGY=4 -c -I../Core/Inc -I../../Drivers/STM32H7xx_HAL_Driver/Inc -I../../Drivers/STM32H7xx_HAL_Driver/Inc/Legacy -I../../Drivers/BSP/STM32H7xx_Nucleo -I../../Drivers/CMSIS/Device/ST/STM32H7xx/Include -I../../Drivers/CMSIS/Include -I../../Middlewares/Third_Party/FreeRTOS/Source/include -I../../Middlewares/Third_Party/FreeRTOS/Source/CMSIS_RTOS_V2 -I../../Middlewares/Third_Party/FreeRTOS/Source/portable/GCC/ARM_CM4F -I"C:/Users/nicks/STM32CubeIDE/workspace_1.19.0/AFR_PIL/CM7/Core/Src/control_update_MPC" -I"C:/Users/nicks/STM32CubeIDE/workspace_1.19.0/AFR_PIL/CM7/Core/Src/control_update_MPC/qpoases" -I"C:/Users/nicks/STM32CubeIDE/workspace_1.19.0/AFR_PIL/CM7/Core/Src/control_update_MPC/qpoases/SRC" -I"C:/Users/nicks/STM32CubeIDE/workspace_1.19.0/AFR_PIL/CM7/Core/Src/control_update_MPC/qpoases/INCLUDE" -I../Core/ThreadSafe -I"C:/Users/nicks/STM32CubeIDE/workspace_1.19.0/AFR_PIL/CM7/Core/Include" -I"C:/Users/nicks/STM32CubeIDE/workspace_1.19.0/AFR_PIL/CM7/Core/Include/dsp" -O0 -ffunction-sections -fdata-sections -Wall -fstack-usage -fcyclomatic-complexity -MMD -MP -MF"Core/Src/main.d" -MT"Core/Src/main.o" --specs=nano.specs -mfpu=fpv5-d16 -mfloat-abi=hard -mthumb -o "Core/Src/main.o"
../Core/Src/main.c: In function 'handle_line':
../Core/Src/main.c:496:21: warning: unused variable 'wordsLeft1' [-Wunused-variable]
  496 |         UBaseType_t wordsLeft1 = uxTaskGetStackHighWaterMark( NULL );
      |                     ^~~~~~~~~~
arm-none-eabi-g++ -o "AFR_PIL_CM7.elf" @"objects.list"   -mcpu=cortex-m7 -T"C:\Users\nicks\STM32CubeIDE\workspace_1.19.0\AFR_PIL\CM7\STM32H755ZITX_FLASH.ld" --specs=nosys.specs -Wl,-Map="AFR_PIL_CM7.map" -Wl,--gc-sections -static --specs=nano.specs -mfpu=fpv5-d16 -mfloat-abi=hard -mthumb -u _printf_float -u _scanf_float -Wl,--start-group -lc -lm -lstdc++ -lsupc++ -Wl,--end-group
Finished building target: AFR_PIL_CM7.elf
 
arm-none-eabi-size  AFR_PIL_CM7.elf 
arm-none-eabi-objdump -h -S AFR_PIL_CM7.elf  > "AFR_PIL_CM7.list"
   text	   data	    bss	    dec	    hex	filename
 265896	  65832	 180600	 512328	  7d148	AFR_PIL_CM7.elf
Finished building: default.size.stdout
 
Finished building: AFR_PIL_CM7.list
 
03:40:32 **** Incremental Build of configuration Debug for project AFR_PIL_CM7 ****
make -j16 all 
arm-none-eabi-size  AFR_PIL_CM7.elf 
   text	   data	    bss	    dec	    hex	filename
 265896	  65832	 180600	 512328	  7d148	AFR_PIL_CM7.elf
Finished building: default.size.stdout
 
