15:55:03 **** Incremental Build of configuration Debug for project AFR_CM7 ****
make -j16 all 
arm-none-eabi-g++ "../Core/Src/control_update_MPC/qpoases/SRC/EXTRAS/SolutionAnalysis.cpp" -mcpu=cortex-m7 -std=gnu++14 -g3 -DDEBUG -DCORE_CM7 -DUSE_HAL_DRIVER -DSTM32H755xx -DUSE_PWR_DIRECT_SMPS_SUPPLY -DUSE_NUCLEO_64 -DSTM32_THREAD_SAFE_STRATEGY=4 -c -I../Core/Inc -I../../Drivers/STM32H7xx_HAL_Driver/Inc -I../../Drivers/STM32H7xx_HAL_Driver/Inc/Legacy -I../../Middlewares/Third_Party/FreeRTOS/Source/include -I../../Middlewares/Third_Party/FreeRTOS/Source/CMSIS_RTOS_V2 -I../../Middlewares/Third_Party/FreeRTOS/Source/portable/GCC/ARM_CM4F -I../../Drivers/BSP/STM32H7xx_Nucleo -I../../Drivers/CMSIS/Device/ST/STM32H7xx/Include -I../../Drivers/CMSIS/Include -I../Core/ThreadSafe -I"C:/Users/nicks/STM32CubeIDE/workspace_1.19.0/AFR/AFR/CM7/Core/Include" -I"C:/Users/nicks/STM32CubeIDE/workspace_1.19.0/AFR/AFR/CM7/Core/Include/dsp" -I"C:/Users/nicks/STM32CubeIDE/workspace_1.19.0/AFR/AFR/CM7/Core/Src/control_update_MPC" -I"C:/Users/nicks/STM32CubeIDE/workspace_1.19.0/AFR/AFR/CM7/Core/Src/control_update_MPC/qpoases" -I"C:/Users/nicks/STM32CubeIDE/workspace_1.19.0/AFR/AFR/CM7/Core/Src/control_update_MPC/qpoases/INCLUDE" -I"C:/Users/nicks/STM32CubeIDE/workspace_1.19.0/AFR/AFR/CM7/Core/Src/control_update_MPC/qpoases/SRC" -O0 -ffunction-sections -fdata-sections -fno-exceptions -fno-rtti -fno-use-cxa-atexit -Wall -fstack-usage -fcyclomatic-complexity -MMD -MP -MF"Core/Src/control_update_MPC/qpoases/SRC/EXTRAS/SolutionAnalysis.d" -MT"Core/Src/control_update_MPC/qpoases/SRC/EXTRAS/SolutionAnalysis.o" --specs=nano.specs -mfpu=fpv5-d16 -mfloat-abi=hard -mthumb -o "Core/Src/control_update_MPC/qpoases/SRC/EXTRAS/SolutionAnalysis.o"
arm-none-eabi-g++ "../Core/Src/control_update_MPC/qpoases/SRC/Bounds.cpp" -mcpu=cortex-m7 -std=gnu++14 -g3 -DDEBUG -DCORE_CM7 -DUSE_HAL_DRIVER -DSTM32H755xx -DUSE_PWR_DIRECT_SMPS_SUPPLY -DUSE_NUCLEO_64 -DSTM32_THREAD_SAFE_STRATEGY=4 -c -I../Core/Inc -I../../Drivers/STM32H7xx_HAL_Driver/Inc -I../../Drivers/STM32H7xx_HAL_Driver/Inc/Legacy -I../../Middlewares/Third_Party/FreeRTOS/Source/include -I../../Middlewares/Third_Party/FreeRTOS/Source/CMSIS_RTOS_V2 -I../../Middlewares/Third_Party/FreeRTOS/Source/portable/GCC/ARM_CM4F -I../../Drivers/BSP/STM32H7xx_Nucleo -I../../Drivers/CMSIS/Device/ST/STM32H7xx/Include -I../../Drivers/CMSIS/Include -I../Core/ThreadSafe -I"C:/Users/nicks/STM32CubeIDE/workspace_1.19.0/AFR/AFR/CM7/Core/Include" -I"C:/Users/nicks/STM32CubeIDE/workspace_1.19.0/AFR/AFR/CM7/Core/Include/dsp" -I"C:/Users/nicks/STM32CubeIDE/workspace_1.19.0/AFR/AFR/CM7/Core/Src/control_update_MPC" -I"C:/Users/nicks/STM32CubeIDE/workspace_1.19.0/AFR/AFR/CM7/Core/Src/control_update_MPC/qpoases" -I"C:/Users/nicks/STM32CubeIDE/workspace_1.19.0/AFR/AFR/CM7/Core/Src/control_update_MPC/qpoases/INCLUDE" -I"C:/Users/nicks/STM32CubeIDE/workspace_1.19.0/AFR/AFR/CM7/Core/Src/control_update_MPC/qpoases/SRC" -O0 -ffunction-sections -fdata-sections -fno-exceptions -fno-rtti -fno-use-cxa-atexit -Wall -fstack-usage -fcyclomatic-complexity -MMD -MP -MF"Core/Src/control_update_MPC/qpoases/SRC/Bounds.d" -MT"Core/Src/control_update_MPC/qpoases/SRC/Bounds.o" --specs=nano.specs -mfpu=fpv5-d16 -mfloat-abi=hard -mthumb -o "Core/Src/control_update_MPC/qpoases/SRC/Bounds.o"
arm-none-eabi-g++ "../Core/Src/control_update_MPC/qpoases/SRC/Constraints.cpp" -mcpu=cortex-m7 -std=gnu++14 -g3 -DDEBUG -DCORE_CM7 -DUSE_HAL_DRIVER -DSTM32H755xx -DUSE_PWR_DIRECT_SMPS_SUPPLY -DUSE_NUCLEO_64 -DSTM32_THREAD_SAFE_STRATEGY=4 -c -I../Core/Inc -I../../Drivers/STM32H7xx_HAL_Driver/Inc -I../../Drivers/STM32H7xx_HAL_Driver/Inc/Legacy -I../../Middlewares/Third_Party/FreeRTOS/Source/include -I../../Middlewares/Third_Party/FreeRTOS/Source/CMSIS_RTOS_V2 -I../../Middlewares/Third_Party/FreeRTOS/Source/portable/GCC/ARM_CM4F -I../../Drivers/BSP/STM32H7xx_Nucleo -I../../Drivers/CMSIS/Device/ST/STM32H7xx/Include -I../../Drivers/CMSIS/Include -I../Core/ThreadSafe -I"C:/Users/nicks/STM32CubeIDE/workspace_1.19.0/AFR/AFR/CM7/Core/Include" -I"C:/Users/nicks/STM32CubeIDE/workspace_1.19.0/AFR/AFR/CM7/Core/Include/dsp" -I"C:/Users/nicks/STM32CubeIDE/workspace_1.19.0/AFR/AFR/CM7/Core/Src/control_update_MPC" -I"C:/Users/nicks/STM32CubeIDE/workspace_1.19.0/AFR/AFR/CM7/Core/Src/control_update_MPC/qpoases" -I"C:/Users/nicks/STM32CubeIDE/workspace_1.19.0/AFR/AFR/CM7/Core/Src/control_update_MPC/qpoases/INCLUDE" -I"C:/Users/nicks/STM32CubeIDE/workspace_1.19.0/AFR/AFR/CM7/Core/Src/control_update_MPC/qpoases/SRC" -O0 -ffunction-sections -fdata-sections -fno-exceptions -fno-rtti -fno-use-cxa-atexit -Wall -fstack-usage -fcyclomatic-complexity -MMD -MP -MF"Core/Src/control_update_MPC/qpoases/SRC/Constraints.d" -MT"Core/Src/control_update_MPC/qpoases/SRC/Constraints.o" --specs=nano.specs -mfpu=fpv5-d16 -mfloat-abi=hard -mthumb -o "Core/Src/control_update_MPC/qpoases/SRC/Constraints.o"
arm-none-eabi-g++ "../Core/Src/control_update_MPC/qpoases/SRC/CyclingManager.cpp" -mcpu=cortex-m7 -std=gnu++14 -g3 -DDEBUG -DCORE_CM7 -DUSE_HAL_DRIVER -DSTM32H755xx -DUSE_PWR_DIRECT_SMPS_SUPPLY -DUSE_NUCLEO_64 -DSTM32_THREAD_SAFE_STRATEGY=4 -c -I../Core/Inc -I../../Drivers/STM32H7xx_HAL_Driver/Inc -I../../Drivers/STM32H7xx_HAL_Driver/Inc/Legacy -I../../Middlewares/Third_Party/FreeRTOS/Source/include -I../../Middlewares/Third_Party/FreeRTOS/Source/CMSIS_RTOS_V2 -I../../Middlewares/Third_Party/FreeRTOS/Source/portable/GCC/ARM_CM4F -I../../Drivers/BSP/STM32H7xx_Nucleo -I../../Drivers/CMSIS/Device/ST/STM32H7xx/Include -I../../Drivers/CMSIS/Include -I../Core/ThreadSafe -I"C:/Users/nicks/STM32CubeIDE/workspace_1.19.0/AFR/AFR/CM7/Core/Include" -I"C:/Users/nicks/STM32CubeIDE/workspace_1.19.0/AFR/AFR/CM7/Core/Include/dsp" -I"C:/Users/nicks/STM32CubeIDE/workspace_1.19.0/AFR/AFR/CM7/Core/Src/control_update_MPC" -I"C:/Users/nicks/STM32CubeIDE/workspace_1.19.0/AFR/AFR/CM7/Core/Src/control_update_MPC/qpoases" -I"C:/Users/nicks/STM32CubeIDE/workspace_1.19.0/AFR/AFR/CM7/Core/Src/control_update_MPC/qpoases/INCLUDE" -I"C:/Users/nicks/STM32CubeIDE/workspace_1.19.0/AFR/AFR/CM7/Core/Src/control_update_MPC/qpoases/SRC" -O0 -ffunction-sections -fdata-sections -fno-exceptions -fno-rtti -fno-use-cxa-atexit -Wall -fstack-usage -fcyclomatic-complexity -MMD -MP -MF"Core/Src/control_update_MPC/qpoases/SRC/CyclingManager.d" -MT"Core/Src/control_update_MPC/qpoases/SRC/CyclingManager.o" --specs=nano.specs -mfpu=fpv5-d16 -mfloat-abi=hard -mthumb -o "Core/Src/control_update_MPC/qpoases/SRC/CyclingManager.o"
arm-none-eabi-g++ "../Core/Src/control_update_MPC/qpoases/SRC/Indexlist.cpp" -mcpu=cortex-m7 -std=gnu++14 -g3 -DDEBUG -DCORE_CM7 -DUSE_HAL_DRIVER -DSTM32H755xx -DUSE_PWR_DIRECT_SMPS_SUPPLY -DUSE_NUCLEO_64 -DSTM32_THREAD_SAFE_STRATEGY=4 -c -I../Core/Inc -I../../Drivers/STM32H7xx_HAL_Driver/Inc -I../../Drivers/STM32H7xx_HAL_Driver/Inc/Legacy -I../../Middlewares/Third_Party/FreeRTOS/Source/include -I../../Middlewares/Third_Party/FreeRTOS/Source/CMSIS_RTOS_V2 -I../../Middlewares/Third_Party/FreeRTOS/Source/portable/GCC/ARM_CM4F -I../../Drivers/BSP/STM32H7xx_Nucleo -I../../Drivers/CMSIS/Device/ST/STM32H7xx/Include -I../../Drivers/CMSIS/Include -I../Core/ThreadSafe -I"C:/Users/nicks/STM32CubeIDE/workspace_1.19.0/AFR/AFR/CM7/Core/Include" -I"C:/Users/nicks/STM32CubeIDE/workspace_1.19.0/AFR/AFR/CM7/Core/Include/dsp" -I"C:/Users/nicks/STM32CubeIDE/workspace_1.19.0/AFR/AFR/CM7/Core/Src/control_update_MPC" -I"C:/Users/nicks/STM32CubeIDE/workspace_1.19.0/AFR/AFR/CM7/Core/Src/control_update_MPC/qpoases" -I"C:/Users/nicks/STM32CubeIDE/workspace_1.19.0/AFR/AFR/CM7/Core/Src/control_update_MPC/qpoases/INCLUDE" -I"C:/Users/nicks/STM32CubeIDE/workspace_1.19.0/AFR/AFR/CM7/Core/Src/control_update_MPC/qpoases/SRC" -O0 -ffunction-sections -fdata-sections -fno-exceptions -fno-rtti -fno-use-cxa-atexit -Wall -fstack-usage -fcyclomatic-complexity -MMD -MP -MF"Core/Src/control_update_MPC/qpoases/SRC/Indexlist.d" -MT"Core/Src/control_update_MPC/qpoases/SRC/Indexlist.o" --specs=nano.specs -mfpu=fpv5-d16 -mfloat-abi=hard -mthumb -o "Core/Src/control_update_MPC/qpoases/SRC/Indexlist.o"
arm-none-eabi-g++ "../Core/Src/control_update_MPC/qpoases/SRC/MessageHandling.cpp" -mcpu=cortex-m7 -std=gnu++14 -g3 -DDEBUG -DCORE_CM7 -DUSE_HAL_DRIVER -DSTM32H755xx -DUSE_PWR_DIRECT_SMPS_SUPPLY -DUSE_NUCLEO_64 -DSTM32_THREAD_SAFE_STRATEGY=4 -c -I../Core/Inc -I../../Drivers/STM32H7xx_HAL_Driver/Inc -I../../Drivers/STM32H7xx_HAL_Driver/Inc/Legacy -I../../Middlewares/Third_Party/FreeRTOS/Source/include -I../../Middlewares/Third_Party/FreeRTOS/Source/CMSIS_RTOS_V2 -I../../Middlewares/Third_Party/FreeRTOS/Source/portable/GCC/ARM_CM4F -I../../Drivers/BSP/STM32H7xx_Nucleo -I../../Drivers/CMSIS/Device/ST/STM32H7xx/Include -I../../Drivers/CMSIS/Include -I../Core/ThreadSafe -I"C:/Users/nicks/STM32CubeIDE/workspace_1.19.0/AFR/AFR/CM7/Core/Include" -I"C:/Users/nicks/STM32CubeIDE/workspace_1.19.0/AFR/AFR/CM7/Core/Include/dsp" -I"C:/Users/nicks/STM32CubeIDE/workspace_1.19.0/AFR/AFR/CM7/Core/Src/control_update_MPC" -I"C:/Users/nicks/STM32CubeIDE/workspace_1.19.0/AFR/AFR/CM7/Core/Src/control_update_MPC/qpoases" -I"C:/Users/nicks/STM32CubeIDE/workspace_1.19.0/AFR/AFR/CM7/Core/Src/control_update_MPC/qpoases/INCLUDE" -I"C:/Users/nicks/STM32CubeIDE/workspace_1.19.0/AFR/AFR/CM7/Core/Src/control_update_MPC/qpoases/SRC" -O0 -ffunction-sections -fdata-sections -fno-exceptions -fno-rtti -fno-use-cxa-atexit -Wall -fstack-usage -fcyclomatic-complexity -MMD -MP -MF"Core/Src/control_update_MPC/qpoases/SRC/MessageHandling.d" -MT"Core/Src/control_update_MPC/qpoases/SRC/MessageHandling.o" --specs=nano.specs -mfpu=fpv5-d16 -mfloat-abi=hard -mthumb -o "Core/Src/control_update_MPC/qpoases/SRC/MessageHandling.o"
arm-none-eabi-g++ "../Core/Src/control_update_MPC/qpoases/SRC/QProblem.cpp" -mcpu=cortex-m7 -std=gnu++14 -g3 -DDEBUG -DCORE_CM7 -DUSE_HAL_DRIVER -DSTM32H755xx -DUSE_PWR_DIRECT_SMPS_SUPPLY -DUSE_NUCLEO_64 -DSTM32_THREAD_SAFE_STRATEGY=4 -c -I../Core/Inc -I../../Drivers/STM32H7xx_HAL_Driver/Inc -I../../Drivers/STM32H7xx_HAL_Driver/Inc/Legacy -I../../Middlewares/Third_Party/FreeRTOS/Source/include -I../../Middlewares/Third_Party/FreeRTOS/Source/CMSIS_RTOS_V2 -I../../Middlewares/Third_Party/FreeRTOS/Source/portable/GCC/ARM_CM4F -I../../Drivers/BSP/STM32H7xx_Nucleo -I../../Drivers/CMSIS/Device/ST/STM32H7xx/Include -I../../Drivers/CMSIS/Include -I../Core/ThreadSafe -I"C:/Users/nicks/STM32CubeIDE/workspace_1.19.0/AFR/AFR/CM7/Core/Include" -I"C:/Users/nicks/STM32CubeIDE/workspace_1.19.0/AFR/AFR/CM7/Core/Include/dsp" -I"C:/Users/nicks/STM32CubeIDE/workspace_1.19.0/AFR/AFR/CM7/Core/Src/control_update_MPC" -I"C:/Users/nicks/STM32CubeIDE/workspace_1.19.0/AFR/AFR/CM7/Core/Src/control_update_MPC/qpoases" -I"C:/Users/nicks/STM32CubeIDE/workspace_1.19.0/AFR/AFR/CM7/Core/Src/control_update_MPC/qpoases/INCLUDE" -I"C:/Users/nicks/STM32CubeIDE/workspace_1.19.0/AFR/AFR/CM7/Core/Src/control_update_MPC/qpoases/SRC" -O0 -ffunction-sections -fdata-sections -fno-exceptions -fno-rtti -fno-use-cxa-atexit -Wall -fstack-usage -fcyclomatic-complexity -MMD -MP -MF"Core/Src/control_update_MPC/qpoases/SRC/QProblem.d" -MT"Core/Src/control_update_MPC/qpoases/SRC/QProblem.o" --specs=nano.specs -mfpu=fpv5-d16 -mfloat-abi=hard -mthumb -o "Core/Src/control_update_MPC/qpoases/SRC/QProblem.o"
arm-none-eabi-g++ "../Core/Src/control_update_MPC/qpoases/SRC/QProblemB.cpp" -mcpu=cortex-m7 -std=gnu++14 -g3 -DDEBUG -DCORE_CM7 -DUSE_HAL_DRIVER -DSTM32H755xx -DUSE_PWR_DIRECT_SMPS_SUPPLY -DUSE_NUCLEO_64 -DSTM32_THREAD_SAFE_STRATEGY=4 -c -I../Core/Inc -I../../Drivers/STM32H7xx_HAL_Driver/Inc -I../../Drivers/STM32H7xx_HAL_Driver/Inc/Legacy -I../../Middlewares/Third_Party/FreeRTOS/Source/include -I../../Middlewares/Third_Party/FreeRTOS/Source/CMSIS_RTOS_V2 -I../../Middlewares/Third_Party/FreeRTOS/Source/portable/GCC/ARM_CM4F -I../../Drivers/BSP/STM32H7xx_Nucleo -I../../Drivers/CMSIS/Device/ST/STM32H7xx/Include -I../../Drivers/CMSIS/Include -I../Core/ThreadSafe -I"C:/Users/nicks/STM32CubeIDE/workspace_1.19.0/AFR/AFR/CM7/Core/Include" -I"C:/Users/nicks/STM32CubeIDE/workspace_1.19.0/AFR/AFR/CM7/Core/Include/dsp" -I"C:/Users/nicks/STM32CubeIDE/workspace_1.19.0/AFR/AFR/CM7/Core/Src/control_update_MPC" -I"C:/Users/nicks/STM32CubeIDE/workspace_1.19.0/AFR/AFR/CM7/Core/Src/control_update_MPC/qpoases" -I"C:/Users/nicks/STM32CubeIDE/workspace_1.19.0/AFR/AFR/CM7/Core/Src/control_update_MPC/qpoases/INCLUDE" -I"C:/Users/nicks/STM32CubeIDE/workspace_1.19.0/AFR/AFR/CM7/Core/Src/control_update_MPC/qpoases/SRC" -O0 -ffunction-sections -fdata-sections -fno-exceptions -fno-rtti -fno-use-cxa-atexit -Wall -fstack-usage -fcyclomatic-complexity -MMD -MP -MF"Core/Src/control_update_MPC/qpoases/SRC/QProblemB.d" -MT"Core/Src/control_update_MPC/qpoases/SRC/QProblemB.o" --specs=nano.specs -mfpu=fpv5-d16 -mfloat-abi=hard -mthumb -o "Core/Src/control_update_MPC/qpoases/SRC/QProblemB.o"
arm-none-eabi-g++ "../Core/Src/control_update_MPC/qpoases/SRC/SubjectTo.cpp" -mcpu=cortex-m7 -std=gnu++14 -g3 -DDEBUG -DCORE_CM7 -DUSE_HAL_DRIVER -DSTM32H755xx -DUSE_PWR_DIRECT_SMPS_SUPPLY -DUSE_NUCLEO_64 -DSTM32_THREAD_SAFE_STRATEGY=4 -c -I../Core/Inc -I../../Drivers/STM32H7xx_HAL_Driver/Inc -I../../Drivers/STM32H7xx_HAL_Driver/Inc/Legacy -I../../Middlewares/Third_Party/FreeRTOS/Source/include -I../../Middlewares/Third_Party/FreeRTOS/Source/CMSIS_RTOS_V2 -I../../Middlewares/Third_Party/FreeRTOS/Source/portable/GCC/ARM_CM4F -I../../Drivers/BSP/STM32H7xx_Nucleo -I../../Drivers/CMSIS/Device/ST/STM32H7xx/Include -I../../Drivers/CMSIS/Include -I../Core/ThreadSafe -I"C:/Users/nicks/STM32CubeIDE/workspace_1.19.0/AFR/AFR/CM7/Core/Include" -I"C:/Users/nicks/STM32CubeIDE/workspace_1.19.0/AFR/AFR/CM7/Core/Include/dsp" -I"C:/Users/nicks/STM32CubeIDE/workspace_1.19.0/AFR/AFR/CM7/Core/Src/control_update_MPC" -I"C:/Users/nicks/STM32CubeIDE/workspace_1.19.0/AFR/AFR/CM7/Core/Src/control_update_MPC/qpoases" -I"C:/Users/nicks/STM32CubeIDE/workspace_1.19.0/AFR/AFR/CM7/Core/Src/control_update_MPC/qpoases/INCLUDE" -I"C:/Users/nicks/STM32CubeIDE/workspace_1.19.0/AFR/AFR/CM7/Core/Src/control_update_MPC/qpoases/SRC" -O0 -ffunction-sections -fdata-sections -fno-exceptions -fno-rtti -fno-use-cxa-atexit -Wall -fstack-usage -fcyclomatic-complexity -MMD -MP -MF"Core/Src/control_update_MPC/qpoases/SRC/SubjectTo.d" -MT"Core/Src/control_update_MPC/qpoases/SRC/SubjectTo.o" --specs=nano.specs -mfpu=fpv5-d16 -mfloat-abi=hard -mthumb -o "Core/Src/control_update_MPC/qpoases/SRC/SubjectTo.o"
arm-none-eabi-g++ "../Core/Src/control_update_MPC/qpoases/SRC/Utils.cpp" -mcpu=cortex-m7 -std=gnu++14 -g3 -DDEBUG -DCORE_CM7 -DUSE_HAL_DRIVER -DSTM32H755xx -DUSE_PWR_DIRECT_SMPS_SUPPLY -DUSE_NUCLEO_64 -DSTM32_THREAD_SAFE_STRATEGY=4 -c -I../Core/Inc -I../../Drivers/STM32H7xx_HAL_Driver/Inc -I../../Drivers/STM32H7xx_HAL_Driver/Inc/Legacy -I../../Middlewares/Third_Party/FreeRTOS/Source/include -I../../Middlewares/Third_Party/FreeRTOS/Source/CMSIS_RTOS_V2 -I../../Middlewares/Third_Party/FreeRTOS/Source/portable/GCC/ARM_CM4F -I../../Drivers/BSP/STM32H7xx_Nucleo -I../../Drivers/CMSIS/Device/ST/STM32H7xx/Include -I../../Drivers/CMSIS/Include -I../Core/ThreadSafe -I"C:/Users/nicks/STM32CubeIDE/workspace_1.19.0/AFR/AFR/CM7/Core/Include" -I"C:/Users/nicks/STM32CubeIDE/workspace_1.19.0/AFR/AFR/CM7/Core/Include/dsp" -I"C:/Users/nicks/STM32CubeIDE/workspace_1.19.0/AFR/AFR/CM7/Core/Src/control_update_MPC" -I"C:/Users/nicks/STM32CubeIDE/workspace_1.19.0/AFR/AFR/CM7/Core/Src/control_update_MPC/qpoases" -I"C:/Users/nicks/STM32CubeIDE/workspace_1.19.0/AFR/AFR/CM7/Core/Src/control_update_MPC/qpoases/INCLUDE" -I"C:/Users/nicks/STM32CubeIDE/workspace_1.19.0/AFR/AFR/CM7/Core/Src/control_update_MPC/qpoases/SRC" -O0 -ffunction-sections -fdata-sections -fno-exceptions -fno-rtti -fno-use-cxa-atexit -Wall -fstack-usage -fcyclomatic-complexity -MMD -MP -MF"Core/Src/control_update_MPC/qpoases/SRC/Utils.d" -MT"Core/Src/control_update_MPC/qpoases/SRC/Utils.o" --specs=nano.specs -mfpu=fpv5-d16 -mfloat-abi=hard -mthumb -o "Core/Src/control_update_MPC/qpoases/SRC/Utils.o"
arm-none-eabi-gcc "../Core/Src/control_update_MPC/acado_auxiliary_functions.c" -mcpu=cortex-m7 -std=gnu11 -g3 -DDEBUG -DCORE_CM7 -DUSE_HAL_DRIVER -DSTM32H755xx -DUSE_PWR_DIRECT_SMPS_SUPPLY -DUSE_NUCLEO_64 -DSTM32_THREAD_SAFE_STRATEGY=4 -c -I../Core/Inc -I../../Drivers/STM32H7xx_HAL_Driver/Inc -I../../Drivers/STM32H7xx_HAL_Driver/Inc/Legacy -I../../Middlewares/Third_Party/FreeRTOS/Source/include -I../../Middlewares/Third_Party/FreeRTOS/Source/CMSIS_RTOS_V2 -I../../Middlewares/Third_Party/FreeRTOS/Source/portable/GCC/ARM_CM4F -I../../Drivers/BSP/STM32H7xx_Nucleo -I../../Drivers/CMSIS/Device/ST/STM32H7xx/Include -I../../Drivers/CMSIS/Include -I../Core/ThreadSafe -I"C:/Users/nicks/STM32CubeIDE/workspace_1.19.0/AFR/AFR/CM7/Core/Include" -I"C:/Users/nicks/STM32CubeIDE/workspace_1.19.0/AFR/AFR/CM7/Core/Include/dsp" -I"C:/Users/nicks/STM32CubeIDE/workspace_1.19.0/AFR/AFR/CM7/Core/Src/control_update_MPC" -I"C:/Users/nicks/STM32CubeIDE/workspace_1.19.0/AFR/AFR/CM7/Core/Src/control_update_MPC/qpoases" -I"C:/Users/nicks/STM32CubeIDE/workspace_1.19.0/AFR/AFR/CM7/Core/Src/control_update_MPC/qpoases/INCLUDE" -I"C:/Users/nicks/STM32CubeIDE/workspace_1.19.0/AFR/AFR/CM7/Core/Src/control_update_MPC/qpoases/SRC" -O0 -ffunction-sections -fdata-sections -Wall -fstack-usage -fcyclomatic-complexity -MMD -MP -MF"Core/Src/control_update_MPC/acado_auxiliary_functions.d" -MT"Core/Src/control_update_MPC/acado_auxiliary_functions.o" --specs=nano.specs -mfpu=fpv5-d16 -mfloat-abi=hard -mthumb -o "Core/Src/control_update_MPC/acado_auxiliary_functions.o"
arm-none-eabi-gcc "../Core/Src/control_update_MPC/acado_integrator.c" -mcpu=cortex-m7 -std=gnu11 -g3 -DDEBUG -DCORE_CM7 -DUSE_HAL_DRIVER -DSTM32H755xx -DUSE_PWR_DIRECT_SMPS_SUPPLY -DUSE_NUCLEO_64 -DSTM32_THREAD_SAFE_STRATEGY=4 -c -I../Core/Inc -I../../Drivers/STM32H7xx_HAL_Driver/Inc -I../../Drivers/STM32H7xx_HAL_Driver/Inc/Legacy -I../../Middlewares/Third_Party/FreeRTOS/Source/include -I../../Middlewares/Third_Party/FreeRTOS/Source/CMSIS_RTOS_V2 -I../../Middlewares/Third_Party/FreeRTOS/Source/portable/GCC/ARM_CM4F -I../../Drivers/BSP/STM32H7xx_Nucleo -I../../Drivers/CMSIS/Device/ST/STM32H7xx/Include -I../../Drivers/CMSIS/Include -I../Core/ThreadSafe -I"C:/Users/nicks/STM32CubeIDE/workspace_1.19.0/AFR/AFR/CM7/Core/Include" -I"C:/Users/nicks/STM32CubeIDE/workspace_1.19.0/AFR/AFR/CM7/Core/Include/dsp" -I"C:/Users/nicks/STM32CubeIDE/workspace_1.19.0/AFR/AFR/CM7/Core/Src/control_update_MPC" -I"C:/Users/nicks/STM32CubeIDE/workspace_1.19.0/AFR/AFR/CM7/Core/Src/control_update_MPC/qpoases" -I"C:/Users/nicks/STM32CubeIDE/workspace_1.19.0/AFR/AFR/CM7/Core/Src/control_update_MPC/qpoases/INCLUDE" -I"C:/Users/nicks/STM32CubeIDE/workspace_1.19.0/AFR/AFR/CM7/Core/Src/control_update_MPC/qpoases/SRC" -O0 -ffunction-sections -fdata-sections -Wall -fstack-usage -fcyclomatic-complexity -MMD -MP -MF"Core/Src/control_update_MPC/acado_integrator.d" -MT"Core/Src/control_update_MPC/acado_integrator.o" --specs=nano.specs -mfpu=fpv5-d16 -mfloat-abi=hard -mthumb -o "Core/Src/control_update_MPC/acado_integrator.o"
arm-none-eabi-g++ "../Core/Src/control_update_MPC/acado_qpoases_interface.cpp" -mcpu=cortex-m7 -std=gnu++14 -g3 -DDEBUG -DCORE_CM7 -DUSE_HAL_DRIVER -DSTM32H755xx -DUSE_PWR_DIRECT_SMPS_SUPPLY -DUSE_NUCLEO_64 -DSTM32_THREAD_SAFE_STRATEGY=4 -c -I../Core/Inc -I../../Drivers/STM32H7xx_HAL_Driver/Inc -I../../Drivers/STM32H7xx_HAL_Driver/Inc/Legacy -I../../Middlewares/Third_Party/FreeRTOS/Source/include -I../../Middlewares/Third_Party/FreeRTOS/Source/CMSIS_RTOS_V2 -I../../Middlewares/Third_Party/FreeRTOS/Source/portable/GCC/ARM_CM4F -I../../Drivers/BSP/STM32H7xx_Nucleo -I../../Drivers/CMSIS/Device/ST/STM32H7xx/Include -I../../Drivers/CMSIS/Include -I../Core/ThreadSafe -I"C:/Users/nicks/STM32CubeIDE/workspace_1.19.0/AFR/AFR/CM7/Core/Include" -I"C:/Users/nicks/STM32CubeIDE/workspace_1.19.0/AFR/AFR/CM7/Core/Include/dsp" -I"C:/Users/nicks/STM32CubeIDE/workspace_1.19.0/AFR/AFR/CM7/Core/Src/control_update_MPC" -I"C:/Users/nicks/STM32CubeIDE/workspace_1.19.0/AFR/AFR/CM7/Core/Src/control_update_MPC/qpoases" -I"C:/Users/nicks/STM32CubeIDE/workspace_1.19.0/AFR/AFR/CM7/Core/Src/control_update_MPC/qpoases/INCLUDE" -I"C:/Users/nicks/STM32CubeIDE/workspace_1.19.0/AFR/AFR/CM7/Core/Src/control_update_MPC/qpoases/SRC" -O0 -ffunction-sections -fdata-sections -fno-exceptions -fno-rtti -fno-use-cxa-atexit -Wall -fstack-usage -fcyclomatic-complexity -MMD -MP -MF"Core/Src/control_update_MPC/acado_qpoases_interface.d" -MT"Core/Src/control_update_MPC/acado_qpoases_interface.o" --specs=nano.specs -mfpu=fpv5-d16 -mfloat-abi=hard -mthumb -o "Core/Src/control_update_MPC/acado_qpoases_interface.o"
arm-none-eabi-gcc "../Core/Src/control_update_MPC/acado_solver.c" -mcpu=cortex-m7 -std=gnu11 -g3 -DDEBUG -DCORE_CM7 -DUSE_HAL_DRIVER -DSTM32H755xx -DUSE_PWR_DIRECT_SMPS_SUPPLY -DUSE_NUCLEO_64 -DSTM32_THREAD_SAFE_STRATEGY=4 -c -I../Core/Inc -I../../Drivers/STM32H7xx_HAL_Driver/Inc -I../../Drivers/STM32H7xx_HAL_Driver/Inc/Legacy -I../../Middlewares/Third_Party/FreeRTOS/Source/include -I../../Middlewares/Third_Party/FreeRTOS/Source/CMSIS_RTOS_V2 -I../../Middlewares/Third_Party/FreeRTOS/Source/portable/GCC/ARM_CM4F -I../../Drivers/BSP/STM32H7xx_Nucleo -I../../Drivers/CMSIS/Device/ST/STM32H7xx/Include -I../../Drivers/CMSIS/Include -I../Core/ThreadSafe -I"C:/Users/nicks/STM32CubeIDE/workspace_1.19.0/AFR/AFR/CM7/Core/Include" -I"C:/Users/nicks/STM32CubeIDE/workspace_1.19.0/AFR/AFR/CM7/Core/Include/dsp" -I"C:/Users/nicks/STM32CubeIDE/workspace_1.19.0/AFR/AFR/CM7/Core/Src/control_update_MPC" -I"C:/Users/nicks/STM32CubeIDE/workspace_1.19.0/AFR/AFR/CM7/Core/Src/control_update_MPC/qpoases" -I"C:/Users/nicks/STM32CubeIDE/workspace_1.19.0/AFR/AFR/CM7/Core/Src/control_update_MPC/qpoases/INCLUDE" -I"C:/Users/nicks/STM32CubeIDE/workspace_1.19.0/AFR/AFR/CM7/Core/Src/control_update_MPC/qpoases/SRC" -O0 -ffunction-sections -fdata-sections -Wall -fstack-usage -fcyclomatic-complexity -MMD -MP -MF"Core/Src/control_update_MPC/acado_solver.d" -MT"Core/Src/control_update_MPC/acado_solver.o" --specs=nano.specs -mfpu=fpv5-d16 -mfloat-abi=hard -mthumb -o "Core/Src/control_update_MPC/acado_solver.o"
arm-none-eabi-gcc "../Core/Src/IMU.c" -mcpu=cortex-m7 -std=gnu11 -g3 -DDEBUG -DCORE_CM7 -DUSE_HAL_DRIVER -DSTM32H755xx -DUSE_PWR_DIRECT_SMPS_SUPPLY -DUSE_NUCLEO_64 -DSTM32_THREAD_SAFE_STRATEGY=4 -c -I../Core/Inc -I../../Drivers/STM32H7xx_HAL_Driver/Inc -I../../Drivers/STM32H7xx_HAL_Driver/Inc/Legacy -I../../Middlewares/Third_Party/FreeRTOS/Source/include -I../../Middlewares/Third_Party/FreeRTOS/Source/CMSIS_RTOS_V2 -I../../Middlewares/Third_Party/FreeRTOS/Source/portable/GCC/ARM_CM4F -I../../Drivers/BSP/STM32H7xx_Nucleo -I../../Drivers/CMSIS/Device/ST/STM32H7xx/Include -I../../Drivers/CMSIS/Include -I../Core/ThreadSafe -I"C:/Users/nicks/STM32CubeIDE/workspace_1.19.0/AFR/AFR/CM7/Core/Include" -I"C:/Users/nicks/STM32CubeIDE/workspace_1.19.0/AFR/AFR/CM7/Core/Include/dsp" -I"C:/Users/nicks/STM32CubeIDE/workspace_1.19.0/AFR/AFR/CM7/Core/Src/control_update_MPC" -I"C:/Users/nicks/STM32CubeIDE/workspace_1.19.0/AFR/AFR/CM7/Core/Src/control_update_MPC/qpoases" -I"C:/Users/nicks/STM32CubeIDE/workspace_1.19.0/AFR/AFR/CM7/Core/Src/control_update_MPC/qpoases/INCLUDE" -I"C:/Users/nicks/STM32CubeIDE/workspace_1.19.0/AFR/AFR/CM7/Core/Src/control_update_MPC/qpoases/SRC" -O0 -ffunction-sections -fdata-sections -Wall -fstack-usage -fcyclomatic-complexity -MMD -MP -MF"Core/Src/IMU.d" -MT"Core/Src/IMU.o" --specs=nano.specs -mfpu=fpv5-d16 -mfloat-abi=hard -mthumb -o "Core/Src/IMU.o"
arm-none-eabi-gcc "../Core/Src/freertos.c" -mcpu=cortex-m7 -std=gnu11 -g3 -DDEBUG -DCORE_CM7 -DUSE_HAL_DRIVER -DSTM32H755xx -DUSE_PWR_DIRECT_SMPS_SUPPLY -DUSE_NUCLEO_64 -DSTM32_THREAD_SAFE_STRATEGY=4 -c -I../Core/Inc -I../../Drivers/STM32H7xx_HAL_Driver/Inc -I../../Drivers/STM32H7xx_HAL_Driver/Inc/Legacy -I../../Middlewares/Third_Party/FreeRTOS/Source/include -I../../Middlewares/Third_Party/FreeRTOS/Source/CMSIS_RTOS_V2 -I../../Middlewares/Third_Party/FreeRTOS/Source/portable/GCC/ARM_CM4F -I../../Drivers/BSP/STM32H7xx_Nucleo -I../../Drivers/CMSIS/Device/ST/STM32H7xx/Include -I../../Drivers/CMSIS/Include -I../Core/ThreadSafe -I"C:/Users/nicks/STM32CubeIDE/workspace_1.19.0/AFR/AFR/CM7/Core/Include" -I"C:/Users/nicks/STM32CubeIDE/workspace_1.19.0/AFR/AFR/CM7/Core/Include/dsp" -I"C:/Users/nicks/STM32CubeIDE/workspace_1.19.0/AFR/AFR/CM7/Core/Src/control_update_MPC" -I"C:/Users/nicks/STM32CubeIDE/workspace_1.19.0/AFR/AFR/CM7/Core/Src/control_update_MPC/qpoases" -I"C:/Users/nicks/STM32CubeIDE/workspace_1.19.0/AFR/AFR/CM7/Core/Src/control_update_MPC/qpoases/INCLUDE" -I"C:/Users/nicks/STM32CubeIDE/workspace_1.19.0/AFR/AFR/CM7/Core/Src/control_update_MPC/qpoases/SRC" -O0 -ffunction-sections -fdata-sections -Wall -fstack-usage -fcyclomatic-complexity -MMD -MP -MF"Core/Src/freertos.d" -MT"Core/Src/freertos.o" --specs=nano.specs -mfpu=fpv5-d16 -mfloat-abi=hard -mthumb -o "Core/Src/freertos.o"
../Core/Src/control_update_MPC/acado_solver.c: In function 'acado_evaluatePathConstraints':
../Core/Src/control_update_MPC/acado_solver.c:847:15: warning: unused variable 'xd' [-Wunused-variable]
  847 | const real_t* xd = in;
      |               ^~
arm-none-eabi-gcc "../Core/Src/main.c" -mcpu=cortex-m7 -std=gnu11 -g3 -DDEBUG -DCORE_CM7 -DUSE_HAL_DRIVER -DSTM32H755xx -DUSE_PWR_DIRECT_SMPS_SUPPLY -DUSE_NUCLEO_64 -DSTM32_THREAD_SAFE_STRATEGY=4 -c -I../Core/Inc -I../../Drivers/STM32H7xx_HAL_Driver/Inc -I../../Drivers/STM32H7xx_HAL_Driver/Inc/Legacy -I../../Middlewares/Third_Party/FreeRTOS/Source/include -I../../Middlewares/Third_Party/FreeRTOS/Source/CMSIS_RTOS_V2 -I../../Middlewares/Third_Party/FreeRTOS/Source/portable/GCC/ARM_CM4F -I../../Drivers/BSP/STM32H7xx_Nucleo -I../../Drivers/CMSIS/Device/ST/STM32H7xx/Include -I../../Drivers/CMSIS/Include -I../Core/ThreadSafe -I"C:/Users/nicks/STM32CubeIDE/workspace_1.19.0/AFR/AFR/CM7/Core/Include" -I"C:/Users/nicks/STM32CubeIDE/workspace_1.19.0/AFR/AFR/CM7/Core/Include/dsp" -I"C:/Users/nicks/STM32CubeIDE/workspace_1.19.0/AFR/AFR/CM7/Core/Src/control_update_MPC" -I"C:/Users/nicks/STM32CubeIDE/workspace_1.19.0/AFR/AFR/CM7/Core/Src/control_update_MPC/qpoases" -I"C:/Users/nicks/STM32CubeIDE/workspace_1.19.0/AFR/AFR/CM7/Core/Src/control_update_MPC/qpoases/INCLUDE" -I"C:/Users/nicks/STM32CubeIDE/workspace_1.19.0/AFR/AFR/CM7/Core/Src/control_update_MPC/qpoases/SRC" -O0 -ffunction-sections -fdata-sections -Wall -fstack-usage -fcyclomatic-complexity -MMD -MP -MF"Core/Src/main.d" -MT"Core/Src/main.o" --specs=nano.specs -mfpu=fpv5-d16 -mfloat-abi=hard -mthumb -o "Core/Src/main.o"
arm-none-eabi-gcc "../Core/Src/stm32h7xx_hal_msp.c" -mcpu=cortex-m7 -std=gnu11 -g3 -DDEBUG -DCORE_CM7 -DUSE_HAL_DRIVER -DSTM32H755xx -DUSE_PWR_DIRECT_SMPS_SUPPLY -DUSE_NUCLEO_64 -DSTM32_THREAD_SAFE_STRATEGY=4 -c -I../Core/Inc -I../../Drivers/STM32H7xx_HAL_Driver/Inc -I../../Drivers/STM32H7xx_HAL_Driver/Inc/Legacy -I../../Middlewares/Third_Party/FreeRTOS/Source/include -I../../Middlewares/Third_Party/FreeRTOS/Source/CMSIS_RTOS_V2 -I../../Middlewares/Third_Party/FreeRTOS/Source/portable/GCC/ARM_CM4F -I../../Drivers/BSP/STM32H7xx_Nucleo -I../../Drivers/CMSIS/Device/ST/STM32H7xx/Include -I../../Drivers/CMSIS/Include -I../Core/ThreadSafe -I"C:/Users/nicks/STM32CubeIDE/workspace_1.19.0/AFR/AFR/CM7/Core/Include" -I"C:/Users/nicks/STM32CubeIDE/workspace_1.19.0/AFR/AFR/CM7/Core/Include/dsp" -I"C:/Users/nicks/STM32CubeIDE/workspace_1.19.0/AFR/AFR/CM7/Core/Src/control_update_MPC" -I"C:/Users/nicks/STM32CubeIDE/workspace_1.19.0/AFR/AFR/CM7/Core/Src/control_update_MPC/qpoases" -I"C:/Users/nicks/STM32CubeIDE/workspace_1.19.0/AFR/AFR/CM7/Core/Src/control_update_MPC/qpoases/INCLUDE" -I"C:/Users/nicks/STM32CubeIDE/workspace_1.19.0/AFR/AFR/CM7/Core/Src/control_update_MPC/qpoases/SRC" -O0 -ffunction-sections -fdata-sections -Wall -fstack-usage -fcyclomatic-complexity -MMD -MP -MF"Core/Src/stm32h7xx_hal_msp.d" -MT"Core/Src/stm32h7xx_hal_msp.o" --specs=nano.specs -mfpu=fpv5-d16 -mfloat-abi=hard -mthumb -o "Core/Src/stm32h7xx_hal_msp.o"
arm-none-eabi-gcc "../Core/Src/stm32h7xx_it.c" -mcpu=cortex-m7 -std=gnu11 -g3 -DDEBUG -DCORE_CM7 -DUSE_HAL_DRIVER -DSTM32H755xx -DUSE_PWR_DIRECT_SMPS_SUPPLY -DUSE_NUCLEO_64 -DSTM32_THREAD_SAFE_STRATEGY=4 -c -I../Core/Inc -I../../Drivers/STM32H7xx_HAL_Driver/Inc -I../../Drivers/STM32H7xx_HAL_Driver/Inc/Legacy -I../../Middlewares/Third_Party/FreeRTOS/Source/include -I../../Middlewares/Third_Party/FreeRTOS/Source/CMSIS_RTOS_V2 -I../../Middlewares/Third_Party/FreeRTOS/Source/portable/GCC/ARM_CM4F -I../../Drivers/BSP/STM32H7xx_Nucleo -I../../Drivers/CMSIS/Device/ST/STM32H7xx/Include -I../../Drivers/CMSIS/Include -I../Core/ThreadSafe -I"C:/Users/nicks/STM32CubeIDE/workspace_1.19.0/AFR/AFR/CM7/Core/Include" -I"C:/Users/nicks/STM32CubeIDE/workspace_1.19.0/AFR/AFR/CM7/Core/Include/dsp" -I"C:/Users/nicks/STM32CubeIDE/workspace_1.19.0/AFR/AFR/CM7/Core/Src/control_update_MPC" -I"C:/Users/nicks/STM32CubeIDE/workspace_1.19.0/AFR/AFR/CM7/Core/Src/control_update_MPC/qpoases" -I"C:/Users/nicks/STM32CubeIDE/workspace_1.19.0/AFR/AFR/CM7/Core/Src/control_update_MPC/qpoases/INCLUDE" -I"C:/Users/nicks/STM32CubeIDE/workspace_1.19.0/AFR/AFR/CM7/Core/Src/control_update_MPC/qpoases/SRC" -O0 -ffunction-sections -fdata-sections -Wall -fstack-usage -fcyclomatic-complexity -MMD -MP -MF"Core/Src/stm32h7xx_it.d" -MT"Core/Src/stm32h7xx_it.o" --specs=nano.specs -mfpu=fpv5-d16 -mfloat-abi=hard -mthumb -o "Core/Src/stm32h7xx_it.o"
arm-none-eabi-gcc "../Core/Src/trajectory.c" -mcpu=cortex-m7 -std=gnu11 -g3 -DDEBUG -DCORE_CM7 -DUSE_HAL_DRIVER -DSTM32H755xx -DUSE_PWR_DIRECT_SMPS_SUPPLY -DUSE_NUCLEO_64 -DSTM32_THREAD_SAFE_STRATEGY=4 -c -I../Core/Inc -I../../Drivers/STM32H7xx_HAL_Driver/Inc -I../../Drivers/STM32H7xx_HAL_Driver/Inc/Legacy -I../../Middlewares/Third_Party/FreeRTOS/Source/include -I../../Middlewares/Third_Party/FreeRTOS/Source/CMSIS_RTOS_V2 -I../../Middlewares/Third_Party/FreeRTOS/Source/portable/GCC/ARM_CM4F -I../../Drivers/BSP/STM32H7xx_Nucleo -I../../Drivers/CMSIS/Device/ST/STM32H7xx/Include -I../../Drivers/CMSIS/Include -I../Core/ThreadSafe -I"C:/Users/nicks/STM32CubeIDE/workspace_1.19.0/AFR/AFR/CM7/Core/Include" -I"C:/Users/nicks/STM32CubeIDE/workspace_1.19.0/AFR/AFR/CM7/Core/Include/dsp" -I"C:/Users/nicks/STM32CubeIDE/workspace_1.19.0/AFR/AFR/CM7/Core/Src/control_update_MPC" -I"C:/Users/nicks/STM32CubeIDE/workspace_1.19.0/AFR/AFR/CM7/Core/Src/control_update_MPC/qpoases" -I"C:/Users/nicks/STM32CubeIDE/workspace_1.19.0/AFR/AFR/CM7/Core/Src/control_update_MPC/qpoases/INCLUDE" -I"C:/Users/nicks/STM32CubeIDE/workspace_1.19.0/AFR/AFR/CM7/Core/Src/control_update_MPC/qpoases/SRC" -O0 -ffunction-sections -fdata-sections -Wall -fstack-usage -fcyclomatic-complexity -MMD -MP -MF"Core/Src/trajectory.d" -MT"Core/Src/trajectory.o" --specs=nano.specs -mfpu=fpv5-d16 -mfloat-abi=hard -mthumb -o "Core/Src/trajectory.o"
arm-none-eabi-gcc "../Core/Src/ukf.c" -mcpu=cortex-m7 -std=gnu11 -g3 -DDEBUG -DCORE_CM7 -DUSE_HAL_DRIVER -DSTM32H755xx -DUSE_PWR_DIRECT_SMPS_SUPPLY -DUSE_NUCLEO_64 -DSTM32_THREAD_SAFE_STRATEGY=4 -c -I../Core/Inc -I../../Drivers/STM32H7xx_HAL_Driver/Inc -I../../Drivers/STM32H7xx_HAL_Driver/Inc/Legacy -I../../Middlewares/Third_Party/FreeRTOS/Source/include -I../../Middlewares/Third_Party/FreeRTOS/Source/CMSIS_RTOS_V2 -I../../Middlewares/Third_Party/FreeRTOS/Source/portable/GCC/ARM_CM4F -I../../Drivers/BSP/STM32H7xx_Nucleo -I../../Drivers/CMSIS/Device/ST/STM32H7xx/Include -I../../Drivers/CMSIS/Include -I../Core/ThreadSafe -I"C:/Users/nicks/STM32CubeIDE/workspace_1.19.0/AFR/AFR/CM7/Core/Include" -I"C:/Users/nicks/STM32CubeIDE/workspace_1.19.0/AFR/AFR/CM7/Core/Include/dsp" -I"C:/Users/nicks/STM32CubeIDE/workspace_1.19.0/AFR/AFR/CM7/Core/Src/control_update_MPC" -I"C:/Users/nicks/STM32CubeIDE/workspace_1.19.0/AFR/AFR/CM7/Core/Src/control_update_MPC/qpoases" -I"C:/Users/nicks/STM32CubeIDE/workspace_1.19.0/AFR/AFR/CM7/Core/Src/control_update_MPC/qpoases/INCLUDE" -I"C:/Users/nicks/STM32CubeIDE/workspace_1.19.0/AFR/AFR/CM7/Core/Src/control_update_MPC/qpoases/SRC" -O0 -ffunction-sections -fdata-sections -Wall -fstack-usage -fcyclomatic-complexity -MMD -MP -MF"Core/Src/ukf.d" -MT"Core/Src/ukf.o" --specs=nano.specs -mfpu=fpv5-d16 -mfloat-abi=hard -mthumb -o "Core/Src/ukf.o"
../Core/Src/main.c: In function 'controller_loop':
../Core/Src/main.c:670:23: warning: variable 'status' set but not used [-Wunused-but-set-variable]
  670 |         int iter = 0, status = 0;
      |                       ^~~~~~
../Core/Src/main.c: At top level:
../Core/Src/main.c:668:13: warning: 'controller_loop' defined but not used [-Wunused-function]
  668 | static void controller_loop(void)
      |             ^~~~~~~~~~~~~~~
../Core/Src/main.c:46:21: warning: 'R' defined but not used [-Wunused-const-variable=]
   46 | static const double R[4][4] = {
      |                     ^
../Core/Src/main.c:41:21: warning: 'Q' defined but not used [-Wunused-const-variable=]
   41 | static const double Q[3][3] = {
      |                     ^
../Core/Src/trajectory.c:51: warning: "SET_BIT" redefined
   51 | #define SET_BIT(arr,i)  ((arr)[(i)>>3] |=  (1U<<((i)&7)))
      | 
In file included from ../../Drivers/STM32H7xx_HAL_Driver/Inc/stm32h7xx_hal_def.h:29,
                 from ../../Drivers/STM32H7xx_HAL_Driver/Inc/stm32h7xx_hal_rcc.h:27,
                 from ../Core/Inc/stm32h7xx_hal_conf.h:246,
                 from ../../Drivers/STM32H7xx_HAL_Driver/Inc/stm32h7xx_hal.h:29,
                 from ../Core/Inc/main.h:30,
                 from ../Core/Inc/trajectory.h:7,
                 from ../Core/Src/trajectory.c:8:
../../Drivers/CMSIS/Device/ST/STM32H7xx/Include/stm32h7xx.h:207: note: this is the location of the previous definition
  207 | #define SET_BIT(REG, BIT)     ((REG) |= (BIT))
      | 
../Core/Src/ukf.c:40:13: warning: 'mat33_mul' defined but not used [-Wunused-function]
   40 | static void mat33_mul(const double A[NX][NX], const double B[NX][NX], double C[NX][NX])
      |             ^~~~~~~~~
../Core/Src/ukf.c:33:13: warning: 'mat33_sub' defined but not used [-Wunused-function]
   33 | static void mat33_sub(const double A[NX][NX], const double B[NX][NX], double C[NX][NX])
      |             ^~~~~~~~~
../Core/Src/ukf.c:26:13: warning: 'mat33_add' defined but not used [-Wunused-function]
   26 | static void mat33_add(const double A[NX][NX], const double B[NX][NX], double C[NX][NX])
      |             ^~~~~~~~~
arm-none-eabi-g++ -o "AFR_CM7.elf" @"objects.list"   -mcpu=cortex-m7 -T"C:\Users\nicks\STM32CubeIDE\workspace_1.19.0\AFR\AFR\CM7\STM32H755ZITX_FLASH.ld" -Wl,-Map="AFR_CM7.map" -Wl,--gc-sections -static --specs=nano.specs -mfpu=fpv5-d16 -mfloat-abi=hard -mthumb -u _printf_float -u _scanf_float -Wl,--start-group -lc -lm -lstdc++ -lsupc++ -Wl,--end-group
Finished building target: AFR_CM7.elf
 
arm-none-eabi-size  AFR_CM7.elf 
arm-none-eabi-objdump -h -S AFR_CM7.elf  > "AFR_CM7.list"
   text	   data	    bss	    dec	    hex	filename
  62240	    544	 153600	 216384	  34d40	AFR_CM7.elf
Finished building: default.size.stdout
 
Finished building: AFR_CM7.list
 
