16:35:42 **** Incremental Build of configuration Debug for project AFR_CM7 ****
make -j16 all 
arm-none-eabi-g++ "../Core/Src/control_update_MPC/qpoases/SRC/EXTRAS/SolutionAnalysis.cpp" -mcpu=cortex-m7 -std=gnu++14 -g3 -DDEBUG -DCORE_CM7 -DUSE_HAL_DRIVER -DSTM32H755xx -DUSE_PWR_DIRECT_SMPS_SUPPLY -DUSE_NUCLEO_64 -DSTM32_THREAD_SAFE_STRATEGY=4 -c -I../Core/Inc -I../../Drivers/STM32H7xx_HAL_Driver/Inc -I../../Drivers/STM32H7xx_HAL_Driver/Inc/Legacy -I../../Middlewares/Third_Party/FreeRTOS/Source/include -I../../Middlewares/Third_Party/FreeRTOS/Source/CMSIS_RTOS_V2 -I../../Middlewares/Third_Party/FreeRTOS/Source/portable/GCC/ARM_CM4F -I../../Drivers/BSP/STM32H7xx_Nucleo -I../../Drivers/CMSIS/Device/ST/STM32H7xx/Include -I../../Drivers/CMSIS/Include -I../Core/ThreadSafe -I"C:/Users/nicks/STM32CubeIDE/workspace_1.19.0/AFR/AFR/CM7/Core/Include" -I"C:/Users/nicks/STM32CubeIDE/workspace_1.19.0/AFR/AFR/CM7/Core/Include/dsp" -I"C:/Users/nicks/STM32CubeIDE/workspace_1.19.0/AFR/AFR/CM7/Core/Src/control_update_MPC" -I"C:/Users/nicks/STM32CubeIDE/workspace_1.19.0/AFR/AFR/CM7/Core/Src/control_update_MPC/qpoases" -I"C:/Users/nicks/STM32CubeIDE/workspace_1.19.0/AFR/AFR/CM7/Core/Src/control_update_MPC/qpoases/INCLUDE" -I"C:/Users/nicks/STM32CubeIDE/workspace_1.19.0/AFR/AFR/CM7/Core/Src/control_update_MPC/qpoases/SRC" -O0 -ffunction-sections -fdata-sections -fno-exceptions -fno-rtti -fno-use-cxa-atexit -Wall -fstack-usage -fcyclomatic-complexity -MMD -MP -MF"Core/Src/control_update_MPC/qpoases/SRC/EXTRAS/SolutionAnalysis.d" -MT"Core/Src/control_update_MPC/qpoases/SRC/EXTRAS/SolutionAnalysis.o" --specs=nano.specs -mfpu=fpv5-d16 -mfloat-abi=hard -mthumb -o "Core/Src/control_update_MPC/qpoases/SRC/EXTRAS/SolutionAnalysis.o"
arm-none-eabi-g++ "../Core/Src/control_update_MPC/qpoases/SRC/Bounds.cpp" -mcpu=cortex-m7 -std=gnu++14 -g3 -DDEBUG -DCORE_CM7 -DUSE_HAL_DRIVER -DSTM32H755xx -DUSE_PWR_DIRECT_SMPS_SUPPLY -DUSE_NUCLEO_64 -DSTM32_THREAD_SAFE_STRATEGY=4 -c -I../Core/Inc -I../../Drivers/STM32H7xx_HAL_Driver/Inc -I../../Drivers/STM32H7xx_HAL_Driver/Inc/Legacy -I../../Middlewares/Third_Party/FreeRTOS/Source/include -I../../Middlewares/Third_Party/FreeRTOS/Source/CMSIS_RTOS_V2 -I../../Middlewares/Third_Party/FreeRTOS/Source/portable/GCC/ARM_CM4F -I../../Drivers/BSP/STM32H7xx_Nucleo -I../../Drivers/CMSIS/Device/ST/STM32H7xx/Include -I../../Drivers/CMSIS/Include -I../Core/ThreadSafe -I"C:/Users/nicks/STM32CubeIDE/workspace_1.19.0/AFR/AFR/CM7/Core/Include" -I"C:/Users/nicks/STM32CubeIDE/workspace_1.19.0/AFR/AFR/CM7/Core/Include/dsp" -I"C:/Users/nicks/STM32CubeIDE/workspace_1.19.0/AFR/AFR/CM7/Core/Src/control_update_MPC" -I"C:/Users/nicks/STM32CubeIDE/workspace_1.19.0/AFR/AFR/CM7/Core/Src/control_update_MPC/qpoases" -I"C:/Users/nicks/STM32CubeIDE/workspace_1.19.0/AFR/AFR/CM7/Core/Src/control_update_MPC/qpoases/INCLUDE" -I"C:/Users/nicks/STM32CubeIDE/workspace_1.19.0/AFR/AFR/CM7/Core/Src/control_update_MPC/qpoases/SRC" -O0 -ffunction-sections -fdata-sections -fno-exceptions -fno-rtti -fno-use-cxa-atexit -Wall -fstack-usage -fcyclomatic-complexity -MMD -MP -MF"Core/Src/control_update_MPC/qpoases/SRC/Bounds.d" -MT"Core/Src/control_update_MPC/qpoases/SRC/Bounds.o" --specs=nano.specs -mfpu=fpv5-d16 -mfloat-abi=hard -mthumb -o "Core/Src/control_update_MPC/qpoases/SRC/Bounds.o"
arm-none-eabi-g++ "../Core/Src/control_update_MPC/qpoases/SRC/Constraints.cpp" -mcpu=cortex-m7 -std=gnu++14 -g3 -DDEBUG -DCORE_CM7 -DUSE_HAL_DRIVER -DSTM32H755xx -DUSE_PWR_DIRECT_SMPS_SUPPLY -DUSE_NUCLEO_64 -DSTM32_THREAD_SAFE_STRATEGY=4 -c -I../Core/Inc -I../../Drivers/STM32H7xx_HAL_Driver/Inc -I../../Drivers/STM32H7xx_HAL_Driver/Inc/Legacy -I../../Middlewares/Third_Party/FreeRTOS/Source/include -I../../Middlewares/Third_Party/FreeRTOS/Source/CMSIS_RTOS_V2 -I../../Middlewares/Third_Party/FreeRTOS/Source/portable/GCC/ARM_CM4F -I../../Drivers/BSP/STM32H7xx_Nucleo -I../../Drivers/CMSIS/Device/ST/STM32H7xx/Include -I../../Drivers/CMSIS/Include -I../Core/ThreadSafe -I"C:/Users/nicks/STM32CubeIDE/workspace_1.19.0/AFR/AFR/CM7/Core/Include" -I"C:/Users/nicks/STM32CubeIDE/workspace_1.19.0/AFR/AFR/CM7/Core/Include/dsp" -I"C:/Users/nicks/STM32CubeIDE/workspace_1.19.0/AFR/AFR/CM7/Core/Src/control_update_MPC" -I"C:/Users/nicks/STM32CubeIDE/workspace_1.19.0/AFR/AFR/CM7/Core/Src/control_update_MPC/qpoases" -I"C:/Users/nicks/STM32CubeIDE/workspace_1.19.0/AFR/AFR/CM7/Core/Src/control_update_MPC/qpoases/INCLUDE" -I"C:/Users/nicks/STM32CubeIDE/workspace_1.19.0/AFR/AFR/CM7/Core/Src/control_update_MPC/qpoases/SRC" -O0 -ffunction-sections -fdata-sections -fno-exceptions -fno-rtti -fno-use-cxa-atexit -Wall -fstack-usage -fcyclomatic-complexity -MMD -MP -MF"Core/Src/control_update_MPC/qpoases/SRC/Constraints.d" -MT"Core/Src/control_update_MPC/qpoases/SRC/Constraints.o" --specs=nano.specs -mfpu=fpv5-d16 -mfloat-abi=hard -mthumb -o "Core/Src/control_update_MPC/qpoases/SRC/Constraints.o"
arm-none-eabi-g++ "../Core/Src/control_update_MPC/qpoases/SRC/CyclingManager.cpp" -mcpu=cortex-m7 -std=gnu++14 -g3 -DDEBUG -DCORE_CM7 -DUSE_HAL_DRIVER -DSTM32H755xx -DUSE_PWR_DIRECT_SMPS_SUPPLY -DUSE_NUCLEO_64 -DSTM32_THREAD_SAFE_STRATEGY=4 -c -I../Core/Inc -I../../Drivers/STM32H7xx_HAL_Driver/Inc -I../../Drivers/STM32H7xx_HAL_Driver/Inc/Legacy -I../../Middlewares/Third_Party/FreeRTOS/Source/include -I../../Middlewares/Third_Party/FreeRTOS/Source/CMSIS_RTOS_V2 -I../../Middlewares/Third_Party/FreeRTOS/Source/portable/GCC/ARM_CM4F -I../../Drivers/BSP/STM32H7xx_Nucleo -I../../Drivers/CMSIS/Device/ST/STM32H7xx/Include -I../../Drivers/CMSIS/Include -I../Core/ThreadSafe -I"C:/Users/nicks/STM32CubeIDE/workspace_1.19.0/AFR/AFR/CM7/Core/Include" -I"C:/Users/nicks/STM32CubeIDE/workspace_1.19.0/AFR/AFR/CM7/Core/Include/dsp" -I"C:/Users/nicks/STM32CubeIDE/workspace_1.19.0/AFR/AFR/CM7/Core/Src/control_update_MPC" -I"C:/Users/nicks/STM32CubeIDE/workspace_1.19.0/AFR/AFR/CM7/Core/Src/control_update_MPC/qpoases" -I"C:/Users/nicks/STM32CubeIDE/workspace_1.19.0/AFR/AFR/CM7/Core/Src/control_update_MPC/qpoases/INCLUDE" -I"C:/Users/nicks/STM32CubeIDE/workspace_1.19.0/AFR/AFR/CM7/Core/Src/control_update_MPC/qpoases/SRC" -O0 -ffunction-sections -fdata-sections -fno-exceptions -fno-rtti -fno-use-cxa-atexit -Wall -fstack-usage -fcyclomatic-complexity -MMD -MP -MF"Core/Src/control_update_MPC/qpoases/SRC/CyclingManager.d" -MT"Core/Src/control_update_MPC/qpoases/SRC/CyclingManager.o" --specs=nano.specs -mfpu=fpv5-d16 -mfloat-abi=hard -mthumb -o "Core/Src/control_update_MPC/qpoases/SRC/CyclingManager.o"
arm-none-eabi-g++ "../Core/Src/control_update_MPC/qpoases/SRC/Indexlist.cpp" -mcpu=cortex-m7 -std=gnu++14 -g3 -DDEBUG -DCORE_CM7 -DUSE_HAL_DRIVER -DSTM32H755xx -DUSE_PWR_DIRECT_SMPS_SUPPLY -DUSE_NUCLEO_64 -DSTM32_THREAD_SAFE_STRATEGY=4 -c -I../Core/Inc -I../../Drivers/STM32H7xx_HAL_Driver/Inc -I../../Drivers/STM32H7xx_HAL_Driver/Inc/Legacy -I../../Middlewares/Third_Party/FreeRTOS/Source/include -I../../Middlewares/Third_Party/FreeRTOS/Source/CMSIS_RTOS_V2 -I../../Middlewares/Third_Party/FreeRTOS/Source/portable/GCC/ARM_CM4F -I../../Drivers/BSP/STM32H7xx_Nucleo -I../../Drivers/CMSIS/Device/ST/STM32H7xx/Include -I../../Drivers/CMSIS/Include -I../Core/ThreadSafe -I"C:/Users/nicks/STM32CubeIDE/workspace_1.19.0/AFR/AFR/CM7/Core/Include" -I"C:/Users/nicks/STM32CubeIDE/workspace_1.19.0/AFR/AFR/CM7/Core/Include/dsp" -I"C:/Users/nicks/STM32CubeIDE/workspace_1.19.0/AFR/AFR/CM7/Core/Src/control_update_MPC" -I"C:/Users/nicks/STM32CubeIDE/workspace_1.19.0/AFR/AFR/CM7/Core/Src/control_update_MPC/qpoases" -I"C:/Users/nicks/STM32CubeIDE/workspace_1.19.0/AFR/AFR/CM7/Core/Src/control_update_MPC/qpoases/INCLUDE" -I"C:/Users/nicks/STM32CubeIDE/workspace_1.19.0/AFR/AFR/CM7/Core/Src/control_update_MPC/qpoases/SRC" -O0 -ffunction-sections -fdata-sections -fno-exceptions -fno-rtti -fno-use-cxa-atexit -Wall -fstack-usage -fcyclomatic-complexity -MMD -MP -MF"Core/Src/control_update_MPC/qpoases/SRC/Indexlist.d" -MT"Core/Src/control_update_MPC/qpoases/SRC/Indexlist.o" --specs=nano.specs -mfpu=fpv5-d16 -mfloat-abi=hard -mthumb -o "Core/Src/control_update_MPC/qpoases/SRC/Indexlist.o"
arm-none-eabi-g++ "../Core/Src/control_update_MPC/qpoases/SRC/MessageHandling.cpp" -mcpu=cortex-m7 -std=gnu++14 -g3 -DDEBUG -DCORE_CM7 -DUSE_HAL_DRIVER -DSTM32H755xx -DUSE_PWR_DIRECT_SMPS_SUPPLY -DUSE_NUCLEO_64 -DSTM32_THREAD_SAFE_STRATEGY=4 -c -I../Core/Inc -I../../Drivers/STM32H7xx_HAL_Driver/Inc -I../../Drivers/STM32H7xx_HAL_Driver/Inc/Legacy -I../../Middlewares/Third_Party/FreeRTOS/Source/include -I../../Middlewares/Third_Party/FreeRTOS/Source/CMSIS_RTOS_V2 -I../../Middlewares/Third_Party/FreeRTOS/Source/portable/GCC/ARM_CM4F -I../../Drivers/BSP/STM32H7xx_Nucleo -I../../Drivers/CMSIS/Device/ST/STM32H7xx/Include -I../../Drivers/CMSIS/Include -I../Core/ThreadSafe -I"C:/Users/nicks/STM32CubeIDE/workspace_1.19.0/AFR/AFR/CM7/Core/Include" -I"C:/Users/nicks/STM32CubeIDE/workspace_1.19.0/AFR/AFR/CM7/Core/Include/dsp" -I"C:/Users/nicks/STM32CubeIDE/workspace_1.19.0/AFR/AFR/CM7/Core/Src/control_update_MPC" -I"C:/Users/nicks/STM32CubeIDE/workspace_1.19.0/AFR/AFR/CM7/Core/Src/control_update_MPC/qpoases" -I"C:/Users/nicks/STM32CubeIDE/workspace_1.19.0/AFR/AFR/CM7/Core/Src/control_update_MPC/qpoases/INCLUDE" -I"C:/Users/nicks/STM32CubeIDE/workspace_1.19.0/AFR/AFR/CM7/Core/Src/control_update_MPC/qpoases/SRC" -O0 -ffunction-sections -fdata-sections -fno-exceptions -fno-rtti -fno-use-cxa-atexit -Wall -fstack-usage -fcyclomatic-complexity -MMD -MP -MF"Core/Src/control_update_MPC/qpoases/SRC/MessageHandling.d" -MT"Core/Src/control_update_MPC/qpoases/SRC/MessageHandling.o" --specs=nano.specs -mfpu=fpv5-d16 -mfloat-abi=hard -mthumb -o "Core/Src/control_update_MPC/qpoases/SRC/MessageHandling.o"
arm-none-eabi-g++ "../Core/Src/control_update_MPC/qpoases/SRC/QProblem.cpp" -mcpu=cortex-m7 -std=gnu++14 -g3 -DDEBUG -DCORE_CM7 -DUSE_HAL_DRIVER -DSTM32H755xx -DUSE_PWR_DIRECT_SMPS_SUPPLY -DUSE_NUCLEO_64 -DSTM32_THREAD_SAFE_STRATEGY=4 -c -I../Core/Inc -I../../Drivers/STM32H7xx_HAL_Driver/Inc -I../../Drivers/STM32H7xx_HAL_Driver/Inc/Legacy -I../../Middlewares/Third_Party/FreeRTOS/Source/include -I../../Middlewares/Third_Party/FreeRTOS/Source/CMSIS_RTOS_V2 -I../../Middlewares/Third_Party/FreeRTOS/Source/portable/GCC/ARM_CM4F -I../../Drivers/BSP/STM32H7xx_Nucleo -I../../Drivers/CMSIS/Device/ST/STM32H7xx/Include -I../../Drivers/CMSIS/Include -I../Core/ThreadSafe -I"C:/Users/nicks/STM32CubeIDE/workspace_1.19.0/AFR/AFR/CM7/Core/Include" -I"C:/Users/nicks/STM32CubeIDE/workspace_1.19.0/AFR/AFR/CM7/Core/Include/dsp" -I"C:/Users/nicks/STM32CubeIDE/workspace_1.19.0/AFR/AFR/CM7/Core/Src/control_update_MPC" -I"C:/Users/nicks/STM32CubeIDE/workspace_1.19.0/AFR/AFR/CM7/Core/Src/control_update_MPC/qpoases" -I"C:/Users/nicks/STM32CubeIDE/workspace_1.19.0/AFR/AFR/CM7/Core/Src/control_update_MPC/qpoases/INCLUDE" -I"C:/Users/nicks/STM32CubeIDE/workspace_1.19.0/AFR/AFR/CM7/Core/Src/control_update_MPC/qpoases/SRC" -O0 -ffunction-sections -fdata-sections -fno-exceptions -fno-rtti -fno-use-cxa-atexit -Wall -fstack-usage -fcyclomatic-complexity -MMD -MP -MF"Core/Src/control_update_MPC/qpoases/SRC/QProblem.d" -MT"Core/Src/control_update_MPC/qpoases/SRC/QProblem.o" --specs=nano.specs -mfpu=fpv5-d16 -mfloat-abi=hard -mthumb -o "Core/Src/control_update_MPC/qpoases/SRC/QProblem.o"
arm-none-eabi-g++ "../Core/Src/control_update_MPC/qpoases/SRC/QProblemB.cpp" -mcpu=cortex-m7 -std=gnu++14 -g3 -DDEBUG -DCORE_CM7 -DUSE_HAL_DRIVER -DSTM32H755xx -DUSE_PWR_DIRECT_SMPS_SUPPLY -DUSE_NUCLEO_64 -DSTM32_THREAD_SAFE_STRATEGY=4 -c -I../Core/Inc -I../../Drivers/STM32H7xx_HAL_Driver/Inc -I../../Drivers/STM32H7xx_HAL_Driver/Inc/Legacy -I../../Middlewares/Third_Party/FreeRTOS/Source/include -I../../Middlewares/Third_Party/FreeRTOS/Source/CMSIS_RTOS_V2 -I../../Middlewares/Third_Party/FreeRTOS/Source/portable/GCC/ARM_CM4F -I../../Drivers/BSP/STM32H7xx_Nucleo -I../../Drivers/CMSIS/Device/ST/STM32H7xx/Include -I../../Drivers/CMSIS/Include -I../Core/ThreadSafe -I"C:/Users/nicks/STM32CubeIDE/workspace_1.19.0/AFR/AFR/CM7/Core/Include" -I"C:/Users/nicks/STM32CubeIDE/workspace_1.19.0/AFR/AFR/CM7/Core/Include/dsp" -I"C:/Users/nicks/STM32CubeIDE/workspace_1.19.0/AFR/AFR/CM7/Core/Src/control_update_MPC" -I"C:/Users/nicks/STM32CubeIDE/workspace_1.19.0/AFR/AFR/CM7/Core/Src/control_update_MPC/qpoases" -I"C:/Users/nicks/STM32CubeIDE/workspace_1.19.0/AFR/AFR/CM7/Core/Src/control_update_MPC/qpoases/INCLUDE" -I"C:/Users/nicks/STM32CubeIDE/workspace_1.19.0/AFR/AFR/CM7/Core/Src/control_update_MPC/qpoases/SRC" -O0 -ffunction-sections -fdata-sections -fno-exceptions -fno-rtti -fno-use-cxa-atexit -Wall -fstack-usage -fcyclomatic-complexity -MMD -MP -MF"Core/Src/control_update_MPC/qpoases/SRC/QProblemB.d" -MT"Core/Src/control_update_MPC/qpoases/SRC/QProblemB.o" --specs=nano.specs -mfpu=fpv5-d16 -mfloat-abi=hard -mthumb -o "Core/Src/control_update_MPC/qpoases/SRC/QProblemB.o"
arm-none-eabi-g++ "../Core/Src/control_update_MPC/qpoases/SRC/SubjectTo.cpp" -mcpu=cortex-m7 -std=gnu++14 -g3 -DDEBUG -DCORE_CM7 -DUSE_HAL_DRIVER -DSTM32H755xx -DUSE_PWR_DIRECT_SMPS_SUPPLY -DUSE_NUCLEO_64 -DSTM32_THREAD_SAFE_STRATEGY=4 -c -I../Core/Inc -I../../Drivers/STM32H7xx_HAL_Driver/Inc -I../../Drivers/STM32H7xx_HAL_Driver/Inc/Legacy -I../../Middlewares/Third_Party/FreeRTOS/Source/include -I../../Middlewares/Third_Party/FreeRTOS/Source/CMSIS_RTOS_V2 -I../../Middlewares/Third_Party/FreeRTOS/Source/portable/GCC/ARM_CM4F -I../../Drivers/BSP/STM32H7xx_Nucleo -I../../Drivers/CMSIS/Device/ST/STM32H7xx/Include -I../../Drivers/CMSIS/Include -I../Core/ThreadSafe -I"C:/Users/nicks/STM32CubeIDE/workspace_1.19.0/AFR/AFR/CM7/Core/Include" -I"C:/Users/nicks/STM32CubeIDE/workspace_1.19.0/AFR/AFR/CM7/Core/Include/dsp" -I"C:/Users/nicks/STM32CubeIDE/workspace_1.19.0/AFR/AFR/CM7/Core/Src/control_update_MPC" -I"C:/Users/nicks/STM32CubeIDE/workspace_1.19.0/AFR/AFR/CM7/Core/Src/control_update_MPC/qpoases" -I"C:/Users/nicks/STM32CubeIDE/workspace_1.19.0/AFR/AFR/CM7/Core/Src/control_update_MPC/qpoases/INCLUDE" -I"C:/Users/nicks/STM32CubeIDE/workspace_1.19.0/AFR/AFR/CM7/Core/Src/control_update_MPC/qpoases/SRC" -O0 -ffunction-sections -fdata-sections -fno-exceptions -fno-rtti -fno-use-cxa-atexit -Wall -fstack-usage -fcyclomatic-complexity -MMD -MP -MF"Core/Src/control_update_MPC/qpoases/SRC/SubjectTo.d" -MT"Core/Src/control_update_MPC/qpoases/SRC/SubjectTo.o" --specs=nano.specs -mfpu=fpv5-d16 -mfloat-abi=hard -mthumb -o "Core/Src/control_update_MPC/qpoases/SRC/SubjectTo.o"
arm-none-eabi-g++ "../Core/Src/control_update_MPC/qpoases/SRC/Utils.cpp" -mcpu=cortex-m7 -std=gnu++14 -g3 -DDEBUG -DCORE_CM7 -DUSE_HAL_DRIVER -DSTM32H755xx -DUSE_PWR_DIRECT_SMPS_SUPPLY -DUSE_NUCLEO_64 -DSTM32_THREAD_SAFE_STRATEGY=4 -c -I../Core/Inc -I../../Drivers/STM32H7xx_HAL_Driver/Inc -I../../Drivers/STM32H7xx_HAL_Driver/Inc/Legacy -I../../Middlewares/Third_Party/FreeRTOS/Source/include -I../../Middlewares/Third_Party/FreeRTOS/Source/CMSIS_RTOS_V2 -I../../Middlewares/Third_Party/FreeRTOS/Source/portable/GCC/ARM_CM4F -I../../Drivers/BSP/STM32H7xx_Nucleo -I../../Drivers/CMSIS/Device/ST/STM32H7xx/Include -I../../Drivers/CMSIS/Include -I../Core/ThreadSafe -I"C:/Users/nicks/STM32CubeIDE/workspace_1.19.0/AFR/AFR/CM7/Core/Include" -I"C:/Users/nicks/STM32CubeIDE/workspace_1.19.0/AFR/AFR/CM7/Core/Include/dsp" -I"C:/Users/nicks/STM32CubeIDE/workspace_1.19.0/AFR/AFR/CM7/Core/Src/control_update_MPC" -I"C:/Users/nicks/STM32CubeIDE/workspace_1.19.0/AFR/AFR/CM7/Core/Src/control_update_MPC/qpoases" -I"C:/Users/nicks/STM32CubeIDE/workspace_1.19.0/AFR/AFR/CM7/Core/Src/control_update_MPC/qpoases/INCLUDE" -I"C:/Users/nicks/STM32CubeIDE/workspace_1.19.0/AFR/AFR/CM7/Core/Src/control_update_MPC/qpoases/SRC" -O0 -ffunction-sections -fdata-sections -fno-exceptions -fno-rtti -fno-use-cxa-atexit -Wall -fstack-usage -fcyclomatic-complexity -MMD -MP -MF"Core/Src/control_update_MPC/qpoases/SRC/Utils.d" -MT"Core/Src/control_update_MPC/qpoases/SRC/Utils.o" --specs=nano.specs -mfpu=fpv5-d16 -mfloat-abi=hard -mthumb -o "Core/Src/control_update_MPC/qpoases/SRC/Utils.o"
arm-none-eabi-gcc "../Core/Src/control_update_MPC/acado_auxiliary_functions.c" -mcpu=cortex-m7 -std=gnu11 -g3 -DDEBUG -DCORE_CM7 -DUSE_HAL_DRIVER -DSTM32H755xx -DUSE_PWR_DIRECT_SMPS_SUPPLY -DUSE_NUCLEO_64 -DSTM32_THREAD_SAFE_STRATEGY=4 -c -I../Core/Inc -I../../Drivers/STM32H7xx_HAL_Driver/Inc -I../../Drivers/STM32H7xx_HAL_Driver/Inc/Legacy -I../../Middlewares/Third_Party/FreeRTOS/Source/include -I../../Middlewares/Third_Party/FreeRTOS/Source/CMSIS_RTOS_V2 -I../../Middlewares/Third_Party/FreeRTOS/Source/portable/GCC/ARM_CM4F -I../../Drivers/BSP/STM32H7xx_Nucleo -I../../Drivers/CMSIS/Device/ST/STM32H7xx/Include -I../../Drivers/CMSIS/Include -I../Core/ThreadSafe -I"C:/Users/nicks/STM32CubeIDE/workspace_1.19.0/AFR/AFR/CM7/Core/Include" -I"C:/Users/nicks/STM32CubeIDE/workspace_1.19.0/AFR/AFR/CM7/Core/Include/dsp" -I"C:/Users/nicks/STM32CubeIDE/workspace_1.19.0/AFR/AFR/CM7/Core/Src/control_update_MPC" -I"C:/Users/nicks/STM32CubeIDE/workspace_1.19.0/AFR/AFR/CM7/Core/Src/control_update_MPC/qpoases" -I"C:/Users/nicks/STM32CubeIDE/workspace_1.19.0/AFR/AFR/CM7/Core/Src/control_update_MPC/qpoases/INCLUDE" -I"C:/Users/nicks/STM32CubeIDE/workspace_1.19.0/AFR/AFR/CM7/Core/Src/control_update_MPC/qpoases/SRC" -O0 -ffunction-sections -fdata-sections -Wall -fstack-usage -fcyclomatic-complexity -MMD -MP -MF"Core/Src/control_update_MPC/acado_auxiliary_functions.d" -MT"Core/Src/control_update_MPC/acado_auxiliary_functions.o" --specs=nano.specs -mfpu=fpv5-d16 -mfloat-abi=hard -mthumb -o "Core/Src/control_update_MPC/acado_auxiliary_functions.o"
arm-none-eabi-gcc "../Core/Src/control_update_MPC/acado_integrator.c" -mcpu=cortex-m7 -std=gnu11 -g3 -DDEBUG -DCORE_CM7 -DUSE_HAL_DRIVER -DSTM32H755xx -DUSE_PWR_DIRECT_SMPS_SUPPLY -DUSE_NUCLEO_64 -DSTM32_THREAD_SAFE_STRATEGY=4 -c -I../Core/Inc -I../../Drivers/STM32H7xx_HAL_Driver/Inc -I../../Drivers/STM32H7xx_HAL_Driver/Inc/Legacy -I../../Middlewares/Third_Party/FreeRTOS/Source/include -I../../Middlewares/Third_Party/FreeRTOS/Source/CMSIS_RTOS_V2 -I../../Middlewares/Third_Party/FreeRTOS/Source/portable/GCC/ARM_CM4F -I../../Drivers/BSP/STM32H7xx_Nucleo -I../../Drivers/CMSIS/Device/ST/STM32H7xx/Include -I../../Drivers/CMSIS/Include -I../Core/ThreadSafe -I"C:/Users/nicks/STM32CubeIDE/workspace_1.19.0/AFR/AFR/CM7/Core/Include" -I"C:/Users/nicks/STM32CubeIDE/workspace_1.19.0/AFR/AFR/CM7/Core/Include/dsp" -I"C:/Users/nicks/STM32CubeIDE/workspace_1.19.0/AFR/AFR/CM7/Core/Src/control_update_MPC" -I"C:/Users/nicks/STM32CubeIDE/workspace_1.19.0/AFR/AFR/CM7/Core/Src/control_update_MPC/qpoases" -I"C:/Users/nicks/STM32CubeIDE/workspace_1.19.0/AFR/AFR/CM7/Core/Src/control_update_MPC/qpoases/INCLUDE" -I"C:/Users/nicks/STM32CubeIDE/workspace_1.19.0/AFR/AFR/CM7/Core/Src/control_update_MPC/qpoases/SRC" -O0 -ffunction-sections -fdata-sections -Wall -fstack-usage -fcyclomatic-complexity -MMD -MP -MF"Core/Src/control_update_MPC/acado_integrator.d" -MT"Core/Src/control_update_MPC/acado_integrator.o" --specs=nano.specs -mfpu=fpv5-d16 -mfloat-abi=hard -mthumb -o "Core/Src/control_update_MPC/acado_integrator.o"
arm-none-eabi-g++ "../Core/Src/control_update_MPC/acado_qpoases_interface.cpp" -mcpu=cortex-m7 -std=gnu++14 -g3 -DDEBUG -DCORE_CM7 -DUSE_HAL_DRIVER -DSTM32H755xx -DUSE_PWR_DIRECT_SMPS_SUPPLY -DUSE_NUCLEO_64 -DSTM32_THREAD_SAFE_STRATEGY=4 -c -I../Core/Inc -I../../Drivers/STM32H7xx_HAL_Driver/Inc -I../../Drivers/STM32H7xx_HAL_Driver/Inc/Legacy -I../../Middlewares/Third_Party/FreeRTOS/Source/include -I../../Middlewares/Third_Party/FreeRTOS/Source/CMSIS_RTOS_V2 -I../../Middlewares/Third_Party/FreeRTOS/Source/portable/GCC/ARM_CM4F -I../../Drivers/BSP/STM32H7xx_Nucleo -I../../Drivers/CMSIS/Device/ST/STM32H7xx/Include -I../../Drivers/CMSIS/Include -I../Core/ThreadSafe -I"C:/Users/nicks/STM32CubeIDE/workspace_1.19.0/AFR/AFR/CM7/Core/Include" -I"C:/Users/nicks/STM32CubeIDE/workspace_1.19.0/AFR/AFR/CM7/Core/Include/dsp" -I"C:/Users/nicks/STM32CubeIDE/workspace_1.19.0/AFR/AFR/CM7/Core/Src/control_update_MPC" -I"C:/Users/nicks/STM32CubeIDE/workspace_1.19.0/AFR/AFR/CM7/Core/Src/control_update_MPC/qpoases" -I"C:/Users/nicks/STM32CubeIDE/workspace_1.19.0/AFR/AFR/CM7/Core/Src/control_update_MPC/qpoases/INCLUDE" -I"C:/Users/nicks/STM32CubeIDE/workspace_1.19.0/AFR/AFR/CM7/Core/Src/control_update_MPC/qpoases/SRC" -O0 -ffunction-sections -fdata-sections -fno-exceptions -fno-rtti -fno-use-cxa-atexit -Wall -fstack-usage -fcyclomatic-complexity -MMD -MP -MF"Core/Src/control_update_MPC/acado_qpoases_interface.d" -MT"Core/Src/control_update_MPC/acado_qpoases_interface.o" --specs=nano.specs -mfpu=fpv5-d16 -mfloat-abi=hard -mthumb -o "Core/Src/control_update_MPC/acado_qpoases_interface.o"
arm-none-eabi-gcc "../Core/Src/control_update_MPC/acado_solver.c" -mcpu=cortex-m7 -std=gnu11 -g3 -DDEBUG -DCORE_CM7 -DUSE_HAL_DRIVER -DSTM32H755xx -DUSE_PWR_DIRECT_SMPS_SUPPLY -DUSE_NUCLEO_64 -DSTM32_THREAD_SAFE_STRATEGY=4 -c -I../Core/Inc -I../../Drivers/STM32H7xx_HAL_Driver/Inc -I../../Drivers/STM32H7xx_HAL_Driver/Inc/Legacy -I../../Middlewares/Third_Party/FreeRTOS/Source/include -I../../Middlewares/Third_Party/FreeRTOS/Source/CMSIS_RTOS_V2 -I../../Middlewares/Third_Party/FreeRTOS/Source/portable/GCC/ARM_CM4F -I../../Drivers/BSP/STM32H7xx_Nucleo -I../../Drivers/CMSIS/Device/ST/STM32H7xx/Include -I../../Drivers/CMSIS/Include -I../Core/ThreadSafe -I"C:/Users/nicks/STM32CubeIDE/workspace_1.19.0/AFR/AFR/CM7/Core/Include" -I"C:/Users/nicks/STM32CubeIDE/workspace_1.19.0/AFR/AFR/CM7/Core/Include/dsp" -I"C:/Users/nicks/STM32CubeIDE/workspace_1.19.0/AFR/AFR/CM7/Core/Src/control_update_MPC" -I"C:/Users/nicks/STM32CubeIDE/workspace_1.19.0/AFR/AFR/CM7/Core/Src/control_update_MPC/qpoases" -I"C:/Users/nicks/STM32CubeIDE/workspace_1.19.0/AFR/AFR/CM7/Core/Src/control_update_MPC/qpoases/INCLUDE" -I"C:/Users/nicks/STM32CubeIDE/workspace_1.19.0/AFR/AFR/CM7/Core/Src/control_update_MPC/qpoases/SRC" -O0 -ffunction-sections -fdata-sections -Wall -fstack-usage -fcyclomatic-complexity -MMD -MP -MF"Core/Src/control_update_MPC/acado_solver.d" -MT"Core/Src/control_update_MPC/acado_solver.o" --specs=nano.specs -mfpu=fpv5-d16 -mfloat-abi=hard -mthumb -o "Core/Src/control_update_MPC/acado_solver.o"
arm-none-eabi-gcc "../Core/Src/IMU.c" -mcpu=cortex-m7 -std=gnu11 -g3 -DDEBUG -DCORE_CM7 -DUSE_HAL_DRIVER -DSTM32H755xx -DUSE_PWR_DIRECT_SMPS_SUPPLY -DUSE_NUCLEO_64 -DSTM32_THREAD_SAFE_STRATEGY=4 -c -I../Core/Inc -I../../Drivers/STM32H7xx_HAL_Driver/Inc -I../../Drivers/STM32H7xx_HAL_Driver/Inc/Legacy -I../../Middlewares/Third_Party/FreeRTOS/Source/include -I../../Middlewares/Third_Party/FreeRTOS/Source/CMSIS_RTOS_V2 -I../../Middlewares/Third_Party/FreeRTOS/Source/portable/GCC/ARM_CM4F -I../../Drivers/BSP/STM32H7xx_Nucleo -I../../Drivers/CMSIS/Device/ST/STM32H7xx/Include -I../../Drivers/CMSIS/Include -I../Core/ThreadSafe -I"C:/Users/nicks/STM32CubeIDE/workspace_1.19.0/AFR/AFR/CM7/Core/Include" -I"C:/Users/nicks/STM32CubeIDE/workspace_1.19.0/AFR/AFR/CM7/Core/Include/dsp" -I"C:/Users/nicks/STM32CubeIDE/workspace_1.19.0/AFR/AFR/CM7/Core/Src/control_update_MPC" -I"C:/Users/nicks/STM32CubeIDE/workspace_1.19.0/AFR/AFR/CM7/Core/Src/control_update_MPC/qpoases" -I"C:/Users/nicks/STM32CubeIDE/workspace_1.19.0/AFR/AFR/CM7/Core/Src/control_update_MPC/qpoases/INCLUDE" -I"C:/Users/nicks/STM32CubeIDE/workspace_1.19.0/AFR/AFR/CM7/Core/Src/control_update_MPC/qpoases/SRC" -O0 -ffunction-sections -fdata-sections -Wall -fstack-usage -fcyclomatic-complexity -MMD -MP -MF"Core/Src/IMU.d" -MT"Core/Src/IMU.o" --specs=nano.specs -mfpu=fpv5-d16 -mfloat-abi=hard -mthumb -o "Core/Src/IMU.o"
arm-none-eabi-gcc "../Core/Src/freertos.c" -mcpu=cortex-m7 -std=gnu11 -g3 -DDEBUG -DCORE_CM7 -DUSE_HAL_DRIVER -DSTM32H755xx -DUSE_PWR_DIRECT_SMPS_SUPPLY -DUSE_NUCLEO_64 -DSTM32_THREAD_SAFE_STRATEGY=4 -c -I../Core/Inc -I../../Drivers/STM32H7xx_HAL_Driver/Inc -I../../Drivers/STM32H7xx_HAL_Driver/Inc/Legacy -I../../Middlewares/Third_Party/FreeRTOS/Source/include -I../../Middlewares/Third_Party/FreeRTOS/Source/CMSIS_RTOS_V2 -I../../Middlewares/Third_Party/FreeRTOS/Source/portable/GCC/ARM_CM4F -I../../Drivers/BSP/STM32H7xx_Nucleo -I../../Drivers/CMSIS/Device/ST/STM32H7xx/Include -I../../Drivers/CMSIS/Include -I../Core/ThreadSafe -I"C:/Users/nicks/STM32CubeIDE/workspace_1.19.0/AFR/AFR/CM7/Core/Include" -I"C:/Users/nicks/STM32CubeIDE/workspace_1.19.0/AFR/AFR/CM7/Core/Include/dsp" -I"C:/Users/nicks/STM32CubeIDE/workspace_1.19.0/AFR/AFR/CM7/Core/Src/control_update_MPC" -I"C:/Users/nicks/STM32CubeIDE/workspace_1.19.0/AFR/AFR/CM7/Core/Src/control_update_MPC/qpoases" -I"C:/Users/nicks/STM32CubeIDE/workspace_1.19.0/AFR/AFR/CM7/Core/Src/control_update_MPC/qpoases/INCLUDE" -I"C:/Users/nicks/STM32CubeIDE/workspace_1.19.0/AFR/AFR/CM7/Core/Src/control_update_MPC/qpoases/SRC" -O0 -ffunction-sections -fdata-sections -Wall -fstack-usage -fcyclomatic-complexity -MMD -MP -MF"Core/Src/freertos.d" -MT"Core/Src/freertos.o" --specs=nano.specs -mfpu=fpv5-d16 -mfloat-abi=hard -mthumb -o "Core/Src/freertos.o"
arm-none-eabi-gcc "../Core/Src/main.c" -mcpu=cortex-m7 -std=gnu11 -g3 -DDEBUG -DCORE_CM7 -DUSE_HAL_DRIVER -DSTM32H755xx -DUSE_PWR_DIRECT_SMPS_SUPPLY -DUSE_NUCLEO_64 -DSTM32_THREAD_SAFE_STRATEGY=4 -c -I../Core/Inc -I../../Drivers/STM32H7xx_HAL_Driver/Inc -I../../Drivers/STM32H7xx_HAL_Driver/Inc/Legacy -I../../Middlewares/Third_Party/FreeRTOS/Source/include -I../../Middlewares/Third_Party/FreeRTOS/Source/CMSIS_RTOS_V2 -I../../Middlewares/Third_Party/FreeRTOS/Source/portable/GCC/ARM_CM4F -I../../Drivers/BSP/STM32H7xx_Nucleo -I../../Drivers/CMSIS/Device/ST/STM32H7xx/Include -I../../Drivers/CMSIS/Include -I../Core/ThreadSafe -I"C:/Users/nicks/STM32CubeIDE/workspace_1.19.0/AFR/AFR/CM7/Core/Include" -I"C:/Users/nicks/STM32CubeIDE/workspace_1.19.0/AFR/AFR/CM7/Core/Include/dsp" -I"C:/Users/nicks/STM32CubeIDE/workspace_1.19.0/AFR/AFR/CM7/Core/Src/control_update_MPC" -I"C:/Users/nicks/STM32CubeIDE/workspace_1.19.0/AFR/AFR/CM7/Core/Src/control_update_MPC/qpoases" -I"C:/Users/nicks/STM32CubeIDE/workspace_1.19.0/AFR/AFR/CM7/Core/Src/control_update_MPC/qpoases/INCLUDE" -I"C:/Users/nicks/STM32CubeIDE/workspace_1.19.0/AFR/AFR/CM7/Core/Src/control_update_MPC/qpoases/SRC" -O0 -ffunction-sections -fdata-sections -Wall -fstack-usage -fcyclomatic-complexity -MMD -MP -MF"Core/Src/main.d" -MT"Core/Src/main.o" --specs=nano.specs -mfpu=fpv5-d16 -mfloat-abi=hard -mthumb -o "Core/Src/main.o"
arm-none-eabi-gcc "../Core/Src/rplidar_parser.c" -mcpu=cortex-m7 -std=gnu11 -g3 -DDEBUG -DCORE_CM7 -DUSE_HAL_DRIVER -DSTM32H755xx -DUSE_PWR_DIRECT_SMPS_SUPPLY -DUSE_NUCLEO_64 -DSTM32_THREAD_SAFE_STRATEGY=4 -c -I../Core/Inc -I../../Drivers/STM32H7xx_HAL_Driver/Inc -I../../Drivers/STM32H7xx_HAL_Driver/Inc/Legacy -I../../Middlewares/Third_Party/FreeRTOS/Source/include -I../../Middlewares/Third_Party/FreeRTOS/Source/CMSIS_RTOS_V2 -I../../Middlewares/Third_Party/FreeRTOS/Source/portable/GCC/ARM_CM4F -I../../Drivers/BSP/STM32H7xx_Nucleo -I../../Drivers/CMSIS/Device/ST/STM32H7xx/Include -I../../Drivers/CMSIS/Include -I../Core/ThreadSafe -I"C:/Users/nicks/STM32CubeIDE/workspace_1.19.0/AFR/AFR/CM7/Core/Include" -I"C:/Users/nicks/STM32CubeIDE/workspace_1.19.0/AFR/AFR/CM7/Core/Include/dsp" -I"C:/Users/nicks/STM32CubeIDE/workspace_1.19.0/AFR/AFR/CM7/Core/Src/control_update_MPC" -I"C:/Users/nicks/STM32CubeIDE/workspace_1.19.0/AFR/AFR/CM7/Core/Src/control_update_MPC/qpoases" -I"C:/Users/nicks/STM32CubeIDE/workspace_1.19.0/AFR/AFR/CM7/Core/Src/control_update_MPC/qpoases/INCLUDE" -I"C:/Users/nicks/STM32CubeIDE/workspace_1.19.0/AFR/AFR/CM7/Core/Src/control_update_MPC/qpoases/SRC" -O0 -ffunction-sections -fdata-sections -Wall -fstack-usage -fcyclomatic-complexity -MMD -MP -MF"Core/Src/rplidar_parser.d" -MT"Core/Src/rplidar_parser.o" --specs=nano.specs -mfpu=fpv5-d16 -mfloat-abi=hard -mthumb -o "Core/Src/rplidar_parser.o"
arm-none-eabi-gcc "../Core/Src/stm32h7xx_hal_msp.c" -mcpu=cortex-m7 -std=gnu11 -g3 -DDEBUG -DCORE_CM7 -DUSE_HAL_DRIVER -DSTM32H755xx -DUSE_PWR_DIRECT_SMPS_SUPPLY -DUSE_NUCLEO_64 -DSTM32_THREAD_SAFE_STRATEGY=4 -c -I../Core/Inc -I../../Drivers/STM32H7xx_HAL_Driver/Inc -I../../Drivers/STM32H7xx_HAL_Driver/Inc/Legacy -I../../Middlewares/Third_Party/FreeRTOS/Source/include -I../../Middlewares/Third_Party/FreeRTOS/Source/CMSIS_RTOS_V2 -I../../Middlewares/Third_Party/FreeRTOS/Source/portable/GCC/ARM_CM4F -I../../Drivers/BSP/STM32H7xx_Nucleo -I../../Drivers/CMSIS/Device/ST/STM32H7xx/Include -I../../Drivers/CMSIS/Include -I../Core/ThreadSafe -I"C:/Users/nicks/STM32CubeIDE/workspace_1.19.0/AFR/AFR/CM7/Core/Include" -I"C:/Users/nicks/STM32CubeIDE/workspace_1.19.0/AFR/AFR/CM7/Core/Include/dsp" -I"C:/Users/nicks/STM32CubeIDE/workspace_1.19.0/AFR/AFR/CM7/Core/Src/control_update_MPC" -I"C:/Users/nicks/STM32CubeIDE/workspace_1.19.0/AFR/AFR/CM7/Core/Src/control_update_MPC/qpoases" -I"C:/Users/nicks/STM32CubeIDE/workspace_1.19.0/AFR/AFR/CM7/Core/Src/control_update_MPC/qpoases/INCLUDE" -I"C:/Users/nicks/STM32CubeIDE/workspace_1.19.0/AFR/AFR/CM7/Core/Src/control_update_MPC/qpoases/SRC" -O0 -ffunction-sections -fdata-sections -Wall -fstack-usage -fcyclomatic-complexity -MMD -MP -MF"Core/Src/stm32h7xx_hal_msp.d" -MT"Core/Src/stm32h7xx_hal_msp.o" --specs=nano.specs -mfpu=fpv5-d16 -mfloat-abi=hard -mthumb -o "Core/Src/stm32h7xx_hal_msp.o"
arm-none-eabi-gcc "../Core/Src/stm32h7xx_it.c" -mcpu=cortex-m7 -std=gnu11 -g3 -DDEBUG -DCORE_CM7 -DUSE_HAL_DRIVER -DSTM32H755xx -DUSE_PWR_DIRECT_SMPS_SUPPLY -DUSE_NUCLEO_64 -DSTM32_THREAD_SAFE_STRATEGY=4 -c -I../Core/Inc -I../../Drivers/STM32H7xx_HAL_Driver/Inc -I../../Drivers/STM32H7xx_HAL_Driver/Inc/Legacy -I../../Middlewares/Third_Party/FreeRTOS/Source/include -I../../Middlewares/Third_Party/FreeRTOS/Source/CMSIS_RTOS_V2 -I../../Middlewares/Third_Party/FreeRTOS/Source/portable/GCC/ARM_CM4F -I../../Drivers/BSP/STM32H7xx_Nucleo -I../../Drivers/CMSIS/Device/ST/STM32H7xx/Include -I../../Drivers/CMSIS/Include -I../Core/ThreadSafe -I"C:/Users/nicks/STM32CubeIDE/workspace_1.19.0/AFR/AFR/CM7/Core/Include" -I"C:/Users/nicks/STM32CubeIDE/workspace_1.19.0/AFR/AFR/CM7/Core/Include/dsp" -I"C:/Users/nicks/STM32CubeIDE/workspace_1.19.0/AFR/AFR/CM7/Core/Src/control_update_MPC" -I"C:/Users/nicks/STM32CubeIDE/workspace_1.19.0/AFR/AFR/CM7/Core/Src/control_update_MPC/qpoases" -I"C:/Users/nicks/STM32CubeIDE/workspace_1.19.0/AFR/AFR/CM7/Core/Src/control_update_MPC/qpoases/INCLUDE" -I"C:/Users/nicks/STM32CubeIDE/workspace_1.19.0/AFR/AFR/CM7/Core/Src/control_update_MPC/qpoases/SRC" -O0 -ffunction-sections -fdata-sections -Wall -fstack-usage -fcyclomatic-complexity -MMD -MP -MF"Core/Src/stm32h7xx_it.d" -MT"Core/Src/stm32h7xx_it.o" --specs=nano.specs -mfpu=fpv5-d16 -mfloat-abi=hard -mthumb -o "Core/Src/stm32h7xx_it.o"
arm-none-eabi-gcc "../Core/Src/trajectory.c" -mcpu=cortex-m7 -std=gnu11 -g3 -DDEBUG -DCORE_CM7 -DUSE_HAL_DRIVER -DSTM32H755xx -DUSE_PWR_DIRECT_SMPS_SUPPLY -DUSE_NUCLEO_64 -DSTM32_THREAD_SAFE_STRATEGY=4 -c -I../Core/Inc -I../../Drivers/STM32H7xx_HAL_Driver/Inc -I../../Drivers/STM32H7xx_HAL_Driver/Inc/Legacy -I../../Middlewares/Third_Party/FreeRTOS/Source/include -I../../Middlewares/Third_Party/FreeRTOS/Source/CMSIS_RTOS_V2 -I../../Middlewares/Third_Party/FreeRTOS/Source/portable/GCC/ARM_CM4F -I../../Drivers/BSP/STM32H7xx_Nucleo -I../../Drivers/CMSIS/Device/ST/STM32H7xx/Include -I../../Drivers/CMSIS/Include -I../Core/ThreadSafe -I"C:/Users/nicks/STM32CubeIDE/workspace_1.19.0/AFR/AFR/CM7/Core/Include" -I"C:/Users/nicks/STM32CubeIDE/workspace_1.19.0/AFR/AFR/CM7/Core/Include/dsp" -I"C:/Users/nicks/STM32CubeIDE/workspace_1.19.0/AFR/AFR/CM7/Core/Src/control_update_MPC" -I"C:/Users/nicks/STM32CubeIDE/workspace_1.19.0/AFR/AFR/CM7/Core/Src/control_update_MPC/qpoases" -I"C:/Users/nicks/STM32CubeIDE/workspace_1.19.0/AFR/AFR/CM7/Core/Src/control_update_MPC/qpoases/INCLUDE" -I"C:/Users/nicks/STM32CubeIDE/workspace_1.19.0/AFR/AFR/CM7/Core/Src/control_update_MPC/qpoases/SRC" -O0 -ffunction-sections -fdata-sections -Wall -fstack-usage -fcyclomatic-complexity -MMD -MP -MF"Core/Src/trajectory.d" -MT"Core/Src/trajectory.o" --specs=nano.specs -mfpu=fpv5-d16 -mfloat-abi=hard -mthumb -o "Core/Src/trajectory.o"
arm-none-eabi-gcc "../Core/Src/uart5_comm.c" -mcpu=cortex-m7 -std=gnu11 -g3 -DDEBUG -DCORE_CM7 -DUSE_HAL_DRIVER -DSTM32H755xx -DUSE_PWR_DIRECT_SMPS_SUPPLY -DUSE_NUCLEO_64 -DSTM32_THREAD_SAFE_STRATEGY=4 -c -I../Core/Inc -I../../Drivers/STM32H7xx_HAL_Driver/Inc -I../../Drivers/STM32H7xx_HAL_Driver/Inc/Legacy -I../../Middlewares/Third_Party/FreeRTOS/Source/include -I../../Middlewares/Third_Party/FreeRTOS/Source/CMSIS_RTOS_V2 -I../../Middlewares/Third_Party/FreeRTOS/Source/portable/GCC/ARM_CM4F -I../../Drivers/BSP/STM32H7xx_Nucleo -I../../Drivers/CMSIS/Device/ST/STM32H7xx/Include -I../../Drivers/CMSIS/Include -I../Core/ThreadSafe -I"C:/Users/nicks/STM32CubeIDE/workspace_1.19.0/AFR/AFR/CM7/Core/Include" -I"C:/Users/nicks/STM32CubeIDE/workspace_1.19.0/AFR/AFR/CM7/Core/Include/dsp" -I"C:/Users/nicks/STM32CubeIDE/workspace_1.19.0/AFR/AFR/CM7/Core/Src/control_update_MPC" -I"C:/Users/nicks/STM32CubeIDE/workspace_1.19.0/AFR/AFR/CM7/Core/Src/control_update_MPC/qpoases" -I"C:/Users/nicks/STM32CubeIDE/workspace_1.19.0/AFR/AFR/CM7/Core/Src/control_update_MPC/qpoases/INCLUDE" -I"C:/Users/nicks/STM32CubeIDE/workspace_1.19.0/AFR/AFR/CM7/Core/Src/control_update_MPC/qpoases/SRC" -O0 -ffunction-sections -fdata-sections -Wall -fstack-usage -fcyclomatic-complexity -MMD -MP -MF"Core/Src/uart5_comm.d" -MT"Core/Src/uart5_comm.o" --specs=nano.specs -mfpu=fpv5-d16 -mfloat-abi=hard -mthumb -o "Core/Src/uart5_comm.o"
arm-none-eabi-gcc "../Core/Src/ukf.c" -mcpu=cortex-m7 -std=gnu11 -g3 -DDEBUG -DCORE_CM7 -DUSE_HAL_DRIVER -DSTM32H755xx -DUSE_PWR_DIRECT_SMPS_SUPPLY -DUSE_NUCLEO_64 -DSTM32_THREAD_SAFE_STRATEGY=4 -c -I../Core/Inc -I../../Drivers/STM32H7xx_HAL_Driver/Inc -I../../Drivers/STM32H7xx_HAL_Driver/Inc/Legacy -I../../Middlewares/Third_Party/FreeRTOS/Source/include -I../../Middlewares/Third_Party/FreeRTOS/Source/CMSIS_RTOS_V2 -I../../Middlewares/Third_Party/FreeRTOS/Source/portable/GCC/ARM_CM4F -I../../Drivers/BSP/STM32H7xx_Nucleo -I../../Drivers/CMSIS/Device/ST/STM32H7xx/Include -I../../Drivers/CMSIS/Include -I../Core/ThreadSafe -I"C:/Users/nicks/STM32CubeIDE/workspace_1.19.0/AFR/AFR/CM7/Core/Include" -I"C:/Users/nicks/STM32CubeIDE/workspace_1.19.0/AFR/AFR/CM7/Core/Include/dsp" -I"C:/Users/nicks/STM32CubeIDE/workspace_1.19.0/AFR/AFR/CM7/Core/Src/control_update_MPC" -I"C:/Users/nicks/STM32CubeIDE/workspace_1.19.0/AFR/AFR/CM7/Core/Src/control_update_MPC/qpoases" -I"C:/Users/nicks/STM32CubeIDE/workspace_1.19.0/AFR/AFR/CM7/Core/Src/control_update_MPC/qpoases/INCLUDE" -I"C:/Users/nicks/STM32CubeIDE/workspace_1.19.0/AFR/AFR/CM7/Core/Src/control_update_MPC/qpoases/SRC" -O0 -ffunction-sections -fdata-sections -Wall -fstack-usage -fcyclomatic-complexity -MMD -MP -MF"Core/Src/ukf.d" -MT"Core/Src/ukf.o" --specs=nano.specs -mfpu=fpv5-d16 -mfloat-abi=hard -mthumb -o "Core/Src/ukf.o"
In file included from ../Core/Src/IMU.c:10:
../Core/Inc/main.h:80:15: warning: 'rtotag' defined but not used [-Wunused-variable]
   80 | static double rtotag = 0.7;             // min. radius to tag
      |               ^~~~~~
../Core/Inc/main.h:79:15: warning: 'rtoothers' defined but not used [-Wunused-variable]
   79 | static double rtoothers = 0.5;  // min. radius to other waypoints
      |               ^~~~~~~~~
In file included from ../Core/Src/freertos.c:23:
../Core/Inc/main.h:80:15: warning: 'rtotag' defined but not used [-Wunused-variable]
   80 | static double rtotag = 0.7;             // min. radius to tag
      |               ^~~~~~
../Core/Inc/main.h:79:15: warning: 'rtoothers' defined but not used [-Wunused-variable]
   79 | static double rtoothers = 0.5;  // min. radius to other waypoints
      |               ^~~~~~~~~
In file included from ../Core/Src/stm32h7xx_hal_msp.c:22:
../Core/Inc/main.h:80:15: warning: 'rtotag' defined but not used [-Wunused-variable]
   80 | static double rtotag = 0.7;             // min. radius to tag
      |               ^~~~~~
../Core/Inc/main.h:79:15: warning: 'rtoothers' defined but not used [-Wunused-variable]
   79 | static double rtoothers = 0.5;  // min. radius to other waypoints
      |               ^~~~~~~~~
../Core/Src/rplidar_parser.c:19:22: warning: 'header_bytes' defined but not used [-Wunused-const-variable=]
   19 | static const uint8_t header_bytes[7] = {
      |                      ^~~~~~~~~~~~
In file included from ../Core/Inc/uart5_comm.h:7,
                 from ../Core/Src/rplidar_parser.c:1:
../Core/Inc/main.h:80:15: warning: 'rtotag' defined but not used [-Wunused-variable]
   80 | static double rtotag = 0.7;             // min. radius to tag
      |               ^~~~~~
../Core/Inc/main.h:79:15: warning: 'rtoothers' defined but not used [-Wunused-variable]
   79 | static double rtoothers = 0.5;  // min. radius to other waypoints
      |               ^~~~~~~~~
In file included from ../Core/Src/stm32h7xx_it.c:21:
../Core/Inc/main.h:80:15: warning: 'rtotag' defined but not used [-Wunused-variable]
   80 | static double rtotag = 0.7;             // min. radius to tag
      |               ^~~~~~
../Core/Inc/main.h:79:15: warning: 'rtoothers' defined but not used [-Wunused-variable]
   79 | static double rtoothers = 0.5;  // min. radius to other waypoints
      |               ^~~~~~~~~
../Core/Src/main.c:773:12: warning: 'axswitch' defined but not used [-Wunused-variable]
  773 | static int axswitch = 0;
      |            ^~~~~~~~
../Core/Src/trajectory.c:55: warning: "SET_BIT" redefined
   55 | #define SET_BIT(arr,i)  ((arr)[(i)>>3] |=  (1U<<((i)&7)))
      | 
In file included from ../../Drivers/STM32H7xx_HAL_Driver/Inc/stm32h7xx_hal_def.h:29,
                 from ../../Drivers/STM32H7xx_HAL_Driver/Inc/stm32h7xx_hal_rcc.h:27,
                 from ../Core/Inc/stm32h7xx_hal_conf.h:246,
                 from ../../Drivers/STM32H7xx_HAL_Driver/Inc/stm32h7xx_hal.h:29,
                 from ../Core/Inc/main.h:30,
                 from ../Core/Inc/trajectory.h:7,
                 from ../Core/Src/trajectory.c:8:
../../Drivers/CMSIS/Device/ST/STM32H7xx/Include/stm32h7xx.h:207: note: this is the location of the previous definition
  207 | #define SET_BIT(REG, BIT)     ((REG) |= (BIT))
      | 
In file included from ../Core/Inc/uart5_comm.h:7,
                 from ../Core/Src/uart5_comm.c:1:
../Core/Inc/main.h:80:15: warning: 'rtotag' defined but not used [-Wunused-variable]
   80 | static double rtotag = 0.7;             // min. radius to tag
      |               ^~~~~~
../Core/Inc/main.h:79:15: warning: 'rtoothers' defined but not used [-Wunused-variable]
   79 | static double rtoothers = 0.5;  // min. radius to other waypoints
      |               ^~~~~~~~~
../Core/Inc/main.h:80:15: warning: 'rtotag' defined but not used [-Wunused-variable]
   80 | static double rtotag = 0.7;             // min. radius to tag
      |               ^~~~~~
../Core/Inc/main.h:79:15: warning: 'rtoothers' defined but not used [-Wunused-variable]
   79 | static double rtoothers = 0.5;  // min. radius to other waypoints
      |               ^~~~~~~~~
In file included from ../Core/Inc/trajectory.h:7,
                 from ../Core/Src/ukf.c:15:
../Core/Inc/main.h:80:15: warning: 'rtotag' defined but not used [-Wunused-variable]
   80 | static double rtotag = 0.7;             // min. radius to tag
      |               ^~~~~~
../Core/Inc/main.h:79:15: warning: 'rtoothers' defined but not used [-Wunused-variable]
   79 | static double rtoothers = 0.5;  // min. radius to other waypoints
      |               ^~~~~~~~~
arm-none-eabi-g++ -o "AFR_CM7.elf" @"objects.list"   -mcpu=cortex-m7 -T"C:\Users\nicks\STM32CubeIDE\workspace_1.19.0\AFR\AFR\CM7\STM32H755ZITX_FLASH.ld" -Wl,-Map="AFR_CM7.map" -Wl,--gc-sections -static -Wl,-Map=AFR_CM7.map,--print-memory-usage --specs=nano.specs -mfpu=fpv5-d16 -mfloat-abi=hard -mthumb -u _printf_float -u _scanf_float -Wl,--start-group -lc -lm -lstdc++ -lsupc++ -Wl,--end-group
Memory region         Used Size  Region Size  %age Used
          RAM_D1:      274856 B       512 KB     52.42%
           FLASH:      321024 B         1 MB     30.62%
         DTCMRAM:        1600 B       128 KB      1.22%
          SHARED:           0 B        256 B      0.00%
         SHARED2:           0 B        256 B      0.00%
          RAM_D2:         25 KB     163328 B     15.67%
          RAM_D3:           0 B        64 KB      0.00%
         ITCMRAM:           0 B        64 KB      0.00%
Finished building target: AFR_CM7.elf
 
arm-none-eabi-size  AFR_CM7.elf 
arm-none-eabi-objdump -h -S AFR_CM7.elf  > "AFR_CM7.list"
   text	   data	    bss	    dec	    hex	filename
 243400	  77612	 224440	 545452	  852ac	AFR_CM7.elf
Finished building: default.size.stdout
 
Finished building: AFR_CM7.list
 
16:36:53 **** Incremental Build of configuration Debug for project AFR_CM7 ****
make -j16 all 
arm-none-eabi-size  AFR_CM7.elf 
   text	   data	    bss	    dec	    hex	filename
 243400	  77612	 224440	 545452	  852ac	AFR_CM7.elf
Finished building: default.size.stdout
 
16:41:06 **** Incremental Build of configuration Debug for project AFR_CM7 ****
make -j16 all 
arm-none-eabi-g++ "../Core/Src/control_update_MPC/qpoases/SRC/EXTRAS/SolutionAnalysis.cpp" -mcpu=cortex-m7 -std=gnu++14 -g3 -DDEBUG -DCORE_CM7 -DUSE_HAL_DRIVER -DSTM32H755xx -DUSE_PWR_DIRECT_SMPS_SUPPLY -DUSE_NUCLEO_64 -DSTM32_THREAD_SAFE_STRATEGY=4 -c -I../Core/Inc -I../../Drivers/STM32H7xx_HAL_Driver/Inc -I../../Drivers/STM32H7xx_HAL_Driver/Inc/Legacy -I../../Middlewares/Third_Party/FreeRTOS/Source/include -I../../Middlewares/Third_Party/FreeRTOS/Source/CMSIS_RTOS_V2 -I../../Middlewares/Third_Party/FreeRTOS/Source/portable/GCC/ARM_CM4F -I../../Drivers/BSP/STM32H7xx_Nucleo -I../../Drivers/CMSIS/Device/ST/STM32H7xx/Include -I../../Drivers/CMSIS/Include -I../Core/ThreadSafe -I"C:/Users/nicks/STM32CubeIDE/workspace_1.19.0/AFR/AFR/CM7/Core/Include" -I"C:/Users/nicks/STM32CubeIDE/workspace_1.19.0/AFR/AFR/CM7/Core/Include/dsp" -I"C:/Users/nicks/STM32CubeIDE/workspace_1.19.0/AFR/AFR/CM7/Core/Src/control_update_MPC" -I"C:/Users/nicks/STM32CubeIDE/workspace_1.19.0/AFR/AFR/CM7/Core/Src/control_update_MPC/qpoases" -I"C:/Users/nicks/STM32CubeIDE/workspace_1.19.0/AFR/AFR/CM7/Core/Src/control_update_MPC/qpoases/INCLUDE" -I"C:/Users/nicks/STM32CubeIDE/workspace_1.19.0/AFR/AFR/CM7/Core/Src/control_update_MPC/qpoases/SRC" -O0 -ffunction-sections -fdata-sections -fno-exceptions -fno-rtti -fno-use-cxa-atexit -Wall -fstack-usage -fcyclomatic-complexity -MMD -MP -MF"Core/Src/control_update_MPC/qpoases/SRC/EXTRAS/SolutionAnalysis.d" -MT"Core/Src/control_update_MPC/qpoases/SRC/EXTRAS/SolutionAnalysis.o" --specs=nano.specs -mfpu=fpv5-d16 -mfloat-abi=hard -mthumb -o "Core/Src/control_update_MPC/qpoases/SRC/EXTRAS/SolutionAnalysis.o"
arm-none-eabi-g++ "../Core/Src/control_update_MPC/qpoases/SRC/Bounds.cpp" -mcpu=cortex-m7 -std=gnu++14 -g3 -DDEBUG -DCORE_CM7 -DUSE_HAL_DRIVER -DSTM32H755xx -DUSE_PWR_DIRECT_SMPS_SUPPLY -DUSE_NUCLEO_64 -DSTM32_THREAD_SAFE_STRATEGY=4 -c -I../Core/Inc -I../../Drivers/STM32H7xx_HAL_Driver/Inc -I../../Drivers/STM32H7xx_HAL_Driver/Inc/Legacy -I../../Middlewares/Third_Party/FreeRTOS/Source/include -I../../Middlewares/Third_Party/FreeRTOS/Source/CMSIS_RTOS_V2 -I../../Middlewares/Third_Party/FreeRTOS/Source/portable/GCC/ARM_CM4F -I../../Drivers/BSP/STM32H7xx_Nucleo -I../../Drivers/CMSIS/Device/ST/STM32H7xx/Include -I../../Drivers/CMSIS/Include -I../Core/ThreadSafe -I"C:/Users/nicks/STM32CubeIDE/workspace_1.19.0/AFR/AFR/CM7/Core/Include" -I"C:/Users/nicks/STM32CubeIDE/workspace_1.19.0/AFR/AFR/CM7/Core/Include/dsp" -I"C:/Users/nicks/STM32CubeIDE/workspace_1.19.0/AFR/AFR/CM7/Core/Src/control_update_MPC" -I"C:/Users/nicks/STM32CubeIDE/workspace_1.19.0/AFR/AFR/CM7/Core/Src/control_update_MPC/qpoases" -I"C:/Users/nicks/STM32CubeIDE/workspace_1.19.0/AFR/AFR/CM7/Core/Src/control_update_MPC/qpoases/INCLUDE" -I"C:/Users/nicks/STM32CubeIDE/workspace_1.19.0/AFR/AFR/CM7/Core/Src/control_update_MPC/qpoases/SRC" -O0 -ffunction-sections -fdata-sections -fno-exceptions -fno-rtti -fno-use-cxa-atexit -Wall -fstack-usage -fcyclomatic-complexity -MMD -MP -MF"Core/Src/control_update_MPC/qpoases/SRC/Bounds.d" -MT"Core/Src/control_update_MPC/qpoases/SRC/Bounds.o" --specs=nano.specs -mfpu=fpv5-d16 -mfloat-abi=hard -mthumb -o "Core/Src/control_update_MPC/qpoases/SRC/Bounds.o"
arm-none-eabi-g++ "../Core/Src/control_update_MPC/qpoases/SRC/Constraints.cpp" -mcpu=cortex-m7 -std=gnu++14 -g3 -DDEBUG -DCORE_CM7 -DUSE_HAL_DRIVER -DSTM32H755xx -DUSE_PWR_DIRECT_SMPS_SUPPLY -DUSE_NUCLEO_64 -DSTM32_THREAD_SAFE_STRATEGY=4 -c -I../Core/Inc -I../../Drivers/STM32H7xx_HAL_Driver/Inc -I../../Drivers/STM32H7xx_HAL_Driver/Inc/Legacy -I../../Middlewares/Third_Party/FreeRTOS/Source/include -I../../Middlewares/Third_Party/FreeRTOS/Source/CMSIS_RTOS_V2 -I../../Middlewares/Third_Party/FreeRTOS/Source/portable/GCC/ARM_CM4F -I../../Drivers/BSP/STM32H7xx_Nucleo -I../../Drivers/CMSIS/Device/ST/STM32H7xx/Include -I../../Drivers/CMSIS/Include -I../Core/ThreadSafe -I"C:/Users/nicks/STM32CubeIDE/workspace_1.19.0/AFR/AFR/CM7/Core/Include" -I"C:/Users/nicks/STM32CubeIDE/workspace_1.19.0/AFR/AFR/CM7/Core/Include/dsp" -I"C:/Users/nicks/STM32CubeIDE/workspace_1.19.0/AFR/AFR/CM7/Core/Src/control_update_MPC" -I"C:/Users/nicks/STM32CubeIDE/workspace_1.19.0/AFR/AFR/CM7/Core/Src/control_update_MPC/qpoases" -I"C:/Users/nicks/STM32CubeIDE/workspace_1.19.0/AFR/AFR/CM7/Core/Src/control_update_MPC/qpoases/INCLUDE" -I"C:/Users/nicks/STM32CubeIDE/workspace_1.19.0/AFR/AFR/CM7/Core/Src/control_update_MPC/qpoases/SRC" -O0 -ffunction-sections -fdata-sections -fno-exceptions -fno-rtti -fno-use-cxa-atexit -Wall -fstack-usage -fcyclomatic-complexity -MMD -MP -MF"Core/Src/control_update_MPC/qpoases/SRC/Constraints.d" -MT"Core/Src/control_update_MPC/qpoases/SRC/Constraints.o" --specs=nano.specs -mfpu=fpv5-d16 -mfloat-abi=hard -mthumb -o "Core/Src/control_update_MPC/qpoases/SRC/Constraints.o"
arm-none-eabi-g++ "../Core/Src/control_update_MPC/qpoases/SRC/CyclingManager.cpp" -mcpu=cortex-m7 -std=gnu++14 -g3 -DDEBUG -DCORE_CM7 -DUSE_HAL_DRIVER -DSTM32H755xx -DUSE_PWR_DIRECT_SMPS_SUPPLY -DUSE_NUCLEO_64 -DSTM32_THREAD_SAFE_STRATEGY=4 -c -I../Core/Inc -I../../Drivers/STM32H7xx_HAL_Driver/Inc -I../../Drivers/STM32H7xx_HAL_Driver/Inc/Legacy -I../../Middlewares/Third_Party/FreeRTOS/Source/include -I../../Middlewares/Third_Party/FreeRTOS/Source/CMSIS_RTOS_V2 -I../../Middlewares/Third_Party/FreeRTOS/Source/portable/GCC/ARM_CM4F -I../../Drivers/BSP/STM32H7xx_Nucleo -I../../Drivers/CMSIS/Device/ST/STM32H7xx/Include -I../../Drivers/CMSIS/Include -I../Core/ThreadSafe -I"C:/Users/nicks/STM32CubeIDE/workspace_1.19.0/AFR/AFR/CM7/Core/Include" -I"C:/Users/nicks/STM32CubeIDE/workspace_1.19.0/AFR/AFR/CM7/Core/Include/dsp" -I"C:/Users/nicks/STM32CubeIDE/workspace_1.19.0/AFR/AFR/CM7/Core/Src/control_update_MPC" -I"C:/Users/nicks/STM32CubeIDE/workspace_1.19.0/AFR/AFR/CM7/Core/Src/control_update_MPC/qpoases" -I"C:/Users/nicks/STM32CubeIDE/workspace_1.19.0/AFR/AFR/CM7/Core/Src/control_update_MPC/qpoases/INCLUDE" -I"C:/Users/nicks/STM32CubeIDE/workspace_1.19.0/AFR/AFR/CM7/Core/Src/control_update_MPC/qpoases/SRC" -O0 -ffunction-sections -fdata-sections -fno-exceptions -fno-rtti -fno-use-cxa-atexit -Wall -fstack-usage -fcyclomatic-complexity -MMD -MP -MF"Core/Src/control_update_MPC/qpoases/SRC/CyclingManager.d" -MT"Core/Src/control_update_MPC/qpoases/SRC/CyclingManager.o" --specs=nano.specs -mfpu=fpv5-d16 -mfloat-abi=hard -mthumb -o "Core/Src/control_update_MPC/qpoases/SRC/CyclingManager.o"
arm-none-eabi-g++ "../Core/Src/control_update_MPC/qpoases/SRC/Indexlist.cpp" -mcpu=cortex-m7 -std=gnu++14 -g3 -DDEBUG -DCORE_CM7 -DUSE_HAL_DRIVER -DSTM32H755xx -DUSE_PWR_DIRECT_SMPS_SUPPLY -DUSE_NUCLEO_64 -DSTM32_THREAD_SAFE_STRATEGY=4 -c -I../Core/Inc -I../../Drivers/STM32H7xx_HAL_Driver/Inc -I../../Drivers/STM32H7xx_HAL_Driver/Inc/Legacy -I../../Middlewares/Third_Party/FreeRTOS/Source/include -I../../Middlewares/Third_Party/FreeRTOS/Source/CMSIS_RTOS_V2 -I../../Middlewares/Third_Party/FreeRTOS/Source/portable/GCC/ARM_CM4F -I../../Drivers/BSP/STM32H7xx_Nucleo -I../../Drivers/CMSIS/Device/ST/STM32H7xx/Include -I../../Drivers/CMSIS/Include -I../Core/ThreadSafe -I"C:/Users/nicks/STM32CubeIDE/workspace_1.19.0/AFR/AFR/CM7/Core/Include" -I"C:/Users/nicks/STM32CubeIDE/workspace_1.19.0/AFR/AFR/CM7/Core/Include/dsp" -I"C:/Users/nicks/STM32CubeIDE/workspace_1.19.0/AFR/AFR/CM7/Core/Src/control_update_MPC" -I"C:/Users/nicks/STM32CubeIDE/workspace_1.19.0/AFR/AFR/CM7/Core/Src/control_update_MPC/qpoases" -I"C:/Users/nicks/STM32CubeIDE/workspace_1.19.0/AFR/AFR/CM7/Core/Src/control_update_MPC/qpoases/INCLUDE" -I"C:/Users/nicks/STM32CubeIDE/workspace_1.19.0/AFR/AFR/CM7/Core/Src/control_update_MPC/qpoases/SRC" -O0 -ffunction-sections -fdata-sections -fno-exceptions -fno-rtti -fno-use-cxa-atexit -Wall -fstack-usage -fcyclomatic-complexity -MMD -MP -MF"Core/Src/control_update_MPC/qpoases/SRC/Indexlist.d" -MT"Core/Src/control_update_MPC/qpoases/SRC/Indexlist.o" --specs=nano.specs -mfpu=fpv5-d16 -mfloat-abi=hard -mthumb -o "Core/Src/control_update_MPC/qpoases/SRC/Indexlist.o"
arm-none-eabi-g++ "../Core/Src/control_update_MPC/qpoases/SRC/MessageHandling.cpp" -mcpu=cortex-m7 -std=gnu++14 -g3 -DDEBUG -DCORE_CM7 -DUSE_HAL_DRIVER -DSTM32H755xx -DUSE_PWR_DIRECT_SMPS_SUPPLY -DUSE_NUCLEO_64 -DSTM32_THREAD_SAFE_STRATEGY=4 -c -I../Core/Inc -I../../Drivers/STM32H7xx_HAL_Driver/Inc -I../../Drivers/STM32H7xx_HAL_Driver/Inc/Legacy -I../../Middlewares/Third_Party/FreeRTOS/Source/include -I../../Middlewares/Third_Party/FreeRTOS/Source/CMSIS_RTOS_V2 -I../../Middlewares/Third_Party/FreeRTOS/Source/portable/GCC/ARM_CM4F -I../../Drivers/BSP/STM32H7xx_Nucleo -I../../Drivers/CMSIS/Device/ST/STM32H7xx/Include -I../../Drivers/CMSIS/Include -I../Core/ThreadSafe -I"C:/Users/nicks/STM32CubeIDE/workspace_1.19.0/AFR/AFR/CM7/Core/Include" -I"C:/Users/nicks/STM32CubeIDE/workspace_1.19.0/AFR/AFR/CM7/Core/Include/dsp" -I"C:/Users/nicks/STM32CubeIDE/workspace_1.19.0/AFR/AFR/CM7/Core/Src/control_update_MPC" -I"C:/Users/nicks/STM32CubeIDE/workspace_1.19.0/AFR/AFR/CM7/Core/Src/control_update_MPC/qpoases" -I"C:/Users/nicks/STM32CubeIDE/workspace_1.19.0/AFR/AFR/CM7/Core/Src/control_update_MPC/qpoases/INCLUDE" -I"C:/Users/nicks/STM32CubeIDE/workspace_1.19.0/AFR/AFR/CM7/Core/Src/control_update_MPC/qpoases/SRC" -O0 -ffunction-sections -fdata-sections -fno-exceptions -fno-rtti -fno-use-cxa-atexit -Wall -fstack-usage -fcyclomatic-complexity -MMD -MP -MF"Core/Src/control_update_MPC/qpoases/SRC/MessageHandling.d" -MT"Core/Src/control_update_MPC/qpoases/SRC/MessageHandling.o" --specs=nano.specs -mfpu=fpv5-d16 -mfloat-abi=hard -mthumb -o "Core/Src/control_update_MPC/qpoases/SRC/MessageHandling.o"
arm-none-eabi-g++ "../Core/Src/control_update_MPC/qpoases/SRC/QProblem.cpp" -mcpu=cortex-m7 -std=gnu++14 -g3 -DDEBUG -DCORE_CM7 -DUSE_HAL_DRIVER -DSTM32H755xx -DUSE_PWR_DIRECT_SMPS_SUPPLY -DUSE_NUCLEO_64 -DSTM32_THREAD_SAFE_STRATEGY=4 -c -I../Core/Inc -I../../Drivers/STM32H7xx_HAL_Driver/Inc -I../../Drivers/STM32H7xx_HAL_Driver/Inc/Legacy -I../../Middlewares/Third_Party/FreeRTOS/Source/include -I../../Middlewares/Third_Party/FreeRTOS/Source/CMSIS_RTOS_V2 -I../../Middlewares/Third_Party/FreeRTOS/Source/portable/GCC/ARM_CM4F -I../../Drivers/BSP/STM32H7xx_Nucleo -I../../Drivers/CMSIS/Device/ST/STM32H7xx/Include -I../../Drivers/CMSIS/Include -I../Core/ThreadSafe -I"C:/Users/nicks/STM32CubeIDE/workspace_1.19.0/AFR/AFR/CM7/Core/Include" -I"C:/Users/nicks/STM32CubeIDE/workspace_1.19.0/AFR/AFR/CM7/Core/Include/dsp" -I"C:/Users/nicks/STM32CubeIDE/workspace_1.19.0/AFR/AFR/CM7/Core/Src/control_update_MPC" -I"C:/Users/nicks/STM32CubeIDE/workspace_1.19.0/AFR/AFR/CM7/Core/Src/control_update_MPC/qpoases" -I"C:/Users/nicks/STM32CubeIDE/workspace_1.19.0/AFR/AFR/CM7/Core/Src/control_update_MPC/qpoases/INCLUDE" -I"C:/Users/nicks/STM32CubeIDE/workspace_1.19.0/AFR/AFR/CM7/Core/Src/control_update_MPC/qpoases/SRC" -O0 -ffunction-sections -fdata-sections -fno-exceptions -fno-rtti -fno-use-cxa-atexit -Wall -fstack-usage -fcyclomatic-complexity -MMD -MP -MF"Core/Src/control_update_MPC/qpoases/SRC/QProblem.d" -MT"Core/Src/control_update_MPC/qpoases/SRC/QProblem.o" --specs=nano.specs -mfpu=fpv5-d16 -mfloat-abi=hard -mthumb -o "Core/Src/control_update_MPC/qpoases/SRC/QProblem.o"
arm-none-eabi-g++ "../Core/Src/control_update_MPC/qpoases/SRC/QProblemB.cpp" -mcpu=cortex-m7 -std=gnu++14 -g3 -DDEBUG -DCORE_CM7 -DUSE_HAL_DRIVER -DSTM32H755xx -DUSE_PWR_DIRECT_SMPS_SUPPLY -DUSE_NUCLEO_64 -DSTM32_THREAD_SAFE_STRATEGY=4 -c -I../Core/Inc -I../../Drivers/STM32H7xx_HAL_Driver/Inc -I../../Drivers/STM32H7xx_HAL_Driver/Inc/Legacy -I../../Middlewares/Third_Party/FreeRTOS/Source/include -I../../Middlewares/Third_Party/FreeRTOS/Source/CMSIS_RTOS_V2 -I../../Middlewares/Third_Party/FreeRTOS/Source/portable/GCC/ARM_CM4F -I../../Drivers/BSP/STM32H7xx_Nucleo -I../../Drivers/CMSIS/Device/ST/STM32H7xx/Include -I../../Drivers/CMSIS/Include -I../Core/ThreadSafe -I"C:/Users/nicks/STM32CubeIDE/workspace_1.19.0/AFR/AFR/CM7/Core/Include" -I"C:/Users/nicks/STM32CubeIDE/workspace_1.19.0/AFR/AFR/CM7/Core/Include/dsp" -I"C:/Users/nicks/STM32CubeIDE/workspace_1.19.0/AFR/AFR/CM7/Core/Src/control_update_MPC" -I"C:/Users/nicks/STM32CubeIDE/workspace_1.19.0/AFR/AFR/CM7/Core/Src/control_update_MPC/qpoases" -I"C:/Users/nicks/STM32CubeIDE/workspace_1.19.0/AFR/AFR/CM7/Core/Src/control_update_MPC/qpoases/INCLUDE" -I"C:/Users/nicks/STM32CubeIDE/workspace_1.19.0/AFR/AFR/CM7/Core/Src/control_update_MPC/qpoases/SRC" -O0 -ffunction-sections -fdata-sections -fno-exceptions -fno-rtti -fno-use-cxa-atexit -Wall -fstack-usage -fcyclomatic-complexity -MMD -MP -MF"Core/Src/control_update_MPC/qpoases/SRC/QProblemB.d" -MT"Core/Src/control_update_MPC/qpoases/SRC/QProblemB.o" --specs=nano.specs -mfpu=fpv5-d16 -mfloat-abi=hard -mthumb -o "Core/Src/control_update_MPC/qpoases/SRC/QProblemB.o"
arm-none-eabi-g++ "../Core/Src/control_update_MPC/qpoases/SRC/SubjectTo.cpp" -mcpu=cortex-m7 -std=gnu++14 -g3 -DDEBUG -DCORE_CM7 -DUSE_HAL_DRIVER -DSTM32H755xx -DUSE_PWR_DIRECT_SMPS_SUPPLY -DUSE_NUCLEO_64 -DSTM32_THREAD_SAFE_STRATEGY=4 -c -I../Core/Inc -I../../Drivers/STM32H7xx_HAL_Driver/Inc -I../../Drivers/STM32H7xx_HAL_Driver/Inc/Legacy -I../../Middlewares/Third_Party/FreeRTOS/Source/include -I../../Middlewares/Third_Party/FreeRTOS/Source/CMSIS_RTOS_V2 -I../../Middlewares/Third_Party/FreeRTOS/Source/portable/GCC/ARM_CM4F -I../../Drivers/BSP/STM32H7xx_Nucleo -I../../Drivers/CMSIS/Device/ST/STM32H7xx/Include -I../../Drivers/CMSIS/Include -I../Core/ThreadSafe -I"C:/Users/nicks/STM32CubeIDE/workspace_1.19.0/AFR/AFR/CM7/Core/Include" -I"C:/Users/nicks/STM32CubeIDE/workspace_1.19.0/AFR/AFR/CM7/Core/Include/dsp" -I"C:/Users/nicks/STM32CubeIDE/workspace_1.19.0/AFR/AFR/CM7/Core/Src/control_update_MPC" -I"C:/Users/nicks/STM32CubeIDE/workspace_1.19.0/AFR/AFR/CM7/Core/Src/control_update_MPC/qpoases" -I"C:/Users/nicks/STM32CubeIDE/workspace_1.19.0/AFR/AFR/CM7/Core/Src/control_update_MPC/qpoases/INCLUDE" -I"C:/Users/nicks/STM32CubeIDE/workspace_1.19.0/AFR/AFR/CM7/Core/Src/control_update_MPC/qpoases/SRC" -O0 -ffunction-sections -fdata-sections -fno-exceptions -fno-rtti -fno-use-cxa-atexit -Wall -fstack-usage -fcyclomatic-complexity -MMD -MP -MF"Core/Src/control_update_MPC/qpoases/SRC/SubjectTo.d" -MT"Core/Src/control_update_MPC/qpoases/SRC/SubjectTo.o" --specs=nano.specs -mfpu=fpv5-d16 -mfloat-abi=hard -mthumb -o "Core/Src/control_update_MPC/qpoases/SRC/SubjectTo.o"
arm-none-eabi-g++ "../Core/Src/control_update_MPC/qpoases/SRC/Utils.cpp" -mcpu=cortex-m7 -std=gnu++14 -g3 -DDEBUG -DCORE_CM7 -DUSE_HAL_DRIVER -DSTM32H755xx -DUSE_PWR_DIRECT_SMPS_SUPPLY -DUSE_NUCLEO_64 -DSTM32_THREAD_SAFE_STRATEGY=4 -c -I../Core/Inc -I../../Drivers/STM32H7xx_HAL_Driver/Inc -I../../Drivers/STM32H7xx_HAL_Driver/Inc/Legacy -I../../Middlewares/Third_Party/FreeRTOS/Source/include -I../../Middlewares/Third_Party/FreeRTOS/Source/CMSIS_RTOS_V2 -I../../Middlewares/Third_Party/FreeRTOS/Source/portable/GCC/ARM_CM4F -I../../Drivers/BSP/STM32H7xx_Nucleo -I../../Drivers/CMSIS/Device/ST/STM32H7xx/Include -I../../Drivers/CMSIS/Include -I../Core/ThreadSafe -I"C:/Users/nicks/STM32CubeIDE/workspace_1.19.0/AFR/AFR/CM7/Core/Include" -I"C:/Users/nicks/STM32CubeIDE/workspace_1.19.0/AFR/AFR/CM7/Core/Include/dsp" -I"C:/Users/nicks/STM32CubeIDE/workspace_1.19.0/AFR/AFR/CM7/Core/Src/control_update_MPC" -I"C:/Users/nicks/STM32CubeIDE/workspace_1.19.0/AFR/AFR/CM7/Core/Src/control_update_MPC/qpoases" -I"C:/Users/nicks/STM32CubeIDE/workspace_1.19.0/AFR/AFR/CM7/Core/Src/control_update_MPC/qpoases/INCLUDE" -I"C:/Users/nicks/STM32CubeIDE/workspace_1.19.0/AFR/AFR/CM7/Core/Src/control_update_MPC/qpoases/SRC" -O0 -ffunction-sections -fdata-sections -fno-exceptions -fno-rtti -fno-use-cxa-atexit -Wall -fstack-usage -fcyclomatic-complexity -MMD -MP -MF"Core/Src/control_update_MPC/qpoases/SRC/Utils.d" -MT"Core/Src/control_update_MPC/qpoases/SRC/Utils.o" --specs=nano.specs -mfpu=fpv5-d16 -mfloat-abi=hard -mthumb -o "Core/Src/control_update_MPC/qpoases/SRC/Utils.o"
arm-none-eabi-gcc "../Core/Src/control_update_MPC/acado_auxiliary_functions.c" -mcpu=cortex-m7 -std=gnu11 -g3 -DDEBUG -DCORE_CM7 -DUSE_HAL_DRIVER -DSTM32H755xx -DUSE_PWR_DIRECT_SMPS_SUPPLY -DUSE_NUCLEO_64 -DSTM32_THREAD_SAFE_STRATEGY=4 -c -I../Core/Inc -I../../Drivers/STM32H7xx_HAL_Driver/Inc -I../../Drivers/STM32H7xx_HAL_Driver/Inc/Legacy -I../../Middlewares/Third_Party/FreeRTOS/Source/include -I../../Middlewares/Third_Party/FreeRTOS/Source/CMSIS_RTOS_V2 -I../../Middlewares/Third_Party/FreeRTOS/Source/portable/GCC/ARM_CM4F -I../../Drivers/BSP/STM32H7xx_Nucleo -I../../Drivers/CMSIS/Device/ST/STM32H7xx/Include -I../../Drivers/CMSIS/Include -I../Core/ThreadSafe -I"C:/Users/nicks/STM32CubeIDE/workspace_1.19.0/AFR/AFR/CM7/Core/Include" -I"C:/Users/nicks/STM32CubeIDE/workspace_1.19.0/AFR/AFR/CM7/Core/Include/dsp" -I"C:/Users/nicks/STM32CubeIDE/workspace_1.19.0/AFR/AFR/CM7/Core/Src/control_update_MPC" -I"C:/Users/nicks/STM32CubeIDE/workspace_1.19.0/AFR/AFR/CM7/Core/Src/control_update_MPC/qpoases" -I"C:/Users/nicks/STM32CubeIDE/workspace_1.19.0/AFR/AFR/CM7/Core/Src/control_update_MPC/qpoases/INCLUDE" -I"C:/Users/nicks/STM32CubeIDE/workspace_1.19.0/AFR/AFR/CM7/Core/Src/control_update_MPC/qpoases/SRC" -O0 -ffunction-sections -fdata-sections -Wall -fstack-usage -fcyclomatic-complexity -MMD -MP -MF"Core/Src/control_update_MPC/acado_auxiliary_functions.d" -MT"Core/Src/control_update_MPC/acado_auxiliary_functions.o" --specs=nano.specs -mfpu=fpv5-d16 -mfloat-abi=hard -mthumb -o "Core/Src/control_update_MPC/acado_auxiliary_functions.o"
arm-none-eabi-gcc "../Core/Src/control_update_MPC/acado_integrator.c" -mcpu=cortex-m7 -std=gnu11 -g3 -DDEBUG -DCORE_CM7 -DUSE_HAL_DRIVER -DSTM32H755xx -DUSE_PWR_DIRECT_SMPS_SUPPLY -DUSE_NUCLEO_64 -DSTM32_THREAD_SAFE_STRATEGY=4 -c -I../Core/Inc -I../../Drivers/STM32H7xx_HAL_Driver/Inc -I../../Drivers/STM32H7xx_HAL_Driver/Inc/Legacy -I../../Middlewares/Third_Party/FreeRTOS/Source/include -I../../Middlewares/Third_Party/FreeRTOS/Source/CMSIS_RTOS_V2 -I../../Middlewares/Third_Party/FreeRTOS/Source/portable/GCC/ARM_CM4F -I../../Drivers/BSP/STM32H7xx_Nucleo -I../../Drivers/CMSIS/Device/ST/STM32H7xx/Include -I../../Drivers/CMSIS/Include -I../Core/ThreadSafe -I"C:/Users/nicks/STM32CubeIDE/workspace_1.19.0/AFR/AFR/CM7/Core/Include" -I"C:/Users/nicks/STM32CubeIDE/workspace_1.19.0/AFR/AFR/CM7/Core/Include/dsp" -I"C:/Users/nicks/STM32CubeIDE/workspace_1.19.0/AFR/AFR/CM7/Core/Src/control_update_MPC" -I"C:/Users/nicks/STM32CubeIDE/workspace_1.19.0/AFR/AFR/CM7/Core/Src/control_update_MPC/qpoases" -I"C:/Users/nicks/STM32CubeIDE/workspace_1.19.0/AFR/AFR/CM7/Core/Src/control_update_MPC/qpoases/INCLUDE" -I"C:/Users/nicks/STM32CubeIDE/workspace_1.19.0/AFR/AFR/CM7/Core/Src/control_update_MPC/qpoases/SRC" -O0 -ffunction-sections -fdata-sections -Wall -fstack-usage -fcyclomatic-complexity -MMD -MP -MF"Core/Src/control_update_MPC/acado_integrator.d" -MT"Core/Src/control_update_MPC/acado_integrator.o" --specs=nano.specs -mfpu=fpv5-d16 -mfloat-abi=hard -mthumb -o "Core/Src/control_update_MPC/acado_integrator.o"
arm-none-eabi-g++ "../Core/Src/control_update_MPC/acado_qpoases_interface.cpp" -mcpu=cortex-m7 -std=gnu++14 -g3 -DDEBUG -DCORE_CM7 -DUSE_HAL_DRIVER -DSTM32H755xx -DUSE_PWR_DIRECT_SMPS_SUPPLY -DUSE_NUCLEO_64 -DSTM32_THREAD_SAFE_STRATEGY=4 -c -I../Core/Inc -I../../Drivers/STM32H7xx_HAL_Driver/Inc -I../../Drivers/STM32H7xx_HAL_Driver/Inc/Legacy -I../../Middlewares/Third_Party/FreeRTOS/Source/include -I../../Middlewares/Third_Party/FreeRTOS/Source/CMSIS_RTOS_V2 -I../../Middlewares/Third_Party/FreeRTOS/Source/portable/GCC/ARM_CM4F -I../../Drivers/BSP/STM32H7xx_Nucleo -I../../Drivers/CMSIS/Device/ST/STM32H7xx/Include -I../../Drivers/CMSIS/Include -I../Core/ThreadSafe -I"C:/Users/nicks/STM32CubeIDE/workspace_1.19.0/AFR/AFR/CM7/Core/Include" -I"C:/Users/nicks/STM32CubeIDE/workspace_1.19.0/AFR/AFR/CM7/Core/Include/dsp" -I"C:/Users/nicks/STM32CubeIDE/workspace_1.19.0/AFR/AFR/CM7/Core/Src/control_update_MPC" -I"C:/Users/nicks/STM32CubeIDE/workspace_1.19.0/AFR/AFR/CM7/Core/Src/control_update_MPC/qpoases" -I"C:/Users/nicks/STM32CubeIDE/workspace_1.19.0/AFR/AFR/CM7/Core/Src/control_update_MPC/qpoases/INCLUDE" -I"C:/Users/nicks/STM32CubeIDE/workspace_1.19.0/AFR/AFR/CM7/Core/Src/control_update_MPC/qpoases/SRC" -O0 -ffunction-sections -fdata-sections -fno-exceptions -fno-rtti -fno-use-cxa-atexit -Wall -fstack-usage -fcyclomatic-complexity -MMD -MP -MF"Core/Src/control_update_MPC/acado_qpoases_interface.d" -MT"Core/Src/control_update_MPC/acado_qpoases_interface.o" --specs=nano.specs -mfpu=fpv5-d16 -mfloat-abi=hard -mthumb -o "Core/Src/control_update_MPC/acado_qpoases_interface.o"
arm-none-eabi-gcc "../Core/Src/control_update_MPC/acado_solver.c" -mcpu=cortex-m7 -std=gnu11 -g3 -DDEBUG -DCORE_CM7 -DUSE_HAL_DRIVER -DSTM32H755xx -DUSE_PWR_DIRECT_SMPS_SUPPLY -DUSE_NUCLEO_64 -DSTM32_THREAD_SAFE_STRATEGY=4 -c -I../Core/Inc -I../../Drivers/STM32H7xx_HAL_Driver/Inc -I../../Drivers/STM32H7xx_HAL_Driver/Inc/Legacy -I../../Middlewares/Third_Party/FreeRTOS/Source/include -I../../Middlewares/Third_Party/FreeRTOS/Source/CMSIS_RTOS_V2 -I../../Middlewares/Third_Party/FreeRTOS/Source/portable/GCC/ARM_CM4F -I../../Drivers/BSP/STM32H7xx_Nucleo -I../../Drivers/CMSIS/Device/ST/STM32H7xx/Include -I../../Drivers/CMSIS/Include -I../Core/ThreadSafe -I"C:/Users/nicks/STM32CubeIDE/workspace_1.19.0/AFR/AFR/CM7/Core/Include" -I"C:/Users/nicks/STM32CubeIDE/workspace_1.19.0/AFR/AFR/CM7/Core/Include/dsp" -I"C:/Users/nicks/STM32CubeIDE/workspace_1.19.0/AFR/AFR/CM7/Core/Src/control_update_MPC" -I"C:/Users/nicks/STM32CubeIDE/workspace_1.19.0/AFR/AFR/CM7/Core/Src/control_update_MPC/qpoases" -I"C:/Users/nicks/STM32CubeIDE/workspace_1.19.0/AFR/AFR/CM7/Core/Src/control_update_MPC/qpoases/INCLUDE" -I"C:/Users/nicks/STM32CubeIDE/workspace_1.19.0/AFR/AFR/CM7/Core/Src/control_update_MPC/qpoases/SRC" -O0 -ffunction-sections -fdata-sections -Wall -fstack-usage -fcyclomatic-complexity -MMD -MP -MF"Core/Src/control_update_MPC/acado_solver.d" -MT"Core/Src/control_update_MPC/acado_solver.o" --specs=nano.specs -mfpu=fpv5-d16 -mfloat-abi=hard -mthumb -o "Core/Src/control_update_MPC/acado_solver.o"
arm-none-eabi-gcc "../Core/Src/IMU.c" -mcpu=cortex-m7 -std=gnu11 -g3 -DDEBUG -DCORE_CM7 -DUSE_HAL_DRIVER -DSTM32H755xx -DUSE_PWR_DIRECT_SMPS_SUPPLY -DUSE_NUCLEO_64 -DSTM32_THREAD_SAFE_STRATEGY=4 -c -I../Core/Inc -I../../Drivers/STM32H7xx_HAL_Driver/Inc -I../../Drivers/STM32H7xx_HAL_Driver/Inc/Legacy -I../../Middlewares/Third_Party/FreeRTOS/Source/include -I../../Middlewares/Third_Party/FreeRTOS/Source/CMSIS_RTOS_V2 -I../../Middlewares/Third_Party/FreeRTOS/Source/portable/GCC/ARM_CM4F -I../../Drivers/BSP/STM32H7xx_Nucleo -I../../Drivers/CMSIS/Device/ST/STM32H7xx/Include -I../../Drivers/CMSIS/Include -I../Core/ThreadSafe -I"C:/Users/nicks/STM32CubeIDE/workspace_1.19.0/AFR/AFR/CM7/Core/Include" -I"C:/Users/nicks/STM32CubeIDE/workspace_1.19.0/AFR/AFR/CM7/Core/Include/dsp" -I"C:/Users/nicks/STM32CubeIDE/workspace_1.19.0/AFR/AFR/CM7/Core/Src/control_update_MPC" -I"C:/Users/nicks/STM32CubeIDE/workspace_1.19.0/AFR/AFR/CM7/Core/Src/control_update_MPC/qpoases" -I"C:/Users/nicks/STM32CubeIDE/workspace_1.19.0/AFR/AFR/CM7/Core/Src/control_update_MPC/qpoases/INCLUDE" -I"C:/Users/nicks/STM32CubeIDE/workspace_1.19.0/AFR/AFR/CM7/Core/Src/control_update_MPC/qpoases/SRC" -O0 -ffunction-sections -fdata-sections -Wall -fstack-usage -fcyclomatic-complexity -MMD -MP -MF"Core/Src/IMU.d" -MT"Core/Src/IMU.o" --specs=nano.specs -mfpu=fpv5-d16 -mfloat-abi=hard -mthumb -o "Core/Src/IMU.o"
arm-none-eabi-gcc "../Core/Src/freertos.c" -mcpu=cortex-m7 -std=gnu11 -g3 -DDEBUG -DCORE_CM7 -DUSE_HAL_DRIVER -DSTM32H755xx -DUSE_PWR_DIRECT_SMPS_SUPPLY -DUSE_NUCLEO_64 -DSTM32_THREAD_SAFE_STRATEGY=4 -c -I../Core/Inc -I../../Drivers/STM32H7xx_HAL_Driver/Inc -I../../Drivers/STM32H7xx_HAL_Driver/Inc/Legacy -I../../Middlewares/Third_Party/FreeRTOS/Source/include -I../../Middlewares/Third_Party/FreeRTOS/Source/CMSIS_RTOS_V2 -I../../Middlewares/Third_Party/FreeRTOS/Source/portable/GCC/ARM_CM4F -I../../Drivers/BSP/STM32H7xx_Nucleo -I../../Drivers/CMSIS/Device/ST/STM32H7xx/Include -I../../Drivers/CMSIS/Include -I../Core/ThreadSafe -I"C:/Users/nicks/STM32CubeIDE/workspace_1.19.0/AFR/AFR/CM7/Core/Include" -I"C:/Users/nicks/STM32CubeIDE/workspace_1.19.0/AFR/AFR/CM7/Core/Include/dsp" -I"C:/Users/nicks/STM32CubeIDE/workspace_1.19.0/AFR/AFR/CM7/Core/Src/control_update_MPC" -I"C:/Users/nicks/STM32CubeIDE/workspace_1.19.0/AFR/AFR/CM7/Core/Src/control_update_MPC/qpoases" -I"C:/Users/nicks/STM32CubeIDE/workspace_1.19.0/AFR/AFR/CM7/Core/Src/control_update_MPC/qpoases/INCLUDE" -I"C:/Users/nicks/STM32CubeIDE/workspace_1.19.0/AFR/AFR/CM7/Core/Src/control_update_MPC/qpoases/SRC" -O0 -ffunction-sections -fdata-sections -Wall -fstack-usage -fcyclomatic-complexity -MMD -MP -MF"Core/Src/freertos.d" -MT"Core/Src/freertos.o" --specs=nano.specs -mfpu=fpv5-d16 -mfloat-abi=hard -mthumb -o "Core/Src/freertos.o"
../Core/Src/control_update_MPC/acado_solver.c: In function 'acado_evaluatePathConstraints':
../Core/Src/control_update_MPC/acado_solver.c:643:15: warning: unused variable 'xd' [-Wunused-variable]
  643 | const real_t* xd = in;
      |               ^~
arm-none-eabi-gcc "../Core/Src/main.c" -mcpu=cortex-m7 -std=gnu11 -g3 -DDEBUG -DCORE_CM7 -DUSE_HAL_DRIVER -DSTM32H755xx -DUSE_PWR_DIRECT_SMPS_SUPPLY -DUSE_NUCLEO_64 -DSTM32_THREAD_SAFE_STRATEGY=4 -c -I../Core/Inc -I../../Drivers/STM32H7xx_HAL_Driver/Inc -I../../Drivers/STM32H7xx_HAL_Driver/Inc/Legacy -I../../Middlewares/Third_Party/FreeRTOS/Source/include -I../../Middlewares/Third_Party/FreeRTOS/Source/CMSIS_RTOS_V2 -I../../Middlewares/Third_Party/FreeRTOS/Source/portable/GCC/ARM_CM4F -I../../Drivers/BSP/STM32H7xx_Nucleo -I../../Drivers/CMSIS/Device/ST/STM32H7xx/Include -I../../Drivers/CMSIS/Include -I../Core/ThreadSafe -I"C:/Users/nicks/STM32CubeIDE/workspace_1.19.0/AFR/AFR/CM7/Core/Include" -I"C:/Users/nicks/STM32CubeIDE/workspace_1.19.0/AFR/AFR/CM7/Core/Include/dsp" -I"C:/Users/nicks/STM32CubeIDE/workspace_1.19.0/AFR/AFR/CM7/Core/Src/control_update_MPC" -I"C:/Users/nicks/STM32CubeIDE/workspace_1.19.0/AFR/AFR/CM7/Core/Src/control_update_MPC/qpoases" -I"C:/Users/nicks/STM32CubeIDE/workspace_1.19.0/AFR/AFR/CM7/Core/Src/control_update_MPC/qpoases/INCLUDE" -I"C:/Users/nicks/STM32CubeIDE/workspace_1.19.0/AFR/AFR/CM7/Core/Src/control_update_MPC/qpoases/SRC" -O0 -ffunction-sections -fdata-sections -Wall -fstack-usage -fcyclomatic-complexity -MMD -MP -MF"Core/Src/main.d" -MT"Core/Src/main.o" --specs=nano.specs -mfpu=fpv5-d16 -mfloat-abi=hard -mthumb -o "Core/Src/main.o"
arm-none-eabi-gcc "../Core/Src/rplidar_parser.c" -mcpu=cortex-m7 -std=gnu11 -g3 -DDEBUG -DCORE_CM7 -DUSE_HAL_DRIVER -DSTM32H755xx -DUSE_PWR_DIRECT_SMPS_SUPPLY -DUSE_NUCLEO_64 -DSTM32_THREAD_SAFE_STRATEGY=4 -c -I../Core/Inc -I../../Drivers/STM32H7xx_HAL_Driver/Inc -I../../Drivers/STM32H7xx_HAL_Driver/Inc/Legacy -I../../Middlewares/Third_Party/FreeRTOS/Source/include -I../../Middlewares/Third_Party/FreeRTOS/Source/CMSIS_RTOS_V2 -I../../Middlewares/Third_Party/FreeRTOS/Source/portable/GCC/ARM_CM4F -I../../Drivers/BSP/STM32H7xx_Nucleo -I../../Drivers/CMSIS/Device/ST/STM32H7xx/Include -I../../Drivers/CMSIS/Include -I../Core/ThreadSafe -I"C:/Users/nicks/STM32CubeIDE/workspace_1.19.0/AFR/AFR/CM7/Core/Include" -I"C:/Users/nicks/STM32CubeIDE/workspace_1.19.0/AFR/AFR/CM7/Core/Include/dsp" -I"C:/Users/nicks/STM32CubeIDE/workspace_1.19.0/AFR/AFR/CM7/Core/Src/control_update_MPC" -I"C:/Users/nicks/STM32CubeIDE/workspace_1.19.0/AFR/AFR/CM7/Core/Src/control_update_MPC/qpoases" -I"C:/Users/nicks/STM32CubeIDE/workspace_1.19.0/AFR/AFR/CM7/Core/Src/control_update_MPC/qpoases/INCLUDE" -I"C:/Users/nicks/STM32CubeIDE/workspace_1.19.0/AFR/AFR/CM7/Core/Src/control_update_MPC/qpoases/SRC" -O0 -ffunction-sections -fdata-sections -Wall -fstack-usage -fcyclomatic-complexity -MMD -MP -MF"Core/Src/rplidar_parser.d" -MT"Core/Src/rplidar_parser.o" --specs=nano.specs -mfpu=fpv5-d16 -mfloat-abi=hard -mthumb -o "Core/Src/rplidar_parser.o"
arm-none-eabi-gcc "../Core/Src/stm32h7xx_hal_msp.c" -mcpu=cortex-m7 -std=gnu11 -g3 -DDEBUG -DCORE_CM7 -DUSE_HAL_DRIVER -DSTM32H755xx -DUSE_PWR_DIRECT_SMPS_SUPPLY -DUSE_NUCLEO_64 -DSTM32_THREAD_SAFE_STRATEGY=4 -c -I../Core/Inc -I../../Drivers/STM32H7xx_HAL_Driver/Inc -I../../Drivers/STM32H7xx_HAL_Driver/Inc/Legacy -I../../Middlewares/Third_Party/FreeRTOS/Source/include -I../../Middlewares/Third_Party/FreeRTOS/Source/CMSIS_RTOS_V2 -I../../Middlewares/Third_Party/FreeRTOS/Source/portable/GCC/ARM_CM4F -I../../Drivers/BSP/STM32H7xx_Nucleo -I../../Drivers/CMSIS/Device/ST/STM32H7xx/Include -I../../Drivers/CMSIS/Include -I../Core/ThreadSafe -I"C:/Users/nicks/STM32CubeIDE/workspace_1.19.0/AFR/AFR/CM7/Core/Include" -I"C:/Users/nicks/STM32CubeIDE/workspace_1.19.0/AFR/AFR/CM7/Core/Include/dsp" -I"C:/Users/nicks/STM32CubeIDE/workspace_1.19.0/AFR/AFR/CM7/Core/Src/control_update_MPC" -I"C:/Users/nicks/STM32CubeIDE/workspace_1.19.0/AFR/AFR/CM7/Core/Src/control_update_MPC/qpoases" -I"C:/Users/nicks/STM32CubeIDE/workspace_1.19.0/AFR/AFR/CM7/Core/Src/control_update_MPC/qpoases/INCLUDE" -I"C:/Users/nicks/STM32CubeIDE/workspace_1.19.0/AFR/AFR/CM7/Core/Src/control_update_MPC/qpoases/SRC" -O0 -ffunction-sections -fdata-sections -Wall -fstack-usage -fcyclomatic-complexity -MMD -MP -MF"Core/Src/stm32h7xx_hal_msp.d" -MT"Core/Src/stm32h7xx_hal_msp.o" --specs=nano.specs -mfpu=fpv5-d16 -mfloat-abi=hard -mthumb -o "Core/Src/stm32h7xx_hal_msp.o"
arm-none-eabi-gcc "../Core/Src/stm32h7xx_it.c" -mcpu=cortex-m7 -std=gnu11 -g3 -DDEBUG -DCORE_CM7 -DUSE_HAL_DRIVER -DSTM32H755xx -DUSE_PWR_DIRECT_SMPS_SUPPLY -DUSE_NUCLEO_64 -DSTM32_THREAD_SAFE_STRATEGY=4 -c -I../Core/Inc -I../../Drivers/STM32H7xx_HAL_Driver/Inc -I../../Drivers/STM32H7xx_HAL_Driver/Inc/Legacy -I../../Middlewares/Third_Party/FreeRTOS/Source/include -I../../Middlewares/Third_Party/FreeRTOS/Source/CMSIS_RTOS_V2 -I../../Middlewares/Third_Party/FreeRTOS/Source/portable/GCC/ARM_CM4F -I../../Drivers/BSP/STM32H7xx_Nucleo -I../../Drivers/CMSIS/Device/ST/STM32H7xx/Include -I../../Drivers/CMSIS/Include -I../Core/ThreadSafe -I"C:/Users/nicks/STM32CubeIDE/workspace_1.19.0/AFR/AFR/CM7/Core/Include" -I"C:/Users/nicks/STM32CubeIDE/workspace_1.19.0/AFR/AFR/CM7/Core/Include/dsp" -I"C:/Users/nicks/STM32CubeIDE/workspace_1.19.0/AFR/AFR/CM7/Core/Src/control_update_MPC" -I"C:/Users/nicks/STM32CubeIDE/workspace_1.19.0/AFR/AFR/CM7/Core/Src/control_update_MPC/qpoases" -I"C:/Users/nicks/STM32CubeIDE/workspace_1.19.0/AFR/AFR/CM7/Core/Src/control_update_MPC/qpoases/INCLUDE" -I"C:/Users/nicks/STM32CubeIDE/workspace_1.19.0/AFR/AFR/CM7/Core/Src/control_update_MPC/qpoases/SRC" -O0 -ffunction-sections -fdata-sections -Wall -fstack-usage -fcyclomatic-complexity -MMD -MP -MF"Core/Src/stm32h7xx_it.d" -MT"Core/Src/stm32h7xx_it.o" --specs=nano.specs -mfpu=fpv5-d16 -mfloat-abi=hard -mthumb -o "Core/Src/stm32h7xx_it.o"
arm-none-eabi-gcc "../Core/Src/trajectory.c" -mcpu=cortex-m7 -std=gnu11 -g3 -DDEBUG -DCORE_CM7 -DUSE_HAL_DRIVER -DSTM32H755xx -DUSE_PWR_DIRECT_SMPS_SUPPLY -DUSE_NUCLEO_64 -DSTM32_THREAD_SAFE_STRATEGY=4 -c -I../Core/Inc -I../../Drivers/STM32H7xx_HAL_Driver/Inc -I../../Drivers/STM32H7xx_HAL_Driver/Inc/Legacy -I../../Middlewares/Third_Party/FreeRTOS/Source/include -I../../Middlewares/Third_Party/FreeRTOS/Source/CMSIS_RTOS_V2 -I../../Middlewares/Third_Party/FreeRTOS/Source/portable/GCC/ARM_CM4F -I../../Drivers/BSP/STM32H7xx_Nucleo -I../../Drivers/CMSIS/Device/ST/STM32H7xx/Include -I../../Drivers/CMSIS/Include -I../Core/ThreadSafe -I"C:/Users/nicks/STM32CubeIDE/workspace_1.19.0/AFR/AFR/CM7/Core/Include" -I"C:/Users/nicks/STM32CubeIDE/workspace_1.19.0/AFR/AFR/CM7/Core/Include/dsp" -I"C:/Users/nicks/STM32CubeIDE/workspace_1.19.0/AFR/AFR/CM7/Core/Src/control_update_MPC" -I"C:/Users/nicks/STM32CubeIDE/workspace_1.19.0/AFR/AFR/CM7/Core/Src/control_update_MPC/qpoases" -I"C:/Users/nicks/STM32CubeIDE/workspace_1.19.0/AFR/AFR/CM7/Core/Src/control_update_MPC/qpoases/INCLUDE" -I"C:/Users/nicks/STM32CubeIDE/workspace_1.19.0/AFR/AFR/CM7/Core/Src/control_update_MPC/qpoases/SRC" -O0 -ffunction-sections -fdata-sections -Wall -fstack-usage -fcyclomatic-complexity -MMD -MP -MF"Core/Src/trajectory.d" -MT"Core/Src/trajectory.o" --specs=nano.specs -mfpu=fpv5-d16 -mfloat-abi=hard -mthumb -o "Core/Src/trajectory.o"
arm-none-eabi-gcc "../Core/Src/uart5_comm.c" -mcpu=cortex-m7 -std=gnu11 -g3 -DDEBUG -DCORE_CM7 -DUSE_HAL_DRIVER -DSTM32H755xx -DUSE_PWR_DIRECT_SMPS_SUPPLY -DUSE_NUCLEO_64 -DSTM32_THREAD_SAFE_STRATEGY=4 -c -I../Core/Inc -I../../Drivers/STM32H7xx_HAL_Driver/Inc -I../../Drivers/STM32H7xx_HAL_Driver/Inc/Legacy -I../../Middlewares/Third_Party/FreeRTOS/Source/include -I../../Middlewares/Third_Party/FreeRTOS/Source/CMSIS_RTOS_V2 -I../../Middlewares/Third_Party/FreeRTOS/Source/portable/GCC/ARM_CM4F -I../../Drivers/BSP/STM32H7xx_Nucleo -I../../Drivers/CMSIS/Device/ST/STM32H7xx/Include -I../../Drivers/CMSIS/Include -I../Core/ThreadSafe -I"C:/Users/nicks/STM32CubeIDE/workspace_1.19.0/AFR/AFR/CM7/Core/Include" -I"C:/Users/nicks/STM32CubeIDE/workspace_1.19.0/AFR/AFR/CM7/Core/Include/dsp" -I"C:/Users/nicks/STM32CubeIDE/workspace_1.19.0/AFR/AFR/CM7/Core/Src/control_update_MPC" -I"C:/Users/nicks/STM32CubeIDE/workspace_1.19.0/AFR/AFR/CM7/Core/Src/control_update_MPC/qpoases" -I"C:/Users/nicks/STM32CubeIDE/workspace_1.19.0/AFR/AFR/CM7/Core/Src/control_update_MPC/qpoases/INCLUDE" -I"C:/Users/nicks/STM32CubeIDE/workspace_1.19.0/AFR/AFR/CM7/Core/Src/control_update_MPC/qpoases/SRC" -O0 -ffunction-sections -fdata-sections -Wall -fstack-usage -fcyclomatic-complexity -MMD -MP -MF"Core/Src/uart5_comm.d" -MT"Core/Src/uart5_comm.o" --specs=nano.specs -mfpu=fpv5-d16 -mfloat-abi=hard -mthumb -o "Core/Src/uart5_comm.o"
arm-none-eabi-gcc "../Core/Src/ukf.c" -mcpu=cortex-m7 -std=gnu11 -g3 -DDEBUG -DCORE_CM7 -DUSE_HAL_DRIVER -DSTM32H755xx -DUSE_PWR_DIRECT_SMPS_SUPPLY -DUSE_NUCLEO_64 -DSTM32_THREAD_SAFE_STRATEGY=4 -c -I../Core/Inc -I../../Drivers/STM32H7xx_HAL_Driver/Inc -I../../Drivers/STM32H7xx_HAL_Driver/Inc/Legacy -I../../Middlewares/Third_Party/FreeRTOS/Source/include -I../../Middlewares/Third_Party/FreeRTOS/Source/CMSIS_RTOS_V2 -I../../Middlewares/Third_Party/FreeRTOS/Source/portable/GCC/ARM_CM4F -I../../Drivers/BSP/STM32H7xx_Nucleo -I../../Drivers/CMSIS/Device/ST/STM32H7xx/Include -I../../Drivers/CMSIS/Include -I../Core/ThreadSafe -I"C:/Users/nicks/STM32CubeIDE/workspace_1.19.0/AFR/AFR/CM7/Core/Include" -I"C:/Users/nicks/STM32CubeIDE/workspace_1.19.0/AFR/AFR/CM7/Core/Include/dsp" -I"C:/Users/nicks/STM32CubeIDE/workspace_1.19.0/AFR/AFR/CM7/Core/Src/control_update_MPC" -I"C:/Users/nicks/STM32CubeIDE/workspace_1.19.0/AFR/AFR/CM7/Core/Src/control_update_MPC/qpoases" -I"C:/Users/nicks/STM32CubeIDE/workspace_1.19.0/AFR/AFR/CM7/Core/Src/control_update_MPC/qpoases/INCLUDE" -I"C:/Users/nicks/STM32CubeIDE/workspace_1.19.0/AFR/AFR/CM7/Core/Src/control_update_MPC/qpoases/SRC" -O0 -ffunction-sections -fdata-sections -Wall -fstack-usage -fcyclomatic-complexity -MMD -MP -MF"Core/Src/ukf.d" -MT"Core/Src/ukf.o" --specs=nano.specs -mfpu=fpv5-d16 -mfloat-abi=hard -mthumb -o "Core/Src/ukf.o"
In file included from ../Core/Src/IMU.c:10:
../Core/Inc/main.h:80:15: warning: 'rtotag' defined but not used [-Wunused-variable]
   80 | static double rtotag = 0.7;             // min. radius to tag
      |               ^~~~~~
../Core/Inc/main.h:79:15: warning: 'rtoothers' defined but not used [-Wunused-variable]
   79 | static double rtoothers = 0.5;  // min. radius to other waypoints
      |               ^~~~~~~~~
In file included from ../Core/Src/freertos.c:23:
../Core/Inc/main.h:80:15: warning: 'rtotag' defined but not used [-Wunused-variable]
   80 | static double rtotag = 0.7;             // min. radius to tag
      |               ^~~~~~
../Core/Inc/main.h:79:15: warning: 'rtoothers' defined but not used [-Wunused-variable]
   79 | static double rtoothers = 0.5;  // min. radius to other waypoints
      |               ^~~~~~~~~
In file included from ../Core/Src/stm32h7xx_hal_msp.c:22:
../Core/Inc/main.h:80:15: warning: 'rtotag' defined but not used [-Wunused-variable]
   80 | static double rtotag = 0.7;             // min. radius to tag
      |               ^~~~~~
../Core/Inc/main.h:79:15: warning: 'rtoothers' defined but not used [-Wunused-variable]
   79 | static double rtoothers = 0.5;  // min. radius to other waypoints
      |               ^~~~~~~~~
../Core/Src/rplidar_parser.c:19:22: warning: 'header_bytes' defined but not used [-Wunused-const-variable=]
   19 | static const uint8_t header_bytes[7] = {
      |                      ^~~~~~~~~~~~
In file included from ../Core/Inc/uart5_comm.h:7,
                 from ../Core/Src/rplidar_parser.c:1:
../Core/Inc/main.h:80:15: warning: 'rtotag' defined but not used [-Wunused-variable]
   80 | static double rtotag = 0.7;             // min. radius to tag
      |               ^~~~~~
../Core/Inc/main.h:79:15: warning: 'rtoothers' defined but not used [-Wunused-variable]
   79 | static double rtoothers = 0.5;  // min. radius to other waypoints
      |               ^~~~~~~~~
../Core/Src/main.c:773:12: warning: 'axswitch' defined but not used [-Wunused-variable]
  773 | static int axswitch = 0;
      |            ^~~~~~~~
In file included from ../Core/Src/stm32h7xx_it.c:21:
../Core/Inc/main.h:80:15: warning: 'rtotag' defined but not used [-Wunused-variable]
   80 | static double rtotag = 0.7;             // min. radius to tag
      |               ^~~~~~
../Core/Inc/main.h:79:15: warning: 'rtoothers' defined but not used [-Wunused-variable]
   79 | static double rtoothers = 0.5;  // min. radius to other waypoints
      |               ^~~~~~~~~
../Core/Src/trajectory.c:55: warning: "SET_BIT" redefined
   55 | #define SET_BIT(arr,i)  ((arr)[(i)>>3] |=  (1U<<((i)&7)))
      | 
In file included from ../../Drivers/STM32H7xx_HAL_Driver/Inc/stm32h7xx_hal_def.h:29,
                 from ../../Drivers/STM32H7xx_HAL_Driver/Inc/stm32h7xx_hal_rcc.h:27,
                 from ../Core/Inc/stm32h7xx_hal_conf.h:246,
                 from ../../Drivers/STM32H7xx_HAL_Driver/Inc/stm32h7xx_hal.h:29,
                 from ../Core/Inc/main.h:30,
                 from ../Core/Inc/trajectory.h:7,
                 from ../Core/Src/trajectory.c:8:
../../Drivers/CMSIS/Device/ST/STM32H7xx/Include/stm32h7xx.h:207: note: this is the location of the previous definition
  207 | #define SET_BIT(REG, BIT)     ((REG) |= (BIT))
      | 
In file included from ../Core/Inc/uart5_comm.h:7,
                 from ../Core/Src/uart5_comm.c:1:
../Core/Inc/main.h:80:15: warning: 'rtotag' defined but not used [-Wunused-variable]
   80 | static double rtotag = 0.7;             // min. radius to tag
      |               ^~~~~~
../Core/Inc/main.h:79:15: warning: 'rtoothers' defined but not used [-Wunused-variable]
   79 | static double rtoothers = 0.5;  // min. radius to other waypoints
      |               ^~~~~~~~~
../Core/Inc/main.h:80:15: warning: 'rtotag' defined but not used [-Wunused-variable]
   80 | static double rtotag = 0.7;             // min. radius to tag
      |               ^~~~~~
[...]
 290120	 120812	 227726	 638658	  9bec2	AFR_CM7.elf
Finished building: default.size.stdout
 
Finished building: AFR_CM7.list
 
17:49:14 **** Incremental Build of configuration Debug for project AFR_CM7 ****
make -j16 all 
arm-none-eabi-gcc "../Core/Src/main.c" -mcpu=cortex-m7 -std=gnu11 -g3 -DDEBUG -DCORE_CM7 -DUSE_HAL_DRIVER -DSTM32H755xx -DUSE_PWR_DIRECT_SMPS_SUPPLY -DUSE_NUCLEO_64 -DSTM32_THREAD_SAFE_STRATEGY=4 -c -I../Core/Inc -I../../Drivers/STM32H7xx_HAL_Driver/Inc -I../../Drivers/STM32H7xx_HAL_Driver/Inc/Legacy -I../../Middlewares/Third_Party/FreeRTOS/Source/include -I../../Middlewares/Third_Party/FreeRTOS/Source/CMSIS_RTOS_V2 -I../../Middlewares/Third_Party/FreeRTOS/Source/portable/GCC/ARM_CM4F -I../../Drivers/BSP/STM32H7xx_Nucleo -I../../Drivers/CMSIS/Device/ST/STM32H7xx/Include -I../../Drivers/CMSIS/Include -I../Core/ThreadSafe -I"C:/Users/nicks/STM32CubeIDE/workspace_1.19.0/AFR/AFR/CM7/Core/Include" -I"C:/Users/nicks/STM32CubeIDE/workspace_1.19.0/AFR/AFR/CM7/Core/Include/dsp" -I"C:/Users/nicks/STM32CubeIDE/workspace_1.19.0/AFR/AFR/CM7/Core/Src/control_update_MPC" -I"C:/Users/nicks/STM32CubeIDE/workspace_1.19.0/AFR/AFR/CM7/Core/Src/control_update_MPC/qpoases" -I"C:/Users/nicks/STM32CubeIDE/workspace_1.19.0/AFR/AFR/CM7/Core/Src/control_update_MPC/qpoases/INCLUDE" -I"C:/Users/nicks/STM32CubeIDE/workspace_1.19.0/AFR/AFR/CM7/Core/Src/control_update_MPC/qpoases/SRC" -O0 -ffunction-sections -fdata-sections -Wall -fstack-usage -fcyclomatic-complexity -MMD -MP -MF"Core/Src/main.d" -MT"Core/Src/main.o" --specs=nano.specs -mfpu=fpv5-d16 -mfloat-abi=hard -mthumb -o "Core/Src/main.o"
../Core/Src/main.c:773:12: warning: 'axswitch' defined but not used [-Wunused-variable]
  773 | static int axswitch = 0;
      |            ^~~~~~~~
arm-none-eabi-g++ -o "AFR_CM7.elf" @"objects.list"   -mcpu=cortex-m7 -T"C:\Users\nicks\STM32CubeIDE\workspace_1.19.0\AFR\AFR\CM7\STM32H755ZITX_FLASH.ld" -Wl,-Map="AFR_CM7.map" -Wl,--gc-sections -static -Wl,-Map=AFR_CM7.map,--print-memory-usage --specs=nano.specs -mfpu=fpv5-d16 -mfloat-abi=hard -mthumb -u _printf_float -u _scanf_float -Wl,--start-group -lc -lm -lstdc++ -lsupc++ -Wl,--end-group
Memory region         Used Size  Region Size  %age Used
          RAM_D1:      306040 B       512 KB     58.37%
           FLASH:      410944 B         1 MB     39.19%
         DTCMRAM:        2502 B       128 KB      1.91%
          SHARED:           0 B        256 B      0.00%
         SHARED2:           0 B        256 B      0.00%
          RAM_D2:       40000 B     163328 B     24.49%
          RAM_D3:           0 B        64 KB      0.00%
         ITCMRAM:           0 B        64 KB      0.00%
Finished building target: AFR_CM7.elf
 
arm-none-eabi-size  AFR_CM7.elf 
arm-none-eabi-objdump -h -S AFR_CM7.elf  > "AFR_CM7.list"
   text	   data	    bss	    dec	    hex	filename
 290120	 120812	 227726	 638658	  9bec2	AFR_CM7.elf
Finished building: default.size.stdout
 
Finished building: AFR_CM7.list
 
17:52:00 **** Incremental Build of configuration Debug for project AFR_CM7 ****
make -j16 all 
arm-none-eabi-gcc "../Core/Src/main.c" -mcpu=cortex-m7 -std=gnu11 -g3 -DDEBUG -DCORE_CM7 -DUSE_HAL_DRIVER -DSTM32H755xx -DUSE_PWR_DIRECT_SMPS_SUPPLY -DUSE_NUCLEO_64 -DSTM32_THREAD_SAFE_STRATEGY=4 -c -I../Core/Inc -I../../Drivers/STM32H7xx_HAL_Driver/Inc -I../../Drivers/STM32H7xx_HAL_Driver/Inc/Legacy -I../../Middlewares/Third_Party/FreeRTOS/Source/include -I../../Middlewares/Third_Party/FreeRTOS/Source/CMSIS_RTOS_V2 -I../../Middlewares/Third_Party/FreeRTOS/Source/portable/GCC/ARM_CM4F -I../../Drivers/BSP/STM32H7xx_Nucleo -I../../Drivers/CMSIS/Device/ST/STM32H7xx/Include -I../../Drivers/CMSIS/Include -I../Core/ThreadSafe -I"C:/Users/nicks/STM32CubeIDE/workspace_1.19.0/AFR/AFR/CM7/Core/Include" -I"C:/Users/nicks/STM32CubeIDE/workspace_1.19.0/AFR/AFR/CM7/Core/Include/dsp" -I"C:/Users/nicks/STM32CubeIDE/workspace_1.19.0/AFR/AFR/CM7/Core/Src/control_update_MPC" -I"C:/Users/nicks/STM32CubeIDE/workspace_1.19.0/AFR/AFR/CM7/Core/Src/control_update_MPC/qpoases" -I"C:/Users/nicks/STM32CubeIDE/workspace_1.19.0/AFR/AFR/CM7/Core/Src/control_update_MPC/qpoases/INCLUDE" -I"C:/Users/nicks/STM32CubeIDE/workspace_1.19.0/AFR/AFR/CM7/Core/Src/control_update_MPC/qpoases/SRC" -O0 -ffunction-sections -fdata-sections -Wall -fstack-usage -fcyclomatic-complexity -MMD -MP -MF"Core/Src/main.d" -MT"Core/Src/main.o" --specs=nano.specs -mfpu=fpv5-d16 -mfloat-abi=hard -mthumb -o "Core/Src/main.o"
../Core/Src/main.c:773:12: warning: 'axswitch' defined but not used [-Wunused-variable]
  773 | static int axswitch = 0;
      |            ^~~~~~~~
arm-none-eabi-g++ -o "AFR_CM7.elf" @"objects.list"   -mcpu=cortex-m7 -T"C:\Users\nicks\STM32CubeIDE\workspace_1.19.0\AFR\AFR\CM7\STM32H755ZITX_FLASH.ld" -Wl,-Map="AFR_CM7.map" -Wl,--gc-sections -static -Wl,-Map=AFR_CM7.map,--print-memory-usage --specs=nano.specs -mfpu=fpv5-d16 -mfloat-abi=hard -mthumb -u _printf_float -u _scanf_float -Wl,--start-group -lc -lm -lstdc++ -lsupc++ -Wl,--end-group
Memory region         Used Size  Region Size  %age Used
          RAM_D1:      306040 B       512 KB     58.37%
           FLASH:      410944 B         1 MB     39.19%
         DTCMRAM:        2502 B       128 KB      1.91%
          SHARED:           0 B        256 B      0.00%
         SHARED2:           0 B        256 B      0.00%
          RAM_D2:       40000 B     163328 B     24.49%
          RAM_D3:           0 B        64 KB      0.00%
         ITCMRAM:           0 B        64 KB      0.00%
Finished building target: AFR_CM7.elf
 
arm-none-eabi-size  AFR_CM7.elf 
arm-none-eabi-objdump -h -S AFR_CM7.elf  > "AFR_CM7.list"
   text	   data	    bss	    dec	    hex	filename
 290120	 120812	 227726	 638658	  9bec2	AFR_CM7.elf
Finished building: default.size.stdout
 
Finished building: AFR_CM7.list
 
17:53:38 **** Incremental Build of configuration Debug for project AFR_CM7 ****
make -j16 all 
arm-none-eabi-gcc "../Core/Src/main.c" -mcpu=cortex-m7 -std=gnu11 -g3 -DDEBUG -DCORE_CM7 -DUSE_HAL_DRIVER -DSTM32H755xx -DUSE_PWR_DIRECT_SMPS_SUPPLY -DUSE_NUCLEO_64 -DSTM32_THREAD_SAFE_STRATEGY=4 -c -I../Core/Inc -I../../Drivers/STM32H7xx_HAL_Driver/Inc -I../../Drivers/STM32H7xx_HAL_Driver/Inc/Legacy -I../../Middlewares/Third_Party/FreeRTOS/Source/include -I../../Middlewares/Third_Party/FreeRTOS/Source/CMSIS_RTOS_V2 -I../../Middlewares/Third_Party/FreeRTOS/Source/portable/GCC/ARM_CM4F -I../../Drivers/BSP/STM32H7xx_Nucleo -I../../Drivers/CMSIS/Device/ST/STM32H7xx/Include -I../../Drivers/CMSIS/Include -I../Core/ThreadSafe -I"C:/Users/nicks/STM32CubeIDE/workspace_1.19.0/AFR/AFR/CM7/Core/Include" -I"C:/Users/nicks/STM32CubeIDE/workspace_1.19.0/AFR/AFR/CM7/Core/Include/dsp" -I"C:/Users/nicks/STM32CubeIDE/workspace_1.19.0/AFR/AFR/CM7/Core/Src/control_update_MPC" -I"C:/Users/nicks/STM32CubeIDE/workspace_1.19.0/AFR/AFR/CM7/Core/Src/control_update_MPC/qpoases" -I"C:/Users/nicks/STM32CubeIDE/workspace_1.19.0/AFR/AFR/CM7/Core/Src/control_update_MPC/qpoases/INCLUDE" -I"C:/Users/nicks/STM32CubeIDE/workspace_1.19.0/AFR/AFR/CM7/Core/Src/control_update_MPC/qpoases/SRC" -O0 -ffunction-sections -fdata-sections -Wall -fstack-usage -fcyclomatic-complexity -MMD -MP -MF"Core/Src/main.d" -MT"Core/Src/main.o" --specs=nano.specs -mfpu=fpv5-d16 -mfloat-abi=hard -mthumb -o "Core/Src/main.o"
../Core/Src/main.c:773:12: warning: 'axswitch' defined but not used [-Wunused-variable]
  773 | static int axswitch = 0;
      |            ^~~~~~~~
arm-none-eabi-g++ -o "AFR_CM7.elf" @"objects.list"   -mcpu=cortex-m7 -T"C:\Users\nicks\STM32CubeIDE\workspace_1.19.0\AFR\AFR\CM7\STM32H755ZITX_FLASH.ld" -Wl,-Map="AFR_CM7.map" -Wl,--gc-sections -static -Wl,-Map=AFR_CM7.map,--print-memory-usage --specs=nano.specs -mfpu=fpv5-d16 -mfloat-abi=hard -mthumb -u _printf_float -u _scanf_float -Wl,--start-group -lc -lm -lstdc++ -lsupc++ -Wl,--end-group
Memory region         Used Size  Region Size  %age Used
          RAM_D1:      306040 B       512 KB     58.37%
           FLASH:      410944 B         1 MB     39.19%
         DTCMRAM:        2502 B       128 KB      1.91%
          SHARED:           0 B        256 B      0.00%
         SHARED2:           0 B        256 B      0.00%
          RAM_D2:       40000 B     163328 B     24.49%
          RAM_D3:           0 B        64 KB      0.00%
         ITCMRAM:           0 B        64 KB      0.00%
Finished building target: AFR_CM7.elf
 
arm-none-eabi-size  AFR_CM7.elf 
arm-none-eabi-objdump -h -S AFR_CM7.elf  > "AFR_CM7.list"
   text	   data	    bss	    dec	    hex	filename
 290120	 120812	 227726	 638658	  9bec2	AFR_CM7.elf
Finished building: default.size.stdout
 
Finished building: AFR_CM7.list
 
17:57:14 **** Incremental Build of configuration Debug for project AFR_CM7 ****
make -j16 all 
arm-none-eabi-gcc "../Core/Src/main.c" -mcpu=cortex-m7 -std=gnu11 -g3 -DDEBUG -DCORE_CM7 -DUSE_HAL_DRIVER -DSTM32H755xx -DUSE_PWR_DIRECT_SMPS_SUPPLY -DUSE_NUCLEO_64 -DSTM32_THREAD_SAFE_STRATEGY=4 -c -I../Core/Inc -I../../Drivers/STM32H7xx_HAL_Driver/Inc -I../../Drivers/STM32H7xx_HAL_Driver/Inc/Legacy -I../../Middlewares/Third_Party/FreeRTOS/Source/include -I../../Middlewares/Third_Party/FreeRTOS/Source/CMSIS_RTOS_V2 -I../../Middlewares/Third_Party/FreeRTOS/Source/portable/GCC/ARM_CM4F -I../../Drivers/BSP/STM32H7xx_Nucleo -I../../Drivers/CMSIS/Device/ST/STM32H7xx/Include -I../../Drivers/CMSIS/Include -I../Core/ThreadSafe -I"C:/Users/nicks/STM32CubeIDE/workspace_1.19.0/AFR/AFR/CM7/Core/Include" -I"C:/Users/nicks/STM32CubeIDE/workspace_1.19.0/AFR/AFR/CM7/Core/Include/dsp" -I"C:/Users/nicks/STM32CubeIDE/workspace_1.19.0/AFR/AFR/CM7/Core/Src/control_update_MPC" -I"C:/Users/nicks/STM32CubeIDE/workspace_1.19.0/AFR/AFR/CM7/Core/Src/control_update_MPC/qpoases" -I"C:/Users/nicks/STM32CubeIDE/workspace_1.19.0/AFR/AFR/CM7/Core/Src/control_update_MPC/qpoases/INCLUDE" -I"C:/Users/nicks/STM32CubeIDE/workspace_1.19.0/AFR/AFR/CM7/Core/Src/control_update_MPC/qpoases/SRC" -O0 -ffunction-sections -fdata-sections -Wall -fstack-usage -fcyclomatic-complexity -MMD -MP -MF"Core/Src/main.d" -MT"Core/Src/main.o" --specs=nano.specs -mfpu=fpv5-d16 -mfloat-abi=hard -mthumb -o "Core/Src/main.o"
../Core/Src/main.c:773:12: warning: 'axswitch' defined but not used [-Wunused-variable]
  773 | static int axswitch = 0;
      |            ^~~~~~~~
arm-none-eabi-g++ -o "AFR_CM7.elf" @"objects.list"   -mcpu=cortex-m7 -T"C:\Users\nicks\STM32CubeIDE\workspace_1.19.0\AFR\AFR\CM7\STM32H755ZITX_FLASH.ld" -Wl,-Map="AFR_CM7.map" -Wl,--gc-sections -static -Wl,-Map=AFR_CM7.map,--print-memory-usage --specs=nano.specs -mfpu=fpv5-d16 -mfloat-abi=hard -mthumb -u _printf_float -u _scanf_float -Wl,--start-group -lc -lm -lstdc++ -lsupc++ -Wl,--end-group
Memory region         Used Size  Region Size  %age Used
          RAM_D1:      306040 B       512 KB     58.37%
           FLASH:      410944 B         1 MB     39.19%
         DTCMRAM:        2502 B       128 KB      1.91%
          SHARED:           0 B        256 B      0.00%
         SHARED2:           0 B        256 B      0.00%
          RAM_D2:       40000 B     163328 B     24.49%
          RAM_D3:           0 B        64 KB      0.00%
         ITCMRAM:           0 B        64 KB      0.00%
Finished building target: AFR_CM7.elf
 
arm-none-eabi-size  AFR_CM7.elf 
arm-none-eabi-objdump -h -S AFR_CM7.elf  > "AFR_CM7.list"
   text	   data	    bss	    dec	    hex	filename
 290120	 120812	 227726	 638658	  9bec2	AFR_CM7.elf
Finished building: default.size.stdout
 
Finished building: AFR_CM7.list
 
18:02:56 **** Incremental Build of configuration Debug for project AFR_CM7 ****
make -j16 all 
arm-none-eabi-gcc "../Core/Src/main.c" -mcpu=cortex-m7 -std=gnu11 -g3 -DDEBUG -DCORE_CM7 -DUSE_HAL_DRIVER -DSTM32H755xx -DUSE_PWR_DIRECT_SMPS_SUPPLY -DUSE_NUCLEO_64 -DSTM32_THREAD_SAFE_STRATEGY=4 -c -I../Core/Inc -I../../Drivers/STM32H7xx_HAL_Driver/Inc -I../../Drivers/STM32H7xx_HAL_Driver/Inc/Legacy -I../../Middlewares/Third_Party/FreeRTOS/Source/include -I../../Middlewares/Third_Party/FreeRTOS/Source/CMSIS_RTOS_V2 -I../../Middlewares/Third_Party/FreeRTOS/Source/portable/GCC/ARM_CM4F -I../../Drivers/BSP/STM32H7xx_Nucleo -I../../Drivers/CMSIS/Device/ST/STM32H7xx/Include -I../../Drivers/CMSIS/Include -I../Core/ThreadSafe -I"C:/Users/nicks/STM32CubeIDE/workspace_1.19.0/AFR/AFR/CM7/Core/Include" -I"C:/Users/nicks/STM32CubeIDE/workspace_1.19.0/AFR/AFR/CM7/Core/Include/dsp" -I"C:/Users/nicks/STM32CubeIDE/workspace_1.19.0/AFR/AFR/CM7/Core/Src/control_update_MPC" -I"C:/Users/nicks/STM32CubeIDE/workspace_1.19.0/AFR/AFR/CM7/Core/Src/control_update_MPC/qpoases" -I"C:/Users/nicks/STM32CubeIDE/workspace_1.19.0/AFR/AFR/CM7/Core/Src/control_update_MPC/qpoases/INCLUDE" -I"C:/Users/nicks/STM32CubeIDE/workspace_1.19.0/AFR/AFR/CM7/Core/Src/control_update_MPC/qpoases/SRC" -O0 -ffunction-sections -fdata-sections -Wall -fstack-usage -fcyclomatic-complexity -MMD -MP -MF"Core/Src/main.d" -MT"Core/Src/main.o" --specs=nano.specs -mfpu=fpv5-d16 -mfloat-abi=hard -mthumb -o "Core/Src/main.o"
../Core/Src/main.c:773:12: warning: 'axswitch' defined but not used [-Wunused-variable]
  773 | static int axswitch = 0;
      |            ^~~~~~~~
arm-none-eabi-g++ -o "AFR_CM7.elf" @"objects.list"   -mcpu=cortex-m7 -T"C:\Users\nicks\STM32CubeIDE\workspace_1.19.0\AFR\AFR\CM7\STM32H755ZITX_FLASH.ld" -Wl,-Map="AFR_CM7.map" -Wl,--gc-sections -static -Wl,-Map=AFR_CM7.map,--print-memory-usage --specs=nano.specs -mfpu=fpv5-d16 -mfloat-abi=hard -mthumb -u _printf_float -u _scanf_float -Wl,--start-group -lc -lm -lstdc++ -lsupc++ -Wl,--end-group
Memory region         Used Size  Region Size  %age Used
          RAM_D1:      306040 B       512 KB     58.37%
           FLASH:      410944 B         1 MB     39.19%
         DTCMRAM:        2502 B       128 KB      1.91%
          SHARED:           0 B        256 B      0.00%
         SHARED2:           0 B        256 B      0.00%
          RAM_D2:       40000 B     163328 B     24.49%
          RAM_D3:           0 B        64 KB      0.00%
         ITCMRAM:           0 B        64 KB      0.00%
Finished building target: AFR_CM7.elf
 
arm-none-eabi-size  AFR_CM7.elf 
arm-none-eabi-objdump -h -S AFR_CM7.elf  > "AFR_CM7.list"
   text	   data	    bss	    dec	    hex	filename
 290120	 120812	 227726	 638658	  9bec2	AFR_CM7.elf
Finished building: default.size.stdout
 
Finished building: AFR_CM7.list
 
18:09:49 **** Incremental Build of configuration Debug for project AFR_CM7 ****
make -j16 all 
arm-none-eabi-gcc "../Core/Src/main.c" -mcpu=cortex-m7 -std=gnu11 -g3 -DDEBUG -DCORE_CM7 -DUSE_HAL_DRIVER -DSTM32H755xx -DUSE_PWR_DIRECT_SMPS_SUPPLY -DUSE_NUCLEO_64 -DSTM32_THREAD_SAFE_STRATEGY=4 -c -I../Core/Inc -I../../Drivers/STM32H7xx_HAL_Driver/Inc -I../../Drivers/STM32H7xx_HAL_Driver/Inc/Legacy -I../../Middlewares/Third_Party/FreeRTOS/Source/include -I../../Middlewares/Third_Party/FreeRTOS/Source/CMSIS_RTOS_V2 -I../../Middlewares/Third_Party/FreeRTOS/Source/portable/GCC/ARM_CM4F -I../../Drivers/BSP/STM32H7xx_Nucleo -I../../Drivers/CMSIS/Device/ST/STM32H7xx/Include -I../../Drivers/CMSIS/Include -I../Core/ThreadSafe -I"C:/Users/nicks/STM32CubeIDE/workspace_1.19.0/AFR/AFR/CM7/Core/Include" -I"C:/Users/nicks/STM32CubeIDE/workspace_1.19.0/AFR/AFR/CM7/Core/Include/dsp" -I"C:/Users/nicks/STM32CubeIDE/workspace_1.19.0/AFR/AFR/CM7/Core/Src/control_update_MPC" -I"C:/Users/nicks/STM32CubeIDE/workspace_1.19.0/AFR/AFR/CM7/Core/Src/control_update_MPC/qpoases" -I"C:/Users/nicks/STM32CubeIDE/workspace_1.19.0/AFR/AFR/CM7/Core/Src/control_update_MPC/qpoases/INCLUDE" -I"C:/Users/nicks/STM32CubeIDE/workspace_1.19.0/AFR/AFR/CM7/Core/Src/control_update_MPC/qpoases/SRC" -O0 -ffunction-sections -fdata-sections -Wall -fstack-usage -fcyclomatic-complexity -MMD -MP -MF"Core/Src/main.d" -MT"Core/Src/main.o" --specs=nano.specs -mfpu=fpv5-d16 -mfloat-abi=hard -mthumb -o "Core/Src/main.o"
../Core/Src/main.c:773:12: warning: 'axswitch' defined but not used [-Wunused-variable]
  773 | static int axswitch = 0;
      |            ^~~~~~~~
arm-none-eabi-g++ -o "AFR_CM7.elf" @"objects.list"   -mcpu=cortex-m7 -T"C:\Users\nicks\STM32CubeIDE\workspace_1.19.0\AFR\AFR\CM7\STM32H755ZITX_FLASH.ld" -Wl,-Map="AFR_CM7.map" -Wl,--gc-sections -static -Wl,-Map=AFR_CM7.map,--print-memory-usage --specs=nano.specs -mfpu=fpv5-d16 -mfloat-abi=hard -mthumb -u _printf_float -u _scanf_float -Wl,--start-group -lc -lm -lstdc++ -lsupc++ -Wl,--end-group
Memory region         Used Size  Region Size  %age Used
          RAM_D1:      306040 B       512 KB     58.37%
           FLASH:      410944 B         1 MB     39.19%
         DTCMRAM:        2502 B       128 KB      1.91%
          SHARED:           0 B        256 B      0.00%
         SHARED2:           0 B        256 B      0.00%
          RAM_D2:       40000 B     163328 B     24.49%
          RAM_D3:           0 B        64 KB      0.00%
         ITCMRAM:           0 B        64 KB      0.00%
Finished building target: AFR_CM7.elf
 
arm-none-eabi-size  AFR_CM7.elf 
arm-none-eabi-objdump -h -S AFR_CM7.elf  > "AFR_CM7.list"
   text	   data	    bss	    dec	    hex	filename
 290120	 120812	 227726	 638658	  9bec2	AFR_CM7.elf
Finished building: default.size.stdout
 
Finished building: AFR_CM7.list
 
18:10:37 **** Incremental Build of configuration Debug for project AFR_CM7 ****
make -j16 all 
arm-none-eabi-gcc "../Core/Src/main.c" -mcpu=cortex-m7 -std=gnu11 -g3 -DDEBUG -DCORE_CM7 -DUSE_HAL_DRIVER -DSTM32H755xx -DUSE_PWR_DIRECT_SMPS_SUPPLY -DUSE_NUCLEO_64 -DSTM32_THREAD_SAFE_STRATEGY=4 -c -I../Core/Inc -I../../Drivers/STM32H7xx_HAL_Driver/Inc -I../../Drivers/STM32H7xx_HAL_Driver/Inc/Legacy -I../../Middlewares/Third_Party/FreeRTOS/Source/include -I../../Middlewares/Third_Party/FreeRTOS/Source/CMSIS_RTOS_V2 -I../../Middlewares/Third_Party/FreeRTOS/Source/portable/GCC/ARM_CM4F -I../../Drivers/BSP/STM32H7xx_Nucleo -I../../Drivers/CMSIS/Device/ST/STM32H7xx/Include -I../../Drivers/CMSIS/Include -I../Core/ThreadSafe -I"C:/Users/nicks/STM32CubeIDE/workspace_1.19.0/AFR/AFR/CM7/Core/Include" -I"C:/Users/nicks/STM32CubeIDE/workspace_1.19.0/AFR/AFR/CM7/Core/Include/dsp" -I"C:/Users/nicks/STM32CubeIDE/workspace_1.19.0/AFR/AFR/CM7/Core/Src/control_update_MPC" -I"C:/Users/nicks/STM32CubeIDE/workspace_1.19.0/AFR/AFR/CM7/Core/Src/control_update_MPC/qpoases" -I"C:/Users/nicks/STM32CubeIDE/workspace_1.19.0/AFR/AFR/CM7/Core/Src/control_update_MPC/qpoases/INCLUDE" -I"C:/Users/nicks/STM32CubeIDE/workspace_1.19.0/AFR/AFR/CM7/Core/Src/control_update_MPC/qpoases/SRC" -O0 -ffunction-sections -fdata-sections -Wall -fstack-usage -fcyclomatic-complexity -MMD -MP -MF"Core/Src/main.d" -MT"Core/Src/main.o" --specs=nano.specs -mfpu=fpv5-d16 -mfloat-abi=hard -mthumb -o "Core/Src/main.o"
../Core/Src/main.c:773:12: warning: 'axswitch' defined but not used [-Wunused-variable]
  773 | static int axswitch = 0;
      |            ^~~~~~~~
arm-none-eabi-g++ -o "AFR_CM7.elf" @"objects.list"   -mcpu=cortex-m7 -T"C:\Users\nicks\STM32CubeIDE\workspace_1.19.0\AFR\AFR\CM7\STM32H755ZITX_FLASH.ld" -Wl,-Map="AFR_CM7.map" -Wl,--gc-sections -static -Wl,-Map=AFR_CM7.map,--print-memory-usage --specs=nano.specs -mfpu=fpv5-d16 -mfloat-abi=hard -mthumb -u _printf_float -u _scanf_float -Wl,--start-group -lc -lm -lstdc++ -lsupc++ -Wl,--end-group
Memory region         Used Size  Region Size  %age Used
          RAM_D1:      306040 B       512 KB     58.37%
           FLASH:      410864 B         1 MB     39.18%
         DTCMRAM:        2502 B       128 KB      1.91%
          SHARED:           0 B        256 B      0.00%
         SHARED2:           0 B        256 B      0.00%
          RAM_D2:       40000 B     163328 B     24.49%
          RAM_D3:           0 B        64 KB      0.00%
         ITCMRAM:           0 B        64 KB      0.00%
Finished building target: AFR_CM7.elf
 
arm-none-eabi-size  AFR_CM7.elf 
arm-none-eabi-objdump -h -S AFR_CM7.elf  > "AFR_CM7.list"
   text	   data	    bss	    dec	    hex	filename
 290040	 120812	 227726	 638578	  9be72	AFR_CM7.elf
Finished building: default.size.stdout
 
Finished building: AFR_CM7.list
 
