00:01:26 **** Incremental Build of configuration Debug for project AFR_CM7 ****
make -j16 all 
arm-none-eabi-gcc "../Core/Src/ukf.c" -mcpu=cortex-m7 -std=gnu11 -g3 -DDEBUG -DCORE_CM7 -DUSE_HAL_DRIVER -DSTM32H755xx -DUSE_PWR_DIRECT_SMPS_SUPPLY -DUSE_NUCLEO_64 -DSTM32_THREAD_SAFE_STRATEGY=4 -c -I../Core/Inc -I../../Drivers/STM32H7xx_HAL_Driver/Inc -I../../Drivers/STM32H7xx_HAL_Driver/Inc/Legacy -I../../Middlewares/Third_Party/FreeRTOS/Source/include -I../../Middlewares/Third_Party/FreeRTOS/Source/CMSIS_RTOS_V2 -I../../Middlewares/Third_Party/FreeRTOS/Source/portable/GCC/ARM_CM4F -I../../Drivers/BSP/STM32H7xx_Nucleo -I../../Drivers/CMSIS/Device/ST/STM32H7xx/Include -I../../Drivers/CMSIS/Include -I../Core/ThreadSafe -I"C:/Users/nicks/STM32CubeIDE/workspace_1.19.0/AFR/AFR/CM7/Core/Include" -I"C:/Users/nicks/STM32CubeIDE/workspace_1.19.0/AFR/AFR/CM7/Core/Include/dsp" -I"C:/Users/nicks/STM32CubeIDE/workspace_1.19.0/AFR/AFR/CM7/Core/Src/control_update_MPC" -I"C:/Users/nicks/STM32CubeIDE/workspace_1.19.0/AFR/AFR/CM7/Core/Src/control_update_MPC/qpoases" -I"C:/Users/nicks/STM32CubeIDE/workspace_1.19.0/AFR/AFR/CM7/Core/Src/control_update_MPC/qpoases/INCLUDE" -I"C:/Users/nicks/STM32CubeIDE/workspace_1.19.0/AFR/AFR/CM7/Core/Src/control_update_MPC/qpoases/SRC" -O0 -ffunction-sections -fdata-sections -Wall -fstack-usage -fcyclomatic-complexity -MMD -MP -MF"Core/Src/ukf.d" -MT"Core/Src/ukf.o" --specs=nano.specs -mfpu=fpv5-d16 -mfloat-abi=hard -mthumb -o "Core/Src/ukf.o"
In file included from ../Core/Inc/trajectory.h:7,
                 from ../Core/Src/ukf.c:15:
../Core/Inc/main.h:80:15: warning: 'rtotag' defined but not used [-Wunused-variable]
   80 | static double rtotag = 0.5;             // min. radius to tag
      |               ^~~~~~
../Core/Inc/main.h:79:15: warning: 'rtoothers' defined but not used [-Wunused-variable]
   79 | static double rtoothers = 0.3;  // min. radius to other waypoints
      |               ^~~~~~~~~
arm-none-eabi-g++ -o "AFR_CM7.elf" @"objects.list"   -mcpu=cortex-m7 -T"C:\Users\nicks\STM32CubeIDE\workspace_1.19.0\AFR\AFR\CM7\STM32H755ZITX_FLASH.ld" -Wl,-Map="AFR_CM7.map" -Wl,--gc-sections -static -Wl,-Map=AFR_CM7.map,--print-memory-usage --specs=nano.specs -mfpu=fpv5-d16 -mfloat-abi=hard -mthumb -u _printf_float -u _scanf_float -Wl,--start-group -lc -lm -lstdc++ -lsupc++ -Wl,--end-group
Memory region         Used Size  Region Size  %age Used
          RAM_D1:      493064 B       512 KB     94.04%
           FLASH:      591800 B         1 MB     56.44%
         DTCMRAM:        6400 B       128 KB      4.88%
          SHARED:           0 B        256 B      0.00%
         SHARED2:           0 B        256 B      0.00%
          RAM_D2:        100 KB     163328 B     62.70%
          RAM_D3:           0 B        64 KB      0.00%
         ITCMRAM:           0 B        64 KB      0.00%
Finished building target: AFR_CM7.elf
 
arm-none-eabi-size  AFR_CM7.elf 
arm-none-eabi-objdump -h -S AFR_CM7.elf  > "AFR_CM7.list"
   text	   data	    bss	    dec	    hex	filename
 283992	 307796	 294064	 885852	  d845c	AFR_CM7.elf
Finished building: default.size.stdout
 
Finished building: AFR_CM7.list
 
00:01:51 **** Incremental Build of configuration Debug for project AFR_CM7 ****
make -j16 all 
arm-none-eabi-size  AFR_CM7.elf 
   text	   data	    bss	    dec	    hex	filename
 283992	 307796	 294064	 885852	  d845c	AFR_CM7.elf
Finished building: default.size.stdout
 
00:04:15 **** Incremental Build of configuration Debug for project AFR_CM7 ****
make -j16 all 
arm-none-eabi-gcc "../Core/Src/main.c" -mcpu=cortex-m7 -std=gnu11 -g3 -DDEBUG -DCORE_CM7 -DUSE_HAL_DRIVER -DSTM32H755xx -DUSE_PWR_DIRECT_SMPS_SUPPLY -DUSE_NUCLEO_64 -DSTM32_THREAD_SAFE_STRATEGY=4 -c -I../Core/Inc -I../../Drivers/STM32H7xx_HAL_Driver/Inc -I../../Drivers/STM32H7xx_HAL_Driver/Inc/Legacy -I../../Middlewares/Third_Party/FreeRTOS/Source/include -I../../Middlewares/Third_Party/FreeRTOS/Source/CMSIS_RTOS_V2 -I../../Middlewares/Third_Party/FreeRTOS/Source/portable/GCC/ARM_CM4F -I../../Drivers/BSP/STM32H7xx_Nucleo -I../../Drivers/CMSIS/Device/ST/STM32H7xx/Include -I../../Drivers/CMSIS/Include -I../Core/ThreadSafe -I"C:/Users/nicks/STM32CubeIDE/workspace_1.19.0/AFR/AFR/CM7/Core/Include" -I"C:/Users/nicks/STM32CubeIDE/workspace_1.19.0/AFR/AFR/CM7/Core/Include/dsp" -I"C:/Users/nicks/STM32CubeIDE/workspace_1.19.0/AFR/AFR/CM7/Core/Src/control_update_MPC" -I"C:/Users/nicks/STM32CubeIDE/workspace_1.19.0/AFR/AFR/CM7/Core/Src/control_update_MPC/qpoases" -I"C:/Users/nicks/STM32CubeIDE/workspace_1.19.0/AFR/AFR/CM7/Core/Src/control_update_MPC/qpoases/INCLUDE" -I"C:/Users/nicks/STM32CubeIDE/workspace_1.19.0/AFR/AFR/CM7/Core/Src/control_update_MPC/qpoases/SRC" -O0 -ffunction-sections -fdata-sections -Wall -fstack-usage -fcyclomatic-complexity -MMD -MP -MF"Core/Src/main.d" -MT"Core/Src/main.o" --specs=nano.specs -mfpu=fpv5-d16 -mfloat-abi=hard -mthumb -o "Core/Src/main.o"
arm-none-eabi-g++ -o "AFR_CM7.elf" @"objects.list"   -mcpu=cortex-m7 -T"C:\Users\nicks\STM32CubeIDE\workspace_1.19.0\AFR\AFR\CM7\STM32H755ZITX_FLASH.ld" -Wl,-Map="AFR_CM7.map" -Wl,--gc-sections -static -Wl,-Map=AFR_CM7.map,--print-memory-usage --specs=nano.specs -mfpu=fpv5-d16 -mfloat-abi=hard -mthumb -u _printf_float -u _scanf_float -Wl,--start-group -lc -lm -lstdc++ -lsupc++ -Wl,--end-group
Memory region         Used Size  Region Size  %age Used
          RAM_D1:      493064 B       512 KB     94.04%
           FLASH:      591784 B         1 MB     56.44%
         DTCMRAM:        6400 B       128 KB      4.88%
          SHARED:           0 B        256 B      0.00%
         SHARED2:           0 B        256 B      0.00%
          RAM_D2:        100 KB     163328 B     62.70%
          RAM_D3:           0 B        64 KB      0.00%
         ITCMRAM:           0 B        64 KB      0.00%
Finished building target: AFR_CM7.elf
 
arm-none-eabi-size  AFR_CM7.elf 
arm-none-eabi-objdump -h -S AFR_CM7.elf  > "AFR_CM7.list"
   text	   data	    bss	    dec	    hex	filename
 283976	 307796	 294064	 885836	  d844c	AFR_CM7.elf
Finished building: default.size.stdout
 
Finished building: AFR_CM7.list
 
00:06:31 **** Incremental Build of configuration Debug for project AFR_CM7 ****
make -j16 all 
arm-none-eabi-gcc "../Core/Src/main.c" -mcpu=cortex-m7 -std=gnu11 -g3 -DDEBUG -DCORE_CM7 -DUSE_HAL_DRIVER -DSTM32H755xx -DUSE_PWR_DIRECT_SMPS_SUPPLY -DUSE_NUCLEO_64 -DSTM32_THREAD_SAFE_STRATEGY=4 -c -I../Core/Inc -I../../Drivers/STM32H7xx_HAL_Driver/Inc -I../../Drivers/STM32H7xx_HAL_Driver/Inc/Legacy -I../../Middlewares/Third_Party/FreeRTOS/Source/include -I../../Middlewares/Third_Party/FreeRTOS/Source/CMSIS_RTOS_V2 -I../../Middlewares/Third_Party/FreeRTOS/Source/portable/GCC/ARM_CM4F -I../../Drivers/BSP/STM32H7xx_Nucleo -I../../Drivers/CMSIS/Device/ST/STM32H7xx/Include -I../../Drivers/CMSIS/Include -I../Core/ThreadSafe -I"C:/Users/nicks/STM32CubeIDE/workspace_1.19.0/AFR/AFR/CM7/Core/Include" -I"C:/Users/nicks/STM32CubeIDE/workspace_1.19.0/AFR/AFR/CM7/Core/Include/dsp" -I"C:/Users/nicks/STM32CubeIDE/workspace_1.19.0/AFR/AFR/CM7/Core/Src/control_update_MPC" -I"C:/Users/nicks/STM32CubeIDE/workspace_1.19.0/AFR/AFR/CM7/Core/Src/control_update_MPC/qpoases" -I"C:/Users/nicks/STM32CubeIDE/workspace_1.19.0/AFR/AFR/CM7/Core/Src/control_update_MPC/qpoases/INCLUDE" -I"C:/Users/nicks/STM32CubeIDE/workspace_1.19.0/AFR/AFR/CM7/Core/Src/control_update_MPC/qpoases/SRC" -O0 -ffunction-sections -fdata-sections -Wall -fstack-usage -fcyclomatic-complexity -MMD -MP -MF"Core/Src/main.d" -MT"Core/Src/main.o" --specs=nano.specs -mfpu=fpv5-d16 -mfloat-abi=hard -mthumb -o "Core/Src/main.o"
arm-none-eabi-g++ -o "AFR_CM7.elf" @"objects.list"   -mcpu=cortex-m7 -T"C:\Users\nicks\STM32CubeIDE\workspace_1.19.0\AFR\AFR\CM7\STM32H755ZITX_FLASH.ld" -Wl,-Map="AFR_CM7.map" -Wl,--gc-sections -static -Wl,-Map=AFR_CM7.map,--print-memory-usage --specs=nano.specs -mfpu=fpv5-d16 -mfloat-abi=hard -mthumb -u _printf_float -u _scanf_float -Wl,--start-group -lc -lm -lstdc++ -lsupc++ -Wl,--end-group
Memory region         Used Size  Region Size  %age Used
          RAM_D1:      493064 B       512 KB     94.04%
           FLASH:      591816 B         1 MB     56.44%
         DTCMRAM:        6400 B       128 KB      4.88%
          SHARED:           0 B        256 B      0.00%
         SHARED2:           0 B        256 B      0.00%
          RAM_D2:        100 KB     163328 B     62.70%
          RAM_D3:           0 B        64 KB      0.00%
         ITCMRAM:           0 B        64 KB      0.00%
Finished building target: AFR_CM7.elf
 
arm-none-eabi-size  AFR_CM7.elf 
arm-none-eabi-objdump -h -S AFR_CM7.elf  > "AFR_CM7.list"
   text	   data	    bss	    dec	    hex	filename
 284008	 307796	 294064	 885868	  d846c	AFR_CM7.elf
Finished building: default.size.stdout
 
Finished building: AFR_CM7.list
 
00:07:29 **** Incremental Build of configuration Debug for project AFR_CM7 ****
make -j16 all 
arm-none-eabi-gcc "../Core/Src/main.c" -mcpu=cortex-m7 -std=gnu11 -g3 -DDEBUG -DCORE_CM7 -DUSE_HAL_DRIVER -DSTM32H755xx -DUSE_PWR_DIRECT_SMPS_SUPPLY -DUSE_NUCLEO_64 -DSTM32_THREAD_SAFE_STRATEGY=4 -c -I../Core/Inc -I../../Drivers/STM32H7xx_HAL_Driver/Inc -I../../Drivers/STM32H7xx_HAL_Driver/Inc/Legacy -I../../Middlewares/Third_Party/FreeRTOS/Source/include -I../../Middlewares/Third_Party/FreeRTOS/Source/CMSIS_RTOS_V2 -I../../Middlewares/Third_Party/FreeRTOS/Source/portable/GCC/ARM_CM4F -I../../Drivers/BSP/STM32H7xx_Nucleo -I../../Drivers/CMSIS/Device/ST/STM32H7xx/Include -I../../Drivers/CMSIS/Include -I../Core/ThreadSafe -I"C:/Users/nicks/STM32CubeIDE/workspace_1.19.0/AFR/AFR/CM7/Core/Include" -I"C:/Users/nicks/STM32CubeIDE/workspace_1.19.0/AFR/AFR/CM7/Core/Include/dsp" -I"C:/Users/nicks/STM32CubeIDE/workspace_1.19.0/AFR/AFR/CM7/Core/Src/control_update_MPC" -I"C:/Users/nicks/STM32CubeIDE/workspace_1.19.0/AFR/AFR/CM7/Core/Src/control_update_MPC/qpoases" -I"C:/Users/nicks/STM32CubeIDE/workspace_1.19.0/AFR/AFR/CM7/Core/Src/control_update_MPC/qpoases/INCLUDE" -I"C:/Users/nicks/STM32CubeIDE/workspace_1.19.0/AFR/AFR/CM7/Core/Src/control_update_MPC/qpoases/SRC" -O0 -ffunction-sections -fdata-sections -Wall -fstack-usage -fcyclomatic-complexity -MMD -MP -MF"Core/Src/main.d" -MT"Core/Src/main.o" --specs=nano.specs -mfpu=fpv5-d16 -mfloat-abi=hard -mthumb -o "Core/Src/main.o"
arm-none-eabi-g++ -o "AFR_CM7.elf" @"objects.list"   -mcpu=cortex-m7 -T"C:\Users\nicks\STM32CubeIDE\workspace_1.19.0\AFR\AFR\CM7\STM32H755ZITX_FLASH.ld" -Wl,-Map="AFR_CM7.map" -Wl,--gc-sections -static -Wl,-Map=AFR_CM7.map,--print-memory-usage --specs=nano.specs -mfpu=fpv5-d16 -mfloat-abi=hard -mthumb -u _printf_float -u _scanf_float -Wl,--start-group -lc -lm -lstdc++ -lsupc++ -Wl,--end-group
Memory region         Used Size  Region Size  %age Used
          RAM_D1:      493064 B       512 KB     94.04%
           FLASH:      591800 B         1 MB     56.44%
         DTCMRAM:        6400 B       128 KB      4.88%
          SHARED:           0 B        256 B      0.00%
         SHARED2:           0 B        256 B      0.00%
          RAM_D2:        100 KB     163328 B     62.70%
          RAM_D3:           0 B        64 KB      0.00%
         ITCMRAM:           0 B        64 KB      0.00%
Finished building target: AFR_CM7.elf
 
arm-none-eabi-size  AFR_CM7.elf 
arm-none-eabi-objdump -h -S AFR_CM7.elf  > "AFR_CM7.list"
   text	   data	    bss	    dec	    hex	filename
 283992	 307796	 294064	 885852	  d845c	AFR_CM7.elf
Finished building: default.size.stdout
 
Finished building: AFR_CM7.list
 
00:09:31 **** Incremental Build of configuration Debug for project AFR_CM7 ****
make -j16 all 
arm-none-eabi-gcc "../Core/Src/main.c" -mcpu=cortex-m7 -std=gnu11 -g3 -DDEBUG -DCORE_CM7 -DUSE_HAL_DRIVER -DSTM32H755xx -DUSE_PWR_DIRECT_SMPS_SUPPLY -DUSE_NUCLEO_64 -DSTM32_THREAD_SAFE_STRATEGY=4 -c -I../Core/Inc -I../../Drivers/STM32H7xx_HAL_Driver/Inc -I../../Drivers/STM32H7xx_HAL_Driver/Inc/Legacy -I../../Middlewares/Third_Party/FreeRTOS/Source/include -I../../Middlewares/Third_Party/FreeRTOS/Source/CMSIS_RTOS_V2 -I../../Middlewares/Third_Party/FreeRTOS/Source/portable/GCC/ARM_CM4F -I../../Drivers/BSP/STM32H7xx_Nucleo -I../../Drivers/CMSIS/Device/ST/STM32H7xx/Include -I../../Drivers/CMSIS/Include -I../Core/ThreadSafe -I"C:/Users/nicks/STM32CubeIDE/workspace_1.19.0/AFR/AFR/CM7/Core/Include" -I"C:/Users/nicks/STM32CubeIDE/workspace_1.19.0/AFR/AFR/CM7/Core/Include/dsp" -I"C:/Users/nicks/STM32CubeIDE/workspace_1.19.0/AFR/AFR/CM7/Core/Src/control_update_MPC" -I"C:/Users/nicks/STM32CubeIDE/workspace_1.19.0/AFR/AFR/CM7/Core/Src/control_update_MPC/qpoases" -I"C:/Users/nicks/STM32CubeIDE/workspace_1.19.0/AFR/AFR/CM7/Core/Src/control_update_MPC/qpoases/INCLUDE" -I"C:/Users/nicks/STM32CubeIDE/workspace_1.19.0/AFR/AFR/CM7/Core/Src/control_update_MPC/qpoases/SRC" -O0 -ffunction-sections -fdata-sections -Wall -fstack-usage -fcyclomatic-complexity -MMD -MP -MF"Core/Src/main.d" -MT"Core/Src/main.o" --specs=nano.specs -mfpu=fpv5-d16 -mfloat-abi=hard -mthumb -o "Core/Src/main.o"
arm-none-eabi-g++ -o "AFR_CM7.elf" @"objects.list"   -mcpu=cortex-m7 -T"C:\Users\nicks\STM32CubeIDE\workspace_1.19.0\AFR\AFR\CM7\STM32H755ZITX_FLASH.ld" -Wl,-Map="AFR_CM7.map" -Wl,--gc-sections -static -Wl,-Map=AFR_CM7.map,--print-memory-usage --specs=nano.specs -mfpu=fpv5-d16 -mfloat-abi=hard -mthumb -u _printf_float -u _scanf_float -Wl,--start-group -lc -lm -lstdc++ -lsupc++ -Wl,--end-group
Memory region         Used Size  Region Size  %age Used
          RAM_D1:      493064 B       512 KB     94.04%
           FLASH:      591800 B         1 MB     56.44%
         DTCMRAM:        6400 B       128 KB      4.88%
          SHARED:           0 B        256 B      0.00%
         SHARED2:           0 B        256 B      0.00%
          RAM_D2:        100 KB     163328 B     62.70%
          RAM_D3:           0 B        64 KB      0.00%
         ITCMRAM:           0 B        64 KB      0.00%
Finished building target: AFR_CM7.elf
 
arm-none-eabi-size  AFR_CM7.elf 
arm-none-eabi-objdump -h -S AFR_CM7.elf  > "AFR_CM7.list"
   text	   data	    bss	    dec	    hex	filename
 283992	 307796	 294064	 885852	  d845c	AFR_CM7.elf
Finished building: default.size.stdout
 
Finished building: AFR_CM7.list
 
00:11:33 **** Incremental Build of configuration Debug for project AFR_CM7 ****
make -j16 all 
arm-none-eabi-gcc "../Core/Src/main.c" -mcpu=cortex-m7 -std=gnu11 -g3 -DDEBUG -DCORE_CM7 -DUSE_HAL_DRIVER -DSTM32H755xx -DUSE_PWR_DIRECT_SMPS_SUPPLY -DUSE_NUCLEO_64 -DSTM32_THREAD_SAFE_STRATEGY=4 -c -I../Core/Inc -I../../Drivers/STM32H7xx_HAL_Driver/Inc -I../../Drivers/STM32H7xx_HAL_Driver/Inc/Legacy -I../../Middlewares/Third_Party/FreeRTOS/Source/include -I../../Middlewares/Third_Party/FreeRTOS/Source/CMSIS_RTOS_V2 -I../../Middlewares/Third_Party/FreeRTOS/Source/portable/GCC/ARM_CM4F -I../../Drivers/BSP/STM32H7xx_Nucleo -I../../Drivers/CMSIS/Device/ST/STM32H7xx/Include -I../../Drivers/CMSIS/Include -I../Core/ThreadSafe -I"C:/Users/nicks/STM32CubeIDE/workspace_1.19.0/AFR/AFR/CM7/Core/Include" -I"C:/Users/nicks/STM32CubeIDE/workspace_1.19.0/AFR/AFR/CM7/Core/Include/dsp" -I"C:/Users/nicks/STM32CubeIDE/workspace_1.19.0/AFR/AFR/CM7/Core/Src/control_update_MPC" -I"C:/Users/nicks/STM32CubeIDE/workspace_1.19.0/AFR/AFR/CM7/Core/Src/control_update_MPC/qpoases" -I"C:/Users/nicks/STM32CubeIDE/workspace_1.19.0/AFR/AFR/CM7/Core/Src/control_update_MPC/qpoases/INCLUDE" -I"C:/Users/nicks/STM32CubeIDE/workspace_1.19.0/AFR/AFR/CM7/Core/Src/control_update_MPC/qpoases/SRC" -O0 -ffunction-sections -fdata-sections -Wall -fstack-usage -fcyclomatic-complexity -MMD -MP -MF"Core/Src/main.d" -MT"Core/Src/main.o" --specs=nano.specs -mfpu=fpv5-d16 -mfloat-abi=hard -mthumb -o "Core/Src/main.o"
arm-none-eabi-g++ -o "AFR_CM7.elf" @"objects.list"   -mcpu=cortex-m7 -T"C:\Users\nicks\STM32CubeIDE\workspace_1.19.0\AFR\AFR\CM7\STM32H755ZITX_FLASH.ld" -Wl,-Map="AFR_CM7.map" -Wl,--gc-sections -static -Wl,-Map=AFR_CM7.map,--print-memory-usage --specs=nano.specs -mfpu=fpv5-d16 -mfloat-abi=hard -mthumb -u _printf_float -u _scanf_float -Wl,--start-group -lc -lm -lstdc++ -lsupc++ -Wl,--end-group
Memory region         Used Size  Region Size  %age Used
          RAM_D1:      493064 B       512 KB     94.04%
           FLASH:      591800 B         1 MB     56.44%
         DTCMRAM:        6400 B       128 KB      4.88%
          SHARED:           0 B        256 B      0.00%
         SHARED2:           0 B        256 B      0.00%
          RAM_D2:        100 KB     163328 B     62.70%
          RAM_D3:           0 B        64 KB      0.00%
         ITCMRAM:           0 B        64 KB      0.00%
Finished building target: AFR_CM7.elf
 
arm-none-eabi-size  AFR_CM7.elf 
arm-none-eabi-objdump -h -S AFR_CM7.elf  > "AFR_CM7.list"
   text	   data	    bss	    dec	    hex	filename
 283992	 307796	 294064	 885852	  d845c	AFR_CM7.elf
Finished building: default.size.stdout
 
Finished building: AFR_CM7.list
 
00:14:26 **** Incremental Build of configuration Debug for project AFR_CM7 ****
make -j16 all 
arm-none-eabi-gcc "../Core/Src/main.c" -mcpu=cortex-m7 -std=gnu11 -g3 -DDEBUG -DCORE_CM7 -DUSE_HAL_DRIVER -DSTM32H755xx -DUSE_PWR_DIRECT_SMPS_SUPPLY -DUSE_NUCLEO_64 -DSTM32_THREAD_SAFE_STRATEGY=4 -c -I../Core/Inc -I../../Drivers/STM32H7xx_HAL_Driver/Inc -I../../Drivers/STM32H7xx_HAL_Driver/Inc/Legacy -I../../Middlewares/Third_Party/FreeRTOS/Source/include -I../../Middlewares/Third_Party/FreeRTOS/Source/CMSIS_RTOS_V2 -I../../Middlewares/Third_Party/FreeRTOS/Source/portable/GCC/ARM_CM4F -I../../Drivers/BSP/STM32H7xx_Nucleo -I../../Drivers/CMSIS/Device/ST/STM32H7xx/Include -I../../Drivers/CMSIS/Include -I../Core/ThreadSafe -I"C:/Users/nicks/STM32CubeIDE/workspace_1.19.0/AFR/AFR/CM7/Core/Include" -I"C:/Users/nicks/STM32CubeIDE/workspace_1.19.0/AFR/AFR/CM7/Core/Include/dsp" -I"C:/Users/nicks/STM32CubeIDE/workspace_1.19.0/AFR/AFR/CM7/Core/Src/control_update_MPC" -I"C:/Users/nicks/STM32CubeIDE/workspace_1.19.0/AFR/AFR/CM7/Core/Src/control_update_MPC/qpoases" -I"C:/Users/nicks/STM32CubeIDE/workspace_1.19.0/AFR/AFR/CM7/Core/Src/control_update_MPC/qpoases/INCLUDE" -I"C:/Users/nicks/STM32CubeIDE/workspace_1.19.0/AFR/AFR/CM7/Core/Src/control_update_MPC/qpoases/SRC" -O0 -ffunction-sections -fdata-sections -Wall -fstack-usage -fcyclomatic-complexity -MMD -MP -MF"Core/Src/main.d" -MT"Core/Src/main.o" --specs=nano.specs -mfpu=fpv5-d16 -mfloat-abi=hard -mthumb -o "Core/Src/main.o"
arm-none-eabi-g++ -o "AFR_CM7.elf" @"objects.list"   -mcpu=cortex-m7 -T"C:\Users\nicks\STM32CubeIDE\workspace_1.19.0\AFR\AFR\CM7\STM32H755ZITX_FLASH.ld" -Wl,-Map="AFR_CM7.map" -Wl,--gc-sections -static -Wl,-Map=AFR_CM7.map,--print-memory-usage --specs=nano.specs -mfpu=fpv5-d16 -mfloat-abi=hard -mthumb -u _printf_float -u _scanf_float -Wl,--start-group -lc -lm -lstdc++ -lsupc++ -Wl,--end-group
Memory region         Used Size  Region Size  %age Used
          RAM_D1:      493064 B       512 KB     94.04%
           FLASH:      591840 B         1 MB     56.44%
         DTCMRAM:        6400 B       128 KB      4.88%
          SHARED:           0 B        256 B      0.00%
         SHARED2:           0 B        256 B      0.00%
          RAM_D2:        100 KB     163328 B     62.70%
          RAM_D3:           0 B        64 KB      0.00%
         ITCMRAM:           0 B        64 KB      0.00%
Finished building target: AFR_CM7.elf
 
arm-none-eabi-size  AFR_CM7.elf 
arm-none-eabi-objdump -h -S AFR_CM7.elf  > "AFR_CM7.list"
   text	   data	    bss	    dec	    hex	filename
 284032	 307796	 294064	 885892	  d8484	AFR_CM7.elf
Finished building: default.size.stdout
 
Finished building: AFR_CM7.list
 
00:34:13 **** Incremental Build of configuration Debug for project AFR_CM7 ****
make -j16 all 
arm-none-eabi-gcc "../Core/Src/main.c" -mcpu=cortex-m7 -std=gnu11 -g3 -DDEBUG -DCORE_CM7 -DUSE_HAL_DRIVER -DSTM32H755xx -DUSE_PWR_DIRECT_SMPS_SUPPLY -DUSE_NUCLEO_64 -DSTM32_THREAD_SAFE_STRATEGY=4 -c -I../Core/Inc -I../../Drivers/STM32H7xx_HAL_Driver/Inc -I../../Drivers/STM32H7xx_HAL_Driver/Inc/Legacy -I../../Middlewares/Third_Party/FreeRTOS/Source/include -I../../Middlewares/Third_Party/FreeRTOS/Source/CMSIS_RTOS_V2 -I../../Middlewares/Third_Party/FreeRTOS/Source/portable/GCC/ARM_CM4F -I../../Drivers/BSP/STM32H7xx_Nucleo -I../../Drivers/CMSIS/Device/ST/STM32H7xx/Include -I../../Drivers/CMSIS/Include -I../Core/ThreadSafe -I"C:/Users/nicks/STM32CubeIDE/workspace_1.19.0/AFR/AFR/CM7/Core/Include" -I"C:/Users/nicks/STM32CubeIDE/workspace_1.19.0/AFR/AFR/CM7/Core/Include/dsp" -I"C:/Users/nicks/STM32CubeIDE/workspace_1.19.0/AFR/AFR/CM7/Core/Src/control_update_MPC" -I"C:/Users/nicks/STM32CubeIDE/workspace_1.19.0/AFR/AFR/CM7/Core/Src/control_update_MPC/qpoases" -I"C:/Users/nicks/STM32CubeIDE/workspace_1.19.0/AFR/AFR/CM7/Core/Src/control_update_MPC/qpoases/INCLUDE" -I"C:/Users/nicks/STM32CubeIDE/workspace_1.19.0/AFR/AFR/CM7/Core/Src/control_update_MPC/qpoases/SRC" -O0 -ffunction-sections -fdata-sections -Wall -fstack-usage -fcyclomatic-complexity -MMD -MP -MF"Core/Src/main.d" -MT"Core/Src/main.o" --specs=nano.specs -mfpu=fpv5-d16 -mfloat-abi=hard -mthumb -o "Core/Src/main.o"
arm-none-eabi-g++ -o "AFR_CM7.elf" @"objects.list"   -mcpu=cortex-m7 -T"C:\Users\nicks\STM32CubeIDE\workspace_1.19.0\AFR\AFR\CM7\STM32H755ZITX_FLASH.ld" -Wl,-Map="AFR_CM7.map" -Wl,--gc-sections -static -Wl,-Map=AFR_CM7.map,--print-memory-usage --specs=nano.specs -mfpu=fpv5-d16 -mfloat-abi=hard -mthumb -u _printf_float -u _scanf_float -Wl,--start-group -lc -lm -lstdc++ -lsupc++ -Wl,--end-group
Memory region         Used Size  Region Size  %age Used
          RAM_D1:      493064 B       512 KB     94.04%
           FLASH:      591952 B         1 MB     56.45%
         DTCMRAM:        6400 B       128 KB      4.88%
          SHARED:           0 B        256 B      0.00%
         SHARED2:           0 B        256 B      0.00%
          RAM_D2:        100 KB     163328 B     62.70%
          RAM_D3:           0 B        64 KB      0.00%
         ITCMRAM:           0 B        64 KB      0.00%
Finished building target: AFR_CM7.elf
 
arm-none-eabi-size  AFR_CM7.elf 
arm-none-eabi-objdump -h -S AFR_CM7.elf  > "AFR_CM7.list"
   text	   data	    bss	    dec	    hex	filename
 284144	 307796	 294064	 886004	  d84f4	AFR_CM7.elf
Finished building: default.size.stdout
 
Finished building: AFR_CM7.list
 
00:35:37 **** Incremental Build of configuration Debug for project AFR_CM7 ****
make -j16 all 
arm-none-eabi-gcc "../Core/Src/main.c" -mcpu=cortex-m7 -std=gnu11 -g3 -DDEBUG -DCORE_CM7 -DUSE_HAL_DRIVER -DSTM32H755xx -DUSE_PWR_DIRECT_SMPS_SUPPLY -DUSE_NUCLEO_64 -DSTM32_THREAD_SAFE_STRATEGY=4 -c -I../Core/Inc -I../../Drivers/STM32H7xx_HAL_Driver/Inc -I../../Drivers/STM32H7xx_HAL_Driver/Inc/Legacy -I../../Middlewares/Third_Party/FreeRTOS/Source/include -I../../Middlewares/Third_Party/FreeRTOS/Source/CMSIS_RTOS_V2 -I../../Middlewares/Third_Party/FreeRTOS/Source/portable/GCC/ARM_CM4F -I../../Drivers/BSP/STM32H7xx_Nucleo -I../../Drivers/CMSIS/Device/ST/STM32H7xx/Include -I../../Drivers/CMSIS/Include -I../Core/ThreadSafe -I"C:/Users/nicks/STM32CubeIDE/workspace_1.19.0/AFR/AFR/CM7/Core/Include" -I"C:/Users/nicks/STM32CubeIDE/workspace_1.19.0/AFR/AFR/CM7/Core/Include/dsp" -I"C:/Users/nicks/STM32CubeIDE/workspace_1.19.0/AFR/AFR/CM7/Core/Src/control_update_MPC" -I"C:/Users/nicks/STM32CubeIDE/workspace_1.19.0/AFR/AFR/CM7/Core/Src/control_update_MPC/qpoases" -I"C:/Users/nicks/STM32CubeIDE/workspace_1.19.0/AFR/AFR/CM7/Core/Src/control_update_MPC/qpoases/INCLUDE" -I"C:/Users/nicks/STM32CubeIDE/workspace_1.19.0/AFR/AFR/CM7/Core/Src/control_update_MPC/qpoases/SRC" -O0 -ffunction-sections -fdata-sections -Wall -fstack-usage -fcyclomatic-complexity -MMD -MP -MF"Core/Src/main.d" -MT"Core/Src/main.o" --specs=nano.specs -mfpu=fpv5-d16 -mfloat-abi=hard -mthumb -o "Core/Src/main.o"
arm-none-eabi-g++ -o "AFR_CM7.elf" @"objects.list"   -mcpu=cortex-m7 -T"C:\Users\nicks\STM32CubeIDE\workspace_1.19.0\AFR\AFR\CM7\STM32H755ZITX_FLASH.ld" -Wl,-Map="AFR_CM7.map" -Wl,--gc-sections -static -Wl,-Map=AFR_CM7.map,--print-memory-usage --specs=nano.specs -mfpu=fpv5-d16 -mfloat-abi=hard -mthumb -u _printf_float -u _scanf_float -Wl,--start-group -lc -lm -lstdc++ -lsupc++ -Wl,--end-group
Memory region         Used Size  Region Size  %age Used
          RAM_D1:      493064 B       512 KB     94.04%
           FLASH:      591952 B         1 MB     56.45%
         DTCMRAM:        6400 B       128 KB      4.88%
          SHARED:           0 B        256 B      0.00%
         SHARED2:           0 B        256 B      0.00%
          RAM_D2:        100 KB     163328 B     62.70%
          RAM_D3:           0 B        64 KB      0.00%
         ITCMRAM:           0 B        64 KB      0.00%
Finished building target: AFR_CM7.elf
 
arm-none-eabi-size  AFR_CM7.elf 
arm-none-eabi-objdump -h -S AFR_CM7.elf  > "AFR_CM7.list"
   text	   data	    bss	    dec	    hex	filename
 284144	 307796	 294064	 886004	  d84f4	AFR_CM7.elf
Finished building: default.size.stdout
 
Finished building: AFR_CM7.list
 
00:39:11 **** Incremental Build of configuration Debug for project AFR_CM7 ****
make -j16 all 
arm-none-eabi-gcc "../Core/Src/main.c" -mcpu=cortex-m7 -std=gnu11 -g3 -DDEBUG -DCORE_CM7 -DUSE_HAL_DRIVER -DSTM32H755xx -DUSE_PWR_DIRECT_SMPS_SUPPLY -DUSE_NUCLEO_64 -DSTM32_THREAD_SAFE_STRATEGY=4 -c -I../Core/Inc -I../../Drivers/STM32H7xx_HAL_Driver/Inc -I../../Drivers/STM32H7xx_HAL_Driver/Inc/Legacy -I../../Middlewares/Third_Party/FreeRTOS/Source/include -I../../Middlewares/Third_Party/FreeRTOS/Source/CMSIS_RTOS_V2 -I../../Middlewares/Third_Party/FreeRTOS/Source/portable/GCC/ARM_CM4F -I../../Drivers/BSP/STM32H7xx_Nucleo -I../../Drivers/CMSIS/Device/ST/STM32H7xx/Include -I../../Drivers/CMSIS/Include -I../Core/ThreadSafe -I"C:/Users/nicks/STM32CubeIDE/workspace_1.19.0/AFR/AFR/CM7/Core/Include" -I"C:/Users/nicks/STM32CubeIDE/workspace_1.19.0/AFR/AFR/CM7/Core/Include/dsp" -I"C:/Users/nicks/STM32CubeIDE/workspace_1.19.0/AFR/AFR/CM7/Core/Src/control_update_MPC" -I"C:/Users/nicks/STM32CubeIDE/workspace_1.19.0/AFR/AFR/CM7/Core/Src/control_update_MPC/qpoases" -I"C:/Users/nicks/STM32CubeIDE/workspace_1.19.0/AFR/AFR/CM7/Core/Src/control_update_MPC/qpoases/INCLUDE" -I"C:/Users/nicks/STM32CubeIDE/workspace_1.19.0/AFR/AFR/CM7/Core/Src/control_update_MPC/qpoases/SRC" -O0 -ffunction-sections -fdata-sections -Wall -fstack-usage -fcyclomatic-complexity -MMD -MP -MF"Core/Src/main.d" -MT"Core/Src/main.o" --specs=nano.specs -mfpu=fpv5-d16 -mfloat-abi=hard -mthumb -o "Core/Src/main.o"
arm-none-eabi-g++ -o "AFR_CM7.elf" @"objects.list"   -mcpu=cortex-m7 -T"C:\Users\nicks\STM32CubeIDE\workspace_1.19.0\AFR\AFR\CM7\STM32H755ZITX_FLASH.ld" -Wl,-Map="AFR_CM7.map" -Wl,--gc-sections -static -Wl,-Map=AFR_CM7.map,--print-memory-usage --specs=nano.specs -mfpu=fpv5-d16 -mfloat-abi=hard -mthumb -u _printf_float -u _scanf_float -Wl,--start-group -lc -lm -lstdc++ -lsupc++ -Wl,--end-group
Memory region         Used Size  Region Size  %age Used
          RAM_D1:      493064 B       512 KB     94.04%
           FLASH:      591952 B         1 MB     56.45%
         DTCMRAM:        6400 B       128 KB      4.88%
          SHARED:           0 B        256 B      0.00%
         SHARED2:           0 B        256 B      0.00%
          RAM_D2:        100 KB     163328 B     62.70%
          RAM_D3:           0 B        64 KB      0.00%
         ITCMRAM:           0 B        64 KB      0.00%
Finished building target: AFR_CM7.elf
 
arm-none-eabi-size  AFR_CM7.elf 
arm-none-eabi-objdump -h -S AFR_CM7.elf  > "AFR_CM7.list"
   text	   data	    bss	    dec	    hex	filename
 284144	 307796	 294064	 886004	  d84f4	AFR_CM7.elf
Finished building: default.size.stdout
 
Finished building: AFR_CM7.list
 
00:41:08 **** Incremental Build of configuration Debug for project AFR_CM7 ****
make -j16 all 
arm-none-eabi-gcc "../Core/Src/main.c" -mcpu=cortex-m7 -std=gnu11 -g3 -DDEBUG -DCORE_CM7 -DUSE_HAL_DRIVER -DSTM32H755xx -DUSE_PWR_DIRECT_SMPS_SUPPLY -DUSE_NUCLEO_64 -DSTM32_THREAD_SAFE_STRATEGY=4 -c -I../Core/Inc -I../../Drivers/STM32H7xx_HAL_Driver/Inc -I../../Drivers/STM32H7xx_HAL_Driver/Inc/Legacy -I../../Middlewares/Third_Party/FreeRTOS/Source/include -I../../Middlewares/Third_Party/FreeRTOS/Source/CMSIS_RTOS_V2 -I../../Middlewares/Third_Party/FreeRTOS/Source/portable/GCC/ARM_CM4F -I../../Drivers/BSP/STM32H7xx_Nucleo -I../../Drivers/CMSIS/Device/ST/STM32H7xx/Include -I../../Drivers/CMSIS/Include -I../Core/ThreadSafe -I"C:/Users/nicks/STM32CubeIDE/workspace_1.19.0/AFR/AFR/CM7/Core/Include" -I"C:/Users/nicks/STM32CubeIDE/workspace_1.19.0/AFR/AFR/CM7/Core/Include/dsp" -I"C:/Users/nicks/STM32CubeIDE/workspace_1.19.0/AFR/AFR/CM7/Core/Src/control_update_MPC" -I"C:/Users/nicks/STM32CubeIDE/workspace_1.19.0/AFR/AFR/CM7/Core/Src/control_update_MPC/qpoases" -I"C:/Users/nicks/STM32CubeIDE/workspace_1.19.0/AFR/AFR/CM7/Core/Src/control_update_MPC/qpoases/INCLUDE" -I"C:/Users/nicks/STM32CubeIDE/workspace_1.19.0/AFR/AFR/CM7/Core/Src/control_update_MPC/qpoases/SRC" -O0 -ffunction-sections -fdata-sections -Wall -fstack-usage -fcyclomatic-complexity -MMD -MP -MF"Core/Src/main.d" -MT"Core/Src/main.o" --specs=nano.specs -mfpu=fpv5-d16 -mfloat-abi=hard -mthumb -o "Core/Src/main.o"
arm-none-eabi-g++ -o "AFR_CM7.elf" @"objects.list"   -mcpu=cortex-m7 -T"C:\Users\nicks\STM32CubeIDE\workspace_1.19.0\AFR\AFR\CM7\STM32H755ZITX_FLASH.ld" -Wl,-Map="AFR_CM7.map" -Wl,--gc-sections -static -Wl,-Map=AFR_CM7.map,--print-memory-usage --specs=nano.specs -mfpu=fpv5-d16 -mfloat-abi=hard -mthumb -u _printf_float -u _scanf_float -Wl,--start-group -lc -lm -lstdc++ -lsupc++ -Wl,--end-group
Memory region         Used Size  Region Size  %age Used
          RAM_D1:      493064 B       512 KB     94.04%
           FLASH:      591840 B         1 MB     56.44%
         DTCMRAM:        6400 B       128 KB      4.88%
          SHARED:           0 B        256 B      0.00%
         SHARED2:           0 B        256 B      0.00%
          RAM_D2:        100 KB     163328 B     62.70%
          RAM_D3:           0 B        64 KB      0.00%
         ITCMRAM:           0 B        64 KB      0.00%
Finished building target: AFR_CM7.elf
 
arm-none-eabi-size  AFR_CM7.elf 
arm-none-eabi-objdump -h -S AFR_CM7.elf  > "AFR_CM7.list"
   text	   data	    bss	    dec	    hex	filename
 284032	 307796	 294064	 885892	  d8484	AFR_CM7.elf
Finished building: default.size.stdout
 
Finished building: AFR_CM7.list
 
00:43:34 **** Incremental Build of configuration Debug for project AFR_CM7 ****
make -j16 all 
arm-none-eabi-gcc "../Core/Src/main.c" -mcpu=cortex-m7 -std=gnu11 -g3 -DDEBUG -DCORE_CM7 -DUSE_HAL_DRIVER -DSTM32H755xx -DUSE_PWR_DIRECT_SMPS_SUPPLY -DUSE_NUCLEO_64 -DSTM32_THREAD_SAFE_STRATEGY=4 -c -I../Core/Inc -I../../Drivers/STM32H7xx_HAL_Driver/Inc -I../../Drivers/STM32H7xx_HAL_Driver/Inc/Legacy -I../../Middlewares/Third_Party/FreeRTOS/Source/include -I../../Middlewares/Third_Party/FreeRTOS/Source/CMSIS_RTOS_V2 -I../../Middlewares/Third_Party/FreeRTOS/Source/portable/GCC/ARM_CM4F -I../../Drivers/BSP/STM32H7xx_Nucleo -I../../Drivers/CMSIS/Device/ST/STM32H7xx/Include -I../../Drivers/CMSIS/Include -I../Core/ThreadSafe -I"C:/Users/nicks/STM32CubeIDE/workspace_1.19.0/AFR/AFR/CM7/Core/Include" -I"C:/Users/nicks/STM32CubeIDE/workspace_1.19.0/AFR/AFR/CM7/Core/Include/dsp" -I"C:/Users/nicks/STM32CubeIDE/workspace_1.19.0/AFR/AFR/CM7/Core/Src/control_update_MPC" -I"C:/Users/nicks/STM32CubeIDE/workspace_1.19.0/AFR/AFR/CM7/Core/Src/control_update_MPC/qpoases" -I"C:/Users/nicks/STM32CubeIDE/workspace_1.19.0/AFR/AFR/CM7/Core/Src/control_update_MPC/qpoases/INCLUDE" -I"C:/Users/nicks/STM32CubeIDE/workspace_1.19.0/AFR/AFR/CM7/Core/Src/control_update_MPC/qpoases/SRC" -O0 -ffunction-sections -fdata-sections -Wall -fstack-usage -fcyclomatic-complexity -MMD -MP -MF"Core/Src/main.d" -MT"Core/Src/main.o" --specs=nano.specs -mfpu=fpv5-d16 -mfloat-abi=hard -mthumb -o "Core/Src/main.o"
arm-none-eabi-g++ -o "AFR_CM7.elf" @"objects.list"   -mcpu=cortex-m7 -T"C:\Users\nicks\STM32CubeIDE\workspace_1.19.0\AFR\AFR\CM7\STM32H755ZITX_FLASH.ld" -Wl,-Map="AFR_CM7.map" -Wl,--gc-sections -static -Wl,-Map=AFR_CM7.map,--print-memory-usage --specs=nano.specs -mfpu=fpv5-d16 -mfloat-abi=hard -mthumb -u _printf_float -u _scanf_float -Wl,--start-group -lc -lm -lstdc++ -lsupc++ -Wl,--end-group
Memory region         Used Size  Region Size  %age Used
          RAM_D1:      493064 B       512 KB     94.04%
           FLASH:      591952 B         1 MB     56.45%
         DTCMRAM:        6400 B       128 KB      4.88%
          SHARED:           0 B        256 B      0.00%
         SHARED2:           0 B        256 B      0.00%
          RAM_D2:        100 KB     163328 B     62.70%
          RAM_D3:           0 B        64 KB      0.00%
         ITCMRAM:           0 B        64 KB      0.00%
Finished building target: AFR_CM7.elf
 
arm-none-eabi-size  AFR_CM7.elf 
arm-none-eabi-objdump -h -S AFR_CM7.elf  > "AFR_CM7.list"
   text	   data	    bss	    dec	    hex	filename
 284144	 307796	 294064	 886004	  d84f4	AFR_CM7.elf
Finished building: default.size.stdout
 
Finished building: AFR_CM7.list
 
00:46:15 **** Incremental Build of configuration Debug for project AFR_CM7 ****
make -j16 all 
arm-none-eabi-gcc "../Core/Src/main.c" -mcpu=cortex-m7 -std=gnu11 -g3 -DDEBUG -DCORE_CM7 -DUSE_HAL_DRIVER -DSTM32H755xx -DUSE_PWR_DIRECT_SMPS_SUPPLY -DUSE_NUCLEO_64 -DSTM32_THREAD_SAFE_STRATEGY=4 -c -I../Core/Inc -I../../Drivers/STM32H7xx_HAL_Driver/Inc -I../../Drivers/STM32H7xx_HAL_Driver/Inc/Legacy -I../../Middlewares/Third_Party/FreeRTOS/Source/include -I../../Middlewares/Third_Party/FreeRTOS/Source/CMSIS_RTOS_V2 -I../../Middlewares/Third_Party/FreeRTOS/Source/portable/GCC/ARM_CM4F -I../../Drivers/BSP/STM32H7xx_Nucleo -I../../Drivers/CMSIS/Device/ST/STM32H7xx/Include -I../../Drivers/CMSIS/Include -I../Core/ThreadSafe -I"C:/Users/nicks/STM32CubeIDE/workspace_1.19.0/AFR/AFR/CM7/Core/Include" -I"C:/Users/nicks/STM32CubeIDE/workspace_1.19.0/AFR/AFR/CM7/Core/Include/dsp" -I"C:/Users/nicks/STM32CubeIDE/workspace_1.19.0/AFR/AFR/CM7/Core/Src/control_update_MPC" -I"C:/Users/nicks/STM32CubeIDE/workspace_1.19.0/AFR/AFR/CM7/Core/Src/control_update_MPC/qpoases" -I"C:/Users/nicks/STM32CubeIDE/workspace_1.19.0/AFR/AFR/CM7/Core/Src/control_update_MPC/qpoases/INCLUDE" -I"C:/Users/nicks/STM32CubeIDE/workspace_1.19.0/AFR/AFR/CM7/Core/Src/control_update_MPC/qpoases/SRC" -O0 -ffunction-sections -fdata-sections -Wall -fstack-usage -fcyclomatic-complexity -MMD -MP -MF"Core/Src/main.d" -MT"Core/Src/main.o" --specs=nano.specs -mfpu=fpv5-d16 -mfloat-abi=hard -mthumb -o "Core/Src/main.o"
arm-none-eabi-g++ -o "AFR_CM7.elf" @"objects.list"   -mcpu=cortex-m7 -T"C:\Users\nicks\STM32CubeIDE\workspace_1.19.0\AFR\AFR\CM7\STM32H755ZITX_FLASH.ld" -Wl,-Map="AFR_CM7.map" -Wl,--gc-sections -static -Wl,-Map=AFR_CM7.map,--print-memory-usage --specs=nano.specs -mfpu=fpv5-d16 -mfloat-abi=hard -mthumb -u _printf_float -u _scanf_float -Wl,--start-group -lc -lm -lstdc++ -lsupc++ -Wl,--end-group
Memory region         Used Size  Region Size  %age Used
          RAM_D1:      493064 B       512 KB     94.04%
           FLASH:      592000 B         1 MB     56.46%
         DTCMRAM:        6400 B       128 KB      4.88%
          SHARED:           0 B        256 B      0.00%
         SHARED2:           0 B        256 B      0.00%
          RAM_D2:        100 KB     163328 B     62.70%
          RAM_D3:           0 B        64 KB      0.00%
         ITCMRAM:           0 B        64 KB      0.00%
Finished building target: AFR_CM7.elf
 
arm-none-eabi-size  AFR_CM7.elf 
arm-none-eabi-objdump -h -S AFR_CM7.elf  > "AFR_CM7.list"
   text	   data	    bss	    dec	    hex	filename
 284192	 307796	 294064	 886052	  d8524	AFR_CM7.elf
Finished building: default.size.stdout
 
Finished building: AFR_CM7.list
 
00:50:17 **** Incremental Build of configuration Debug for project AFR_CM7 ****
make -j16 all 
arm-none-eabi-gcc "../Core/Src/main.c" -mcpu=cortex-m7 -std=gnu11 -g3 -DDEBUG -DCORE_CM7 -DUSE_HAL_DRIVER -DSTM32H755xx -DUSE_PWR_DIRECT_SMPS_SUPPLY -DUSE_NUCLEO_64 -DSTM32_THREAD_SAFE_STRATEGY=4 -c -I../Core/Inc -I../../Drivers/STM32H7xx_HAL_Driver/Inc -I../../Drivers/STM32H7xx_HAL_Driver/Inc/Legacy -I../../Middlewares/Third_Party/FreeRTOS/Source/include -I../../Middlewares/Third_Party/FreeRTOS/Source/CMSIS_RTOS_V2 -I../../Middlewares/Third_Party/FreeRTOS/Source/portable/GCC/ARM_CM4F -I../../Drivers/BSP/STM32H7xx_Nucleo -I../../Drivers/CMSIS/Device/ST/STM32H7xx/Include -I../../Drivers/CMSIS/Include -I../Core/ThreadSafe -I"C:/Users/nicks/STM32CubeIDE/workspace_1.19.0/AFR/AFR/CM7/Core/Include" -I"C:/Users/nicks/STM32CubeIDE/workspace_1.19.0/AFR/AFR/CM7/Core/Include/dsp" -I"C:/Users/nicks/STM32CubeIDE/workspace_1.19.0/AFR/AFR/CM7/Core/Src/control_update_MPC" -I"C:/Users/nicks/STM32CubeIDE/workspace_1.19.0/AFR/AFR/CM7/Core/Src/control_update_MPC/qpoases" -I"C:/Users/nicks/STM32CubeIDE/workspace_1.19.0/AFR/AFR/CM7/Core/Src/control_update_MPC/qpoases/INCLUDE" -I"C:/Users/nicks/STM32CubeIDE/workspace_1.19.0/AFR/AFR/CM7/Core/Src/control_update_MPC/qpoases/SRC" -O0 -ffunction-sections -fdata-sections -Wall -fstack-usage -fcyclomatic-complexity -MMD -MP -MF"Core/Src/main.d" -MT"Core/Src/main.o" --specs=nano.specs -mfpu=fpv5-d16 -mfloat-abi=hard -mthumb -o "Core/Src/main.o"
arm-none-eabi-g++ -o "AFR_CM7.elf" @"objects.list"   -mcpu=cortex-m7 -T"C:\Users\nicks\STM32CubeIDE\workspace_1.19.0\AFR\AFR\CM7\STM32H755ZITX_FLASH.ld" -Wl,-Map="AFR_CM7.map" -Wl,--gc-sections -static -Wl,-Map=AFR_CM7.map,--print-memory-usage --specs=nano.specs -mfpu=fpv5-d16 -mfloat-abi=hard -mthumb -u _printf_float -u _scanf_float -Wl,--start-group -lc -lm -lstdc++ -lsupc++ -Wl,--end-group
Memory region         Used Size  Region Size  %age Used
          RAM_D1:      493064 B       512 KB     94.04%
           FLASH:      592032 B         1 MB     56.46%
         DTCMRAM:        6400 B       128 KB      4.88%
          SHARED:           0 B        256 B      0.00%
         SHARED2:           0 B        256 B      0.00%
          RAM_D2:        100 KB     163328 B     62.70%
          RAM_D3:           0 B        64 KB      0.00%
         ITCMRAM:           0 B        64 KB      0.00%
Finished building target: AFR_CM7.elf
 
arm-none-eabi-size  AFR_CM7.elf 
arm-none-eabi-objdump -h -S AFR_CM7.elf  > "AFR_CM7.list"
   text	   data	    bss	    dec	    hex	filename
 284224	 307796	 294064	 886084	  d8544	AFR_CM7.elf
Finished building: default.size.stdout
 
Finished building: AFR_CM7.list
 
00:58:25 **** Incremental Build of configuration Debug for project AFR_CM7 ****
make -j16 all 
arm-none-eabi-gcc "../Core/Src/main.c" -mcpu=cortex-m7 -std=gnu11 -g3 -DDEBUG -DCORE_CM7 -DUSE_HAL_DRIVER -DSTM32H755xx -DUSE_PWR_DIRECT_SMPS_SUPPLY -DUSE_NUCLEO_64 -DSTM32_THREAD_SAFE_STRATEGY=4 -c -I../Core/Inc -I../../Drivers/STM32H7xx_HAL_Driver/Inc -I../../Drivers/STM32H7xx_HAL_Driver/Inc/Legacy -I../../Middlewares/Third_Party/FreeRTOS/Source/include -I../../Middlewares/Third_Party/FreeRTOS/Source/CMSIS_RTOS_V2 -I../../Middlewares/Third_Party/FreeRTOS/Source/portable/GCC/ARM_CM4F -I../../Drivers/BSP/STM32H7xx_Nucleo -I../../Drivers/CMSIS/Device/ST/STM32H7xx/Include -I../../Drivers/CMSIS/Include -I../Core/ThreadSafe -I"C:/Users/nicks/STM32CubeIDE/workspace_1.19.0/AFR/AFR/CM7/Core/Include" -I"C:/Users/nicks/STM32CubeIDE/workspace_1.19.0/AFR/AFR/CM7/Core/Include/dsp" -I"C:/Users/nicks/STM32CubeIDE/workspace_1.19.0/AFR/AFR/CM7/Core/Src/control_update_MPC" -I"C:/Users/nicks/STM32CubeIDE/workspace_1.19.0/AFR/AFR/CM7/Core/Src/control_update_MPC/qpoases" -I"C:/Users/nicks/STM32CubeIDE/workspace_1.19.0/AFR/AFR/CM7/Core/Src/control_update_MPC/qpoases/INCLUDE" -I"C:/Users/nicks/STM32CubeIDE/workspace_1.19.0/AFR/AFR/CM7/Core/Src/control_update_MPC/qpoases/SRC" -O0 -ffunction-sections -fdata-sections -Wall -fstack-usage -fcyclomatic-complexity -MMD -MP -MF"Core/Src/main.d" -MT"Core/Src/main.o" --specs=nano.specs -mfpu=fpv5-d16 -mfloat-abi=hard -mthumb -o "Core/Src/main.o"
arm-none-eabi-g++ -o "AFR_CM7.elf" @"objects.list"   -mcpu=cortex-m7 -T"C:\Users\nicks\STM32CubeIDE\workspace_1.19.0\AFR\AFR\CM7\STM32H755ZITX_FLASH.ld" -Wl,-Map="AFR_CM7.map" -Wl,--gc-sections -static -Wl,-Map=AFR_CM7.map,--print-memory-usage --specs=nano.specs -mfpu=fpv5-d16 -mfloat-abi=hard -mthumb -u _printf_float -u _scanf_float -Wl,--start-group -lc -lm -lstdc++ -lsupc++ -Wl,--end-group
Memory region         Used Size  Region Size  %age Used
          RAM_D1:      493064 B       512 KB     94.04%
           FLASH:      592048 B         1 MB     56.46%
         DTCMRAM:        6400 B       128 KB      4.88%
          SHARED:           0 B        256 B      0.00%
         SHARED2:           0 B        256 B      0.00%
          RAM_D2:        100 KB     163328 B     62.70%
          RAM_D3:           0 B        64 KB      0.00%
         ITCMRAM:           0 B        64 KB      0.00%
Finished building target: AFR_CM7.elf
 
arm-none-eabi-size  AFR_CM7.elf 
arm-none-eabi-objdump -h -S AFR_CM7.elf  > "AFR_CM7.list"
   text	   data	    bss	    dec	    hex	filename
 284240	 307796	 294064	 886100	  d8554	AFR_CM7.elf
Finished building: default.size.stdout
 
Finished building: AFR_CM7.list
 
01:01:41 **** Incremental Build of configuration Debug for project AFR_CM7 ****
make -j16 all 
arm-none-eabi-gcc "../Core/Src/main.c" -mcpu=cortex-m7 -std=gnu11 -g3 -DDEBUG -DCORE_CM7 -DUSE_HAL_DRIVER -DSTM32H755xx -DUSE_PWR_DIRECT_SMPS_SUPPLY -DUSE_NUCLEO_64 -DSTM32_THREAD_SAFE_STRATEGY=4 -c -I../Core/Inc -I../../Drivers/STM32H7xx_HAL_Driver/Inc -I../../Drivers/STM32H7xx_HAL_Driver/Inc/Legacy -I../../Middlewares/Third_Party/FreeRTOS/Source/include -I../../Middlewares/Third_Party/FreeRTOS/Source/CMSIS_RTOS_V2 -I../../Middlewares/Third_Party/FreeRTOS/Source/portable/GCC/ARM_CM4F -I../../Drivers/BSP/STM32H7xx_Nucleo -I../../Drivers/CMSIS/Device/ST/STM32H7xx/Include -I../../Drivers/CMSIS/Include -I../Core/ThreadSafe -I"C:/Users/nicks/STM32CubeIDE/workspace_1.19.0/AFR/AFR/CM7/Core/Include" -I"C:/Users/nicks/STM32CubeIDE/workspace_1.19.0/AFR/AFR/CM7/Core/Include/dsp" -I"C:/Users/nicks/STM32CubeIDE/workspace_1.19.0/AFR/AFR/CM7/Core/Src/control_update_MPC" -I"C:/Users/nicks/STM32CubeIDE/workspace_1.19.0/AFR/AFR/CM7/Core/Src/control_update_MPC/qpoases" -I"C:/Users/nicks/STM32CubeIDE/workspace_1.19.0/AFR/AFR/CM7/Core/Src/control_update_MPC/qpoases/INCLUDE" -I"C:/Users/nicks/STM32CubeIDE/workspace_1.19.0/AFR/AFR/CM7/Core/Src/control_update_MPC/qpoases/SRC" -O0 -ffunction-sections -fdata-sections -Wall -fstack-usage -fcyclomatic-complexity -MMD -MP -MF"Core/Src/main.d" -MT"Core/Src/main.o" --specs=nano.specs -mfpu=fpv5-d16 -mfloat-abi=hard -mthumb -o "Core/Src/main.o"
arm-none-eabi-g++ -o "AFR_CM7.elf" @"objects.list"   -mcpu=cortex-m7 -T"C:\Users\nicks\STM32CubeIDE\workspace_1.19.0\AFR\AFR\CM7\STM32H755ZITX_FLASH.ld" -Wl,-Map="AFR_CM7.map" -Wl,--gc-sections -static -Wl,-Map=AFR_CM7.map,--print-memory-usage --specs=nano.specs -mfpu=fpv5-d16 -mfloat-abi=hard -mthumb -u _printf_float -u _scanf_float -Wl,--start-group -lc -lm -lstdc++ -lsupc++ -Wl,--end-group
Memory region         Used Size  Region Size  %age Used
          RAM_D1:      493064 B       512 KB     94.04%
           FLASH:      592032 B         1 MB     56.46%
         DTCMRAM:        6400 B       128 KB      4.88%
          SHARED:           0 B        256 B      0.00%
         SHARED2:           0 B        256 B      0.00%
          RAM_D2:        100 KB     163328 B     62.70%
          RAM_D3:           0 B        64 KB      0.00%
         ITCMRAM:           0 B        64 KB      0.00%
Finished building target: AFR_CM7.elf
 
arm-none-eabi-size  AFR_CM7.elf 
arm-none-eabi-objdump -h -S AFR_CM7.elf  > "AFR_CM7.list"
   text	   data	    bss	    dec	    hex	filename
 284224	 307796	 294064	 886084	  d8544	AFR_CM7.elf
Finished building: default.size.stdout
 
Finished building: AFR_CM7.list
 
01:04:23 **** Incremental Build of configuration Debug for project AFR_CM7 ****
make -j16 all 
arm-none-eabi-gcc "../Core/Src/main.c" -mcpu=cortex-m7 -std=gnu11 -g3 -DDEBUG -DCORE_CM7 -DUSE_HAL_DRIVER -DSTM32H755xx -DUSE_PWR_DIRECT_SMPS_SUPPLY -DUSE_NUCLEO_64 -DSTM32_THREAD_SAFE_STRATEGY=4 -c -I../Core/Inc -I../../Drivers/STM32H7xx_HAL_Driver/Inc -I../../Drivers/STM32H7xx_HAL_Driver/Inc/Legacy -I../../Middlewares/Third_Party/FreeRTOS/Source/include -I../../Middlewares/Third_Party/FreeRTOS/Source/CMSIS_RTOS_V2 -I../../Middlewares/Third_Party/FreeRTOS/Source/portable/GCC/ARM_CM4F -I../../Drivers/BSP/STM32H7xx_Nucleo -I../../Drivers/CMSIS/Device/ST/STM32H7xx/Include -I../../Drivers/CMSIS/Include -I../Core/ThreadSafe -I"C:/Users/nicks/STM32CubeIDE/workspace_1.19.0/AFR/AFR/CM7/Core/Include" -I"C:/Users/nicks/STM32CubeIDE/workspace_1.19.0/AFR/AFR/CM7/Core/Include/dsp" -I"C:/Users/nicks/STM32CubeIDE/workspace_1.19.0/AFR/AFR/CM7/Core/Src/control_update_MPC" -I"C:/Users/nicks/STM32CubeIDE/workspace_1.19.0/AFR/AFR/CM7/Core/Src/control_update_MPC/qpoases" -I"C:/Users/nicks/STM32CubeIDE/workspace_1.19.0/AFR/AFR/CM7/Core/Src/control_update_MPC/qpoases/INCLUDE" -I"C:/Users/nicks/STM32CubeIDE/workspace_1.19.0/AFR/AFR/CM7/Core/Src/control_update_MPC/qpoases/SRC" -O0 -ffunction-sections -fdata-sections -Wall -fstack-usage -fcyclomatic-complexity -MMD -MP -MF"Core/Src/main.d" -MT"Core/Src/main.o" --specs=nano.specs -mfpu=fpv5-d16 -mfloat-abi=hard -mthumb -o "Core/Src/main.o"
arm-none-eabi-g++ -o "AFR_CM7.elf" @"objects.list"   -mcpu=cortex-m7 -T"C:\Users\nicks\STM32CubeIDE\workspace_1.19.0\AFR\AFR\CM7\STM32H755ZITX_FLASH.ld" -Wl,-Map="AFR_CM7.map" -Wl,--gc-sections -static -Wl,-Map=AFR_CM7.map,--print-memory-usage --specs=nano.specs -mfpu=fpv5-d16 -mfloat-abi=hard -mthumb -u _printf_float -u _scanf_float -Wl,--start-group -lc -lm -lstdc++ -lsupc++ -Wl,--end-group
Memory region         Used Size  Region Size  %age Used
          RAM_D1:      493064 B       512 KB     94.04%
           FLASH:      592032 B         1 MB     56.46%
         DTCMRAM:        6400 B       128 KB      4.88%
          SHARED:           0 B        256 B      0.00%
         SHARED2:           0 B        256 B      0.00%
          RAM_D2:        100 KB     163328 B     62.70%
          RAM_D3:           0 B        64 KB      0.00%
         ITCMRAM:           0 B        64 KB      0.00%
Finished building target: AFR_CM7.elf
 
arm-none-eabi-size  AFR_CM7.elf 
arm-none-eabi-objdump -h -S AFR_CM7.elf  > "AFR_CM7.list"
   text	   data	    bss	    dec	    hex	filename
 284224	 307796	 294064	 886084	  d8544	AFR_CM7.elf
Finished building: default.size.stdout
 
Finished building: AFR_CM7.list
 
01:04:58 **** Incremental Build of configuration Debug for project AFR_CM7 ****
make -j16 all 
arm-none-eabi-gcc "../Core/Src/main.c" -mcpu=cortex-m7 -std=gnu11 -g3 -DDEBUG -DCORE_CM7 -DUSE_HAL_DRIVER -DSTM32H755xx -DUSE_PWR_DIRECT_SMPS_SUPPLY -DUSE_NUCLEO_64 -DSTM32_THREAD_SAFE_STRATEGY=4 -c -I../Core/Inc -I../../Drivers/STM32H7xx_HAL_Driver/Inc -I../../Drivers/STM32H7xx_HAL_Driver/Inc/Legacy -I../../Middlewares/Third_Party/FreeRTOS/Source/include -I../../Middlewares/Third_Party/FreeRTOS/Source/CMSIS_RTOS_V2 -I../../Middlewares/Third_Party/FreeRTOS/Source/portable/GCC/ARM_CM4F -I../../Drivers/BSP/STM32H7xx_Nucleo -I../../Drivers/CMSIS/Device/ST/STM32H7xx/Include -I../../Drivers/CMSIS/Include -I../Core/ThreadSafe -I"C:/Users/nicks/STM32CubeIDE/workspace_1.19.0/AFR/AFR/CM7/Core/Include" -I"C:/Users/nicks/STM32CubeIDE/workspace_1.19.0/AFR/AFR/CM7/Core/Include/dsp" -I"C:/Users/nicks/STM32CubeIDE/workspace_1.19.0/AFR/AFR/CM7/Core/Src/control_update_MPC" -I"C:/Users/nicks/STM32CubeIDE/workspace_1.19.0/AFR/AFR/CM7/Core/Src/control_update_MPC/qpoases" -I"C:/Users/nicks/STM32CubeIDE/workspace_1.19.0/AFR/AFR/CM7/Core/Src/control_update_MPC/qpoases/INCLUDE" -I"C:/Users/nicks/STM32CubeIDE/workspace_1.19.0/AFR/AFR/CM7/Core/Src/control_update_MPC/qpoases/SRC" -O0 -ffunction-sections -fdata-sections -Wall -fstack-usage -fcyclomatic-complexity -MMD -MP -MF"Core/Src/main.d" -MT"Core/Src/main.o" --specs=nano.specs -mfpu=fpv5-d16 -mfloat-abi=hard -mthumb -o "Core/Src/main.o"
arm-none-eabi-g++ -o "AFR_CM7.elf" @"objects.list"   -mcpu=cortex-m7 -T"C:\Users\nicks\STM32CubeIDE\workspace_1.19.0\AFR\AFR\CM7\STM32H755ZITX_FLASH.ld" -Wl,-Map="AFR_CM7.map" -Wl,--gc-sections -static -Wl,-Map=AFR_CM7.map,--print-memory-usage --specs=nano.specs -mfpu=fpv5-d16 -mfloat-abi=hard -mthumb -u _printf_float -u _scanf_float -Wl,--start-group -lc -lm -lstdc++ -lsupc++ -Wl,--end-group
Memory region         Used Size  Region Size  %age Used
          RAM_D1:      493064 B       512 KB     94.04%
           FLASH:      592064 B         1 MB     56.46%
         DTCMRAM:        6400 B       128 KB      4.88%
          SHARED:           0 B        256 B      0.00%
         SHARED2:           0 B        256 B      0.00%
          RAM_D2:        100 KB     163328 B     62.70%
          RAM_D3:           0 B        64 KB      0.00%
         ITCMRAM:           0 B        64 KB      0.00%
Finished building target: AFR_CM7.elf
 
arm-none-eabi-size  AFR_CM7.elf 
arm-none-eabi-objdump -h -S AFR_CM7.elf  > "AFR_CM7.list"
   text	   data	    bss	    dec	    hex	filename
 284256	 307796	 294064	 886116	  d8564	AFR_CM7.elf
Finished building: default.size.stdout
 
Finished building: AFR_CM7.list
 
01:07:16 **** Incremental Build of configuration Debug for project AFR_CM7 ****
make -j16 all 
arm-none-eabi-gcc "../Core/Src/main.c" -mcpu=cortex-m7 -std=gnu11 -g3 -DDEBUG -DCORE_CM7 -DUSE_HAL_DRIVER -DSTM32H755xx -DUSE_PWR_DIRECT_SMPS_SUPPLY -DUSE_NUCLEO_64 -DSTM32_THREAD_SAFE_STRATEGY=4 -c -I../Core/Inc -I../../Drivers/STM32H7xx_HAL_Driver/Inc -I../../Drivers/STM32H7xx_HAL_Driver/Inc/Legacy -I../../Middlewares/Third_Party/FreeRTOS/Source/include -I../../Middlewares/Third_Party/FreeRTOS/Source/CMSIS_RTOS_V2 -I../../Middlewares/Third_Party/FreeRTOS/Source/portable/GCC/ARM_CM4F -I../../Drivers/BSP/STM32H7xx_Nucleo -I../../Drivers/CMSIS/Device/ST/STM32H7xx/Include -I../../Drivers/CMSIS/Include -I../Core/ThreadSafe -I"C:/Users/nicks/STM32CubeIDE/workspace_1.19.0/AFR/AFR/CM7/Core/Include" -I"C:/Users/nicks/STM32CubeIDE/workspace_1.19.0/AFR/AFR/CM7/Core/Include/dsp" -I"C:/Users/nicks/STM32CubeIDE/workspace_1.19.0/AFR/AFR/CM7/Core/Src/control_update_MPC" -I"C:/Users/nicks/STM32CubeIDE/workspace_1.19.0/AFR/AFR/CM7/Core/Src/control_update_MPC/qpoases" -I"C:/Users/nicks/STM32CubeIDE/workspace_1.19.0/AFR/AFR/CM7/Core/Src/control_update_MPC/qpoases/INCLUDE" -I"C:/Users/nicks/STM32CubeIDE/workspace_1.19.0/AFR/AFR/CM7/Core/Src/control_update_MPC/qpoases/SRC" -O0 -ffunction-sections -fdata-sections -Wall -fstack-usage -fcyclomatic-complexity -MMD -MP -MF"Core/Src/main.d" -MT"Core/Src/main.o" --specs=nano.specs -mfpu=fpv5-d16 -mfloat-abi=hard -mthumb -o "Core/Src/main.o"
arm-none-eabi-g++ -o "AFR_CM7.elf" @"objects.list"   -mcpu=cortex-m7 -T"C:\Users\nicks\STM32CubeIDE\workspace_1.19.0\AFR\AFR\CM7\STM32H755ZITX_FLASH.ld" -Wl,-Map="AFR_CM7.map" -Wl,--gc-sections -static -Wl,-Map=AFR_CM7.map,--print-memory-usage --specs=nano.specs -mfpu=fpv5-d16 -mfloat-abi=hard -mthumb -u _printf_float -u _scanf_float -Wl,--start-group -lc -lm -lstdc++ -lsupc++ -Wl,--end-group
Memory region         Used Size  Region Size  %age Used
          RAM_D1:      493064 B       512 KB     94.04%
           FLASH:      592064 B         1 MB     56.46%
         DTCMRAM:        6400 B       128 KB      4.88%
          SHARED:           0 B        256 B      0.00%
         SHARED2:           0 B        256 B      0.00%
          RAM_D2:        100 KB     163328 B     62.70%
          RAM_D3:           0 B        64 KB      0.00%
         ITCMRAM:           0 B        64 KB      0.00%
Finished building target: AFR_CM7.elf
 
arm-none-eabi-size  AFR_CM7.elf 
arm-none-eabi-objdump -h -S AFR_CM7.elf  > "AFR_CM7.list"
   text	   data	    bss	    dec	    hex	filename
 284256	 307796	 294064	 886116	  d8564	AFR_CM7.elf
Finished building: default.size.stdout
 
Finished building: AFR_CM7.list
 
01:10:13 **** Incremental Build of configuration Debug for project AFR_CM7 ****
make -j16 all 
arm-none-eabi-gcc "../Core/Src/main.c" -mcpu=cortex-m7 -std=gnu11 -g3 -DDEBUG -DCORE_CM7 -DUSE_HAL_DRIVER -DSTM32H755xx -DUSE_PWR_DIRECT_SMPS_SUPPLY -DUSE_NUCLEO_64 -DSTM32_THREAD_SAFE_STRATEGY=4 -c -I../Core/Inc -I../../Drivers/STM32H7xx_HAL_Driver/Inc -I../../Drivers/STM32H7xx_HAL_Driver/Inc/Legacy -I../../Middlewares/Third_Party/FreeRTOS/Source/include -I../../Middlewares/Third_Party/FreeRTOS/Source/CMSIS_RTOS_V2 -I../../Middlewares/Third_Party/FreeRTOS/Source/portable/GCC/ARM_CM4F -I../../Drivers/BSP/STM32H7xx_Nucleo -I../../Drivers/CMSIS/Device/ST/STM32H7xx/Include -I../../Drivers/CMSIS/Include -I../Core/ThreadSafe -I"C:/Users/nicks/STM32CubeIDE/workspace_1.19.0/AFR/AFR/CM7/Core/Include" -I"C:/Users/nicks/STM32CubeIDE/workspace_1.19.0/AFR/AFR/CM7/Core/Include/dsp" -I"C:/Users/nicks/STM32CubeIDE/workspace_1.19.0/AFR/AFR/CM7/Core/Src/control_update_MPC" -I"C:/Users/nicks/STM32CubeIDE/workspace_1.19.0/AFR/AFR/CM7/Core/Src/control_update_MPC/qpoases" -I"C:/Users/nicks/STM32CubeIDE/workspace_1.19.0/AFR/AFR/CM7/Core/Src/control_update_MPC/qpoases/INCLUDE" -I"C:/Users/nicks/STM32CubeIDE/workspace_1.19.0/AFR/AFR/CM7/Core/Src/control_update_MPC/qpoases/SRC" -O0 -ffunction-sections -fdata-sections -Wall -fstack-usage -fcyclomatic-complexity -MMD -MP -MF"Core/Src/main.d" -MT"Core/Src/main.o" --specs=nano.specs -mfpu=fpv5-d16 -mfloat-abi=hard -mthumb -o "Core/Src/main.o"
arm-none-eabi-g++ -o "AFR_CM7.elf" @"objects.list"   -mcpu=cortex-m7 -T"C:\Users\nicks\STM32CubeIDE\workspace_1.19.0\AFR\AFR\CM7\STM32H755ZITX_FLASH.ld" -Wl,-Map="AFR_CM7.map" -Wl,--gc-sections -static -Wl,-Map=AFR_CM7.map,--print-memory-usage --specs=nano.specs -mfpu=fpv5-d16 -mfloat-abi=hard -mthumb -u _printf_float -u _scanf_float -Wl,--start-group -lc -lm -lstdc++ -lsupc++ -Wl,--end-group
Memory region         Used Size  Region Size  %age Used
          RAM_D1:      493064 B       512 KB     94.04%
           FLASH:      592064 B         1 MB     56.46%
         DTCMRAM:        6400 B       128 KB      4.88%
          SHARED:           0 B        256 B      0.00%
         SHARED2:           0 B        256 B      0.00%
          RAM_D2:        100 KB     163328 B     62.70%
          RAM_D3:           0 B        64 KB      0.00%
         ITCMRAM:           0 B        64 KB      0.00%
Finished building target: AFR_CM7.elf
 
arm-none-eabi-size  AFR_CM7.elf 
arm-none-eabi-objdump -h -S AFR_CM7.elf  > "AFR_CM7.list"
   text	   data	    bss	    dec	    hex	filename
 284256	 307796	 294064	 886116	  d8564	AFR_CM7.elf
Finished building: default.size.stdout
 
Finished building: AFR_CM7.list
 
01:11:04 **** Incremental Build of configuration Debug for project AFR_CM7 ****
make -j16 all 
arm-none-eabi-gcc "../Core/Src/main.c" -mcpu=cortex-m7 -std=gnu11 -g3 -DDEBUG -DCORE_CM7 -DUSE_HAL_DRIVER -DSTM32H755xx -DUSE_PWR_DIRECT_SMPS_SUPPLY -DUSE_NUCLEO_64 -DSTM32_THREAD_SAFE_STRATEGY=4 -c -I../Core/Inc -I../../Drivers/STM32H7xx_HAL_Driver/Inc -I../../Drivers/STM32H7xx_HAL_Driver/Inc/Legacy -I../../Middlewares/Third_Party/FreeRTOS/Source/include -I../../Middlewares/Third_Party/FreeRTOS/Source/CMSIS_RTOS_V2 -I../../Middlewares/Third_Party/FreeRTOS/Source/portable/GCC/ARM_CM4F -I../../Drivers/BSP/STM32H7xx_Nucleo -I../../Drivers/CMSIS/Device/ST/STM32H7xx/Include -I../../Drivers/CMSIS/Include -I../Core/ThreadSafe -I"C:/Users/nicks/STM32CubeIDE/workspace_1.19.0/AFR/AFR/CM7/Core/Include" -I"C:/Users/nicks/STM32CubeIDE/workspace_1.19.0/AFR/AFR/CM7/Core/Include/dsp" -I"C:/Users/nicks/STM32CubeIDE/workspace_1.19.0/AFR/AFR/CM7/Core/Src/control_update_MPC" -I"C:/Users/nicks/STM32CubeIDE/workspace_1.19.0/AFR/AFR/CM7/Core/Src/control_update_MPC/qpoases" -I"C:/Users/nicks/STM32CubeIDE/workspace_1.19.0/AFR/AFR/CM7/Core/Src/control_update_MPC/qpoases/INCLUDE" -I"C:/Users/nicks/STM32CubeIDE/workspace_1.19.0/AFR/AFR/CM7/Core/Src/control_update_MPC/qpoases/SRC" -O0 -ffunction-sections -fdata-sections -Wall -fstack-usage -fcyclomatic-complexity -MMD -MP -MF"Core/Src/main.d" -MT"Core/Src/main.o" --specs=nano.specs -mfpu=fpv5-d16 -mfloat-abi=hard -mthumb -o "Core/Src/main.o"
arm-none-eabi-g++ -o "AFR_CM7.elf" @"objects.list"   -mcpu=cortex-m7 -T"C:\Users\nicks\STM32CubeIDE\workspace_1.19.0\AFR\AFR\CM7\STM32H755ZITX_FLASH.ld" -Wl,-Map="AFR_CM7.map" -Wl,--gc-sections -static -Wl,-Map=AFR_CM7.map,--print-memory-usage --specs=nano.specs -mfpu=fpv5-d16 -mfloat-abi=hard -mthumb -u _printf_float -u _scanf_float -Wl,--start-group -lc -lm -lstdc++ -lsupc++ -Wl,--end-group
Memory region         Used Size  Region Size  %age Used
          RAM_D1:      493064 B       512 KB     94.04%
           FLASH:      592064 B         1 MB     56.46%
         DTCMRAM:        6400 B       128 KB      4.88%
          SHARED:           0 B        256 B      0.00%
         SHARED2:           0 B        256 B      0.00%
          RAM_D2:        100 KB     163328 B     62.70%
          RAM_D3:           0 B        64 KB      0.00%
         ITCMRAM:           0 B        64 KB      0.00%
Finished building target: AFR_CM7.elf
 
arm-none-eabi-size  AFR_CM7.elf 
arm-none-eabi-objdump -h -S AFR_CM7.elf  > "AFR_CM7.list"
   text	   data	    bss	    dec	    hex	filename
 284256	 307796	 294064	 886116	  d8564	AFR_CM7.elf
Finished building: default.size.stdout
 
Finished building: AFR_CM7.list
 
01:12:37 **** Incremental Build of configuration Debug for project AFR_CM7 ****
make -j16 all 
arm-none-eabi-gcc "../Core/Src/main.c" -mcpu=cortex-m7 -std=gnu11 -g3 -DDEBUG -DCORE_CM7 -DUSE_HAL_DRIVER -DSTM32H755xx -DUSE_PWR_DIRECT_SMPS_SUPPLY -DUSE_NUCLEO_64 -DSTM32_THREAD_SAFE_STRATEGY=4 -c -I../Core/Inc -I../../Drivers/STM32H7xx_HAL_Driver/Inc -I../../Drivers/STM32H7xx_HAL_Driver/Inc/Legacy -I../../Middlewares/Third_Party/FreeRTOS/Source/include -I../../Middlewares/Third_Party/FreeRTOS/Source/CMSIS_RTOS_V2 -I../../Middlewares/Third_Party/FreeRTOS/Source/portable/GCC/ARM_CM4F -I../../Drivers/BSP/STM32H7xx_Nucleo -I../../Drivers/CMSIS/Device/ST/STM32H7xx/Include -I../../Drivers/CMSIS/Include -I../Core/ThreadSafe -I"C:/Users/nicks/STM32CubeIDE/workspace_1.19.0/AFR/AFR/CM7/Core/Include" -I"C:/Users/nicks/STM32CubeIDE/workspace_1.19.0/AFR/AFR/CM7/Core/Include/dsp" -I"C:/Users/nicks/STM32CubeIDE/workspace_1.19.0/AFR/AFR/CM7/Core/Src/control_update_MPC" -I"C:/Users/nicks/STM32CubeIDE/workspace_1.19.0/AFR/AFR/CM7/Core/Src/control_update_MPC/qpoases" -I"C:/Users/nicks/STM32CubeIDE/workspace_1.19.0/AFR/AFR/CM7/Core/Src/control_update_MPC/qpoases/INCLUDE" -I"C:/Users/nicks/STM32CubeIDE/workspace_1.19.0/AFR/AFR/CM7/Core/Src/control_update_MPC/qpoases/SRC" -O0 -ffunction-sections -fdata-sections -Wall -fstack-usage -fcyclomatic-complexity -MMD -MP -MF"Core/Src/main.d" -MT"Core/Src/main.o" --specs=nano.specs -mfpu=fpv5-d16 -mfloat-abi=hard -mthumb -o "Core/Src/main.o"
arm-none-eabi-g++ -o "AFR_CM7.elf" @"objects.list"   -mcpu=cortex-m7 -T"C:\Users\nicks\STM32CubeIDE\workspace_1.19.0\AFR\AFR\CM7\STM32H755ZITX_FLASH.ld" -Wl,-Map="AFR_CM7.map" -Wl,--gc-sections -static -Wl,-Map=AFR_CM7.map,--print-memory-usage --specs=nano.specs -mfpu=fpv5-d16 -mfloat-abi=hard -mthumb -u _printf_float -u _scanf_float -Wl,--start-group -lc -lm -lstdc++ -lsupc++ -Wl,--end-group
Memory region         Used Size  Region Size  %age Used
          RAM_D1:      493064 B       512 KB     94.04%
           FLASH:      592048 B         1 MB     56.46%
         DTCMRAM:        6400 B       128 KB      4.88%
          SHARED:           0 B        256 B      0.00%
         SHARED2:           0 B        256 B      0.00%
          RAM_D2:        100 KB     163328 B     62.70%
          RAM_D3:           0 B        64 KB      0.00%
         ITCMRAM:           0 B        64 KB      0.00%
Finished building target: AFR_CM7.elf
 
arm-none-eabi-size  AFR_CM7.elf 
arm-none-eabi-objdump -h -S AFR_CM7.elf  > "AFR_CM7.list"
   text	   data	    bss	    dec	    hex	filename
 284240	 307796	 294064	 886100	  d8554	AFR_CM7.elf
Finished building: default.size.stdout
 
Finished building: AFR_CM7.list
 
01:17:34 **** Incremental Build of configuration Debug for project AFR_CM7 ****
make -j16 all 
arm-none-eabi-gcc "../Core/Src/main.c" -mcpu=cortex-m7 -std=gnu11 -g3 -DDEBUG -DCORE_CM7 -DUSE_HAL_DRIVER -DSTM32H755xx -DUSE_PWR_DIRECT_SMPS_SUPPLY -DUSE_NUCLEO_64 -DSTM32_THREAD_SAFE_STRATEGY=4 -c -I../Core/Inc -I../../Drivers/STM32H7xx_HAL_Driver/Inc -I../../Drivers/STM32H7xx_HAL_Driver/Inc/Legacy -I../../Middlewares/Third_Party/FreeRTOS/Source/include -I../../Middlewares/Third_Party/FreeRTOS/Source/CMSIS_RTOS_V2 -I../../Middlewares/Third_Party/FreeRTOS/Source/portable/GCC/ARM_CM4F -I../../Drivers/BSP/STM32H7xx_Nucleo -I../../Drivers/CMSIS/Device/ST/STM32H7xx/Include -I../../Drivers/CMSIS/Include -I../Core/ThreadSafe -I"C:/Users/nicks/STM32CubeIDE/workspace_1.19.0/AFR/AFR/CM7/Core/Include" -I"C:/Users/nicks/STM32CubeIDE/workspace_1.19.0/AFR/AFR/CM7/Core/Include/dsp" -I"C:/Users/nicks/STM32CubeIDE/workspace_1.19.0/AFR/AFR/CM7/Core/Src/control_update_MPC" -I"C:/Users/nicks/STM32CubeIDE/workspace_1.19.0/AFR/AFR/CM7/Core/Src/control_update_MPC/qpoases" -I"C:/Users/nicks/STM32CubeIDE/workspace_1.19.0/AFR/AFR/CM7/Core/Src/control_update_MPC/qpoases/INCLUDE" -I"C:/Users/nicks/STM32CubeIDE/workspace_1.19.0/AFR/AFR/CM7/Core/Src/control_update_MPC/qpoases/SRC" -O0 -ffunction-sections -fdata-sections -Wall -fstack-usage -fcyclomatic-complexity -MMD -MP -MF"Core/Src/main.d" -MT"Core/Src/main.o" --specs=nano.specs -mfpu=fpv5-d16 -mfloat-abi=hard -mthumb -o "Core/Src/main.o"
arm-none-eabi-g++ -o "AFR_CM7.elf" @"objects.list"   -mcpu=cortex-m7 -T"C:\Users\nicks\STM32CubeIDE\workspace_1.19.0\AFR\AFR\CM7\STM32H755ZITX_FLASH.ld" -Wl,-Map="AFR_CM7.map" -Wl,--gc-sections -static -Wl,-Map=AFR_CM7.map,--print-memory-usage --specs=nano.specs -mfpu=fpv5-d16 -mfloat-abi=hard -mthumb -u _printf_float -u _scanf_float -Wl,--start-group -lc -lm -lstdc++ -lsupc++ -Wl,--end-group
Memory region         Used Size  Region Size  %age Used
          RAM_D1:      493064 B       512 KB     94.04%
           FLASH:      592048 B         1 MB     56.46%
         DTCMRAM:        6400 B       128 KB      4.88%
          SHARED:           0 B        256 B      0.00%
         SHARED2:           0 B        256 B      0.00%
          RAM_D2:        100 KB     163328 B     62.70%
          RAM_D3:           0 B        64 KB      0.00%
         ITCMRAM:           0 B        64 KB      0.00%
Finished building target: AFR_CM7.elf
 
arm-none-eabi-size  AFR_CM7.elf 
arm-none-eabi-objdump -h -S AFR_CM7.elf  > "AFR_CM7.list"
   text	   data	    bss	    dec	    hex	filename
 284240	 307796	 294064	 886100	  d8554	AFR_CM7.elf
Finished building: default.size.stdout
 
Finished building: AFR_CM7.list
 
01:19:05 **** Incremental Build of configuration Debug for project AFR_CM7 ****
make -j16 all 
arm-none-eabi-gcc "../Core/Src/main.c" -mcpu=cortex-m7 -std=gnu11 -g3 -DDEBUG -DCORE_CM7 -DUSE_HAL_DRIVER -DSTM32H755xx -DUSE_PWR_DIRECT_SMPS_SUPPLY -DUSE_NUCLEO_64 -DSTM32_THREAD_SAFE_STRATEGY=4 -c -I../Core/Inc -I../../Drivers/STM32H7xx_HAL_Driver/Inc -I../../Drivers/STM32H7xx_HAL_Driver/Inc/Legacy -I../../Middlewares/Third_Party/FreeRTOS/Source/include -I../../Middlewares/Third_Party/FreeRTOS/Source/CMSIS_RTOS_V2 -I../../Middlewares/Third_Party/FreeRTOS/Source/portable/GCC/ARM_CM4F -I../../Drivers/BSP/STM32H7xx_Nucleo -I../../Drivers/CMSIS/Device/ST/STM32H7xx/Include -I../../Drivers/CMSIS/Include -I../Core/ThreadSafe -I"C:/Users/nicks/STM32CubeIDE/workspace_1.19.0/AFR/AFR/CM7/Core/Include" -I"C:/Users/nicks/STM32CubeIDE/workspace_1.19.0/AFR/AFR/CM7/Core/Include/dsp" -I"C:/Users/nicks/STM32CubeIDE/workspace_1.19.0/AFR/AFR/CM7/Core/Src/control_update_MPC" -I"C:/Users/nicks/STM32CubeIDE/workspace_1.19.0/AFR/AFR/CM7/Core/Src/control_update_MPC/qpoases" -I"C:/Users/nicks/STM32CubeIDE/workspace_1.19.0/AFR/AFR/CM7/Core/Src/control_update_MPC/qpoases/INCLUDE" -I"C:/Users/nicks/STM32CubeIDE/workspace_1.19.0/AFR/AFR/CM7/Core/Src/control_update_MPC/qpoases/SRC" -O0 -ffunction-sections -fdata-sections -Wall -fstack-usage -fcyclomatic-complexity -MMD -MP -MF"Core/Src/main.d" -MT"Core/Src/main.o" --specs=nano.specs -mfpu=fpv5-d16 -mfloat-abi=hard -mthumb -o "Core/Src/main.o"
arm-none-eabi-g++ -o "AFR_CM7.elf" @"objects.list"   -mcpu=cortex-m7 -T"C:\Users\nicks\STM32CubeIDE\workspace_1.19.0\AFR\AFR\CM7\STM32H755ZITX_FLASH.ld" -Wl,-Map="AFR_CM7.map" -Wl,--gc-sections -static -Wl,-Map=AFR_CM7.map,--print-memory-usage --specs=nano.specs -mfpu=fpv5-d16 -mfloat-abi=hard -mthumb -u _printf_float -u _scanf_float -Wl,--start-group -lc -lm -lstdc++ -lsupc++ -Wl,--end-group
Memory region         Used Size  Region Size  %age Used
          RAM_D1:      493064 B       512 KB     94.04%
           FLASH:      592048 B         1 MB     56.46%
         DTCMRAM:        6400 B       128 KB      4.88%
          SHARED:           0 B        256 B      0.00%
         SHARED2:           0 B        256 B      0.00%
          RAM_D2:        100 KB     163328 B     62.70%
          RAM_D3:           0 B        64 KB      0.00%
         ITCMRAM:           0 B        64 KB      0.00%
Finished building target: AFR_CM7.elf
 
arm-none-eabi-size  AFR_CM7.elf 
arm-none-eabi-objdump -h -S AFR_CM7.elf  > "AFR_CM7.list"
   text	   data	    bss	    dec	    hex	filename
 284240	 307796	 294064	 886100	  d8554	AFR_CM7.elf
Finished building: default.size.stdout
 
Finished building: AFR_CM7.list
 
01:35:15 **** Incremental Build of configuration Debug for project AFR_CM7 ****
make -j16 all 
arm-none-eabi-gcc "../Core/Src/main.c" -mcpu=cortex-m7 -std=gnu11 -g3 -DDEBUG -DCORE_CM7 -DUSE_HAL_DRIVER -DSTM32H755xx -DUSE_PWR_DIRECT_SMPS_SUPPLY -DUSE_NUCLEO_64 -DSTM32_THREAD_SAFE_STRATEGY=4 -c -I../Core/Inc -I../../Drivers/STM32H7xx_HAL_Driver/Inc -I../../Drivers/STM32H7xx_HAL_Driver/Inc/Legacy -I../../Middlewares/Third_Party/FreeRTOS/Source/include -I../../Middlewares/Third_Party/FreeRTOS/Source/CMSIS_RTOS_V2 -I../../Middlewares/Third_Party/FreeRTOS/Source/portable/GCC/ARM_CM4F -I../../Drivers/BSP/STM32H7xx_Nucleo -I../../Drivers/CMSIS/Device/ST/STM32H7xx/Include -I../../Drivers/CMSIS/Include -I../Core/ThreadSafe -I"C:/Users/nicks/STM32CubeIDE/workspace_1.19.0/AFR/AFR/CM7/Core/Include" -I"C:/Users/nicks/STM32CubeIDE/workspace_1.19.0/AFR/AFR/CM7/Core/Include/dsp" -I"C:/Users/nicks/STM32CubeIDE/workspace_1.19.0/AFR/AFR/CM7/Core/Src/control_update_MPC" -I"C:/Users/nicks/STM32CubeIDE/workspace_1.19.0/AFR/AFR/CM7/Core/Src/control_update_MPC/qpoases" -I"C:/Users/nicks/STM32CubeIDE/workspace_1.19.0/AFR/AFR/CM7/Core/Src/control_update_MPC/qpoases/INCLUDE" -I"C:/Users/nicks/STM32CubeIDE/workspace_1.19.0/AFR/AFR/CM7/Core/Src/control_update_MPC/qpoases/SRC" -O0 -ffunction-sections -fdata-sections -Wall -fstack-usage -fcyclomatic-complexity -MMD -MP -MF"Core/Src/main.d" -MT"Core/Src/main.o" --specs=nano.specs -mfpu=fpv5-d16 -mfloat-abi=hard -mthumb -o "Core/Src/main.o"
arm-none-eabi-gcc "../Core/Src/ukf.c" -mcpu=cortex-m7 -std=gnu11 -g3 -DDEBUG -DCORE_CM7 -DUSE_HAL_DRIVER -DSTM32H755xx -DUSE_PWR_DIRECT_SMPS_SUPPLY -DUSE_NUCLEO_64 -DSTM32_THREAD_SAFE_STRATEGY=4 -c -I../Core/Inc -I../../Drivers/STM32H7xx_HAL_Driver/Inc -I../../Drivers/STM32H7xx_HAL_Driver/Inc/Legacy -I../../Middlewares/Third_Party/FreeRTOS/Source/include -I../../Middlewares/Third_Party/FreeRTOS/Source/CMSIS_RTOS_V2 -I../../Middlewares/Third_Party/FreeRTOS/Source/portable/GCC/ARM_CM4F -I../../Drivers/BSP/STM32H7xx_Nucleo -I../../Drivers/CMSIS/Device/ST/STM32H7xx/Include -I../../Drivers/CMSIS/Include -I../Core/ThreadSafe -I"C:/Users/nicks/STM32CubeIDE/workspace_1.19.0/AFR/AFR/CM7/Core/Include" -I"C:/Users/nicks/STM32CubeIDE/workspace_1.19.0/AFR/AFR/CM7/Core/Include/dsp" -I"C:/Users/nicks/STM32CubeIDE/workspace_1.19.0/AFR/AFR/CM7/Core/Src/control_update_MPC" -I"C:/Users/nicks/STM32CubeIDE/workspace_1.19.0/AFR/AFR/CM7/Core/Src/control_update_MPC/qpoases" -I"C:/Users/nicks/STM32CubeIDE/workspace_1.19.0/AFR/AFR/CM7/Core/Src/control_update_MPC/qpoases/INCLUDE" -I"C:/Users/nicks/STM32CubeIDE/workspace_1.19.0/AFR/AFR/CM7/Core/Src/control_update_MPC/qpoases/SRC" -O0 -ffunction-sections -fdata-sections -Wall -fstack-usage -fcyclomatic-complexity -MMD -MP -MF"Core/Src/ukf.d" -MT"Core/Src/ukf.o" --specs=nano.specs -mfpu=fpv5-d16 -mfloat-abi=hard -mthumb -o "Core/Src/ukf.o"
In file included from ../Core/Inc/trajectory.h:7,
                 from ../Core/Src/ukf.c:15:
../Core/Inc/main.h:80:15: warning: 'rtotag' defined but not used [-Wunused-variable]
   80 | static double rtotag = 0.5;             // min. radius to tag
      |               ^~~~~~
../Core/Inc/main.h:79:15: warning: 'rtoothers' defined but not used [-Wunused-variable]
   79 | static double rtoothers = 0.3;  // min. radius to other waypoints
      |               ^~~~~~~~~
arm-none-eabi-g++ -o "AFR_CM7.elf" @"objects.list"   -mcpu=cortex-m7 -T"C:\Users\nicks\STM32CubeIDE\workspace_1.19.0\AFR\AFR\CM7\STM32H755ZITX_FLASH.ld" -Wl,-Map="AFR_CM7.map" -Wl,--gc-sections -static -Wl,-Map=AFR_CM7.map,--print-memory-usage --specs=nano.specs -mfpu=fpv5-d16 -mfloat-abi=hard -mthumb -u _printf_float -u _scanf_float -Wl,--start-group -lc -lm -lstdc++ -lsupc++ -Wl,--end-group
Memory region         Used Size  Region Size  %age Used
          RAM_D1:      493064 B       512 KB     94.04%
           FLASH:      592000 B         1 MB     56.46%
         DTCMRAM:        6400 B       128 KB      4.88%
          SHARED:           0 B        256 B      0.00%
         SHARED2:           0 B        256 B      0.00%
          RAM_D2:        100 KB     163328 B     62.70%
          RAM_D3:           0 B        64 KB      0.00%
         ITCMRAM:           0 B        64 KB      0.00%
Finished building target: AFR_CM7.elf
 
arm-none-eabi-size  AFR_CM7.elf 
arm-none-eabi-objdump -h -S AFR_CM7.elf  > "AFR_CM7.list"
   text	   data	    bss	    dec	    hex	filename
 284192	 307796	 294064	 886052	  d8524	AFR_CM7.elf
Finished building: default.size.stdout
 
Finished building: AFR_CM7.list
 
01:37:01 **** Incremental Build of configuration Debug for project AFR_CM7 ****
make -j16 all 
arm-none-eabi-gcc "../Core/Src/main.c" -mcpu=cortex-m7 -std=gnu11 -g3 -DDEBUG -DCORE_CM7 -DUSE_HAL_DRIVER -DSTM32H755xx -DUSE_PWR_DIRECT_SMPS_SUPPLY -DUSE_NUCLEO_64 -DSTM32_THREAD_SAFE_STRATEGY=4 -c -I../Core/Inc -I../../Drivers/STM32H7xx_HAL_Driver/Inc -I../../Drivers/STM32H7xx_HAL_Driver/Inc/Legacy -I../../Middlewares/Third_Party/FreeRTOS/Source/include -I../../Middlewares/Third_Party/FreeRTOS/Source/CMSIS_RTOS_V2 -I../../Middlewares/Third_Party/FreeRTOS/Source/portable/GCC/ARM_CM4F -I../../Drivers/BSP/STM32H7xx_Nucleo -I../../Drivers/CMSIS/Device/ST/STM32H7xx/Include -I../../Drivers/CMSIS/Include -I../Core/ThreadSafe -I"C:/Users/nicks/STM32CubeIDE/workspace_1.19.0/AFR/AFR/CM7/Core/Include" -I"C:/Users/nicks/STM32CubeIDE/workspace_1.19.0/AFR/AFR/CM7/Core/Include/dsp" -I"C:/Users/nicks/STM32CubeIDE/workspace_1.19.0/AFR/AFR/CM7/Core/Src/control_update_MPC" -I"C:/Users/nicks/STM32CubeIDE/workspace_1.19.0/AFR/AFR/CM7/Core/Src/control_update_MPC/qpoases" -I"C:/Users/nicks/STM32CubeIDE/workspace_1.19.0/AFR/AFR/CM7/Core/Src/control_update_MPC/qpoases/INCLUDE" -I"C:/Users/nicks/STM32CubeIDE/workspace_1.19.0/AFR/AFR/CM7/Core/Src/control_update_MPC/qpoases/SRC" -O0 -ffunction-sections -fdata-sections -Wall -fstack-usage -fcyclomatic-complexity -MMD -MP -MF"Core/Src/main.d" -MT"Core/Src/main.o" --specs=nano.specs -mfpu=fpv5-d16 -mfloat-abi=hard -mthumb -o "Core/Src/main.o"
arm-none-eabi-g++ -o "AFR_CM7.elf" @"objects.list"   -mcpu=cortex-m7 -T"C:\Users\nicks\STM32CubeIDE\workspace_1.19.0\AFR\AFR\CM7\STM32H755ZITX_FLASH.ld" -Wl,-Map="AFR_CM7.map" -Wl,--gc-sections -static -Wl,-Map=AFR_CM7.map,--print-memory-usage --specs=nano.specs -mfpu=fpv5-d16 -mfloat-abi=hard -mthumb -u _printf_float -u _scanf_float -Wl,--start-group -lc -lm -lstdc++ -lsupc++ -Wl,--end-group
Memory region         Used Size  Region Size  %age Used
          RAM_D1:      493064 B       512 KB     94.04%
           FLASH:      592000 B         1 MB     56.46%
         DTCMRAM:        6400 B       128 KB      4.88%
          SHARED:           0 B        256 B      0.00%
         SHARED2:           0 B        256 B      0.00%
          RAM_D2:        100 KB     163328 B     62.70%
          RAM_D3:           0 B        64 KB      0.00%
         ITCMRAM:           0 B        64 KB      0.00%
Finished building target: AFR_CM7.elf
 
arm-none-eabi-size  AFR_CM7.elf 
arm-none-eabi-objdump -h -S AFR_CM7.elf  > "AFR_CM7.list"
   text	   data	    bss	    dec	    hex	filename
 284192	 307796	 294064	 886052	  d8524	AFR_CM7.elf
Finished building: default.size.stdout
 
Finished building: AFR_CM7.list
 
01:39:12 **** Incremental Build of configuration Debug for project AFR_CM7 ****
make -j16 all 
arm-none-eabi-gcc "../Core/Src/main.c" -mcpu=cortex-m7 -std=gnu11 -g3 -DDEBUG -DCORE_CM7 -DUSE_HAL_DRIVER -DSTM32H755xx -DUSE_PWR_DIRECT_SMPS_SUPPLY -DUSE_NUCLEO_64 -DSTM32_THREAD_SAFE_STRATEGY=4 -c -I../Core/Inc -I../../Drivers/STM32H7xx_HAL_Driver/Inc -I../../Drivers/STM32H7xx_HAL_Driver/Inc/Legacy -I../../Middlewares/Third_Party/FreeRTOS/Source/include -I../../Middlewares/Third_Party/FreeRTOS/Source/CMSIS_RTOS_V2 -I../../Middlewares/Third_Party/FreeRTOS/Source/portable/GCC/ARM_CM4F -I../../Drivers/BSP/STM32H7xx_Nucleo -I../../Drivers/CMSIS/Device/ST/STM32H7xx/Include -I../../Drivers/CMSIS/Include -I../Core/ThreadSafe -I"C:/Users/nicks/STM32CubeIDE/workspace_1.19.0/AFR/AFR/CM7/Core/Include" -I"C:/Users/nicks/STM32CubeIDE/workspace_1.19.0/AFR/AFR/CM7/Core/Include/dsp" -I"C:/Users/nicks/STM32CubeIDE/workspace_1.19.0/AFR/AFR/CM7/Core/Src/control_update_MPC" -I"C:/Users/nicks/STM32CubeIDE/workspace_1.19.0/AFR/AFR/CM7/Core/Src/control_update_MPC/qpoases" -I"C:/Users/nicks/STM32CubeIDE/workspace_1.19.0/AFR/AFR/CM7/Core/Src/control_update_MPC/qpoases/INCLUDE" -I"C:/Users/nicks/STM32CubeIDE/workspace_1.19.0/AFR/AFR/CM7/Core/Src/control_update_MPC/qpoases/SRC" -O0 -ffunction-sections -fdata-sections -Wall -fstack-usage -fcyclomatic-complexity -MMD -MP -MF"Core/Src/main.d" -MT"Core/Src/main.o" --specs=nano.specs -mfpu=fpv5-d16 -mfloat-abi=hard -mthumb -o "Core/Src/main.o"
arm-none-eabi-g++ -o "AFR_CM7.elf" @"objects.list"   -mcpu=cortex-m7 -T"C:\Users\nicks\STM32CubeIDE\workspace_1.19.0\AFR\AFR\CM7\STM32H755ZITX_FLASH.ld" -Wl,-Map="AFR_CM7.map" -Wl,--gc-sections -static -Wl,-Map=AFR_CM7.map,--print-memory-usage --specs=nano.specs -mfpu=fpv5-d16 -mfloat-abi=hard -mthumb -u _printf_float -u _scanf_float -Wl,--start-group -lc -lm -lstdc++ -lsupc++ -Wl,--end-group
Memory region         Used Size  Region Size  %age Used
          RAM_D1:      493064 B       512 KB     94.04%
           FLASH:      592000 B         1 MB     56.46%
         DTCMRAM:        6400 B       128 KB      4.88%
          SHARED:           0 B        256 B      0.00%
         SHARED2:           0 B        256 B      0.00%
          RAM_D2:        100 KB     163328 B     62.70%
          RAM_D3:           0 B        64 KB      0.00%
         ITCMRAM:           0 B        64 KB      0.00%
Finished building target: AFR_CM7.elf
 
arm-none-eabi-size  AFR_CM7.elf 
arm-none-eabi-objdump -h -S AFR_CM7.elf  > "AFR_CM7.list"
   text	   data	    bss	    dec	    hex	filename
 284192	 307796	 294064	 886052	  d8524	AFR_CM7.elf
Finished building: default.size.stdout
 
Finished building: AFR_CM7.list
 
01:40:50 **** Incremental Build of configuration Debug for project AFR_CM7 ****
make -j16 all 
arm-none-eabi-gcc "../Core/Src/main.c" -mcpu=cortex-m7 -std=gnu11 -g3 -DDEBUG -DCORE_CM7 -DUSE_HAL_DRIVER -DSTM32H755xx -DUSE_PWR_DIRECT_SMPS_SUPPLY -DUSE_NUCLEO_64 -DSTM32_THREAD_SAFE_STRATEGY=4 -c -I../Core/Inc -I../../Drivers/STM32H7xx_HAL_Driver/Inc -I../../Drivers/STM32H7xx_HAL_Driver/Inc/Legacy -I../../Middlewares/Third_Party/FreeRTOS/Source/include -I../../Middlewares/Third_Party/FreeRTOS/Source/CMSIS_RTOS_V2 -I../../Middlewares/Third_Party/FreeRTOS/Source/portable/GCC/ARM_CM4F -I../../Drivers/BSP/STM32H7xx_Nucleo -I../../Drivers/CMSIS/Device/ST/STM32H7xx/Include -I../../Drivers/CMSIS/Include -I../Core/ThreadSafe -I"C:/Users/nicks/STM32CubeIDE/workspace_1.19.0/AFR/AFR/CM7/Core/Include" -I"C:/Users/nicks/STM32CubeIDE/workspace_1.19.0/AFR/AFR/CM7/Core/Include/dsp" -I"C:/Users/nicks/STM32CubeIDE/workspace_1.19.0/AFR/AFR/CM7/Core/Src/control_update_MPC" -I"C:/Users/nicks/STM32CubeIDE/workspace_1.19.0/AFR/AFR/CM7/Core/Src/control_update_MPC/qpoases" -I"C:/Users/nicks/STM32CubeIDE/workspace_1.19.0/AFR/AFR/CM7/Core/Src/control_update_MPC/qpoases/INCLUDE" -I"C:/Users/nicks/STM32CubeIDE/workspace_1.19.0/AFR/AFR/CM7/Core/Src/control_update_MPC/qpoases/SRC" -O0 -ffunction-sections -fdata-sections -Wall -fstack-usage -fcyclomatic-complexity -MMD -MP -MF"Core/Src/main.d" -MT"Core/Src/main.o" --specs=nano.specs -mfpu=fpv5-d16 -mfloat-abi=hard -mthumb -o "Core/Src/main.o"
arm-none-eabi-g++ -o "AFR_CM7.elf" @"objects.list"   -mcpu=cortex-m7 -T"C:\Users\nicks\STM32CubeIDE\workspace_1.19.0\AFR\AFR\CM7\STM32H755ZITX_FLASH.ld" -Wl,-Map="AFR_CM7.map" -Wl,--gc-sections -static -Wl,-Map=AFR_CM7.map,--print-memory-usage --specs=nano.specs -mfpu=fpv5-d16 -mfloat-abi=hard -mthumb -u _printf_float -u _scanf_float -Wl,--start-group -lc -lm -lstdc++ -lsupc++ -Wl,--end-group
Memory region         Used Size  Region Size  %age Used
          RAM_D1:      493064 B       512 KB     94.04%
           FLASH:      592000 B         1 MB     56.46%
         DTCMRAM:        6400 B       128 KB      4.88%
          SHARED:           0 B        256 B      0.00%
         SHARED2:           0 B        256 B      0.00%
          RAM_D2:        100 KB     163328 B     62.70%
          RAM_D3:           0 B        64 KB      0.00%
         ITCMRAM:           0 B        64 KB      0.00%
Finished building target: AFR_CM7.elf
 
arm-none-eabi-size  AFR_CM7.elf 
arm-none-eabi-objdump -h -S AFR_CM7.elf  > "AFR_CM7.list"
   text	   data	    bss	    dec	    hex	filename
 284192	 307796	 294064	 886052	  d8524	AFR_CM7.elf
Finished building: default.size.stdout
 
Finished building: AFR_CM7.list
 
01:42:15 **** Incremental Build of configuration Debug for project AFR_CM7 ****
make -j16 all 
arm-none-eabi-gcc "../Core/Src/main.c" -mcpu=cortex-m7 -std=gnu11 -g3 -DDEBUG -DCORE_CM7 -DUSE_HAL_DRIVER -DSTM32H755xx -DUSE_PWR_DIRECT_SMPS_SUPPLY -DUSE_NUCLEO_64 -DSTM32_THREAD_SAFE_STRATEGY=4 -c -I../Core/Inc -I../../Drivers/STM32H7xx_HAL_Driver/Inc -I../../Drivers/STM32H7xx_HAL_Driver/Inc/Legacy -I../../Middlewares/Third_Party/FreeRTOS/Source/include -I../../Middlewares/Third_Party/FreeRTOS/Source/CMSIS_RTOS_V2 -I../../Middlewares/Third_Party/FreeRTOS/Source/portable/GCC/ARM_CM4F -I../../Drivers/BSP/STM32H7xx_Nucleo -I../../Drivers/CMSIS/Device/ST/STM32H7xx/Include -I../../Drivers/CMSIS/Include -I../Core/ThreadSafe -I"C:/Users/nicks/STM32CubeIDE/workspace_1.19.0/AFR/AFR/CM7/Core/Include" -I"C:/Users/nicks/STM32CubeIDE/workspace_1.19.0/AFR/AFR/CM7/Core/Include/dsp" -I"C:/Users/nicks/STM32CubeIDE/workspace_1.19.0/AFR/AFR/CM7/Core/Src/control_update_MPC" -I"C:/Users/nicks/STM32CubeIDE/workspace_1.19.0/AFR/AFR/CM7/Core/Src/control_update_MPC/qpoases" -I"C:/Users/nicks/STM32CubeIDE/workspace_1.19.0/AFR/AFR/CM7/Core/Src/control_update_MPC/qpoases/INCLUDE" -I"C:/Users/nicks/STM32CubeIDE/workspace_1.19.0/AFR/AFR/CM7/Core/Src/control_update_MPC/qpoases/SRC" -O0 -ffunction-sections -fdata-sections -Wall -fstack-usage -fcyclomatic-complexity -MMD -MP -MF"Core/Src/main.d" -MT"Core/Src/main.o" --specs=nano.specs -mfpu=fpv5-d16 -mfloat-abi=hard -mthumb -o "Core/Src/main.o"
arm-none-eabi-g++ -o "AFR_CM7.elf" @"objects.list"   -mcpu=cortex-m7 -T"C:\Users\nicks\STM32CubeIDE\workspace_1.19.0\AFR\AFR\CM7\STM32H755ZITX_FLASH.ld" -Wl,-Map="AFR_CM7.map" -Wl,--gc-sections -static -Wl,-Map=AFR_CM7.map,--print-memory-usage --specs=nano.specs -mfpu=fpv5-d16 -mfloat-abi=hard -mthumb -u _printf_float -u _scanf_float -Wl,--start-group -lc -lm -lstdc++ -lsupc++ -Wl,--end-group
Memory region         Used Size  Region Size  %age Used
          RAM_D1:      493064 B       512 KB     94.04%
           FLASH:      592016 B         1 MB     56.46%
         DTCMRAM:        6400 B       128 KB      4.88%
[...]
Memory region         Used Size  Region Size  %age Used
          RAM_D1:      493064 B       512 KB     94.04%
           FLASH:      592016 B         1 MB     56.46%
         DTCMRAM:        6400 B       128 KB      4.88%
          SHARED:           0 B        256 B      0.00%
         SHARED2:           0 B        256 B      0.00%
          RAM_D2:        100 KB     163328 B     62.70%
          RAM_D3:           0 B        64 KB      0.00%
         ITCMRAM:           0 B        64 KB      0.00%
Finished building target: AFR_CM7.elf
 
arm-none-eabi-size  AFR_CM7.elf 
arm-none-eabi-objdump -h -S AFR_CM7.elf  > "AFR_CM7.list"
   text	   data	    bss	    dec	    hex	filename
 284208	 307796	 294064	 886068	  d8534	AFR_CM7.elf
Finished building: default.size.stdout
 
Finished building: AFR_CM7.list
 
01:47:46 **** Incremental Build of configuration Debug for project AFR_CM7 ****
make -j16 all 
arm-none-eabi-gcc "../Core/Src/main.c" -mcpu=cortex-m7 -std=gnu11 -g3 -DDEBUG -DCORE_CM7 -DUSE_HAL_DRIVER -DSTM32H755xx -DUSE_PWR_DIRECT_SMPS_SUPPLY -DUSE_NUCLEO_64 -DSTM32_THREAD_SAFE_STRATEGY=4 -c -I../Core/Inc -I../../Drivers/STM32H7xx_HAL_Driver/Inc -I../../Drivers/STM32H7xx_HAL_Driver/Inc/Legacy -I../../Middlewares/Third_Party/FreeRTOS/Source/include -I../../Middlewares/Third_Party/FreeRTOS/Source/CMSIS_RTOS_V2 -I../../Middlewares/Third_Party/FreeRTOS/Source/portable/GCC/ARM_CM4F -I../../Drivers/BSP/STM32H7xx_Nucleo -I../../Drivers/CMSIS/Device/ST/STM32H7xx/Include -I../../Drivers/CMSIS/Include -I../Core/ThreadSafe -I"C:/Users/nicks/STM32CubeIDE/workspace_1.19.0/AFR/AFR/CM7/Core/Include" -I"C:/Users/nicks/STM32CubeIDE/workspace_1.19.0/AFR/AFR/CM7/Core/Include/dsp" -I"C:/Users/nicks/STM32CubeIDE/workspace_1.19.0/AFR/AFR/CM7/Core/Src/control_update_MPC" -I"C:/Users/nicks/STM32CubeIDE/workspace_1.19.0/AFR/AFR/CM7/Core/Src/control_update_MPC/qpoases" -I"C:/Users/nicks/STM32CubeIDE/workspace_1.19.0/AFR/AFR/CM7/Core/Src/control_update_MPC/qpoases/INCLUDE" -I"C:/Users/nicks/STM32CubeIDE/workspace_1.19.0/AFR/AFR/CM7/Core/Src/control_update_MPC/qpoases/SRC" -O0 -ffunction-sections -fdata-sections -Wall -fstack-usage -fcyclomatic-complexity -MMD -MP -MF"Core/Src/main.d" -MT"Core/Src/main.o" --specs=nano.specs -mfpu=fpv5-d16 -mfloat-abi=hard -mthumb -o "Core/Src/main.o"
arm-none-eabi-g++ -o "AFR_CM7.elf" @"objects.list"   -mcpu=cortex-m7 -T"C:\Users\nicks\STM32CubeIDE\workspace_1.19.0\AFR\AFR\CM7\STM32H755ZITX_FLASH.ld" -Wl,-Map="AFR_CM7.map" -Wl,--gc-sections -static -Wl,-Map=AFR_CM7.map,--print-memory-usage --specs=nano.specs -mfpu=fpv5-d16 -mfloat-abi=hard -mthumb -u _printf_float -u _scanf_float -Wl,--start-group -lc -lm -lstdc++ -lsupc++ -Wl,--end-group
Memory region         Used Size  Region Size  %age Used
          RAM_D1:      493064 B       512 KB     94.04%
           FLASH:      592016 B         1 MB     56.46%
         DTCMRAM:        6400 B       128 KB      4.88%
          SHARED:           0 B        256 B      0.00%
         SHARED2:           0 B        256 B      0.00%
          RAM_D2:        100 KB     163328 B     62.70%
          RAM_D3:           0 B        64 KB      0.00%
         ITCMRAM:           0 B        64 KB      0.00%
Finished building target: AFR_CM7.elf
 
arm-none-eabi-size  AFR_CM7.elf 
arm-none-eabi-objdump -h -S AFR_CM7.elf  > "AFR_CM7.list"
   text	   data	    bss	    dec	    hex	filename
 284208	 307796	 294064	 886068	  d8534	AFR_CM7.elf
Finished building: default.size.stdout
 
Finished building: AFR_CM7.list
 
01:48:32 **** Incremental Build of configuration Debug for project AFR_CM7 ****
make -j16 all 
arm-none-eabi-gcc "../Core/Src/main.c" -mcpu=cortex-m7 -std=gnu11 -g3 -DDEBUG -DCORE_CM7 -DUSE_HAL_DRIVER -DSTM32H755xx -DUSE_PWR_DIRECT_SMPS_SUPPLY -DUSE_NUCLEO_64 -DSTM32_THREAD_SAFE_STRATEGY=4 -c -I../Core/Inc -I../../Drivers/STM32H7xx_HAL_Driver/Inc -I../../Drivers/STM32H7xx_HAL_Driver/Inc/Legacy -I../../Middlewares/Third_Party/FreeRTOS/Source/include -I../../Middlewares/Third_Party/FreeRTOS/Source/CMSIS_RTOS_V2 -I../../Middlewares/Third_Party/FreeRTOS/Source/portable/GCC/ARM_CM4F -I../../Drivers/BSP/STM32H7xx_Nucleo -I../../Drivers/CMSIS/Device/ST/STM32H7xx/Include -I../../Drivers/CMSIS/Include -I../Core/ThreadSafe -I"C:/Users/nicks/STM32CubeIDE/workspace_1.19.0/AFR/AFR/CM7/Core/Include" -I"C:/Users/nicks/STM32CubeIDE/workspace_1.19.0/AFR/AFR/CM7/Core/Include/dsp" -I"C:/Users/nicks/STM32CubeIDE/workspace_1.19.0/AFR/AFR/CM7/Core/Src/control_update_MPC" -I"C:/Users/nicks/STM32CubeIDE/workspace_1.19.0/AFR/AFR/CM7/Core/Src/control_update_MPC/qpoases" -I"C:/Users/nicks/STM32CubeIDE/workspace_1.19.0/AFR/AFR/CM7/Core/Src/control_update_MPC/qpoases/INCLUDE" -I"C:/Users/nicks/STM32CubeIDE/workspace_1.19.0/AFR/AFR/CM7/Core/Src/control_update_MPC/qpoases/SRC" -O0 -ffunction-sections -fdata-sections -Wall -fstack-usage -fcyclomatic-complexity -MMD -MP -MF"Core/Src/main.d" -MT"Core/Src/main.o" --specs=nano.specs -mfpu=fpv5-d16 -mfloat-abi=hard -mthumb -o "Core/Src/main.o"
arm-none-eabi-g++ -o "AFR_CM7.elf" @"objects.list"   -mcpu=cortex-m7 -T"C:\Users\nicks\STM32CubeIDE\workspace_1.19.0\AFR\AFR\CM7\STM32H755ZITX_FLASH.ld" -Wl,-Map="AFR_CM7.map" -Wl,--gc-sections -static -Wl,-Map=AFR_CM7.map,--print-memory-usage --specs=nano.specs -mfpu=fpv5-d16 -mfloat-abi=hard -mthumb -u _printf_float -u _scanf_float -Wl,--start-group -lc -lm -lstdc++ -lsupc++ -Wl,--end-group
Memory region         Used Size  Region Size  %age Used
          RAM_D1:      493064 B       512 KB     94.04%
           FLASH:      592016 B         1 MB     56.46%
         DTCMRAM:        6400 B       128 KB      4.88%
          SHARED:           0 B        256 B      0.00%
         SHARED2:           0 B        256 B      0.00%
          RAM_D2:        100 KB     163328 B     62.70%
          RAM_D3:           0 B        64 KB      0.00%
         ITCMRAM:           0 B        64 KB      0.00%
Finished building target: AFR_CM7.elf
 
arm-none-eabi-size  AFR_CM7.elf 
arm-none-eabi-objdump -h -S AFR_CM7.elf  > "AFR_CM7.list"
   text	   data	    bss	    dec	    hex	filename
 284208	 307796	 294064	 886068	  d8534	AFR_CM7.elf
Finished building: default.size.stdout
 
Finished building: AFR_CM7.list
 
01:49:55 **** Incremental Build of configuration Debug for project AFR_CM7 ****
make -j16 all 
arm-none-eabi-gcc "../Core/Src/main.c" -mcpu=cortex-m7 -std=gnu11 -g3 -DDEBUG -DCORE_CM7 -DUSE_HAL_DRIVER -DSTM32H755xx -DUSE_PWR_DIRECT_SMPS_SUPPLY -DUSE_NUCLEO_64 -DSTM32_THREAD_SAFE_STRATEGY=4 -c -I../Core/Inc -I../../Drivers/STM32H7xx_HAL_Driver/Inc -I../../Drivers/STM32H7xx_HAL_Driver/Inc/Legacy -I../../Middlewares/Third_Party/FreeRTOS/Source/include -I../../Middlewares/Third_Party/FreeRTOS/Source/CMSIS_RTOS_V2 -I../../Middlewares/Third_Party/FreeRTOS/Source/portable/GCC/ARM_CM4F -I../../Drivers/BSP/STM32H7xx_Nucleo -I../../Drivers/CMSIS/Device/ST/STM32H7xx/Include -I../../Drivers/CMSIS/Include -I../Core/ThreadSafe -I"C:/Users/nicks/STM32CubeIDE/workspace_1.19.0/AFR/AFR/CM7/Core/Include" -I"C:/Users/nicks/STM32CubeIDE/workspace_1.19.0/AFR/AFR/CM7/Core/Include/dsp" -I"C:/Users/nicks/STM32CubeIDE/workspace_1.19.0/AFR/AFR/CM7/Core/Src/control_update_MPC" -I"C:/Users/nicks/STM32CubeIDE/workspace_1.19.0/AFR/AFR/CM7/Core/Src/control_update_MPC/qpoases" -I"C:/Users/nicks/STM32CubeIDE/workspace_1.19.0/AFR/AFR/CM7/Core/Src/control_update_MPC/qpoases/INCLUDE" -I"C:/Users/nicks/STM32CubeIDE/workspace_1.19.0/AFR/AFR/CM7/Core/Src/control_update_MPC/qpoases/SRC" -O0 -ffunction-sections -fdata-sections -Wall -fstack-usage -fcyclomatic-complexity -MMD -MP -MF"Core/Src/main.d" -MT"Core/Src/main.o" --specs=nano.specs -mfpu=fpv5-d16 -mfloat-abi=hard -mthumb -o "Core/Src/main.o"
arm-none-eabi-g++ -o "AFR_CM7.elf" @"objects.list"   -mcpu=cortex-m7 -T"C:\Users\nicks\STM32CubeIDE\workspace_1.19.0\AFR\AFR\CM7\STM32H755ZITX_FLASH.ld" -Wl,-Map="AFR_CM7.map" -Wl,--gc-sections -static -Wl,-Map=AFR_CM7.map,--print-memory-usage --specs=nano.specs -mfpu=fpv5-d16 -mfloat-abi=hard -mthumb -u _printf_float -u _scanf_float -Wl,--start-group -lc -lm -lstdc++ -lsupc++ -Wl,--end-group
Memory region         Used Size  Region Size  %age Used
          RAM_D1:      493064 B       512 KB     94.04%
           FLASH:      592016 B         1 MB     56.46%
         DTCMRAM:        6400 B       128 KB      4.88%
          SHARED:           0 B        256 B      0.00%
         SHARED2:           0 B        256 B      0.00%
          RAM_D2:        100 KB     163328 B     62.70%
          RAM_D3:           0 B        64 KB      0.00%
         ITCMRAM:           0 B        64 KB      0.00%
Finished building target: AFR_CM7.elf
 
arm-none-eabi-size  AFR_CM7.elf 
arm-none-eabi-objdump -h -S AFR_CM7.elf  > "AFR_CM7.list"
   text	   data	    bss	    dec	    hex	filename
 284208	 307796	 294064	 886068	  d8534	AFR_CM7.elf
Finished building: default.size.stdout
 
Finished building: AFR_CM7.list
 
01:50:49 **** Incremental Build of configuration Debug for project AFR_CM7 ****
make -j16 all 
arm-none-eabi-gcc "../Core/Src/main.c" -mcpu=cortex-m7 -std=gnu11 -g3 -DDEBUG -DCORE_CM7 -DUSE_HAL_DRIVER -DSTM32H755xx -DUSE_PWR_DIRECT_SMPS_SUPPLY -DUSE_NUCLEO_64 -DSTM32_THREAD_SAFE_STRATEGY=4 -c -I../Core/Inc -I../../Drivers/STM32H7xx_HAL_Driver/Inc -I../../Drivers/STM32H7xx_HAL_Driver/Inc/Legacy -I../../Middlewares/Third_Party/FreeRTOS/Source/include -I../../Middlewares/Third_Party/FreeRTOS/Source/CMSIS_RTOS_V2 -I../../Middlewares/Third_Party/FreeRTOS/Source/portable/GCC/ARM_CM4F -I../../Drivers/BSP/STM32H7xx_Nucleo -I../../Drivers/CMSIS/Device/ST/STM32H7xx/Include -I../../Drivers/CMSIS/Include -I../Core/ThreadSafe -I"C:/Users/nicks/STM32CubeIDE/workspace_1.19.0/AFR/AFR/CM7/Core/Include" -I"C:/Users/nicks/STM32CubeIDE/workspace_1.19.0/AFR/AFR/CM7/Core/Include/dsp" -I"C:/Users/nicks/STM32CubeIDE/workspace_1.19.0/AFR/AFR/CM7/Core/Src/control_update_MPC" -I"C:/Users/nicks/STM32CubeIDE/workspace_1.19.0/AFR/AFR/CM7/Core/Src/control_update_MPC/qpoases" -I"C:/Users/nicks/STM32CubeIDE/workspace_1.19.0/AFR/AFR/CM7/Core/Src/control_update_MPC/qpoases/INCLUDE" -I"C:/Users/nicks/STM32CubeIDE/workspace_1.19.0/AFR/AFR/CM7/Core/Src/control_update_MPC/qpoases/SRC" -O0 -ffunction-sections -fdata-sections -Wall -fstack-usage -fcyclomatic-complexity -MMD -MP -MF"Core/Src/main.d" -MT"Core/Src/main.o" --specs=nano.specs -mfpu=fpv5-d16 -mfloat-abi=hard -mthumb -o "Core/Src/main.o"
arm-none-eabi-g++ -o "AFR_CM7.elf" @"objects.list"   -mcpu=cortex-m7 -T"C:\Users\nicks\STM32CubeIDE\workspace_1.19.0\AFR\AFR\CM7\STM32H755ZITX_FLASH.ld" -Wl,-Map="AFR_CM7.map" -Wl,--gc-sections -static -Wl,-Map=AFR_CM7.map,--print-memory-usage --specs=nano.specs -mfpu=fpv5-d16 -mfloat-abi=hard -mthumb -u _printf_float -u _scanf_float -Wl,--start-group -lc -lm -lstdc++ -lsupc++ -Wl,--end-group
Memory region         Used Size  Region Size  %age Used
          RAM_D1:      493064 B       512 KB     94.04%
           FLASH:      592016 B         1 MB     56.46%
         DTCMRAM:        6400 B       128 KB      4.88%
          SHARED:           0 B        256 B      0.00%
         SHARED2:           0 B        256 B      0.00%
          RAM_D2:        100 KB     163328 B     62.70%
          RAM_D3:           0 B        64 KB      0.00%
         ITCMRAM:           0 B        64 KB      0.00%
Finished building target: AFR_CM7.elf
 
arm-none-eabi-size  AFR_CM7.elf 
arm-none-eabi-objdump -h -S AFR_CM7.elf  > "AFR_CM7.list"
   text	   data	    bss	    dec	    hex	filename
 284208	 307796	 294064	 886068	  d8534	AFR_CM7.elf
Finished building: default.size.stdout
 
Finished building: AFR_CM7.list
 
01:51:47 **** Incremental Build of configuration Debug for project AFR_CM7 ****
make -j16 all 
arm-none-eabi-gcc "../Core/Src/main.c" -mcpu=cortex-m7 -std=gnu11 -g3 -DDEBUG -DCORE_CM7 -DUSE_HAL_DRIVER -DSTM32H755xx -DUSE_PWR_DIRECT_SMPS_SUPPLY -DUSE_NUCLEO_64 -DSTM32_THREAD_SAFE_STRATEGY=4 -c -I../Core/Inc -I../../Drivers/STM32H7xx_HAL_Driver/Inc -I../../Drivers/STM32H7xx_HAL_Driver/Inc/Legacy -I../../Middlewares/Third_Party/FreeRTOS/Source/include -I../../Middlewares/Third_Party/FreeRTOS/Source/CMSIS_RTOS_V2 -I../../Middlewares/Third_Party/FreeRTOS/Source/portable/GCC/ARM_CM4F -I../../Drivers/BSP/STM32H7xx_Nucleo -I../../Drivers/CMSIS/Device/ST/STM32H7xx/Include -I../../Drivers/CMSIS/Include -I../Core/ThreadSafe -I"C:/Users/nicks/STM32CubeIDE/workspace_1.19.0/AFR/AFR/CM7/Core/Include" -I"C:/Users/nicks/STM32CubeIDE/workspace_1.19.0/AFR/AFR/CM7/Core/Include/dsp" -I"C:/Users/nicks/STM32CubeIDE/workspace_1.19.0/AFR/AFR/CM7/Core/Src/control_update_MPC" -I"C:/Users/nicks/STM32CubeIDE/workspace_1.19.0/AFR/AFR/CM7/Core/Src/control_update_MPC/qpoases" -I"C:/Users/nicks/STM32CubeIDE/workspace_1.19.0/AFR/AFR/CM7/Core/Src/control_update_MPC/qpoases/INCLUDE" -I"C:/Users/nicks/STM32CubeIDE/workspace_1.19.0/AFR/AFR/CM7/Core/Src/control_update_MPC/qpoases/SRC" -O0 -ffunction-sections -fdata-sections -Wall -fstack-usage -fcyclomatic-complexity -MMD -MP -MF"Core/Src/main.d" -MT"Core/Src/main.o" --specs=nano.specs -mfpu=fpv5-d16 -mfloat-abi=hard -mthumb -o "Core/Src/main.o"
arm-none-eabi-g++ -o "AFR_CM7.elf" @"objects.list"   -mcpu=cortex-m7 -T"C:\Users\nicks\STM32CubeIDE\workspace_1.19.0\AFR\AFR\CM7\STM32H755ZITX_FLASH.ld" -Wl,-Map="AFR_CM7.map" -Wl,--gc-sections -static -Wl,-Map=AFR_CM7.map,--print-memory-usage --specs=nano.specs -mfpu=fpv5-d16 -mfloat-abi=hard -mthumb -u _printf_float -u _scanf_float -Wl,--start-group -lc -lm -lstdc++ -lsupc++ -Wl,--end-group
Memory region         Used Size  Region Size  %age Used
          RAM_D1:      493064 B       512 KB     94.04%
           FLASH:      592016 B         1 MB     56.46%
         DTCMRAM:        6400 B       128 KB      4.88%
          SHARED:           0 B        256 B      0.00%
         SHARED2:           0 B        256 B      0.00%
          RAM_D2:        100 KB     163328 B     62.70%
          RAM_D3:           0 B        64 KB      0.00%
         ITCMRAM:           0 B        64 KB      0.00%
Finished building target: AFR_CM7.elf
 
arm-none-eabi-size  AFR_CM7.elf 
arm-none-eabi-objdump -h -S AFR_CM7.elf  > "AFR_CM7.list"
   text	   data	    bss	    dec	    hex	filename
 284208	 307796	 294064	 886068	  d8534	AFR_CM7.elf
Finished building: default.size.stdout
 
Finished building: AFR_CM7.list
 
01:55:00 **** Incremental Build of configuration Debug for project AFR_CM7 ****
make -j16 all 
arm-none-eabi-gcc "../Core/Src/main.c" -mcpu=cortex-m7 -std=gnu11 -g3 -DDEBUG -DCORE_CM7 -DUSE_HAL_DRIVER -DSTM32H755xx -DUSE_PWR_DIRECT_SMPS_SUPPLY -DUSE_NUCLEO_64 -DSTM32_THREAD_SAFE_STRATEGY=4 -c -I../Core/Inc -I../../Drivers/STM32H7xx_HAL_Driver/Inc -I../../Drivers/STM32H7xx_HAL_Driver/Inc/Legacy -I../../Middlewares/Third_Party/FreeRTOS/Source/include -I../../Middlewares/Third_Party/FreeRTOS/Source/CMSIS_RTOS_V2 -I../../Middlewares/Third_Party/FreeRTOS/Source/portable/GCC/ARM_CM4F -I../../Drivers/BSP/STM32H7xx_Nucleo -I../../Drivers/CMSIS/Device/ST/STM32H7xx/Include -I../../Drivers/CMSIS/Include -I../Core/ThreadSafe -I"C:/Users/nicks/STM32CubeIDE/workspace_1.19.0/AFR/AFR/CM7/Core/Include" -I"C:/Users/nicks/STM32CubeIDE/workspace_1.19.0/AFR/AFR/CM7/Core/Include/dsp" -I"C:/Users/nicks/STM32CubeIDE/workspace_1.19.0/AFR/AFR/CM7/Core/Src/control_update_MPC" -I"C:/Users/nicks/STM32CubeIDE/workspace_1.19.0/AFR/AFR/CM7/Core/Src/control_update_MPC/qpoases" -I"C:/Users/nicks/STM32CubeIDE/workspace_1.19.0/AFR/AFR/CM7/Core/Src/control_update_MPC/qpoases/INCLUDE" -I"C:/Users/nicks/STM32CubeIDE/workspace_1.19.0/AFR/AFR/CM7/Core/Src/control_update_MPC/qpoases/SRC" -O0 -ffunction-sections -fdata-sections -Wall -fstack-usage -fcyclomatic-complexity -MMD -MP -MF"Core/Src/main.d" -MT"Core/Src/main.o" --specs=nano.specs -mfpu=fpv5-d16 -mfloat-abi=hard -mthumb -o "Core/Src/main.o"
arm-none-eabi-g++ -o "AFR_CM7.elf" @"objects.list"   -mcpu=cortex-m7 -T"C:\Users\nicks\STM32CubeIDE\workspace_1.19.0\AFR\AFR\CM7\STM32H755ZITX_FLASH.ld" -Wl,-Map="AFR_CM7.map" -Wl,--gc-sections -static -Wl,-Map=AFR_CM7.map,--print-memory-usage --specs=nano.specs -mfpu=fpv5-d16 -mfloat-abi=hard -mthumb -u _printf_float -u _scanf_float -Wl,--start-group -lc -lm -lstdc++ -lsupc++ -Wl,--end-group
Memory region         Used Size  Region Size  %age Used
          RAM_D1:      493064 B       512 KB     94.04%
           FLASH:      592016 B         1 MB     56.46%
         DTCMRAM:        6400 B       128 KB      4.88%
          SHARED:           0 B        256 B      0.00%
         SHARED2:           0 B        256 B      0.00%
          RAM_D2:        100 KB     163328 B     62.70%
          RAM_D3:           0 B        64 KB      0.00%
         ITCMRAM:           0 B        64 KB      0.00%
Finished building target: AFR_CM7.elf
 
arm-none-eabi-size  AFR_CM7.elf 
arm-none-eabi-objdump -h -S AFR_CM7.elf  > "AFR_CM7.list"
   text	   data	    bss	    dec	    hex	filename
 284208	 307796	 294064	 886068	  d8534	AFR_CM7.elf
Finished building: default.size.stdout
 
Finished building: AFR_CM7.list
 
01:59:32 **** Incremental Build of configuration Debug for project AFR_CM7 ****
make -j16 all 
arm-none-eabi-gcc "../Core/Src/main.c" -mcpu=cortex-m7 -std=gnu11 -g3 -DDEBUG -DCORE_CM7 -DUSE_HAL_DRIVER -DSTM32H755xx -DUSE_PWR_DIRECT_SMPS_SUPPLY -DUSE_NUCLEO_64 -DSTM32_THREAD_SAFE_STRATEGY=4 -c -I../Core/Inc -I../../Drivers/STM32H7xx_HAL_Driver/Inc -I../../Drivers/STM32H7xx_HAL_Driver/Inc/Legacy -I../../Middlewares/Third_Party/FreeRTOS/Source/include -I../../Middlewares/Third_Party/FreeRTOS/Source/CMSIS_RTOS_V2 -I../../Middlewares/Third_Party/FreeRTOS/Source/portable/GCC/ARM_CM4F -I../../Drivers/BSP/STM32H7xx_Nucleo -I../../Drivers/CMSIS/Device/ST/STM32H7xx/Include -I../../Drivers/CMSIS/Include -I../Core/ThreadSafe -I"C:/Users/nicks/STM32CubeIDE/workspace_1.19.0/AFR/AFR/CM7/Core/Include" -I"C:/Users/nicks/STM32CubeIDE/workspace_1.19.0/AFR/AFR/CM7/Core/Include/dsp" -I"C:/Users/nicks/STM32CubeIDE/workspace_1.19.0/AFR/AFR/CM7/Core/Src/control_update_MPC" -I"C:/Users/nicks/STM32CubeIDE/workspace_1.19.0/AFR/AFR/CM7/Core/Src/control_update_MPC/qpoases" -I"C:/Users/nicks/STM32CubeIDE/workspace_1.19.0/AFR/AFR/CM7/Core/Src/control_update_MPC/qpoases/INCLUDE" -I"C:/Users/nicks/STM32CubeIDE/workspace_1.19.0/AFR/AFR/CM7/Core/Src/control_update_MPC/qpoases/SRC" -O0 -ffunction-sections -fdata-sections -Wall -fstack-usage -fcyclomatic-complexity -MMD -MP -MF"Core/Src/main.d" -MT"Core/Src/main.o" --specs=nano.specs -mfpu=fpv5-d16 -mfloat-abi=hard -mthumb -o "Core/Src/main.o"
arm-none-eabi-g++ -o "AFR_CM7.elf" @"objects.list"   -mcpu=cortex-m7 -T"C:\Users\nicks\STM32CubeIDE\workspace_1.19.0\AFR\AFR\CM7\STM32H755ZITX_FLASH.ld" -Wl,-Map="AFR_CM7.map" -Wl,--gc-sections -static -Wl,-Map=AFR_CM7.map,--print-memory-usage --specs=nano.specs -mfpu=fpv5-d16 -mfloat-abi=hard -mthumb -u _printf_float -u _scanf_float -Wl,--start-group -lc -lm -lstdc++ -lsupc++ -Wl,--end-group
Memory region         Used Size  Region Size  %age Used
          RAM_D1:      493064 B       512 KB     94.04%
           FLASH:      592016 B         1 MB     56.46%
         DTCMRAM:        6400 B       128 KB      4.88%
          SHARED:           0 B        256 B      0.00%
         SHARED2:           0 B        256 B      0.00%
          RAM_D2:        100 KB     163328 B     62.70%
          RAM_D3:           0 B        64 KB      0.00%
         ITCMRAM:           0 B        64 KB      0.00%
Finished building target: AFR_CM7.elf
 
arm-none-eabi-size  AFR_CM7.elf 
arm-none-eabi-objdump -h -S AFR_CM7.elf  > "AFR_CM7.list"
   text	   data	    bss	    dec	    hex	filename
 284208	 307796	 294064	 886068	  d8534	AFR_CM7.elf
Finished building: default.size.stdout
 
Finished building: AFR_CM7.list
 
