15:04:00 **** Incremental Build of configuration Debug for project WAYPOINTIFICATION_CM7 ****
make -j16 all 
arm-none-eabi-gcc "../Core/Src/main.c" -mcpu=cortex-m7 -std=gnu11 -g3 -DDEBUG -DCORE_CM7 -DUSE_HAL_DRIVER -DSTM32H755xx -DUSE_PWR_DIRECT_SMPS_SUPPLY -DUSE_NUCLEO_64 -c -I../Core/Inc -I../../Drivers/STM32H7xx_HAL_Driver/Inc -I../../Drivers/STM32H7xx_HAL_Driver/Inc/Legacy -I../../Drivers/BSP/STM32H7xx_Nucleo -I../../Drivers/CMSIS/Device/ST/STM32H7xx/Include -I../../Drivers/CMSIS/Include -I../../Middlewares/Third_Party/FreeRTOS/Source/include -I../../Middlewares/Third_Party/FreeRTOS/Source/CMSIS_RTOS_V2 -I../../Middlewares/Third_Party/FreeRTOS/Source/portable/GCC/ARM_CM4F -O0 -ffunction-sections -fdata-sections -Wall -fstack-usage -fcyclomatic-complexity -MMD -MP -MF"Core/Src/main.d" -MT"Core/Src/main.o" --specs=nano.specs -mfpu=fpv5-d16 -mfloat-abi=hard -mthumb -o "Core/Src/main.o"
arm-none-eabi-gcc -o "WAYPOINTIFICATION_CM7.elf" @"objects.list"   -mcpu=cortex-m7 -T"C:\Users\nicks\STM32CubeIDE\workspace_1.19.0\AFR\WAYPOINTIFICATION\CM7\STM32H755ZITX_FLASH.ld" --specs=nosys.specs -Wl,-Map="WAYPOINTIFICATION_CM7.map" -Wl,--gc-sections -static --specs=nano.specs -mfpu=fpv5-d16 -mfloat-abi=hard -mthumb -u _printf_float -u _scanf_float -Wl,--start-group -lc -lm -Wl,--end-group
Finished building target: WAYPOINTIFICATION_CM7.elf
 
arm-none-eabi-size  WAYPOINTIFICATION_CM7.elf 
arm-none-eabi-objdump -h -S WAYPOINTIFICATION_CM7.elf  > "WAYPOINTIFICATION_CM7.list"
   text	   data	    bss	    dec	    hex	filename
  53888	    504	  20848	  75240	  125e8	WAYPOINTIFICATION_CM7.elf
Finished building: default.size.stdout
 
Finished building: WAYPOINTIFICATION_CM7.list
 
15:04:04 **** Incremental Build of configuration Debug for project WAYPOINTIFICATION_CM7 ****
make -j16 all 
arm-none-eabi-size  WAYPOINTIFICATION_CM7.elf 
   text	   data	    bss	    dec	    hex	filename
  53888	    504	  20848	  75240	  125e8	WAYPOINTIFICATION_CM7.elf
Finished building: default.size.stdout
 
15:04:50 **** Incremental Build of configuration Debug for project WAYPOINTIFICATION_CM7 ****
make -j16 all 
arm-none-eabi-size  WAYPOINTIFICATION_CM7.elf 
   text	   data	    bss	    dec	    hex	filename
  53888	    504	  20848	  75240	  125e8	WAYPOINTIFICATION_CM7.elf
Finished building: default.size.stdout
 
15:05:38 **** Incremental Build of configuration Debug for project WAYPOINTIFICATION_CM7 ****
make -j16 all 
arm-none-eabi-size  WAYPOINTIFICATION_CM7.elf 
   text	   data	    bss	    dec	    hex	filename
  53888	    504	  20848	  75240	  125e8	WAYPOINTIFICATION_CM7.elf
Finished building: default.size.stdout
 
15:06:40 **** Incremental Build of configuration Debug for project WAYPOINTIFICATION_CM7 ****
make -j16 all 
arm-none-eabi-size  WAYPOINTIFICATION_CM7.elf 
   text	   data	    bss	    dec	    hex	filename
  53888	    504	  20848	  75240	  125e8	WAYPOINTIFICATION_CM7.elf
Finished building: default.size.stdout
 
15:09:31 **** Incremental Build of configuration Debug for project WAYPOINTIFICATION_CM4 ****
make -j16 all 
arm-none-eabi-gcc "../Core/Src/main.c" -mcpu=cortex-m4 -std=gnu11 -g3 -DDEBUG -DCORE_CM4 -DUSE_HAL_DRIVER -DSTM32H755xx -DUSE_PWR_DIRECT_SMPS_SUPPLY -DUSE_NUCLEO_64 -c -I../Core/Inc -I../../Drivers/STM32H7xx_HAL_Driver/Inc -I../../Drivers/STM32H7xx_HAL_Driver/Inc/Legacy -I../../Drivers/BSP/STM32H7xx_Nucleo -I../../Drivers/CMSIS/Device/ST/STM32H7xx/Include -I../../Drivers/CMSIS/Include -I../../Middlewares/Third_Party/FreeRTOS/Source/include -I../../Middlewares/Third_Party/FreeRTOS/Source/CMSIS_RTOS_V2 -I../../Middlewares/Third_Party/FreeRTOS/Source/portable/GCC/ARM_CM4F -O0 -ffunction-sections -fdata-sections -Wall -fstack-usage -fcyclomatic-complexity -MMD -MP -MF"Core/Src/main.d" -MT"Core/Src/main.o" --specs=nano.specs -mfpu=fpv4-sp-d16 -mfloat-abi=hard -mthumb -o "Core/Src/main.o"
arm-none-eabi-gcc -o "WAYPOINTIFICATION_CM4.elf" @"objects.list"   -mcpu=cortex-m4 -T"C:\Users\nicks\STM32CubeIDE\workspace_1.19.0\AFR\WAYPOINTIFICATION\CM4\STM32H755ZITX_FLASH.ld" --specs=nosys.specs -Wl,-Map="WAYPOINTIFICATION_CM4.map" -Wl,--gc-sections -static --specs=nano.specs -mfpu=fpv4-sp-d16 -mfloat-abi=hard -mthumb -Wl,--start-group -lc -lm -Wl,--end-group
Finished building target: WAYPOINTIFICATION_CM4.elf
 
arm-none-eabi-size  WAYPOINTIFICATION_CM4.elf 
arm-none-eabi-objdump -h -S WAYPOINTIFICATION_CM4.elf  > "WAYPOINTIFICATION_CM4.list"
   text	   data	    bss	    dec	    hex	filename
  28968	     32	  20488	  49488	   c150	WAYPOINTIFICATION_CM4.elf
Finished building: default.size.stdout
 
Finished building: WAYPOINTIFICATION_CM4.list
 
15:09:42 **** Incremental Build of configuration Debug for project WAYPOINTIFICATION_CM7 ****
make -j16 all 
arm-none-eabi-gcc "../Core/Src/main.c" -mcpu=cortex-m7 -std=gnu11 -g3 -DDEBUG -DCORE_CM7 -DUSE_HAL_DRIVER -DSTM32H755xx -DUSE_PWR_DIRECT_SMPS_SUPPLY -DUSE_NUCLEO_64 -c -I../Core/Inc -I../../Drivers/STM32H7xx_HAL_Driver/Inc -I../../Drivers/STM32H7xx_HAL_Driver/Inc/Legacy -I../../Drivers/BSP/STM32H7xx_Nucleo -I../../Drivers/CMSIS/Device/ST/STM32H7xx/Include -I../../Drivers/CMSIS/Include -I../../Middlewares/Third_Party/FreeRTOS/Source/include -I../../Middlewares/Third_Party/FreeRTOS/Source/CMSIS_RTOS_V2 -I../../Middlewares/Third_Party/FreeRTOS/Source/portable/GCC/ARM_CM4F -O0 -ffunction-sections -fdata-sections -Wall -fstack-usage -fcyclomatic-complexity -MMD -MP -MF"Core/Src/main.d" -MT"Core/Src/main.o" --specs=nano.specs -mfpu=fpv5-d16 -mfloat-abi=hard -mthumb -o "Core/Src/main.o"
arm-none-eabi-gcc -o "WAYPOINTIFICATION_CM7.elf" @"objects.list"   -mcpu=cortex-m7 -T"C:\Users\nicks\STM32CubeIDE\workspace_1.19.0\AFR\WAYPOINTIFICATION\CM7\STM32H755ZITX_FLASH.ld" --specs=nosys.specs -Wl,-Map="WAYPOINTIFICATION_CM7.map" -Wl,--gc-sections -static --specs=nano.specs -mfpu=fpv5-d16 -mfloat-abi=hard -mthumb -u _printf_float -u _scanf_float -Wl,--start-group -lc -lm -Wl,--end-group
Finished building target: WAYPOINTIFICATION_CM7.elf
 
arm-none-eabi-size  WAYPOINTIFICATION_CM7.elf 
arm-none-eabi-objdump -h -S WAYPOINTIFICATION_CM7.elf  > "WAYPOINTIFICATION_CM7.list"
   text	   data	    bss	    dec	    hex	filename
  53872	    504	  20848	  75224	  125d8	WAYPOINTIFICATION_CM7.elf
Finished building: default.size.stdout
 
Finished building: WAYPOINTIFICATION_CM7.list
 
