17:24:29 **** Incremental Build of configuration Debug for project AFR_SENSHORRS_CM7 ****
make -j16 all 
arm-none-eabi-gcc "../Core/Src/main.c" -mcpu=cortex-m7 -std=gnu11 -g3 -DDEBUG -DCORE_CM7 -DUSE_HAL_DRIVER -DSTM32H755xx -DUSE_PWR_DIRECT_SMPS_SUPPLY -DUSE_NUCLEO_64 -DSTM32_THREAD_SAFE_STRATEGY=4 -c -I../Core/Inc -I../../Drivers/STM32H7xx_HAL_Driver/Inc -I../../Drivers/STM32H7xx_HAL_Driver/Inc/Legacy -I../../Drivers/BSP/STM32H7xx_Nucleo -I../../Drivers/CMSIS/Device/ST/STM32H7xx/Include -I../../Drivers/CMSIS/Include -I../../Middlewares/Third_Party/FreeRTOS/Source/include -I../../Middlewares/Third_Party/FreeRTOS/Source/CMSIS_RTOS_V2 -I../../Middlewares/Third_Party/FreeRTOS/Source/portable/GCC/ARM_CM4F -I../Core/ThreadSafe -O0 -ffunction-sections -fdata-sections -Wall -fstack-usage -fcyclomatic-complexity -MMD -MP -MF"Core/Src/main.d" -MT"Core/Src/main.o" --specs=nano.specs -mfpu=fpv5-d16 -mfloat-abi=hard -mthumb -o "Core/Src/main.o"
arm-none-eabi-gcc -o "AFR_SENSHORRS_CM7.elf" @"objects.list"   -mcpu=cortex-m7 -T"C:\Users\nicks\STM32CubeIDE\workspace_1.19.0\AFR\AFR_SENSHORRS\CM7\STM32H755ZITX_FLASH.ld" --specs=nosys.specs -Wl,-Map="AFR_SENSHORRS_CM7.map" -Wl,--gc-sections -static --specs=nano.specs -mfpu=fpv5-d16 -mfloat-abi=hard -mthumb -u _printf_float -u _scanf_float -Wl,--start-group -lc -lm -Wl,--end-group
Finished building target: AFR_SENSHORRS_CM7.elf
 
arm-none-eabi-size  AFR_SENSHORRS_CM7.elf 
arm-none-eabi-objdump -h -S AFR_SENSHORRS_CM7.elf  > "AFR_SENSHORRS_CM7.list"
   text	   data	    bss	    dec	    hex	filename
  68664	    508	  21300	  90472	  16168	AFR_SENSHORRS_CM7.elf
Finished building: default.size.stdout
 
Finished building: AFR_SENSHORRS_CM7.list
 
17:24:51 **** Incremental Build of configuration Debug for project AFR_SENSHORRS_CM7 ****
make -j16 all 
arm-none-eabi-size  AFR_SENSHORRS_CM7.elf 
   text	   data	    bss	    dec	    hex	filename
  68664	    508	  21300	  90472	  16168	AFR_SENSHORRS_CM7.elf
Finished building: default.size.stdout
 
17:54:59 **** Incremental Build of configuration Debug for project AFR_SENSHORRS_CM7 ****
make -j16 all 
arm-none-eabi-gcc "../Core/Src/main.c" -mcpu=cortex-m7 -std=gnu11 -g3 -DDEBUG -DCORE_CM7 -DUSE_HAL_DRIVER -DSTM32H755xx -DUSE_PWR_DIRECT_SMPS_SUPPLY -DUSE_NUCLEO_64 -DSTM32_THREAD_SAFE_STRATEGY=4 -c -I../Core/Inc -I../../Drivers/STM32H7xx_HAL_Driver/Inc -I../../Drivers/STM32H7xx_HAL_Driver/Inc/Legacy -I../../Drivers/BSP/STM32H7xx_Nucleo -I../../Drivers/CMSIS/Device/ST/STM32H7xx/Include -I../../Drivers/CMSIS/Include -I../../Middlewares/Third_Party/FreeRTOS/Source/include -I../../Middlewares/Third_Party/FreeRTOS/Source/CMSIS_RTOS_V2 -I../../Middlewares/Third_Party/FreeRTOS/Source/portable/GCC/ARM_CM4F -I../Core/ThreadSafe -O0 -ffunction-sections -fdata-sections -Wall -fstack-usage -fcyclomatic-complexity -MMD -MP -MF"Core/Src/main.d" -MT"Core/Src/main.o" --specs=nano.specs -mfpu=fpv5-d16 -mfloat-abi=hard -mthumb -o "Core/Src/main.o"
../Core/Src/main.c: In function 'enc_go':
../Core/Src/main.c:683:23: warning: unused variable 'rpm4' [-Wunused-variable]
  683 |                 float rpm4 = encoder_count[3]*60.0f/(CPR*dt);
      |                       ^~~~
../Core/Src/main.c:682:23: warning: unused variable 'rpm3' [-Wunused-variable]
  682 |                 float rpm3 = encoder_count[2]*60.0f/(CPR*dt);
      |                       ^~~~
../Core/Src/main.c:681:23: warning: unused variable 'rpm2' [-Wunused-variable]
  681 |                 float rpm2 = encoder_count[1]*60.0f/(CPR*dt);
      |                       ^~~~
arm-none-eabi-gcc -o "AFR_SENSHORRS_CM7.elf" @"objects.list"   -mcpu=cortex-m7 -T"C:\Users\nicks\STM32CubeIDE\workspace_1.19.0\AFR\AFR_SENSHORRS\CM7\STM32H755ZITX_FLASH.ld" --specs=nosys.specs -Wl,-Map="AFR_SENSHORRS_CM7.map" -Wl,--gc-sections -static --specs=nano.specs -mfpu=fpv5-d16 -mfloat-abi=hard -mthumb -u _printf_float -u _scanf_float -Wl,--start-group -lc -lm -Wl,--end-group
Finished building target: AFR_SENSHORRS_CM7.elf
 
arm-none-eabi-size  AFR_SENSHORRS_CM7.elf 
arm-none-eabi-objdump -h -S AFR_SENSHORRS_CM7.elf  > "AFR_SENSHORRS_CM7.list"
   text	   data	    bss	    dec	    hex	filename
  68848	    508	  21300	  90656	  16220	AFR_SENSHORRS_CM7.elf
Finished building: default.size.stdout
 
Finished building: AFR_SENSHORRS_CM7.list
 
17:55:27 **** Incremental Build of configuration Debug for project AFR_SENSHORRS_CM7 ****
make -j16 all 
arm-none-eabi-gcc "../Core/Src/main.c" -mcpu=cortex-m7 -std=gnu11 -g3 -DDEBUG -DCORE_CM7 -DUSE_HAL_DRIVER -DSTM32H755xx -DUSE_PWR_DIRECT_SMPS_SUPPLY -DUSE_NUCLEO_64 -DSTM32_THREAD_SAFE_STRATEGY=4 -c -I../Core/Inc -I../../Drivers/STM32H7xx_HAL_Driver/Inc -I../../Drivers/STM32H7xx_HAL_Driver/Inc/Legacy -I../../Drivers/BSP/STM32H7xx_Nucleo -I../../Drivers/CMSIS/Device/ST/STM32H7xx/Include -I../../Drivers/CMSIS/Include -I../../Middlewares/Third_Party/FreeRTOS/Source/include -I../../Middlewares/Third_Party/FreeRTOS/Source/CMSIS_RTOS_V2 -I../../Middlewares/Third_Party/FreeRTOS/Source/portable/GCC/ARM_CM4F -I../Core/ThreadSafe -O0 -ffunction-sections -fdata-sections -Wall -fstack-usage -fcyclomatic-complexity -MMD -MP -MF"Core/Src/main.d" -MT"Core/Src/main.o" --specs=nano.specs -mfpu=fpv5-d16 -mfloat-abi=hard -mthumb -o "Core/Src/main.o"
arm-none-eabi-gcc -o "AFR_SENSHORRS_CM7.elf" @"objects.list"   -mcpu=cortex-m7 -T"C:\Users\nicks\STM32CubeIDE\workspace_1.19.0\AFR\AFR_SENSHORRS\CM7\STM32H755ZITX_FLASH.ld" --specs=nosys.specs -Wl,-Map="AFR_SENSHORRS_CM7.map" -Wl,--gc-sections -static --specs=nano.specs -mfpu=fpv5-d16 -mfloat-abi=hard -mthumb -u _printf_float -u _scanf_float -Wl,--start-group -lc -lm -Wl,--end-group
Finished building target: AFR_SENSHORRS_CM7.elf
 
arm-none-eabi-size  AFR_SENSHORRS_CM7.elf 
arm-none-eabi-objdump -h -S AFR_SENSHORRS_CM7.elf  > "AFR_SENSHORRS_CM7.list"
   text	   data	    bss	    dec	    hex	filename
  68848	    508	  21300	  90656	  16220	AFR_SENSHORRS_CM7.elf
Finished building: default.size.stdout
 
Finished building: AFR_SENSHORRS_CM7.list
 
