17:21:56 **** Incremental Build of configuration Debug for project AFR_SENSORS_CM7 ****
make -j16 all 
arm-none-eabi-size  AFR_SENSORS_CM7.elf 
   text	   data	    bss	    dec	    hex	filename
  68560	    504	  21296	  90360	  160f8	AFR_SENSORS_CM7.elf
Finished building: default.size.stdout
 
13:49:17 **** Build of configuration Debug for project AFR_PIL_CM4 ****
make -j16 all 
arm-none-eabi-gcc "../Core/Src/main.c" -mcpu=cortex-m4 -std=gnu11 -g3 -DDEBUG -DCORE_CM4 -DUSE_HAL_DRIVER -DSTM32H755xx -DUSE_PWR_DIRECT_SMPS_SUPPLY -DUSE_NUCLEO_64 -c -I../Core/Inc -I../../Drivers/STM32H7xx_HAL_Driver/Inc -I../../Drivers/STM32H7xx_HAL_Driver/Inc/Legacy -I../../Drivers/BSP/STM32H7xx_Nucleo -I../../Drivers/CMSIS/Device/ST/STM32H7xx/Include -I../../Drivers/CMSIS/Include -O0 -ffunction-sections -fdata-sections -Wall -fstack-usage -fcyclomatic-complexity -MMD -MP -MF"Core/Src/main.d" -MT"Core/Src/main.o" --specs=nano.specs -mfpu=fpv4-sp-d16 -mfloat-abi=hard -mthumb -o "Core/Src/main.o"
arm-none-eabi-gcc -o "AFR_PIL_CM4.elf" @"objects.list"   -mcpu=cortex-m4 -T"C:\Users\nicks\STM32CubeIDE\workspace_1.19.0\AFR_PIL\CM4\STM32H755ZITX_FLASH.ld" --specs=nosys.specs -Wl,-Map="AFR_PIL_CM4.map" -Wl,--gc-sections -static --specs=nano.specs -mfpu=fpv4-sp-d16 -mfloat-abi=hard -mthumb -Wl,--start-group -lc -lm -Wl,--end-group
Finished building target: AFR_PIL_CM4.elf
 
arm-none-eabi-size  AFR_PIL_CM4.elf 
arm-none-eabi-objdump -h -S AFR_PIL_CM4.elf  > "AFR_PIL_CM4.list"
   text	   data	    bss	    dec	    hex	filename
   3448	     28	   1572	   5048	   13b8	AFR_PIL_CM4.elf
Finished building: default.size.stdout
 
Finished building: AFR_PIL_CM4.list
 
13:49:20 **** Build of configuration Debug for project AFR_PIL_CM7 ****
make -j16 all 
arm-none-eabi-size  AFR_PIL_CM7.elf 
   text	   data	    bss	    dec	    hex	filename
 265816	  65760	 180600	 512176	  7d0b0	AFR_PIL_CM7.elf
Finished building: default.size.stdout
 
13:49:21 **** Build of configuration Debug for project WAYPOINTIFICATION_CM4 ****
make -j16 all 
arm-none-eabi-size  WAYPOINTIFICATION_CM4.elf 
   text	   data	    bss	    dec	    hex	filename
  14684	     32	  20344	  35060	   88f4	WAYPOINTIFICATION_CM4.elf
Finished building: default.size.stdout
 
13:49:21 **** Build of configuration Debug for project WAYPOINTIFICATION_CM7 ****
make -j16 all 
arm-none-eabi-size  WAYPOINTIFICATION_CM7.elf 
   text	   data	    bss	    dec	    hex	filename
  72508	    504	  62680	 135692	  2120c	WAYPOINTIFICATION_CM7.elf
Finished building: default.size.stdout
 
