20:49:02 **** Incremental Build of configuration Debug for project WAYPOINTIFICATION_CM7 ****
make -j16 all 
arm-none-eabi-gcc "../Core/Src/rplidar_parser.c" -mcpu=cortex-m7 -std=gnu11 -g3 -DDEBUG -DCORE_CM7 -DUSE_HAL_DRIVER -DSTM32H755xx -DUSE_PWR_DIRECT_SMPS_SUPPLY -DUSE_NUCLEO_64 -DSTM32_THREAD_SAFE_STRATEGY=4 -c -I../Core/Inc -I../../Drivers/STM32H7xx_HAL_Driver/Inc -I../../Drivers/STM32H7xx_HAL_Driver/Inc/Legacy -I../../Drivers/BSP/STM32H7xx_Nucleo -I../../Drivers/CMSIS/Device/ST/STM32H7xx/Include -I../../Drivers/CMSIS/Include -I../../Middlewares/Third_Party/FreeRTOS/Source/include -I../../Middlewares/Third_Party/FreeRTOS/Source/CMSIS_RTOS_V2 -I../../Middlewares/Third_Party/FreeRTOS/Source/portable/GCC/ARM_CM4F -I../Core/ThreadSafe -O0 -ffunction-sections -fdata-sections -Wall -fstack-usage -fcyclomatic-complexity -MMD -MP -MF"Core/Src/rplidar_parser.d" -MT"Core/Src/rplidar_parser.o" --specs=nano.specs -mfpu=fpv5-d16 -mfloat-abi=hard -mthumb -o "Core/Src/rplidar_parser.o"
../Core/Src/rplidar_parser.c:19:22: warning: 'header_bytes' defined but not used [-Wunused-const-variable=]
   19 | static const uint8_t header_bytes[7] = {
      |                      ^~~~~~~~~~~~
arm-none-eabi-gcc -o "WAYPOINTIFICATION_CM7.elf" @"objects.list"   -mcpu=cortex-m7 -T"C:\Users\nicks\STM32CubeIDE\workspace_1.19.0\AFR\WAYPOINTIFICATION\CM7\STM32H755ZITX_FLASH.ld" --specs=nosys.specs -Wl,-Map="WAYPOINTIFICATION_CM7.map" -Wl,--gc-sections -static --specs=nano.specs -mfpu=fpv5-d16 -mfloat-abi=hard -mthumb -u _printf_float -u _scanf_float -Wl,--start-group -lc -lm -Wl,--end-group
Finished building target: WAYPOINTIFICATION_CM7.elf
 
arm-none-eabi-size  WAYPOINTIFICATION_CM7.elf 
arm-none-eabi-objdump -h -S WAYPOINTIFICATION_CM7.elf  > "WAYPOINTIFICATION_CM7.list"
   text	   data	    bss	    dec	    hex	filename
  72508	    504	  62680	 135692	  2120c	WAYPOINTIFICATION_CM7.elf
Finished building: default.size.stdout
 
Finished building: WAYPOINTIFICATION_CM7.list
 

20:49:02 Build Finished. 0 errors, 1 warnings. (took 793ms)

